[2026-08-07T18:56:24Z] INFO Preparing LLS run: scenario=webgui_sinr_sweep_64x4_mu_mimo_repair_slice runTag=phase21_same_chain_repair_slice_20260807_07 runFolder=C:\Users\anup0\OneDrive\Documents\Simulator\6GR Simulator_v2_clean_main\results\lls\webgui_sinr_sweep_64x4_mu_mimo_repair_slice\phase21_same_chain_repair_slice_20260807_07
Starting parallel pool (parpool) using the 'Processes' profile ...
Connected to parallel pool with 4 workers.
[2026-08-07T18:57:25Z] INFO MATLAB profiler enabled for this run.
[2026-08-07T18:57:25Z] INFO Artifact store active=0 backend=filesystem schema=
[2026-08-07T18:57:25Z] INFO Writing resolved snapshots.
[2026-08-07T18:57:27Z] INFO Exporting live geometry artifacts.
[2026-08-07T18:57:27Z] INFO Executing runner profile=waveform_bundle.
[2026-08-07T18:57:27Z] INFO Waveform bundle runtime tuning: policy=yaml_exact_truth_runtime notes=exact_yaml_runtime_no_auto_reduction
[2026-08-07T18:57:27Z] INFO Waveform bundle starting: snr=20.000 dB sweepPoints=1 canonicalSlots=20 monteCarlo=1 slotDuration_s=0.000500
[TR38901Plus] Resolved config: Scenario=UMa Fc_Hz=3500000000 PathlossModel=nrPathLoss ShadowSigma_dB=6 PathlossEnabled=0 ShadowEnabled=0 LOSEnabled=0
[2026-08-07T18:57:37Z] INFO Coupled canonical slot prepared: sweep=1/1 slot=1/20 duplex=DL allow_dl=1 allow_ul=0.
[2026-08-07T18:57:37Z] INFO Starting coupled pre-scheduling control gating for slot 1/20 with 4 UEs.
[2026-08-07T18:57:37Z] INFO Preparing coupled PBCH control gating trials in parfor: eligible_ues=4.
[2026-08-07T18:59:03Z] INFO Coupled control gating progress for slot 1/20: UE 1/4, PBCH=1 PRACH=0 SRS=0 TRS=1.
[2026-08-07T18:59:04Z] INFO Coupled control gating progress for slot 1/20: UE 2/4, PBCH=2 PRACH=0 SRS=0 TRS=1.
[2026-08-07T18:59:05Z] INFO Coupled control gating progress for slot 1/20: UE 3/4, PBCH=3 PRACH=0 SRS=0 TRS=1.
[2026-08-07T18:59:06Z] INFO Coupled control gating progress for slot 1/20: UE 4/4, PBCH=4 PRACH=0 SRS=0 TRS=1.
[2026-08-07T18:59:06Z] INFO Coupled control gating complete: slot=1 frame=1 pbch_attempts=4 prach_attempts=0 srs_attempts=0 trs_attempts=1 acquired=4/4 access=0/4 valid_srs=0/4 valid_trs_cells=1/1 tracked_serving_users=4/4 eligible=0/4.
[2026-08-07T18:59:06Z] INFO Coupled control gating complete for slot 1/20: acquired=4/4 access=0/4 valid_srs=0/4 valid_trs_cells=1/1 tracked_serving_users=4/4 eligible=0/4.
[2026-08-07T18:59:06Z] INFO DL coupled publish: operating_point 1/1 configured_label_snr_dB=20.000 ue=0/4 dlDirectionalFrames=0/20 ulDirectionalFrames=0/20 dlRows=0 ulRows=0.
[2026-08-07T18:59:07Z] INFO Coupled DL schedule complete: sweep=1/1 slot=1/20 active=0 granted=0 grants=0.
[2026-08-07T18:59:07Z] INFO Coupled DL PDCCH qualification complete: sweep=1/1 slot=1/20 executable_grants=0.
[2026-08-07T18:59:07Z] INFO Preparing coupled DL batches: sweep=1/1 slot=1/20 candidate_grants=0 batch_size=24.
[2026-08-07T18:59:09Z] INFO Coupled UL K2 preschedule complete: control_slot=1 due_slot=5 k2=4 active=0 granted=0 grants=0.
[2026-08-07T18:59:09Z] INFO Coupled canonical slot prepared: sweep=1/1 slot=2/20 duplex=DL allow_dl=1 allow_ul=0.
[2026-08-07T18:59:09Z] INFO Starting coupled pre-scheduling control gating for slot 2/20 with 4 UEs.
[2026-08-07T18:59:10Z] INFO Coupled control gating progress for slot 2/20: UE 1/4, PBCH=0 PRACH=0 SRS=0 TRS=0.
[2026-08-07T18:59:10Z] INFO Coupled control gating progress for slot 2/20: UE 2/4, PBCH=0 PRACH=0 SRS=0 TRS=0.
[2026-08-07T18:59:10Z] INFO Coupled control gating progress for slot 2/20: UE 3/4, PBCH=0 PRACH=0 SRS=0 TRS=0.
[2026-08-07T18:59:11Z] INFO Coupled control gating progress for slot 2/20: UE 4/4, PBCH=0 PRACH=0 SRS=0 TRS=0.
[2026-08-07T18:59:11Z] INFO Coupled control gating complete: slot=2 frame=1 pbch_attempts=0 prach_attempts=0 srs_attempts=0 trs_attempts=0 acquired=4/4 access=0/4 valid_srs=0/4 valid_trs_cells=1/1 tracked_serving_users=4/4 eligible=0/4.
[2026-08-07T18:59:11Z] INFO Coupled control gating complete for slot 2/20: acquired=4/4 access=0/4 valid_srs=0/4 valid_trs_cells=1/1 tracked_serving_users=4/4 eligible=0/4.
[2026-08-07T18:59:11Z] INFO DL coupled publish: operating_point 1/1 configured_label_snr_dB=20.000 ue=0/4 dlDirectionalFrames=0/20 ulDirectionalFrames=0/20 dlRows=0 ulRows=0.
[2026-08-07T18:59:12Z] INFO Coupled DL schedule complete: sweep=1/1 slot=2/20 active=0 granted=0 grants=0.
[2026-08-07T18:59:12Z] INFO Coupled DL PDCCH qualification complete: sweep=1/1 slot=2/20 executable_grants=0.
[2026-08-07T18:59:12Z] INFO Preparing coupled DL batches: sweep=1/1 slot=2/20 candidate_grants=0 batch_size=24.
[2026-08-07T18:59:12Z] INFO Coupled UL K2 preschedule deferred: control_slot=2 reason=data_timing_rejected:target_hits_fixed_opposite_direction policy=no_valid_ul_occasion_from_current_dl_control_slot.
[2026-08-07T18:59:12Z] INFO Coupled canonical slot prepared: sweep=1/1 slot=3/20 duplex=DL allow_dl=1 allow_ul=0.
[2026-08-07T18:59:12Z] INFO Starting coupled pre-scheduling control gating for slot 3/20 with 4 UEs.
[2026-08-07T18:59:13Z] INFO Coupled control gating progress for slot 3/20: UE 1/4, PBCH=0 PRACH=0 SRS=0 TRS=0.
[2026-08-07T18:59:13Z] INFO Coupled control gating progress for slot 3/20: UE 2/4, PBCH=0 PRACH=0 SRS=0 TRS=0.
[2026-08-07T18:59:13Z] INFO Coupled control gating progress for slot 3/20: UE 3/4, PBCH=0 PRACH=0 SRS=0 TRS=0.
[2026-08-07T18:59:13Z] INFO Coupled control gating progress for slot 3/20: UE 4/4, PBCH=0 PRACH=0 SRS=0 TRS=0.
[2026-08-07T18:59:13Z] INFO Coupled control gating complete: slot=3 frame=1 pbch_attempts=0 prach_attempts=0 srs_attempts=0 trs_attempts=0 acquired=4/4 access=0/4 valid_srs=0/4 valid_trs_cells=1/1 tracked_serving_users=4/4 eligible=0/4.
[2026-08-07T18:59:13Z] INFO Coupled control gating complete for slot 3/20: acquired=4/4 access=0/4 valid_srs=0/4 valid_trs_cells=1/1 tracked_serving_users=4/4 eligible=0/4.
[2026-08-07T18:59:14Z] INFO DL coupled publish: operating_point 1/1 configured_label_snr_dB=20.000 ue=0/4 dlDirectionalFrames=0/20 ulDirectionalFrames=0/20 dlRows=0 ulRows=0.
[2026-08-07T18:59:14Z] INFO Coupled DL schedule complete: sweep=1/1 slot=3/20 active=0 granted=0 grants=0.
[2026-08-07T18:59:14Z] INFO Coupled DL PDCCH qualification complete: sweep=1/1 slot=3/20 executable_grants=0.
[2026-08-07T18:59:14Z] INFO Preparing coupled DL batches: sweep=1/1 slot=3/20 candidate_grants=0 batch_size=24.
[2026-08-07T18:59:14Z] INFO Coupled UL K2 preschedule deferred: control_slot=3 reason=data_timing_rejected:target_hits_fixed_opposite_direction policy=no_valid_ul_occasion_from_current_dl_control_slot.
[2026-08-07T18:59:14Z] INFO Coupled canonical slot prepared: sweep=1/1 slot=4/20 duplex=FLEXIBLE_OR_MIXED allow_dl=1 allow_ul=1.
[2026-08-07T18:59:14Z] INFO Starting coupled pre-scheduling control gating for slot 4/20 with 4 UEs.
[2026-08-07T18:59:15Z] INFO Coupled control gating progress for slot 4/20: UE 1/4, PBCH=0 PRACH=0 SRS=0 TRS=0.
[2026-08-07T18:59:15Z] INFO Coupled control gating progress for slot 4/20: UE 2/4, PBCH=0 PRACH=0 SRS=0 TRS=0.
[2026-08-07T18:59:15Z] INFO Coupled control gating progress for slot 4/20: UE 3/4, PBCH=0 PRACH=0 SRS=0 TRS=0.
[2026-08-07T18:59:15Z] INFO Coupled control gating progress for slot 4/20: UE 4/4, PBCH=0 PRACH=0 SRS=0 TRS=0.
[2026-08-07T18:59:15Z] INFO Coupled control gating complete: slot=4 frame=1 pbch_attempts=0 prach_attempts=0 srs_attempts=0 trs_attempts=0 acquired=4/4 access=0/4 valid_srs=0/4 valid_trs_cells=1/1 tracked_serving_users=4/4 eligible=0/4.
[2026-08-07T18:59:15Z] INFO Coupled control gating complete for slot 4/20: acquired=4/4 access=0/4 valid_srs=0/4 valid_trs_cells=1/1 tracked_serving_users=4/4 eligible=0/4.
[2026-08-07T18:59:16Z] INFO DL coupled publish: operating_point 1/1 configured_label_snr_dB=20.000 ue=0/4 dlDirectionalFrames=0/20 ulDirectionalFrames=0/20 dlRows=0 ulRows=0.
[2026-08-07T18:59:16Z] INFO Coupled DL scheduling deferred: sweep=1/1 slot=4/20 reason=configured_dl_symbol_allocation_not_available_in_tdd_slot policy=no_valid_harq_ack_occasion_from_current_dl_slot.
[2026-08-07T18:59:16Z] INFO Coupled DL schedule complete: sweep=1/1 slot=4/20 active=0 granted=0 grants=0.
[2026-08-07T18:59:16Z] INFO Coupled DL PDCCH qualification complete: sweep=1/1 slot=4/20 executable_grants=0.
[2026-08-07T18:59:16Z] INFO Preparing coupled DL batches: sweep=1/1 slot=4/20 candidate_grants=0 batch_size=24.
[2026-08-07T18:59:16Z] INFO Coupled UL K2 preschedule deferred: control_slot=4 reason=data_timing_rejected:target_hits_fixed_opposite_direction policy=no_valid_ul_occasion_from_current_dl_control_slot.
[2026-08-07T18:59:16Z] INFO Coupled UL queued grant lookup complete: sweep=1/1 slot=4/20 due_grants=0 pending_grants=0.
[2026-08-07T18:59:16Z] INFO Coupled canonical slot prepared: sweep=1/1 slot=5/20 duplex=UL allow_dl=0 allow_ul=1.
[2026-08-07T18:59:16Z] INFO Starting coupled pre-scheduling control gating for slot 5/20 with 4 UEs.
[2026-08-07T18:59:17Z] INFO Coupled control gating progress for slot 5/20: UE 1/4, PBCH=0 PRACH=0 SRS=0 TRS=0.
[2026-08-07T18:59:17Z] INFO Coupled control gating progress for slot 5/20: UE 2/4, PBCH=0 PRACH=0 SRS=0 TRS=0.
[2026-08-07T18:59:17Z] INFO Coupled control gating progress for slot 5/20: UE 3/4, PBCH=0 PRACH=0 SRS=0 TRS=0.
[2026-08-07T18:59:17Z] INFO Coupled control gating progress for slot 5/20: UE 4/4, PBCH=0 PRACH=0 SRS=0 TRS=0.
[2026-08-07T18:59:18Z] INFO Coupled control gating complete: slot=5 frame=1 pbch_attempts=0 prach_attempts=0 srs_attempts=0 trs_attempts=0 acquired=4/4 access=0/4 valid_srs=0/4 valid_trs_cells=1/1 tracked_serving_users=4/4 eligible=0/4.
[2026-08-07T18:59:18Z] INFO Coupled control gating complete for slot 5/20: acquired=4/4 access=0/4 valid_srs=0/4 valid_trs_cells=1/1 tracked_serving_users=4/4 eligible=0/4.
[2026-08-07T18:59:18Z] INFO UL coupled publish: operating_point 1/1 configured_label_snr_dB=20.000 ue=0/4 dlDirectionalFrames=0/20 ulDirectionalFrames=0/20 dlRows=0 ulRows=0.
[2026-08-07T18:59:18Z] INFO Coupled UL queued grant lookup complete: sweep=1/1 slot=5/20 due_grants=0 pending_grants=0.
[2026-08-07T18:59:18Z] INFO Coupled canonical slot prepared: sweep=1/1 slot=6/20 duplex=DL allow_dl=1 allow_ul=0.
[2026-08-07T18:59:18Z] INFO Starting coupled pre-scheduling control gating for slot 6/20 with 4 UEs.
[2026-08-07T18:59:19Z] INFO Coupled control gating progress for slot 6/20: UE 1/4, PBCH=0 PRACH=0 SRS=0 TRS=0.
[2026-08-07T18:59:19Z] INFO Coupled control gating progress for slot 6/20: UE 2/4, PBCH=0 PRACH=0 SRS=0 TRS=0.
[2026-08-07T18:59:19Z] INFO Coupled control gating progress for slot 6/20: UE 3/4, PBCH=0 PRACH=0 SRS=0 TRS=0.
[2026-08-07T18:59:19Z] INFO Coupled control gating progress for slot 6/20: UE 4/4, PBCH=0 PRACH=0 SRS=0 TRS=0.
[2026-08-07T18:59:19Z] INFO Coupled control gating complete: slot=6 frame=1 pbch_attempts=0 prach_attempts=0 srs_attempts=0 trs_attempts=0 acquired=4/4 access=0/4 valid_srs=0/4 valid_trs_cells=1/1 tracked_serving_users=4/4 eligible=0/4.
[2026-08-07T18:59:19Z] INFO Coupled control gating complete for slot 6/20: acquired=4/4 access=0/4 valid_srs=0/4 valid_trs_cells=1/1 tracked_serving_users=4/4 eligible=0/4.
[2026-08-07T18:59:20Z] INFO DL coupled publish: operating_point 1/1 configured_label_snr_dB=20.000 ue=0/4 dlDirectionalFrames=0/20 ulDirectionalFrames=0/20 dlRows=0 ulRows=0.
[2026-08-07T18:59:20Z] INFO Coupled DL schedule complete: sweep=1/1 slot=6/20 active=0 granted=0 grants=0.
[2026-08-07T18:59:20Z] INFO Coupled DL PDCCH qualification complete: sweep=1/1 slot=6/20 executable_grants=0.
[2026-08-07T18:59:20Z] INFO Preparing coupled DL batches: sweep=1/1 slot=6/20 candidate_grants=0 batch_size=24.
[2026-08-07T18:59:20Z] INFO Coupled UL K2 preschedule complete: control_slot=6 due_slot=10 k2=4 active=0 granted=0 grants=0.
[2026-08-07T18:59:20Z] INFO Coupled canonical slot prepared: sweep=1/1 slot=7/20 duplex=DL allow_dl=1 allow_ul=0.
[2026-08-07T18:59:20Z] INFO Starting coupled pre-scheduling control gating for slot 7/20 with 4 UEs.
[2026-08-07T18:59:21Z] INFO Coupled control gating progress for slot 7/20: UE 1/4, PBCH=0 PRACH=0 SRS=0 TRS=0.
[2026-08-07T18:59:21Z] INFO Coupled control gating progress for slot 7/20: UE 2/4, PBCH=0 PRACH=0 SRS=0 TRS=0.
[2026-08-07T18:59:21Z] INFO Coupled control gating progress for slot 7/20: UE 3/4, PBCH=0 PRACH=0 SRS=0 TRS=0.
[2026-08-07T18:59:21Z] INFO Coupled control gating progress for slot 7/20: UE 4/4, PBCH=0 PRACH=0 SRS=0 TRS=0.
[2026-08-07T18:59:21Z] INFO Coupled control gating complete: slot=7 frame=1 pbch_attempts=0 prach_attempts=0 srs_attempts=0 trs_attempts=0 acquired=4/4 access=0/4 valid_srs=0/4 valid_trs_cells=1/1 tracked_serving_users=4/4 eligible=0/4.
[2026-08-07T18:59:21Z] INFO Coupled control gating complete for slot 7/20: acquired=4/4 access=0/4 valid_srs=0/4 valid_trs_cells=1/1 tracked_serving_users=4/4 eligible=0/4.
[2026-08-07T18:59:22Z] INFO DL coupled publish: operating_point 1/1 configured_label_snr_dB=20.000 ue=0/4 dlDirectionalFrames=0/20 ulDirectionalFrames=0/20 dlRows=0 ulRows=0.
[2026-08-07T18:59:22Z] INFO Coupled DL schedule complete: sweep=1/1 slot=7/20 active=0 granted=0 grants=0.
[2026-08-07T18:59:22Z] INFO Coupled DL PDCCH qualification complete: sweep=1/1 slot=7/20 executable_grants=0.
[2026-08-07T18:59:22Z] INFO Preparing coupled DL batches: sweep=1/1 slot=7/20 candidate_grants=0 batch_size=24.
[2026-08-07T18:59:22Z] INFO Coupled UL K2 preschedule deferred: control_slot=7 reason=data_timing_rejected:target_hits_fixed_opposite_direction policy=no_valid_ul_occasion_from_current_dl_control_slot.
[2026-08-07T18:59:22Z] INFO Coupled canonical slot prepared: sweep=1/1 slot=8/20 duplex=DL allow_dl=1 allow_ul=0.
[2026-08-07T18:59:22Z] INFO Starting coupled pre-scheduling control gating for slot 8/20 with 4 UEs.
[2026-08-07T18:59:22Z] INFO Coupled control gating progress for slot 8/20: UE 1/4, PBCH=0 PRACH=0 SRS=0 TRS=0.
[2026-08-07T18:59:22Z] INFO Coupled control gating progress for slot 8/20: UE 2/4, PBCH=0 PRACH=0 SRS=0 TRS=0.
[2026-08-07T18:59:22Z] INFO Coupled control gating progress for slot 8/20: UE 3/4, PBCH=0 PRACH=0 SRS=0 TRS=0.
[2026-08-07T18:59:23Z] INFO Coupled control gating progress for slot 8/20: UE 4/4, PBCH=0 PRACH=0 SRS=0 TRS=0.
[2026-08-07T18:59:23Z] INFO Coupled control gating complete: slot=8 frame=1 pbch_attempts=0 prach_attempts=0 srs_attempts=0 trs_attempts=0 acquired=4/4 access=0/4 valid_srs=0/4 valid_trs_cells=1/1 tracked_serving_users=4/4 eligible=0/4.
[2026-08-07T18:59:23Z] INFO Coupled control gating complete for slot 8/20: acquired=4/4 access=0/4 valid_srs=0/4 valid_trs_cells=1/1 tracked_serving_users=4/4 eligible=0/4.
[2026-08-07T18:59:23Z] INFO DL coupled publish: operating_point 1/1 configured_label_snr_dB=20.000 ue=0/4 dlDirectionalFrames=0/20 ulDirectionalFrames=0/20 dlRows=0 ulRows=0.
[2026-08-07T18:59:23Z] INFO Coupled DL schedule complete: sweep=1/1 slot=8/20 active=0 granted=0 grants=0.
[2026-08-07T18:59:23Z] INFO Coupled DL PDCCH qualification complete: sweep=1/1 slot=8/20 executable_grants=0.
[2026-08-07T18:59:23Z] INFO Preparing coupled DL batches: sweep=1/1 slot=8/20 candidate_grants=0 batch_size=24.
[2026-08-07T18:59:23Z] INFO Coupled UL K2 preschedule deferred: control_slot=8 reason=data_timing_rejected:target_hits_fixed_opposite_direction policy=no_valid_ul_occasion_from_current_dl_control_slot.
[2026-08-07T18:59:23Z] INFO Coupled canonical slot prepared: sweep=1/1 slot=9/20 duplex=FLEXIBLE_OR_MIXED allow_dl=1 allow_ul=1.
[2026-08-07T18:59:23Z] INFO Starting coupled pre-scheduling control gating for slot 9/20 with 4 UEs.
[2026-08-07T18:59:24Z] INFO Coupled control gating progress for slot 9/20: UE 1/4, PBCH=0 PRACH=0 SRS=0 TRS=0.
[2026-08-07T18:59:24Z] INFO Coupled control gating progress for slot 9/20: UE 2/4, PBCH=0 PRACH=0 SRS=0 TRS=0.
[2026-08-07T18:59:24Z] INFO Coupled control gating progress for slot 9/20: UE 3/4, PBCH=0 PRACH=0 SRS=0 TRS=0.
[2026-08-07T18:59:24Z] INFO Coupled control gating progress for slot 9/20: UE 4/4, PBCH=0 PRACH=0 SRS=0 TRS=0.
[2026-08-07T18:59:24Z] INFO Coupled control gating complete: slot=9 frame=1 pbch_attempts=0 prach_attempts=0 srs_attempts=0 trs_attempts=0 acquired=4/4 access=0/4 valid_srs=0/4 valid_trs_cells=1/1 tracked_serving_users=4/4 eligible=0/4.
[2026-08-07T18:59:24Z] INFO Coupled control gating complete for slot 9/20: acquired=4/4 access=0/4 valid_srs=0/4 valid_trs_cells=1/1 tracked_serving_users=4/4 eligible=0/4.
[2026-08-07T18:59:25Z] INFO DL coupled publish: operating_point 1/1 configured_label_snr_dB=20.000 ue=0/4 dlDirectionalFrames=0/20 ulDirectionalFrames=0/20 dlRows=0 ulRows=0.
[2026-08-07T18:59:25Z] INFO Coupled DL scheduling deferred: sweep=1/1 slot=9/20 reason=configured_dl_symbol_allocation_not_available_in_tdd_slot policy=no_valid_harq_ack_occasion_from_current_dl_slot.
[2026-08-07T18:59:25Z] INFO Coupled DL schedule complete: sweep=1/1 slot=9/20 active=0 granted=0 grants=0.
[2026-08-07T18:59:25Z] INFO Coupled DL PDCCH qualification complete: sweep=1/1 slot=9/20 executable_grants=0.
[2026-08-07T18:59:25Z] INFO Preparing coupled DL batches: sweep=1/1 slot=9/20 candidate_grants=0 batch_size=24.
[2026-08-07T18:59:25Z] INFO Coupled UL K2 preschedule deferred: control_slot=9 reason=data_timing_rejected:target_hits_fixed_opposite_direction policy=no_valid_ul_occasion_from_current_dl_control_slot.
[2026-08-07T18:59:25Z] INFO Coupled UL queued grant lookup complete: sweep=1/1 slot=9/20 due_grants=0 pending_grants=0.
[2026-08-07T18:59:25Z] INFO Coupled canonical slot prepared: sweep=1/1 slot=10/20 duplex=UL allow_dl=0 allow_ul=1.
[2026-08-07T18:59:25Z] INFO Starting coupled pre-scheduling control gating for slot 10/20 with 4 UEs.
[2026-08-07T19:01:23Z] INFO Coupled PRACH result: slot=10 ue=1 status=PASS crc=1 ra_completed=true strict_ok=true tx_preamble=0 detected_preamble=0 failure=.
[2026-08-07T19:01:23Z] INFO Coupled PRACH RA PDSCH evidence: slot=10 ue=1 msg2_crc=1 msg2_layers=1 msg2_cfg_ports=1 msg2_resolved_ports=1 msg2_explicit_matrix=false msg2_precoding=siso_identity/ra_si_common_procedure_identity msg2_tx_power_dBm=46 msg2_amp_scale=14 msg2_timing_used=false msg2_timing=0 msg2_posteq_sinr_dB=38 msg2_hest_sinr_dB=38 msg2_llr_finite=true msg4_crc=1 msg4_layers=1 msg4_cfg_ports=1 msg4_resolved_ports=1 msg4_tx_power_dBm=46 msg4_amp_scale=14.
[2026-08-07T19:01:24Z] INFO Coupled control gating progress for slot 10/20: UE 1/4, PBCH=0 PRACH=1 SRS=0 TRS=0.
[2026-08-07T19:03:09Z] INFO Coupled PRACH result: slot=10 ue=2 status=PASS crc=1 ra_completed=true strict_ok=true tx_preamble=1 detected_preamble=1 failure=.
[2026-08-07T19:03:09Z] INFO Coupled PRACH RA PDSCH evidence: slot=10 ue=2 msg2_crc=1 msg2_layers=1 msg2_cfg_ports=1 msg2_resolved_ports=1 msg2_explicit_matrix=false msg2_precoding=siso_identity/ra_si_common_procedure_identity msg2_tx_power_dBm=46 msg2_amp_scale=14 msg2_timing_used=false msg2_timing=0 msg2_posteq_sinr_dB=38 msg2_hest_sinr_dB=38 msg2_llr_finite=true msg4_crc=1 msg4_layers=1 msg4_cfg_ports=1 msg4_resolved_ports=1 msg4_tx_power_dBm=46 msg4_amp_scale=14.
[2026-08-07T19:03:10Z] INFO Coupled control gating progress for slot 10/20: UE 2/4, PBCH=0 PRACH=2 SRS=0 TRS=0.
[2026-08-07T19:04:51Z] INFO Coupled PRACH result: slot=10 ue=3 status=PASS crc=1 ra_completed=true strict_ok=true tx_preamble=2 detected_preamble=2 failure=.
[2026-08-07T19:04:51Z] INFO Coupled PRACH RA PDSCH evidence: slot=10 ue=3 msg2_crc=1 msg2_layers=1 msg2_cfg_ports=1 msg2_resolved_ports=1 msg2_explicit_matrix=false msg2_precoding=siso_identity/ra_si_common_procedure_identity msg2_tx_power_dBm=46 msg2_amp_scale=14 msg2_timing_used=false msg2_timing=0 msg2_posteq_sinr_dB=37 msg2_hest_sinr_dB=37 msg2_llr_finite=true msg4_crc=1 msg4_layers=1 msg4_cfg_ports=1 msg4_resolved_ports=1 msg4_tx_power_dBm=46 msg4_amp_scale=14.
[2026-08-07T19:04:51Z] INFO Coupled control gating progress for slot 10/20: UE 3/4, PBCH=0 PRACH=3 SRS=0 TRS=0.
[2026-08-07T19:06:34Z] INFO Coupled PRACH result: slot=10 ue=4 status=PASS crc=1 ra_completed=true strict_ok=true tx_preamble=3 detected_preamble=3 failure=.
[2026-08-07T19:06:34Z] INFO Coupled PRACH RA PDSCH evidence: slot=10 ue=4 msg2_crc=1 msg2_layers=1 msg2_cfg_ports=1 msg2_resolved_ports=1 msg2_explicit_matrix=false msg2_precoding=siso_identity/ra_si_common_procedure_identity msg2_tx_power_dBm=46 msg2_amp_scale=14 msg2_timing_used=false msg2_timing=0 msg2_posteq_sinr_dB=38 msg2_hest_sinr_dB=38 msg2_llr_finite=true msg4_crc=1 msg4_layers=1 msg4_cfg_ports=1 msg4_resolved_ports=1 msg4_tx_power_dBm=46 msg4_amp_scale=14.
[2026-08-07T19:06:34Z] INFO Coupled control gating progress for slot 10/20: UE 4/4, PBCH=0 PRACH=4 SRS=0 TRS=0.
[2026-08-07T19:06:34Z] INFO Coupled control gating complete: slot=10 frame=1 pbch_attempts=0 prach_attempts=4 srs_attempts=0 trs_attempts=0 acquired=4/4 access=4/4 valid_srs=0/4 valid_trs_cells=1/1 tracked_serving_users=4/4 eligible=0/4.
[2026-08-07T19:06:34Z] INFO Coupled control gating complete for slot 10/20: acquired=4/4 access=4/4 valid_srs=0/4 valid_trs_cells=1/1 tracked_serving_users=4/4 eligible=0/4.
[2026-08-07T19:06:35Z] INFO UL coupled publish: operating_point 1/1 configured_label_snr_dB=20.000 ue=0/4 dlDirectionalFrames=0/20 ulDirectionalFrames=0/20 dlRows=0 ulRows=0.
[2026-08-07T19:06:35Z] INFO Coupled UL queued grant lookup complete: sweep=1/1 slot=10/20 due_grants=0 pending_grants=0.
[2026-08-07T19:06:35Z] INFO Coupled canonical slot prepared: sweep=1/1 slot=11/20 duplex=DL allow_dl=1 allow_ul=0.
[2026-08-07T19:06:35Z] INFO Starting coupled pre-scheduling control gating for slot 11/20 with 4 UEs.
[2026-08-07T19:06:35Z] INFO Coupled control gating progress for slot 11/20: UE 1/4, PBCH=0 PRACH=0 SRS=0 TRS=0.
[2026-08-07T19:06:36Z] INFO Coupled control gating progress for slot 11/20: UE 2/4, PBCH=0 PRACH=0 SRS=0 TRS=0.
[2026-08-07T19:06:36Z] INFO Coupled control gating progress for slot 11/20: UE 3/4, PBCH=0 PRACH=0 SRS=0 TRS=0.
[2026-08-07T19:06:36Z] INFO Coupled control gating progress for slot 11/20: UE 4/4, PBCH=0 PRACH=0 SRS=0 TRS=0.
[2026-08-07T19:06:36Z] INFO Coupled control gating complete: slot=11 frame=1 pbch_attempts=0 prach_attempts=0 srs_attempts=0 trs_attempts=0 acquired=4/4 access=4/4 valid_srs=0/4 valid_trs_cells=1/1 tracked_serving_users=4/4 eligible=0/4.
[2026-08-07T19:06:36Z] INFO Coupled control gating complete for slot 11/20: acquired=4/4 access=4/4 valid_srs=0/4 valid_trs_cells=1/1 tracked_serving_users=4/4 eligible=0/4.
[2026-08-07T19:06:36Z] INFO DL coupled publish: operating_point 1/1 configured_label_snr_dB=20.000 ue=0/4 dlDirectionalFrames=0/20 ulDirectionalFrames=0/20 dlRows=0 ulRows=0.
[2026-08-07T19:06:37Z] INFO Coupled DL schedule complete: sweep=1/1 slot=11/20 active=0 granted=0 grants=0.
[2026-08-07T19:06:37Z] INFO Coupled DL PDCCH qualification complete: sweep=1/1 slot=11/20 executable_grants=0.
[2026-08-07T19:06:37Z] INFO Preparing coupled DL batches: sweep=1/1 slot=11/20 candidate_grants=0 batch_size=24.
[2026-08-07T19:06:37Z] INFO Coupled UL K2 preschedule complete: control_slot=11 due_slot=15 k2=4 active=0 granted=0 grants=0.
[2026-08-07T19:06:37Z] INFO Coupled canonical slot prepared: sweep=1/1 slot=12/20 duplex=DL allow_dl=1 allow_ul=0.
[2026-08-07T19:06:37Z] INFO Starting coupled pre-scheduling control gating for slot 12/20 with 4 UEs.
[2026-08-07T19:06:37Z] INFO Coupled control gating progress for slot 12/20: UE 1/4, PBCH=0 PRACH=0 SRS=0 TRS=0.
[2026-08-07T19:06:37Z] INFO Coupled control gating progress for slot 12/20: UE 2/4, PBCH=0 PRACH=0 SRS=0 TRS=0.
[2026-08-07T19:06:38Z] INFO Coupled control gating progress for slot 12/20: UE 3/4, PBCH=0 PRACH=0 SRS=0 TRS=0.
[2026-08-07T19:06:38Z] INFO Coupled control gating progress for slot 12/20: UE 4/4, PBCH=0 PRACH=0 SRS=0 TRS=0.
[2026-08-07T19:06:38Z] INFO Coupled control gating complete: slot=12 frame=1 pbch_attempts=0 prach_attempts=0 srs_attempts=0 trs_attempts=0 acquired=4/4 access=4/4 valid_srs=0/4 valid_trs_cells=1/1 tracked_serving_users=4/4 eligible=0/4.
[2026-08-07T19:06:38Z] INFO Coupled control gating complete for slot 12/20: acquired=4/4 access=4/4 valid_srs=0/4 valid_trs_cells=1/1 tracked_serving_users=4/4 eligible=0/4.
[2026-08-07T19:06:38Z] INFO DL coupled publish: operating_point 1/1 configured_label_snr_dB=20.000 ue=0/4 dlDirectionalFrames=0/20 ulDirectionalFrames=0/20 dlRows=0 ulRows=0.
[2026-08-07T19:06:38Z] INFO Coupled DL schedule complete: sweep=1/1 slot=12/20 active=0 granted=0 grants=0.
[2026-08-07T19:06:38Z] INFO Coupled DL PDCCH qualification complete: sweep=1/1 slot=12/20 executable_grants=0.
[2026-08-07T19:06:38Z] INFO Preparing coupled DL batches: sweep=1/1 slot=12/20 candidate_grants=0 batch_size=24.
[2026-08-07T19:06:38Z] INFO Coupled UL K2 preschedule deferred: control_slot=12 reason=data_timing_rejected:target_hits_fixed_opposite_direction policy=no_valid_ul_occasion_from_current_dl_control_slot.
[2026-08-07T19:06:38Z] INFO Coupled canonical slot prepared: sweep=1/1 slot=13/20 duplex=DL allow_dl=1 allow_ul=0.
[2026-08-07T19:06:38Z] INFO Starting coupled pre-scheduling control gating for slot 13/20 with 4 UEs.
[2026-08-07T19:06:39Z] INFO Coupled control gating progress for slot 13/20: UE 1/4, PBCH=0 PRACH=0 SRS=0 TRS=0.
[2026-08-07T19:06:39Z] INFO Coupled control gating progress for slot 13/20: UE 2/4, PBCH=0 PRACH=0 SRS=0 TRS=0.
[2026-08-07T19:06:39Z] INFO Coupled control gating progress for slot 13/20: UE 3/4, PBCH=0 PRACH=0 SRS=0 TRS=0.
[2026-08-07T19:06:39Z] INFO Coupled control gating progress for slot 13/20: UE 4/4, PBCH=0 PRACH=0 SRS=0 TRS=0.
[2026-08-07T19:06:39Z] INFO Coupled control gating complete: slot=13 frame=1 pbch_attempts=0 prach_attempts=0 srs_attempts=0 trs_attempts=0 acquired=4/4 access=4/4 valid_srs=0/4 valid_trs_cells=1/1 tracked_serving_users=4/4 eligible=0/4.
[2026-08-07T19:06:39Z] INFO Coupled control gating complete for slot 13/20: acquired=4/4 access=4/4 valid_srs=0/4 valid_trs_cells=1/1 tracked_serving_users=4/4 eligible=0/4.
[2026-08-07T19:06:40Z] INFO DL coupled publish: operating_point 1/1 configured_label_snr_dB=20.000 ue=0/4 dlDirectionalFrames=0/20 ulDirectionalFrames=0/20 dlRows=0 ulRows=0.
[2026-08-07T19:06:40Z] INFO Coupled DL schedule complete: sweep=1/1 slot=13/20 active=0 granted=0 grants=0.
[2026-08-07T19:06:40Z] INFO Coupled DL PDCCH qualification complete: sweep=1/1 slot=13/20 executable_grants=0.
[2026-08-07T19:06:40Z] INFO Preparing coupled DL batches: sweep=1/1 slot=13/20 candidate_grants=0 batch_size=24.
[2026-08-07T19:06:40Z] INFO Coupled UL K2 preschedule deferred: control_slot=13 reason=data_timing_rejected:target_hits_fixed_opposite_direction policy=no_valid_ul_occasion_from_current_dl_control_slot.
[2026-08-07T19:06:40Z] INFO Coupled canonical slot prepared: sweep=1/1 slot=14/20 duplex=FLEXIBLE_OR_MIXED allow_dl=1 allow_ul=1.
[2026-08-07T19:06:40Z] INFO Starting coupled pre-scheduling control gating for slot 14/20 with 4 UEs.
[2026-08-07T19:06:40Z] INFO Coupled control gating progress for slot 14/20: UE 1/4, PBCH=0 PRACH=0 SRS=0 TRS=0.
[2026-08-07T19:06:41Z] INFO Coupled control gating progress for slot 14/20: UE 2/4, PBCH=0 PRACH=0 SRS=0 TRS=0.
[2026-08-07T19:06:41Z] INFO Coupled control gating progress for slot 14/20: UE 3/4, PBCH=0 PRACH=0 SRS=0 TRS=0.
[2026-08-07T19:06:41Z] INFO Coupled control gating progress for slot 14/20: UE 4/4, PBCH=0 PRACH=0 SRS=0 TRS=0.
[2026-08-07T19:06:41Z] INFO Coupled control gating complete: slot=14 frame=1 pbch_attempts=0 prach_attempts=0 srs_attempts=0 trs_attempts=0 acquired=4/4 access=4/4 valid_srs=0/4 valid_trs_cells=1/1 tracked_serving_users=4/4 eligible=0/4.
[2026-08-07T19:06:41Z] INFO Coupled control gating complete for slot 14/20: acquired=4/4 access=4/4 valid_srs=0/4 valid_trs_cells=1/1 tracked_serving_users=4/4 eligible=0/4.
[2026-08-07T19:06:41Z] INFO DL coupled publish: operating_point 1/1 configured_label_snr_dB=20.000 ue=0/4 dlDirectionalFrames=0/20 ulDirectionalFrames=0/20 dlRows=0 ulRows=0.
[2026-08-07T19:06:41Z] INFO Coupled DL scheduling deferred: sweep=1/1 slot=14/20 reason=configured_dl_symbol_allocation_not_available_in_tdd_slot policy=no_valid_harq_ack_occasion_from_current_dl_slot.
[2026-08-07T19:06:41Z] INFO Coupled DL schedule complete: sweep=1/1 slot=14/20 active=0 granted=0 grants=0.
[2026-08-07T19:06:41Z] INFO Coupled DL PDCCH qualification complete: sweep=1/1 slot=14/20 executable_grants=0.
[2026-08-07T19:06:41Z] INFO Preparing coupled DL batches: sweep=1/1 slot=14/20 candidate_grants=0 batch_size=24.
[2026-08-07T19:06:42Z] INFO Coupled UL K2 preschedule deferred: control_slot=14 reason=data_timing_rejected:target_hits_fixed_opposite_direction policy=no_valid_ul_occasion_from_current_dl_control_slot.
[2026-08-07T19:06:42Z] INFO Coupled UL queued grant lookup complete: sweep=1/1 slot=14/20 due_grants=0 pending_grants=0.
[2026-08-07T19:06:42Z] INFO Coupled canonical slot prepared: sweep=1/1 slot=15/20 duplex=UL allow_dl=0 allow_ul=1.
[2026-08-07T19:06:42Z] INFO Starting coupled pre-scheduling control gating for slot 15/20 with 4 UEs.
[2026-08-07T19:07:03Z] INFO Coupled control gating progress for slot 15/20: UE 1/4, PBCH=0 PRACH=0 SRS=1 TRS=0.
[2026-08-07T19:07:24Z] INFO Coupled control gating progress for slot 15/20: UE 2/4, PBCH=0 PRACH=0 SRS=2 TRS=0.
[2026-08-07T19:07:43Z] INFO Coupled control gating progress for slot 15/20: UE 3/4, PBCH=0 PRACH=0 SRS=3 TRS=0.
[2026-08-07T19:08:02Z] INFO Coupled control gating progress for slot 15/20: UE 4/4, PBCH=0 PRACH=0 SRS=4 TRS=0.
[2026-08-07T19:08:02Z] INFO Coupled control gating complete: slot=15 frame=1 pbch_attempts=0 prach_attempts=0 srs_attempts=4 trs_attempts=0 acquired=4/4 access=4/4 valid_srs=4/4 valid_trs_cells=1/1 tracked_serving_users=4/4 eligible=4/4.
[2026-08-07T19:08:02Z] INFO Coupled control gating complete for slot 15/20: acquired=4/4 access=4/4 valid_srs=4/4 valid_trs_cells=1/1 tracked_serving_users=4/4 eligible=4/4.
[2026-08-07T19:08:02Z] INFO UL coupled publish: operating_point 1/1 configured_label_snr_dB=20.000 ue=0/4 dlDirectionalFrames=0/20 ulDirectionalFrames=0/20 dlRows=0 ulRows=0.
[2026-08-07T19:08:02Z] INFO Coupled UL queued grant lookup complete: sweep=1/1 slot=15/20 due_grants=0 pending_grants=0.
[2026-08-07T19:08:03Z] INFO Coupled canonical slot prepared: sweep=1/1 slot=16/20 duplex=DL allow_dl=1 allow_ul=0.
[2026-08-07T19:08:03Z] INFO Starting coupled pre-scheduling control gating for slot 16/20 with 4 UEs.
[2026-08-07T19:08:03Z] INFO Coupled control gating progress for slot 16/20: UE 1/4, PBCH=0 PRACH=0 SRS=0 TRS=0.
[2026-08-07T19:08:03Z] INFO Coupled control gating progress for slot 16/20: UE 2/4, PBCH=0 PRACH=0 SRS=0 TRS=0.
[2026-08-07T19:08:03Z] INFO Coupled control gating progress for slot 16/20: UE 3/4, PBCH=0 PRACH=0 SRS=0 TRS=0.
[2026-08-07T19:08:03Z] INFO Coupled control gating progress for slot 16/20: UE 4/4, PBCH=0 PRACH=0 SRS=0 TRS=0.
[2026-08-07T19:08:04Z] INFO Coupled control gating complete: slot=16 frame=1 pbch_attempts=0 prach_attempts=0 srs_attempts=0 trs_attempts=0 acquired=4/4 access=4/4 valid_srs=4/4 valid_trs_cells=1/1 tracked_serving_users=4/4 eligible=4/4.
[2026-08-07T19:08:04Z] INFO Coupled control gating complete for slot 16/20: acquired=4/4 access=4/4 valid_srs=4/4 valid_trs_cells=1/1 tracked_serving_users=4/4 eligible=4/4.
[2026-08-07T19:08:04Z] INFO DL coupled publish: operating_point 1/1 configured_label_snr_dB=20.000 ue=0/4 dlDirectionalFrames=0/20 ulDirectionalFrames=0/20 dlRows=0 ulRows=0.
[2026-08-07T19:08:10Z] INFO Coupled DL schedule complete: sweep=1/1 slot=16/20 active=4 granted=2 grants=2.
[2026-08-07T19:08:14Z] INFO Coupled DL PDCCH grant binding: ue=1 required=1 ok=1 status=bound failure= dci=a5cc3e72355eac2fa3d5147c4a0c9b6856857193a98e3c31b5b7f5b83cd6e9f7 grant_ss=1 observed_ss=1 bound_ss=1 grant_coreset=0 observed_coreset=0 bound_coreset=0.
[2026-08-07T19:08:17Z] INFO Coupled DL PDCCH grant binding: ue=2 required=1 ok=1 status=bound failure= dci=a5cc3e72355eac2fa3d5147c4a0c9b6856857193a98e3c31b5b7f5b83cd6e9f7 grant_ss=1 observed_ss=1 bound_ss=1 grant_coreset=0 observed_coreset=0 bound_coreset=0.
[2026-08-07T19:08:18Z] INFO Coupled DL PDCCH qualification complete: sweep=1/1 slot=16/20 executable_grants=2.
[2026-08-07T19:08:18Z] INFO Preparing coupled DL batches: sweep=1/1 slot=16/20 candidate_grants=2 batch_size=24.
[2026-08-07T19:08:18Z] INFO Preparing coupled DL resolved grant cache: candidate_grants=2.
[2026-08-07T19:09:31Z] INFO Prepared coupled DL resolved grant cache entries: 2/2.
[2026-08-07T19:10:32Z] INFO Prepared coupled DL resolved grant cache complete: entries=2 elapsed_s=134.557.
[2026-08-07T19:10:34Z] INFO Prepared coupled DL chunk: sweep=1/1 slot=16/20 executable_plans=2 chunk=1-2 of 2.
[2026-08-07T19:10:34Z] INFO Executing coupled DL chunk: sweep=1/1 slot=16/20 chunk=1-2 of 2.
[2026-08-07T19:10:34Z] INFO Executing coupled DL grant chunk serially: plans=2 reason=parallel_safety_or_pool_unavailable.
[2026-08-07T19:13:25Z] INFO Publishing coupled DL chunk results: sweep=1/1 slot=16/20 committed_rows=2 current_primary_rows=2.
[2026-08-07T19:13:27Z] INFO DL coupled publish: operating_point 1/1 configured_label_snr_dB=20.000 ue=2/4 dlDirectionalFrames=1/20 ulDirectionalFrames=0/20 dlRows=2 ulRows=0.
[2026-08-07T19:13:32Z] INFO Retained PUSCH candidates with due HARQ-ACK because UCI-on-PUSCH multiplexing is available: control_slot=16 due_slot=20 due_ues=2 policy=nrULSCHMultiplex_harq_ack_on_pusch.
[2026-08-07T19:13:35Z] INFO Coupled UL K2 preschedule complete: control_slot=16 due_slot=20 k2=4 active=4 granted=2 grants=2.
[2026-08-07T19:13:57Z] INFO Coupled UL PDCCH grant binding: ue=1 required=1 ok=1 status=bound failure= dci=d79fe85a3225d27c01aefe3c1882cc939f607a77d2b40238eb7cdf074a171420 grant_ss=1 observed_ss=1 bound_ss=1 grant_coreset=0 observed_coreset=0 bound_coreset=0.
[2026-08-07T19:14:18Z] INFO Coupled UL PDCCH grant binding: ue=2 required=1 ok=1 status=bound failure= dci=d79fe85a3225d27c01aefe3c1882cc939f607a77d2b40238eb7cdf074a171420 grant_ss=1 observed_ss=1 bound_ss=1 grant_coreset=0 observed_coreset=0 bound_coreset=0.
[2026-08-07T19:14:19Z] INFO Queued coupled UL grants after K2 PDCCH qualification: control_slot=16 due_slot=20 executable_grants=2 pending_total=2.
[2026-08-07T19:14:19Z] INFO Coupled canonical slot prepared: sweep=1/1 slot=17/20 duplex=DL allow_dl=1 allow_ul=0.
[2026-08-07T19:14:19Z] INFO Starting coupled pre-scheduling control gating for slot 17/20 with 4 UEs.
[2026-08-07T19:14:19Z] INFO Coupled control gating progress for slot 17/20: UE 1/4, PBCH=0 PRACH=0 SRS=0 TRS=0.
[2026-08-07T19:14:19Z] INFO Coupled control gating progress for slot 17/20: UE 2/4, PBCH=0 PRACH=0 SRS=0 TRS=0.
[2026-08-07T19:14:20Z] INFO Coupled control gating progress for slot 17/20: UE 3/4, PBCH=0 PRACH=0 SRS=0 TRS=0.
[2026-08-07T19:14:20Z] INFO Coupled control gating progress for slot 17/20: UE 4/4, PBCH=0 PRACH=0 SRS=0 TRS=0.
[2026-08-07T19:14:20Z] INFO Coupled control gating complete: slot=17 frame=1 pbch_attempts=0 prach_attempts=0 srs_attempts=0 trs_attempts=0 acquired=4/4 access=4/4 valid_srs=4/4 valid_trs_cells=1/1 tracked_serving_users=4/4 eligible=4/4.
[2026-08-07T19:14:20Z] INFO Coupled control gating complete for slot 17/20: acquired=4/4 access=4/4 valid_srs=4/4 valid_trs_cells=1/1 tracked_serving_users=4/4 eligible=4/4.
[2026-08-07T19:14:21Z] INFO DL coupled publish: operating_point 1/1 configured_label_snr_dB=20.000 ue=0/4 dlDirectionalFrames=1/20 ulDirectionalFrames=0/20 dlRows=2 ulRows=0.
[2026-08-07T19:14:21Z] INFO Coupled DL scheduling deferred: sweep=1/1 slot=17/20 reason=harq_ack_timing_rejected:target_hits_fixed_opposite_direction policy=no_valid_harq_ack_occasion_from_current_dl_slot.
[2026-08-07T19:14:21Z] INFO Coupled DL schedule complete: sweep=1/1 slot=17/20 active=4 granted=0 grants=0.
[2026-08-07T19:14:21Z] INFO Coupled DL PDCCH qualification complete: sweep=1/1 slot=17/20 executable_grants=0.
[2026-08-07T19:14:21Z] INFO Preparing coupled DL batches: sweep=1/1 slot=17/20 candidate_grants=0 batch_size=24.
[2026-08-07T19:14:21Z] INFO Coupled UL K2 preschedule deferred: control_slot=17 reason=data_timing_rejected:target_hits_fixed_opposite_direction policy=no_valid_ul_occasion_from_current_dl_control_slot.
[2026-08-07T19:14:21Z] INFO Coupled canonical slot prepared: sweep=1/1 slot=18/20 duplex=DL allow_dl=1 allow_ul=0.
[2026-08-07T19:14:21Z] INFO Starting coupled pre-scheduling control gating for slot 18/20 with 4 UEs.
[2026-08-07T19:14:22Z] INFO Coupled control gating progress for slot 18/20: UE 1/4, PBCH=0 PRACH=0 SRS=0 TRS=0.
[2026-08-07T19:14:22Z] INFO Coupled control gating progress for slot 18/20: UE 2/4, PBCH=0 PRACH=0 SRS=0 TRS=0.
[2026-08-07T19:14:22Z] INFO Coupled control gating progress for slot 18/20: UE 3/4, PBCH=0 PRACH=0 SRS=0 TRS=0.
[2026-08-07T19:14:22Z] INFO Coupled control gating progress for slot 18/20: UE 4/4, PBCH=0 PRACH=0 SRS=0 TRS=0.
[2026-08-07T19:14:23Z] INFO Coupled control gating complete: slot=18 frame=1 pbch_attempts=0 prach_attempts=0 srs_attempts=0 trs_attempts=0 acquired=4/4 access=4/4 valid_srs=4/4 valid_trs_cells=1/1 tracked_serving_users=4/4 eligible=4/4.
[2026-08-07T19:14:23Z] INFO Coupled control gating complete for slot 18/20: acquired=4/4 access=4/4 valid_srs=4/4 valid_trs_cells=1/1 tracked_serving_users=4/4 eligible=4/4.
[2026-08-07T19:14:23Z] INFO DL coupled publish: operating_point 1/1 configured_label_snr_dB=20.000 ue=0/4 dlDirectionalFrames=1/20 ulDirectionalFrames=0/20 dlRows=2 ulRows=0.
[2026-08-07T19:14:23Z] INFO Coupled DL scheduling deferred: sweep=1/1 slot=18/20 reason=harq_ack_timing_rejected:target_hits_fixed_opposite_direction policy=no_valid_harq_ack_occasion_from_current_dl_slot.
[2026-08-07T19:14:23Z] INFO Coupled DL schedule complete: sweep=1/1 slot=18/20 active=4 granted=0 grants=0.
[2026-08-07T19:14:23Z] INFO Coupled DL PDCCH qualification complete: sweep=1/1 slot=18/20 executable_grants=0.
[2026-08-07T19:14:23Z] INFO Preparing coupled DL batches: sweep=1/1 slot=18/20 candidate_grants=0 batch_size=24.
[2026-08-07T19:14:23Z] INFO Coupled UL K2 preschedule deferred: control_slot=18 reason=data_timing_rejected:target_hits_fixed_opposite_direction policy=no_valid_ul_occasion_from_current_dl_control_slot.
[2026-08-07T19:14:23Z] INFO Coupled canonical slot prepared: sweep=1/1 slot=19/20 duplex=FLEXIBLE_OR_MIXED allow_dl=1 allow_ul=1.
[2026-08-07T19:14:23Z] INFO Starting coupled pre-scheduling control gating for slot 19/20 with 4 UEs.
[2026-08-07T19:14:24Z] INFO Coupled control gating progress for slot 19/20: UE 1/4, PBCH=0 PRACH=0 SRS=0 TRS=0.
[2026-08-07T19:14:24Z] INFO Coupled control gating progress for slot 19/20: UE 2/4, PBCH=0 PRACH=0 SRS=0 TRS=0.
[2026-08-07T19:14:24Z] INFO Coupled control gating progress for slot 19/20: UE 3/4, PBCH=0 PRACH=0 SRS=0 TRS=0.
[2026-08-07T19:14:24Z] INFO Coupled control gating progress for slot 19/20: UE 4/4, PBCH=0 PRACH=0 SRS=0 TRS=0.
[2026-08-07T19:14:24Z] INFO Coupled control gating complete: slot=19 frame=1 pbch_attempts=0 prach_attempts=0 srs_attempts=0 trs_attempts=0 acquired=4/4 access=4/4 valid_srs=4/4 valid_trs_cells=1/1 tracked_serving_users=4/4 eligible=4/4.
[2026-08-07T19:14:24Z] INFO Coupled control gating complete for slot 19/20: acquired=4/4 access=4/4 valid_srs=4/4 valid_trs_cells=1/1 tracked_serving_users=4/4 eligible=4/4.
[2026-08-07T19:14:25Z] INFO DL coupled publish: operating_point 1/1 configured_label_snr_dB=20.000 ue=0/4 dlDirectionalFrames=1/20 ulDirectionalFrames=0/20 dlRows=2 ulRows=0.
[2026-08-07T19:14:25Z] INFO Coupled DL scheduling deferred: sweep=1/1 slot=19/20 reason=configured_dl_symbol_allocation_not_available_in_tdd_slot policy=no_valid_harq_ack_occasion_from_current_dl_slot.
[2026-08-07T19:14:25Z] INFO Coupled DL schedule complete: sweep=1/1 slot=19/20 active=0 granted=0 grants=0.
[2026-08-07T19:14:25Z] INFO Coupled DL PDCCH qualification complete: sweep=1/1 slot=19/20 executable_grants=0.
[2026-08-07T19:14:25Z] INFO Preparing coupled DL batches: sweep=1/1 slot=19/20 candidate_grants=0 batch_size=24.
[2026-08-07T19:14:25Z] INFO Coupled UL K2 preschedule deferred: control_slot=19 reason=data_timing_rejected:target_hits_fixed_opposite_direction policy=no_valid_ul_occasion_from_current_dl_control_slot.
[2026-08-07T19:14:25Z] INFO Coupled UL queued grant lookup complete: sweep=1/1 slot=19/20 due_grants=0 pending_grants=2.
[2026-08-07T19:14:25Z] INFO Coupled canonical slot prepared: sweep=1/1 slot=20/20 duplex=UL allow_dl=0 allow_ul=1.
[2026-08-07T19:14:28Z] INFO Starting coupled pre-scheduling control gating for slot 20/20 with 4 UEs.
[2026-08-07T19:14:28Z] INFO Coupled control gating progress for slot 20/20: UE 1/4, PBCH=0 PRACH=0 SRS=0 TRS=0.
[2026-08-07T19:14:29Z] INFO Coupled control gating progress for slot 20/20: UE 2/4, PBCH=0 PRACH=0 SRS=0 TRS=0.
[2026-08-07T19:14:29Z] INFO Coupled control gating progress for slot 20/20: UE 3/4, PBCH=0 PRACH=0 SRS=0 TRS=0.
[2026-08-07T19:14:29Z] INFO Coupled control gating progress for slot 20/20: UE 4/4, PBCH=0 PRACH=0 SRS=0 TRS=0.
[2026-08-07T19:14:29Z] INFO Coupled control gating complete: slot=20 frame=1 pbch_attempts=0 prach_attempts=0 srs_attempts=0 trs_attempts=0 acquired=4/4 access=4/4 valid_srs=4/4 valid_trs_cells=1/1 tracked_serving_users=4/4 eligible=4/4.
[2026-08-07T19:14:29Z] INFO Coupled control gating complete for slot 20/20: acquired=4/4 access=4/4 valid_srs=4/4 valid_trs_cells=1/1 tracked_serving_users=4/4 eligible=4/4.
[2026-08-07T19:14:30Z] INFO UL coupled publish: operating_point 1/1 configured_label_snr_dB=20.000 ue=0/4 dlDirectionalFrames=1/20 ulDirectionalFrames=0/20 dlRows=2 ulRows=0.
[2026-08-07T19:14:30Z] INFO Coupled UL queued grant lookup complete: sweep=1/1 slot=20/20 due_grants=2 pending_grants=0.
[2026-08-07T19:14:30Z] INFO Preparing coupled UL batches: sweep=1/1 slot=20/20 candidate_grants=2 batch_size=24.
[2026-08-07T19:14:30Z] INFO Preparing coupled UL resolved grant cache: candidate_grants=2.
[2026-08-07T19:14:36Z] INFO Prepared coupled UL resolved grant cache entries: 2/2.
[2026-08-07T19:14:37Z] INFO Prepared coupled UL resolved grant cache complete: entries=2 elapsed_s=7.220.
[2026-08-07T19:14:37Z] INFO Prepared coupled UL chunk: sweep=1/1 slot=20/20 executable_plans=2 chunk=1-2 of 2.
[2026-08-07T19:14:37Z] INFO Executing coupled UL chunk: sweep=1/1 slot=20/20 chunk=1-2 of 2.
[2026-08-07T19:14:37Z] INFO Executing coupled UL grant chunk serially: plans=2 reason=parallel_safety_or_pool_unavailable.
[2026-08-07T19:15:35Z] INFO Publishing coupled UL chunk results: sweep=1/1 slot=20/20 committed_rows=2 current_primary_rows=2.
[2026-08-07T19:15:49Z] INFO UL heavy live artifact refresh: reason=post_grant_chunk slot=20/20 interval=20.
[2026-08-07T19:15:49Z] INFO UL coupled publish: operating_point 1/1 configured_label_snr_dB=20.000 ue=2/4 dlDirectionalFrames=1/20 ulDirectionalFrames=1/20 dlRows=2 ulRows=2.
[2026-08-07T19:15:49Z] INFO DL raw trial sweep progress: point 1/1, configured operating-point label 20.000 dB (not a measured SINR); median PostEqSINR_dB 15.790 dB; median MeasuredTrialSINR_dB 15.790 dB; median ReceiverHestSINR_dB 15.790 dB, rows=2.
[2026-08-07T19:15:49Z] INFO UL raw trial sweep progress: point 1/1, configured operating-point label 20.000 dB (not a measured SINR); median PostEqSINR_dB 6.329 dB; median MeasuredTrialSINR_dB 6.329 dB; median ReceiverHestSINR_dB 9.892 dB, rows=2.
[2026-08-07T19:22:09Z] INFO Waveform bundle finished: ok=1
[2026-08-07T19:22:09Z] INFO Evaluating strict control evidence from active slot-runtime rows; no supplemental waveform launched.
[2026-08-07T19:22:10Z] INFO Strict waveform-backed control evidence finished: ok=1
[2026-08-07T19:22:11Z] INFO Evaluating strict PRACH from active slot-runtime rows; no supplemental waveform launched.
[2026-08-07T19:22:11Z] INFO Running the configured same-execution PRACH false-alarm/           missed-detection campaign through the production PRACH TX/RX chain.
PRACH_PARALLEL requested=1 requested_workers=24 active=1 effective_workers=4 status=parallel_process_pool_active
[2026-08-07T19:22:12Z] INFO Strict PRACH progress: stage=strict_prach_config_validation supplemental_completion=0.020 note=Validating strict PRACH configuration and root-sequence evidence.
[2026-08-07T19:22:13Z] INFO Strict PRACH progress: stage=strict_prach_positive_high_snr supplemental_completion=0.080 note=Running positive high-SNR PRACH receive validation.
[2026-08-07T19:22:14Z] INFO Strict PRACH progress: stage=strict_prach_missed_detection_sweep supplemental_completion=0.180 note=Running PRACH missed-detection SNR sweep.
PRACH_STAT metric=missed_detection snr_db=-12 trials=3/3 look=1 events_ci=[0,0.707598] width=0.707598 qualification=NOT_EVALUATED stopping=maximum_trial_count_reached_without_qualification
PRACH_STAT metric=missed_detection snr_db=-6 trials=3/3 look=1 events_ci=[0,0.707598] width=0.707598 qualification=NOT_EVALUATED stopping=maximum_trial_count_reached_without_qualification
PRACH_STAT metric=missed_detection snr_db=0 trials=3/3 look=1 events_ci=[0,0.707598] width=0.707598 qualification=NOT_EVALUATED stopping=maximum_trial_count_reached_without_qualification
PRACH_STAT metric=missed_detection snr_db=6 trials=300/2000 look=1 events_ci=[0,0.0242926] width=0.0242926 qualification=NOT_EVALUATED stopping=confidence_interval_width_not_reached
PRACH_STAT metric=missed_detection snr_db=6 trials=500/2000 look=5 events_ci=[0,0.0146472] width=0.0146472 qualification=NOT_EVALUATED stopping=confidence_interval_width_not_reached
PRACH_STAT metric=missed_detection snr_db=6 trials=750/2000 look=10 events_ci=[0,0.00978879] width=0.00978879 qualification=PASS stopping=exact_upper_bound_at_or_below_target
PRACH_STAT metric=missed_detection snr_db=12 trials=300/2000 look=1 events_ci=[0,0.0242926] width=0.0242926 qualification=NOT_EVALUATED stopping=confidence_interval_width_not_reached
PRACH_STAT metric=missed_detection snr_db=12 trials=500/2000 look=5 events_ci=[0,0.0146472] width=0.0146472 qualification=NOT_EVALUATED stopping=confidence_interval_width_not_reached
PRACH_STAT metric=missed_detection snr_db=12 trials=750/2000 look=10 events_ci=[0,0.00978879] width=0.00978879 qualification=PASS stopping=exact_upper_bound_at_or_below_target
[2026-08-07T19:26:18Z] INFO Strict PRACH progress: stage=strict_prach_false_alarm_sweep supplemental_completion=0.360 note=Running PRACH false-alarm noise-only sweep.
PRACH_STAT metric=false_alarm snr_db=-12 trials=3000/12000 look=1 events_ci=[0,0.00251685] width=0.00251685 qualification=NOT_EVALUATED stopping=confidence_interval_width_not_reached
PRACH_STAT metric=false_alarm snr_db=-12 trials=4000/12000 look=5 events_ci=[0,0.00188824] width=0.00188824 qualification=NOT_EVALUATED stopping=confidence_interval_width_not_reached
PRACH_STAT metric=false_alarm snr_db=-12 trials=5250/12000 look=10 events_ci=[0,0.00143898] width=0.00143898 qualification=NOT_EVALUATED stopping=confidence_interval_width_not_reached
PRACH_STAT metric=false_alarm snr_db=-12 trials=6500/12000 look=15 events_ci=[0,0.00116241] width=0.00116241 qualification=NOT_EVALUATED stopping=confidence_interval_width_not_reached
PRACH_STAT metric=false_alarm snr_db=-12 trials=7750/12000 look=20 events_ci=[0,0.000975019] width=0.000975019 qualification=PASS stopping=exact_upper_bound_at_or_below_target
PRACH_STAT metric=false_alarm snr_db=-6 trials=3000/12000 look=1 events_ci=[0,0.00251685] width=0.00251685 qualification=NOT_EVALUATED stopping=confidence_interval_width_not_reached
PRACH_STAT metric=false_alarm snr_db=-6 trials=4000/12000 look=5 events_ci=[0,0.00188824] width=0.00188824 qualification=NOT_EVALUATED stopping=confidence_interval_width_not_reached
PRACH_STAT metric=false_alarm snr_db=-6 trials=5250/12000 look=10 events_ci=[0,0.00143898] width=0.00143898 qualification=NOT_EVALUATED stopping=confidence_interval_width_not_reached
PRACH_STAT metric=false_alarm snr_db=-6 trials=6500/12000 look=15 events_ci=[0,0.00116241] width=0.00116241 qualification=NOT_EVALUATED stopping=confidence_interval_width_not_reached
