----------------------------------------
Exception occurred during processing of request from ('127.0.0.1', 60377)
----------------------------------------
Exception occurred during processing of request from ('127.0.0.1', 60378)
----------------------------------------
Exception occurred during processing of request from ('127.0.0.1', 60376)
----------------------------------------
Exception occurred during processing of request from ('127.0.0.1', 60379)
----------------------------------------
Exception occurred during processing of request from ('127.0.0.1', 60375)
Traceback (most recent call last):
  File "C:\Anup\6gsimulation\sixgr_foundation_v2 (2)\apps\lls_web_dashboard.py", line 12654, in do_GET
    self.respond_json(build_live_payload(run_id))
Traceback (most recent call last):
  File "C:\Anup\6gsimulation\sixgr_foundation_v2 (2)\apps\lls_web_dashboard.py", line 12785, in respond_json
    self.wfile.write(raw)
  File "C:\Anup\6gsimulation\sixgr_foundation_v2 (2)\apps\lls_web_dashboard.py", line 12654, in do_GET
    self.respond_json(build_live_payload(run_id))
  File "C:\Anup\6gsimulation\sixgr_foundation_v2 (2)\apps\lls_web_dashboard.py", line 12785, in respond_json
    self.wfile.write(raw)
Traceback (most recent call last):
  File "C:\Program Files\Python311\Lib\socketserver.py", line 834, in write
    self._sock.sendall(b)
----------------------------------------
Traceback (most recent call last):
  File "C:\Program Files\Python311\Lib\socketserver.py", line 834, in write
    self._sock.sendall(b)
Traceback (most recent call last):
  File "C:\Anup\6gsimulation\sixgr_foundation_v2 (2)\apps\lls_web_dashboard.py", line 12654, in do_GET
    self.respond_json(build_live_payload(run_id))
ConnectionAbortedError: [WinError 10053] An established connection was aborted by the software in your host machine
Exception occurred during processing of request from ('127.0.0.1', 60380)
  File "C:\Anup\6gsimulation\sixgr_foundation_v2 (2)\apps\lls_web_dashboard.py", line 12654, in do_GET
    self.respond_json(build_live_payload(run_id))
ConnectionAbortedError: [WinError 10053] An established connection was aborted by the software in your host machine

During handling of the above exception, another exception occurred:

Traceback (most recent call last):
  File "C:\Program Files\Python311\Lib\socketserver.py", line 691, in process_request_thread
    self.finish_request(request, client_address)
  File "C:\Anup\6gsimulation\sixgr_foundation_v2 (2)\apps\lls_web_dashboard.py", line 12785, in respond_json
    self.wfile.write(raw)
  File "C:\Anup\6gsimulation\sixgr_foundation_v2 (2)\apps\lls_web_dashboard.py", line 12654, in do_GET
    self.respond_json(build_live_payload(run_id))
Traceback (most recent call last):
  File "C:\Anup\6gsimulation\sixgr_foundation_v2 (2)\apps\lls_web_dashboard.py", line 12785, in respond_json
    self.wfile.write(raw)

During handling of the above exception, another exception occurred:

Traceback (most recent call last):
  File "C:\Program Files\Python311\Lib\socketserver.py", line 834, in write
    self._sock.sendall(b)
ConnectionAbortedError: [WinError 10053] An established connection was aborted by the software in your host machine
  File "C:\Program Files\Python311\Lib\socketserver.py", line 361, in finish_request
    self.RequestHandlerClass(request, client_address, self)
  File "C:\Anup\6gsimulation\sixgr_foundation_v2 (2)\apps\lls_web_dashboard.py", line 12785, in respond_json
    self.wfile.write(raw)
  File "C:\Program Files\Python311\Lib\socketserver.py", line 834, in write
    self._sock.sendall(b)
  File "C:\Anup\6gsimulation\sixgr_foundation_v2 (2)\apps\lls_web_dashboard.py", line 12654, in do_GET
    self.respond_json(build_live_payload(run_id))
  File "C:\Program Files\Python311\Lib\socketserver.py", line 691, in process_request_thread
    self.finish_request(request, client_address)

During handling of the above exception, another exception occurred:

  File "C:\Program Files\Python311\Lib\socketserver.py", line 755, in __init__
    self.handle()
  File "C:\Program Files\Python311\Lib\socketserver.py", line 834, in write
    self._sock.sendall(b)
ConnectionAbortedError: [WinError 10053] An established connection was aborted by the software in your host machine
  File "C:\Anup\6gsimulation\sixgr_foundation_v2 (2)\apps\lls_web_dashboard.py", line 12785, in respond_json
    self.wfile.write(raw)
  File "C:\Program Files\Python311\Lib\socketserver.py", line 361, in finish_request
    self.RequestHandlerClass(request, client_address, self)
  File "C:\Program Files\Python311\Lib\socketserver.py", line 755, in __init__
    self.handle()
  File "C:\Program Files\Python311\Lib\http\server.py", line 436, in handle
    self.handle_one_request()
ConnectionAbortedError: [WinError 10053] An established connection was aborted by the software in your host machine
Traceback (most recent call last):
  File "C:\Program Files\Python311\Lib\socketserver.py", line 834, in write
    self._sock.sendall(b)

During handling of the above exception, another exception occurred:

  File "C:\Program Files\Python311\Lib\http\server.py", line 436, in handle
    self.handle_one_request()
  File "C:\Program Files\Python311\Lib\http\server.py", line 424, in handle_one_request
    method()

During handling of the above exception, another exception occurred:

  File "C:\Program Files\Python311\Lib\socketserver.py", line 691, in process_request_thread
    self.finish_request(request, client_address)
  File "C:\Program Files\Python311\Lib\socketserver.py", line 361, in finish_request
    self.RequestHandlerClass(request, client_address, self)
Traceback (most recent call last):
  File "C:\Program Files\Python311\Lib\http\server.py", line 424, in handle_one_request
    method()
ConnectionAbortedError: [WinError 10053] An established connection was aborted by the software in your host machine
Traceback (most recent call last):
  File "C:\Anup\6gsimulation\sixgr_foundation_v2 (2)\apps\lls_web_dashboard.py", line 12676, in do_GET
    self.send_error(HTTPStatus.INTERNAL_SERVER_ERROR, str(exc))
  File "C:\Program Files\Python311\Lib\socketserver.py", line 691, in process_request_thread
    self.finish_request(request, client_address)
  File "C:\Anup\6gsimulation\sixgr_foundation_v2 (2)\apps\lls_web_dashboard.py", line 12676, in do_GET
    self.send_error(HTTPStatus.INTERNAL_SERVER_ERROR, str(exc))
  File "C:\Program Files\Python311\Lib\http\server.py", line 488, in send_error
    self.end_headers()

During handling of the above exception, another exception occurred:

  File "C:\Program Files\Python311\Lib\socketserver.py", line 691, in process_request_thread
    self.finish_request(request, client_address)
  File "C:\Program Files\Python311\Lib\http\server.py", line 488, in send_error
    self.end_headers()
  File "C:\Program Files\Python311\Lib\socketserver.py", line 361, in finish_request
    self.RequestHandlerClass(request, client_address, self)
  File "C:\Program Files\Python311\Lib\socketserver.py", line 755, in __init__
    self.handle()
  File "C:\Program Files\Python311\Lib\http\server.py", line 538, in end_headers
    self.flush_headers()
Traceback (most recent call last):
  File "C:\Program Files\Python311\Lib\socketserver.py", line 361, in finish_request
    self.RequestHandlerClass(request, client_address, self)
  File "C:\Program Files\Python311\Lib\http\server.py", line 538, in end_headers
    self.flush_headers()
  File "C:\Program Files\Python311\Lib\socketserver.py", line 755, in __init__
    self.handle()
  File "C:\Program Files\Python311\Lib\http\server.py", line 436, in handle
    self.handle_one_request()
  File "C:\Program Files\Python311\Lib\http\server.py", line 542, in flush_headers
    self.wfile.write(b"".join(self._headers_buffer))
  File "C:\Program Files\Python311\Lib\socketserver.py", line 691, in process_request_thread
    self.finish_request(request, client_address)
  File "C:\Program Files\Python311\Lib\http\server.py", line 436, in handle
    self.handle_one_request()
  File "C:\Program Files\Python311\Lib\http\server.py", line 424, in handle_one_request
    method()
  File "C:\Program Files\Python311\Lib\socketserver.py", line 834, in write
    self._sock.sendall(b)
  File "C:\Program Files\Python311\Lib\socketserver.py", line 361, in finish_request
    self.RequestHandlerClass(request, client_address, self)
  File "C:\Program Files\Python311\Lib\http\server.py", line 424, in handle_one_request
    method()
  File "C:\Anup\6gsimulation\sixgr_foundation_v2 (2)\apps\lls_web_dashboard.py", line 12676, in do_GET
    self.send_error(HTTPStatus.INTERNAL_SERVER_ERROR, str(exc))
ConnectionAbortedError: [WinError 10053] An established connection was aborted by the software in your host machine
  File "C:\Program Files\Python311\Lib\socketserver.py", line 755, in __init__
    self.handle()
  File "C:\Anup\6gsimulation\sixgr_foundation_v2 (2)\apps\lls_web_dashboard.py", line 12676, in do_GET
    self.send_error(HTTPStatus.INTERNAL_SERVER_ERROR, str(exc))
  File "C:\Program Files\Python311\Lib\http\server.py", line 488, in send_error
    self.end_headers()
----------------------------------------
  File "C:\Program Files\Python311\Lib\http\server.py", line 436, in handle
    self.handle_one_request()
  File "C:\Program Files\Python311\Lib\http\server.py", line 488, in send_error
    self.end_headers()
  File "C:\Program Files\Python311\Lib\http\server.py", line 538, in end_headers
    self.flush_headers()
----------------------------------------
  File "C:\Program Files\Python311\Lib\socketserver.py", line 755, in __init__
    self.handle()
  File "C:\Program Files\Python311\Lib\http\server.py", line 542, in flush_headers
    self.wfile.write(b"".join(self._headers_buffer))
  File "C:\Program Files\Python311\Lib\http\server.py", line 424, in handle_one_request
    method()
  File "C:\Program Files\Python311\Lib\http\server.py", line 538, in end_headers
    self.flush_headers()
  File "C:\Program Files\Python311\Lib\http\server.py", line 542, in flush_headers
    self.wfile.write(b"".join(self._headers_buffer))
Exception occurred during processing of request from ('127.0.0.1', 60389)
  File "C:\Program Files\Python311\Lib\http\server.py", line 436, in handle
    self.handle_one_request()
  File "C:\Program Files\Python311\Lib\socketserver.py", line 834, in write
    self._sock.sendall(b)
  File "C:\Anup\6gsimulation\sixgr_foundation_v2 (2)\apps\lls_web_dashboard.py", line 12676, in do_GET
    self.send_error(HTTPStatus.INTERNAL_SERVER_ERROR, str(exc))
  File "C:\Program Files\Python311\Lib\http\server.py", line 424, in handle_one_request
    method()
ConnectionAbortedError: [WinError 10053] An established connection was aborted by the software in your host machine
  File "C:\Program Files\Python311\Lib\http\server.py", line 542, in flush_headers
    self.wfile.write(b"".join(self._headers_buffer))
  File "C:\Program Files\Python311\Lib\socketserver.py", line 834, in write
    self._sock.sendall(b)
Traceback (most recent call last):
  File "C:\Program Files\Python311\Lib\http\server.py", line 488, in send_error
    self.end_headers()
  File "C:\Anup\6gsimulation\sixgr_foundation_v2 (2)\apps\lls_web_dashboard.py", line 12676, in do_GET
    self.send_error(HTTPStatus.INTERNAL_SERVER_ERROR, str(exc))
----------------------------------------
  File "C:\Program Files\Python311\Lib\socketserver.py", line 834, in write
    self._sock.sendall(b)
ConnectionAbortedError: [WinError 10053] An established connection was aborted by the software in your host machine
  File "C:\Anup\6gsimulation\sixgr_foundation_v2 (2)\apps\lls_web_dashboard.py", line 12654, in do_GET
    self.respond_json(build_live_payload(run_id))
ConnectionAbortedError: [WinError 10053] An established connection was aborted by the software in your host machine
----------------------------------------
  File "C:\Anup\6gsimulation\sixgr_foundation_v2 (2)\apps\lls_web_dashboard.py", line 12785, in respond_json
    self.wfile.write(raw)
----------------------------------------
  File "C:\Program Files\Python311\Lib\http\server.py", line 488, in send_error
    self.end_headers()
  File "C:\Program Files\Python311\Lib\http\server.py", line 538, in end_headers
    self.flush_headers()
  File "C:\Program Files\Python311\Lib\http\server.py", line 538, in end_headers
    self.flush_headers()
  File "C:\Program Files\Python311\Lib\http\server.py", line 542, in flush_headers
    self.wfile.write(b"".join(self._headers_buffer))
  File "C:\Program Files\Python311\Lib\http\server.py", line 542, in flush_headers
    self.wfile.write(b"".join(self._headers_buffer))
  File "C:\Program Files\Python311\Lib\socketserver.py", line 834, in write
    self._sock.sendall(b)
  File "C:\Program Files\Python311\Lib\socketserver.py", line 834, in write
    self._sock.sendall(b)
ConnectionAbortedError: [WinError 10053] An established connection was aborted by the software in your host machine
ConnectionAbortedError: [WinError 10053] An established connection was aborted by the software in your host machine
----------------------------------------
----------------------------------------
  File "C:\Program Files\Python311\Lib\socketserver.py", line 834, in write
    self._sock.sendall(b)
ConnectionAbortedError: [WinError 10053] An established connection was aborted by the software in your host machine

During handling of the above exception, another exception occurred:

Traceback (most recent call last):
  File "C:\Program Files\Python311\Lib\socketserver.py", line 691, in process_request_thread
    self.finish_request(request, client_address)
  File "C:\Program Files\Python311\Lib\socketserver.py", line 361, in finish_request
    self.RequestHandlerClass(request, client_address, self)
  File "C:\Program Files\Python311\Lib\socketserver.py", line 755, in __init__
    self.handle()
  File "C:\Program Files\Python311\Lib\http\server.py", line 436, in handle
    self.handle_one_request()
  File "C:\Program Files\Python311\Lib\http\server.py", line 424, in handle_one_request
    method()
  File "C:\Anup\6gsimulation\sixgr_foundation_v2 (2)\apps\lls_web_dashboard.py", line 12676, in do_GET
    self.send_error(HTTPStatus.INTERNAL_SERVER_ERROR, str(exc))
  File "C:\Program Files\Python311\Lib\http\server.py", line 488, in send_error
    self.end_headers()
  File "C:\Program Files\Python311\Lib\http\server.py", line 538, in end_headers
    self.flush_headers()
  File "C:\Program Files\Python311\Lib\http\server.py", line 542, in flush_headers
    self.wfile.write(b"".join(self._headers_buffer))
  File "C:\Program Files\Python311\Lib\socketserver.py", line 834, in write
    self._sock.sendall(b)
ConnectionAbortedError: [WinError 10053] An established connection was aborted by the software in your host machine
----------------------------------------
----------------------------------------
Exception occurred during processing of request from ('127.0.0.1', 60388)
Traceback (most recent call last):
  File "C:\Anup\6gsimulation\sixgr_foundation_v2 (2)\apps\lls_web_dashboard.py", line 12654, in do_GET
    self.respond_json(build_live_payload(run_id))
  File "C:\Anup\6gsimulation\sixgr_foundation_v2 (2)\apps\lls_web_dashboard.py", line 12785, in respond_json
    self.wfile.write(raw)
  File "C:\Program Files\Python311\Lib\socketserver.py", line 834, in write
    self._sock.sendall(b)
ConnectionAbortedError: [WinError 10053] An established connection was aborted by the software in your host machine

During handling of the above exception, another exception occurred:

Traceback (most recent call last):
  File "C:\Program Files\Python311\Lib\socketserver.py", line 691, in process_request_thread
    self.finish_request(request, client_address)
  File "C:\Program Files\Python311\Lib\socketserver.py", line 361, in finish_request
    self.RequestHandlerClass(request, client_address, self)
  File "C:\Program Files\Python311\Lib\socketserver.py", line 755, in __init__
    self.handle()
  File "C:\Program Files\Python311\Lib\http\server.py", line 436, in handle
    self.handle_one_request()
  File "C:\Program Files\Python311\Lib\http\server.py", line 424, in handle_one_request
    method()
  File "C:\Anup\6gsimulation\sixgr_foundation_v2 (2)\apps\lls_web_dashboard.py", line 12676, in do_GET
    self.send_error(HTTPStatus.INTERNAL_SERVER_ERROR, str(exc))
  File "C:\Program Files\Python311\Lib\http\server.py", line 488, in send_error
    self.end_headers()
  File "C:\Program Files\Python311\Lib\http\server.py", line 538, in end_headers
    self.flush_headers()
  File "C:\Program Files\Python311\Lib\http\server.py", line 542, in flush_headers
    self.wfile.write(b"".join(self._headers_buffer))
  File "C:\Program Files\Python311\Lib\socketserver.py", line 834, in write
    self._sock.sendall(b)
ConnectionAbortedError: [WinError 10053] An established connection was aborted by the software in your host machine
----------------------------------------
----------------------------------------
Exception occurred during processing of request from ('127.0.0.1', 60454)
Traceback (most recent call last):
  File "C:\Anup\6gsimulation\sixgr_foundation_v2 (2)\apps\lls_web_dashboard.py", line 12654, in do_GET
    self.respond_json(build_live_payload(run_id))
  File "C:\Anup\6gsimulation\sixgr_foundation_v2 (2)\apps\lls_web_dashboard.py", line 12785, in respond_json
    self.wfile.write(raw)
  File "C:\Program Files\Python311\Lib\socketserver.py", line 834, in write
    self._sock.sendall(b)
ConnectionAbortedError: [WinError 10053] An established connection was aborted by the software in your host machine

During handling of the above exception, another exception occurred:

Traceback (most recent call last):
  File "C:\Program Files\Python311\Lib\socketserver.py", line 691, in process_request_thread
    self.finish_request(request, client_address)
  File "C:\Program Files\Python311\Lib\socketserver.py", line 361, in finish_request
    self.RequestHandlerClass(request, client_address, self)
  File "C:\Program Files\Python311\Lib\socketserver.py", line 755, in __init__
    self.handle()
  File "C:\Program Files\Python311\Lib\http\server.py", line 436, in handle
    self.handle_one_request()
  File "C:\Program Files\Python311\Lib\http\server.py", line 424, in handle_one_request
    method()
  File "C:\Anup\6gsimulation\sixgr_foundation_v2 (2)\apps\lls_web_dashboard.py", line 12676, in do_GET
    self.send_error(HTTPStatus.INTERNAL_SERVER_ERROR, str(exc))
  File "C:\Program Files\Python311\Lib\http\server.py", line 488, in send_error
    self.end_headers()
  File "C:\Program Files\Python311\Lib\http\server.py", line 538, in end_headers
    self.flush_headers()
  File "C:\Program Files\Python311\Lib\http\server.py", line 542, in flush_headers
    self.wfile.write(b"".join(self._headers_buffer))
  File "C:\Program Files\Python311\Lib\socketserver.py", line 834, in write
    self._sock.sendall(b)
ConnectionAbortedError: [WinError 10053] An established connection was aborted by the software in your host machine
----------------------------------------
----------------------------------------
Exception occurred during processing of request from ('127.0.0.1', 60552)
Traceback (most recent call last):
  File "C:\Anup\6gsimulation\sixgr_foundation_v2 (2)\apps\lls_web_dashboard.py", line 12654, in do_GET
    self.respond_json(build_live_payload(run_id))
  File "C:\Anup\6gsimulation\sixgr_foundation_v2 (2)\apps\lls_web_dashboard.py", line 12785, in respond_json
    self.wfile.write(raw)
  File "C:\Program Files\Python311\Lib\socketserver.py", line 834, in write
    self._sock.sendall(b)
ConnectionAbortedError: [WinError 10053] An established connection was aborted by the software in your host machine

During handling of the above exception, another exception occurred:

Traceback (most recent call last):
  File "C:\Program Files\Python311\Lib\socketserver.py", line 691, in process_request_thread
    self.finish_request(request, client_address)
  File "C:\Program Files\Python311\Lib\socketserver.py", line 361, in finish_request
    self.RequestHandlerClass(request, client_address, self)
  File "C:\Program Files\Python311\Lib\socketserver.py", line 755, in __init__
    self.handle()
  File "C:\Program Files\Python311\Lib\http\server.py", line 436, in handle
    self.handle_one_request()
  File "C:\Program Files\Python311\Lib\http\server.py", line 424, in handle_one_request
    method()
  File "C:\Anup\6gsimulation\sixgr_foundation_v2 (2)\apps\lls_web_dashboard.py", line 12676, in do_GET
    self.send_error(HTTPStatus.INTERNAL_SERVER_ERROR, str(exc))
  File "C:\Program Files\Python311\Lib\http\server.py", line 488, in send_error
    self.end_headers()
  File "C:\Program Files\Python311\Lib\http\server.py", line 538, in end_headers
    self.flush_headers()
  File "C:\Program Files\Python311\Lib\http\server.py", line 542, in flush_headers
    self.wfile.write(b"".join(self._headers_buffer))
  File "C:\Program Files\Python311\Lib\socketserver.py", line 834, in write
    self._sock.sendall(b)
ConnectionAbortedError: [WinError 10053] An established connection was aborted by the software in your host machine
----------------------------------------
----------------------------------------
Exception occurred during processing of request from ('127.0.0.1', 60548)
Traceback (most recent call last):
  File "C:\Anup\6gsimulation\sixgr_foundation_v2 (2)\apps\lls_web_dashboard.py", line 12654, in do_GET
    self.respond_json(build_live_payload(run_id))
  File "C:\Anup\6gsimulation\sixgr_foundation_v2 (2)\apps\lls_web_dashboard.py", line 12785, in respond_json
    self.wfile.write(raw)
  File "C:\Program Files\Python311\Lib\socketserver.py", line 834, in write
    self._sock.sendall(b)
ConnectionAbortedError: [WinError 10053] An established connection was aborted by the software in your host machine

During handling of the above exception, another exception occurred:

Traceback (most recent call last):
  File "C:\Program Files\Python311\Lib\socketserver.py", line 691, in process_request_thread
    self.finish_request(request, client_address)
  File "C:\Program Files\Python311\Lib\socketserver.py", line 361, in finish_request
    self.RequestHandlerClass(request, client_address, self)
  File "C:\Program Files\Python311\Lib\socketserver.py", line 755, in __init__
    self.handle()
  File "C:\Program Files\Python311\Lib\http\server.py", line 436, in handle
    self.handle_one_request()
  File "C:\Program Files\Python311\Lib\http\server.py", line 424, in handle_one_request
    method()
  File "C:\Anup\6gsimulation\sixgr_foundation_v2 (2)\apps\lls_web_dashboard.py", line 12676, in do_GET
    self.send_error(HTTPStatus.INTERNAL_SERVER_ERROR, str(exc))
  File "C:\Program Files\Python311\Lib\http\server.py", line 488, in send_error
    self.end_headers()
  File "C:\Program Files\Python311\Lib\http\server.py", line 538, in end_headers
    self.flush_headers()
  File "C:\Program Files\Python311\Lib\http\server.py", line 542, in flush_headers
    self.wfile.write(b"".join(self._headers_buffer))
  File "C:\Program Files\Python311\Lib\socketserver.py", line 834, in write
    self._sock.sendall(b)
ConnectionAbortedError: [WinError 10053] An established connection was aborted by the software in your host machine
----------------------------------------
----------------------------------------
Exception occurred during processing of request from ('127.0.0.1', 60559)
Traceback (most recent call last):
  File "C:\Anup\6gsimulation\sixgr_foundation_v2 (2)\apps\lls_web_dashboard.py", line 12654, in do_GET
    self.respond_json(build_live_payload(run_id))
  File "C:\Anup\6gsimulation\sixgr_foundation_v2 (2)\apps\lls_web_dashboard.py", line 12785, in respond_json
    self.wfile.write(raw)
  File "C:\Program Files\Python311\Lib\socketserver.py", line 834, in write
    self._sock.sendall(b)
ConnectionAbortedError: [WinError 10053] An established connection was aborted by the software in your host machine

During handling of the above exception, another exception occurred:

Traceback (most recent call last):
  File "C:\Program Files\Python311\Lib\socketserver.py", line 691, in process_request_thread
    self.finish_request(request, client_address)
  File "C:\Program Files\Python311\Lib\socketserver.py", line 361, in finish_request
    self.RequestHandlerClass(request, client_address, self)
  File "C:\Program Files\Python311\Lib\socketserver.py", line 755, in __init__
    self.handle()
  File "C:\Program Files\Python311\Lib\http\server.py", line 436, in handle
    self.handle_one_request()
  File "C:\Program Files\Python311\Lib\http\server.py", line 424, in handle_one_request
    method()
  File "C:\Anup\6gsimulation\sixgr_foundation_v2 (2)\apps\lls_web_dashboard.py", line 12676, in do_GET
    self.send_error(HTTPStatus.INTERNAL_SERVER_ERROR, str(exc))
  File "C:\Program Files\Python311\Lib\http\server.py", line 488, in send_error
    self.end_headers()
  File "C:\Program Files\Python311\Lib\http\server.py", line 538, in end_headers
    self.flush_headers()
  File "C:\Program Files\Python311\Lib\http\server.py", line 542, in flush_headers
    self.wfile.write(b"".join(self._headers_buffer))
  File "C:\Program Files\Python311\Lib\socketserver.py", line 834, in write
    self._sock.sendall(b)
ConnectionAbortedError: [WinError 10053] An established connection was aborted by the software in your host machine
----------------------------------------
----------------------------------------
Exception occurred during processing of request from ('127.0.0.1', 60629)
Traceback (most recent call last):
  File "C:\Anup\6gsimulation\sixgr_foundation_v2 (2)\apps\lls_web_dashboard.py", line 12654, in do_GET
    self.respond_json(build_live_payload(run_id))
  File "C:\Anup\6gsimulation\sixgr_foundation_v2 (2)\apps\lls_web_dashboard.py", line 12785, in respond_json
    self.wfile.write(raw)
  File "C:\Program Files\Python311\Lib\socketserver.py", line 834, in write
    self._sock.sendall(b)
ConnectionAbortedError: [WinError 10053] An established connection was aborted by the software in your host machine

During handling of the above exception, another exception occurred:

Traceback (most recent call last):
  File "C:\Program Files\Python311\Lib\socketserver.py", line 691, in process_request_thread
    self.finish_request(request, client_address)
  File "C:\Program Files\Python311\Lib\socketserver.py", line 361, in finish_request
    self.RequestHandlerClass(request, client_address, self)
  File "C:\Program Files\Python311\Lib\socketserver.py", line 755, in __init__
    self.handle()
  File "C:\Program Files\Python311\Lib\http\server.py", line 436, in handle
    self.handle_one_request()
  File "C:\Program Files\Python311\Lib\http\server.py", line 424, in handle_one_request
    method()
  File "C:\Anup\6gsimulation\sixgr_foundation_v2 (2)\apps\lls_web_dashboard.py", line 12676, in do_GET
    self.send_error(HTTPStatus.INTERNAL_SERVER_ERROR, str(exc))
  File "C:\Program Files\Python311\Lib\http\server.py", line 488, in send_error
    self.end_headers()
  File "C:\Program Files\Python311\Lib\http\server.py", line 538, in end_headers
    self.flush_headers()
  File "C:\Program Files\Python311\Lib\http\server.py", line 542, in flush_headers
    self.wfile.write(b"".join(self._headers_buffer))
  File "C:\Program Files\Python311\Lib\socketserver.py", line 834, in write
    self._sock.sendall(b)
ConnectionAbortedError: [WinError 10053] An established connection was aborted by the software in your host machine
----------------------------------------
----------------------------------------
Exception occurred during processing of request from ('127.0.0.1', 60634)
Traceback (most recent call last):
  File "C:\Anup\6gsimulation\sixgr_foundation_v2 (2)\apps\lls_web_dashboard.py", line 12654, in do_GET
    self.respond_json(build_live_payload(run_id))
  File "C:\Anup\6gsimulation\sixgr_foundation_v2 (2)\apps\lls_web_dashboard.py", line 12785, in respond_json
    self.wfile.write(raw)
  File "C:\Program Files\Python311\Lib\socketserver.py", line 834, in write
    self._sock.sendall(b)
ConnectionAbortedError: [WinError 10053] An established connection was aborted by the software in your host machine

During handling of the above exception, another exception occurred:

Traceback (most recent call last):
  File "C:\Program Files\Python311\Lib\socketserver.py", line 691, in process_request_thread
    self.finish_request(request, client_address)
  File "C:\Program Files\Python311\Lib\socketserver.py", line 361, in finish_request
    self.RequestHandlerClass(request, client_address, self)
  File "C:\Program Files\Python311\Lib\socketserver.py", line 755, in __init__
    self.handle()
  File "C:\Program Files\Python311\Lib\http\server.py", line 436, in handle
    self.handle_one_request()
  File "C:\Program Files\Python311\Lib\http\server.py", line 424, in handle_one_request
    method()
  File "C:\Anup\6gsimulation\sixgr_foundation_v2 (2)\apps\lls_web_dashboard.py", line 12676, in do_GET
    self.send_error(HTTPStatus.INTERNAL_SERVER_ERROR, str(exc))
  File "C:\Program Files\Python311\Lib\http\server.py", line 488, in send_error
    self.end_headers()
  File "C:\Program Files\Python311\Lib\http\server.py", line 538, in end_headers
    self.flush_headers()
  File "C:\Program Files\Python311\Lib\http\server.py", line 542, in flush_headers
    self.wfile.write(b"".join(self._headers_buffer))
  File "C:\Program Files\Python311\Lib\socketserver.py", line 834, in write
    self._sock.sendall(b)
ConnectionAbortedError: [WinError 10053] An established connection was aborted by the software in your host machine
----------------------------------------
----------------------------------------
Exception occurred during processing of request from ('127.0.0.1', 60639)
Traceback (most recent call last):
  File "C:\Anup\6gsimulation\sixgr_foundation_v2 (2)\apps\lls_web_dashboard.py", line 12654, in do_GET
    self.respond_json(build_live_payload(run_id))
  File "C:\Anup\6gsimulation\sixgr_foundation_v2 (2)\apps\lls_web_dashboard.py", line 12785, in respond_json
    self.wfile.write(raw)
  File "C:\Program Files\Python311\Lib\socketserver.py", line 834, in write
    self._sock.sendall(b)
ConnectionAbortedError: [WinError 10053] An established connection was aborted by the software in your host machine

During handling of the above exception, another exception occurred:

Traceback (most recent call last):
  File "C:\Program Files\Python311\Lib\socketserver.py", line 691, in process_request_thread
    self.finish_request(request, client_address)
  File "C:\Program Files\Python311\Lib\socketserver.py", line 361, in finish_request
    self.RequestHandlerClass(request, client_address, self)
  File "C:\Program Files\Python311\Lib\socketserver.py", line 755, in __init__
    self.handle()
  File "C:\Program Files\Python311\Lib\http\server.py", line 436, in handle
    self.handle_one_request()
  File "C:\Program Files\Python311\Lib\http\server.py", line 424, in handle_one_request
    method()
  File "C:\Anup\6gsimulation\sixgr_foundation_v2 (2)\apps\lls_web_dashboard.py", line 12676, in do_GET
    self.send_error(HTTPStatus.INTERNAL_SERVER_ERROR, str(exc))
  File "C:\Program Files\Python311\Lib\http\server.py", line 488, in send_error
    self.end_headers()
  File "C:\Program Files\Python311\Lib\http\server.py", line 538, in end_headers
    self.flush_headers()
  File "C:\Program Files\Python311\Lib\http\server.py", line 542, in flush_headers
    self.wfile.write(b"".join(self._headers_buffer))
  File "C:\Program Files\Python311\Lib\socketserver.py", line 834, in write
    self._sock.sendall(b)
ConnectionAbortedError: [WinError 10053] An established connection was aborted by the software in your host machine
----------------------------------------
----------------------------------------
Exception occurred during processing of request from ('127.0.0.1', 49659)
Traceback (most recent call last):
  File "C:\Anup\6gsimulation\sixgr_foundation_v2 (2)\apps\lls_web_dashboard.py", line 12654, in do_GET
    self.respond_json(build_live_payload(run_id))
  File "C:\Anup\6gsimulation\sixgr_foundation_v2 (2)\apps\lls_web_dashboard.py", line 12785, in respond_json
    self.wfile.write(raw)
  File "C:\Program Files\Python311\Lib\socketserver.py", line 834, in write
    self._sock.sendall(b)
ConnectionAbortedError: [WinError 10053] An established connection was aborted by the software in your host machine

During handling of the above exception, another exception occurred:

Traceback (most recent call last):
  File "C:\Program Files\Python311\Lib\socketserver.py", line 691, in process_request_thread
    self.finish_request(request, client_address)
  File "C:\Program Files\Python311\Lib\socketserver.py", line 361, in finish_request
    self.RequestHandlerClass(request, client_address, self)
  File "C:\Program Files\Python311\Lib\socketserver.py", line 755, in __init__
    self.handle()
  File "C:\Program Files\Python311\Lib\http\server.py", line 436, in handle
    self.handle_one_request()
  File "C:\Program Files\Python311\Lib\http\server.py", line 424, in handle_one_request
    method()
  File "C:\Anup\6gsimulation\sixgr_foundation_v2 (2)\apps\lls_web_dashboard.py", line 12676, in do_GET
    self.send_error(HTTPStatus.INTERNAL_SERVER_ERROR, str(exc))
  File "C:\Program Files\Python311\Lib\http\server.py", line 488, in send_error
    self.end_headers()
  File "C:\Program Files\Python311\Lib\http\server.py", line 538, in end_headers
    self.flush_headers()
  File "C:\Program Files\Python311\Lib\http\server.py", line 542, in flush_headers
    self.wfile.write(b"".join(self._headers_buffer))
  File "C:\Program Files\Python311\Lib\socketserver.py", line 834, in write
    self._sock.sendall(b)
ConnectionAbortedError: [WinError 10053] An established connection was aborted by the software in your host machine
----------------------------------------
----------------------------------------
Exception occurred during processing of request from ('127.0.0.1', 49660)
----------------------------------------
Exception occurred during processing of request from ('127.0.0.1', 49662)
Traceback (most recent call last):
Traceback (most recent call last):
  File "C:\Anup\6gsimulation\sixgr_foundation_v2 (2)\apps\lls_web_dashboard.py", line 12654, in do_GET
    self.respond_json(build_live_payload(run_id))
----------------------------------------
  File "C:\Anup\6gsimulation\sixgr_foundation_v2 (2)\apps\lls_web_dashboard.py", line 12785, in respond_json
    self.wfile.write(raw)
Exception occurred during processing of request from ('127.0.0.1', 49661)
  File "C:\Program Files\Python311\Lib\socketserver.py", line 834, in write
    self._sock.sendall(b)
  File "C:\Anup\6gsimulation\sixgr_foundation_v2 (2)\apps\lls_web_dashboard.py", line 12654, in do_GET
    self.respond_json(build_live_payload(run_id))
Traceback (most recent call last):
  File "C:\Anup\6gsimulation\sixgr_foundation_v2 (2)\apps\lls_web_dashboard.py", line 12785, in respond_json
    self.wfile.write(raw)
  File "C:\Anup\6gsimulation\sixgr_foundation_v2 (2)\apps\lls_web_dashboard.py", line 12654, in do_GET
    self.respond_json(build_live_payload(run_id))
  File "C:\Program Files\Python311\Lib\socketserver.py", line 834, in write
    self._sock.sendall(b)
  File "C:\Anup\6gsimulation\sixgr_foundation_v2 (2)\apps\lls_web_dashboard.py", line 12785, in respond_json
    self.wfile.write(raw)
ConnectionAbortedError: [WinError 10053] An established connection was aborted by the software in your host machine
  File "C:\Program Files\Python311\Lib\socketserver.py", line 834, in write
    self._sock.sendall(b)

During handling of the above exception, another exception occurred:

ConnectionAbortedError: [WinError 10053] An established connection was aborted by the software in your host machine
Traceback (most recent call last):

During handling of the above exception, another exception occurred:

  File "C:\Program Files\Python311\Lib\socketserver.py", line 691, in process_request_thread
    self.finish_request(request, client_address)
Traceback (most recent call last):
  File "C:\Program Files\Python311\Lib\socketserver.py", line 361, in finish_request
    self.RequestHandlerClass(request, client_address, self)
  File "C:\Program Files\Python311\Lib\socketserver.py", line 691, in process_request_thread
    self.finish_request(request, client_address)
  File "C:\Program Files\Python311\Lib\socketserver.py", line 755, in __init__
    self.handle()
  File "C:\Program Files\Python311\Lib\socketserver.py", line 361, in finish_request
    self.RequestHandlerClass(request, client_address, self)
  File "C:\Program Files\Python311\Lib\http\server.py", line 436, in handle
    self.handle_one_request()
  File "C:\Program Files\Python311\Lib\socketserver.py", line 755, in __init__
    self.handle()
  File "C:\Program Files\Python311\Lib\http\server.py", line 424, in handle_one_request
    method()
  File "C:\Program Files\Python311\Lib\http\server.py", line 436, in handle
    self.handle_one_request()
  File "C:\Anup\6gsimulation\sixgr_foundation_v2 (2)\apps\lls_web_dashboard.py", line 12676, in do_GET
    self.send_error(HTTPStatus.INTERNAL_SERVER_ERROR, str(exc))
  File "C:\Program Files\Python311\Lib\http\server.py", line 424, in handle_one_request
    method()
  File "C:\Program Files\Python311\Lib\http\server.py", line 488, in send_error
    self.end_headers()
  File "C:\Anup\6gsimulation\sixgr_foundation_v2 (2)\apps\lls_web_dashboard.py", line 12676, in do_GET
    self.send_error(HTTPStatus.INTERNAL_SERVER_ERROR, str(exc))
  File "C:\Program Files\Python311\Lib\http\server.py", line 538, in end_headers
    self.flush_headers()
  File "C:\Program Files\Python311\Lib\http\server.py", line 488, in send_error
    self.end_headers()
  File "C:\Program Files\Python311\Lib\http\server.py", line 542, in flush_headers
    self.wfile.write(b"".join(self._headers_buffer))
  File "C:\Program Files\Python311\Lib\http\server.py", line 538, in end_headers
    self.flush_headers()
  File "C:\Program Files\Python311\Lib\socketserver.py", line 834, in write
    self._sock.sendall(b)
  File "C:\Program Files\Python311\Lib\http\server.py", line 542, in flush_headers
    self.wfile.write(b"".join(self._headers_buffer))
ConnectionAbortedError: [WinError 10053] An established connection was aborted by the software in your host machine
  File "C:\Program Files\Python311\Lib\socketserver.py", line 834, in write
    self._sock.sendall(b)
----------------------------------------
ConnectionAbortedError: [WinError 10053] An established connection was aborted by the software in your host machine
ConnectionAbortedError: [WinError 10053] An established connection was aborted by the software in your host machine
----------------------------------------

During handling of the above exception, another exception occurred:

Traceback (most recent call last):
  File "C:\Program Files\Python311\Lib\socketserver.py", line 691, in process_request_thread
    self.finish_request(request, client_address)
  File "C:\Program Files\Python311\Lib\socketserver.py", line 361, in finish_request
    self.RequestHandlerClass(request, client_address, self)
  File "C:\Program Files\Python311\Lib\socketserver.py", line 755, in __init__
    self.handle()
  File "C:\Program Files\Python311\Lib\http\server.py", line 436, in handle
    self.handle_one_request()
  File "C:\Program Files\Python311\Lib\http\server.py", line 424, in handle_one_request
    method()
  File "C:\Anup\6gsimulation\sixgr_foundation_v2 (2)\apps\lls_web_dashboard.py", line 12676, in do_GET
    self.send_error(HTTPStatus.INTERNAL_SERVER_ERROR, str(exc))
  File "C:\Program Files\Python311\Lib\http\server.py", line 488, in send_error
    self.end_headers()
  File "C:\Program Files\Python311\Lib\http\server.py", line 538, in end_headers
    self.flush_headers()
  File "C:\Program Files\Python311\Lib\http\server.py", line 542, in flush_headers
    self.wfile.write(b"".join(self._headers_buffer))
  File "C:\Program Files\Python311\Lib\socketserver.py", line 834, in write
    self._sock.sendall(b)
ConnectionAbortedError: [WinError 10053] An established connection was aborted by the software in your host machine
----------------------------------------
----------------------------------------
Exception occurred during processing of request from ('127.0.0.1', 49663)
----------------------------------------
Exception occurred during processing of request from ('127.0.0.1', 49672)
Traceback (most recent call last):
Traceback (most recent call last):
  File "C:\Anup\6gsimulation\sixgr_foundation_v2 (2)\apps\lls_web_dashboard.py", line 12654, in do_GET
    self.respond_json(build_live_payload(run_id))
  File "C:\Anup\6gsimulation\sixgr_foundation_v2 (2)\apps\lls_web_dashboard.py", line 12654, in do_GET
    self.respond_json(build_live_payload(run_id))
  File "C:\Anup\6gsimulation\sixgr_foundation_v2 (2)\apps\lls_web_dashboard.py", line 12785, in respond_json
    self.wfile.write(raw)
  File "C:\Anup\6gsimulation\sixgr_foundation_v2 (2)\apps\lls_web_dashboard.py", line 12785, in respond_json
    self.wfile.write(raw)
  File "C:\Program Files\Python311\Lib\socketserver.py", line 834, in write
    self._sock.sendall(b)
  File "C:\Program Files\Python311\Lib\socketserver.py", line 834, in write
    self._sock.sendall(b)
ConnectionAbortedError: [WinError 10053] An established connection was aborted by the software in your host machine
ConnectionAbortedError: [WinError 10053] An established connection was aborted by the software in your host machine

During handling of the above exception, another exception occurred:


During handling of the above exception, another exception occurred:

Traceback (most recent call last):
Traceback (most recent call last):
  File "C:\Program Files\Python311\Lib\socketserver.py", line 691, in process_request_thread
    self.finish_request(request, client_address)
  File "C:\Program Files\Python311\Lib\socketserver.py", line 691, in process_request_thread
    self.finish_request(request, client_address)
  File "C:\Program Files\Python311\Lib\socketserver.py", line 361, in finish_request
    self.RequestHandlerClass(request, client_address, self)
  File "C:\Program Files\Python311\Lib\socketserver.py", line 361, in finish_request
    self.RequestHandlerClass(request, client_address, self)
  File "C:\Program Files\Python311\Lib\socketserver.py", line 755, in __init__
    self.handle()
  File "C:\Program Files\Python311\Lib\socketserver.py", line 755, in __init__
    self.handle()
  File "C:\Program Files\Python311\Lib\http\server.py", line 436, in handle
    self.handle_one_request()
  File "C:\Program Files\Python311\Lib\http\server.py", line 436, in handle
    self.handle_one_request()
  File "C:\Program Files\Python311\Lib\http\server.py", line 424, in handle_one_request
    method()
  File "C:\Program Files\Python311\Lib\http\server.py", line 424, in handle_one_request
    method()
  File "C:\Anup\6gsimulation\sixgr_foundation_v2 (2)\apps\lls_web_dashboard.py", line 12676, in do_GET
    self.send_error(HTTPStatus.INTERNAL_SERVER_ERROR, str(exc))
  File "C:\Anup\6gsimulation\sixgr_foundation_v2 (2)\apps\lls_web_dashboard.py", line 12676, in do_GET
    self.send_error(HTTPStatus.INTERNAL_SERVER_ERROR, str(exc))
  File "C:\Program Files\Python311\Lib\http\server.py", line 488, in send_error
    self.end_headers()
  File "C:\Program Files\Python311\Lib\http\server.py", line 488, in send_error
    self.end_headers()
  File "C:\Program Files\Python311\Lib\http\server.py", line 538, in end_headers
    self.flush_headers()
  File "C:\Program Files\Python311\Lib\http\server.py", line 538, in end_headers
    self.flush_headers()
  File "C:\Program Files\Python311\Lib\http\server.py", line 542, in flush_headers
    self.wfile.write(b"".join(self._headers_buffer))
  File "C:\Program Files\Python311\Lib\http\server.py", line 542, in flush_headers
    self.wfile.write(b"".join(self._headers_buffer))
  File "C:\Program Files\Python311\Lib\socketserver.py", line 834, in write
    self._sock.sendall(b)
  File "C:\Program Files\Python311\Lib\socketserver.py", line 834, in write
    self._sock.sendall(b)
ConnectionAbortedError: [WinError 10053] An established connection was aborted by the software in your host machine
ConnectionAbortedError: [WinError 10053] An established connection was aborted by the software in your host machine
----------------------------------------
----------------------------------------
----------------------------------------
Exception occurred during processing of request from ('127.0.0.1', 49681)
Traceback (most recent call last):
  File "C:\Anup\6gsimulation\sixgr_foundation_v2 (2)\apps\lls_web_dashboard.py", line 12654, in do_GET
    self.respond_json(build_live_payload(run_id))
  File "C:\Anup\6gsimulation\sixgr_foundation_v2 (2)\apps\lls_web_dashboard.py", line 12785, in respond_json
    self.wfile.write(raw)
  File "C:\Program Files\Python311\Lib\socketserver.py", line 834, in write
    self._sock.sendall(b)
----------------------------------------
Exception occurred during processing of request from ('127.0.0.1', 49682)
ConnectionAbortedError: [WinError 10053] An established connection was aborted by the software in your host machine

During handling of the above exception, another exception occurred:

Traceback (most recent call last):
Traceback (most recent call last):
  File "C:\Program Files\Python311\Lib\socketserver.py", line 691, in process_request_thread
    self.finish_request(request, client_address)
  File "C:\Program Files\Python311\Lib\socketserver.py", line 361, in finish_request
    self.RequestHandlerClass(request, client_address, self)
  File "C:\Anup\6gsimulation\sixgr_foundation_v2 (2)\apps\lls_web_dashboard.py", line 12654, in do_GET
    self.respond_json(build_live_payload(run_id))
  File "C:\Program Files\Python311\Lib\socketserver.py", line 755, in __init__
    self.handle()
  File "C:\Anup\6gsimulation\sixgr_foundation_v2 (2)\apps\lls_web_dashboard.py", line 12785, in respond_json
    self.wfile.write(raw)
  File "C:\Program Files\Python311\Lib\http\server.py", line 436, in handle
    self.handle_one_request()
  File "C:\Program Files\Python311\Lib\socketserver.py", line 834, in write
    self._sock.sendall(b)
  File "C:\Program Files\Python311\Lib\http\server.py", line 424, in handle_one_request
    method()
ConnectionAbortedError: [WinError 10053] An established connection was aborted by the software in your host machine
  File "C:\Anup\6gsimulation\sixgr_foundation_v2 (2)\apps\lls_web_dashboard.py", line 12676, in do_GET
    self.send_error(HTTPStatus.INTERNAL_SERVER_ERROR, str(exc))

During handling of the above exception, another exception occurred:

  File "C:\Program Files\Python311\Lib\http\server.py", line 488, in send_error
    self.end_headers()
Traceback (most recent call last):
  File "C:\Program Files\Python311\Lib\http\server.py", line 538, in end_headers
    self.flush_headers()
  File "C:\Program Files\Python311\Lib\socketserver.py", line 691, in process_request_thread
    self.finish_request(request, client_address)
  File "C:\Program Files\Python311\Lib\http\server.py", line 542, in flush_headers
    self.wfile.write(b"".join(self._headers_buffer))
  File "C:\Program Files\Python311\Lib\socketserver.py", line 361, in finish_request
    self.RequestHandlerClass(request, client_address, self)
  File "C:\Program Files\Python311\Lib\socketserver.py", line 834, in write
    self._sock.sendall(b)
  File "C:\Program Files\Python311\Lib\socketserver.py", line 755, in __init__
    self.handle()
ConnectionAbortedError: [WinError 10053] An established connection was aborted by the software in your host machine
  File "C:\Program Files\Python311\Lib\http\server.py", line 436, in handle
    self.handle_one_request()
----------------------------------------
  File "C:\Program Files\Python311\Lib\http\server.py", line 424, in handle_one_request
    method()
----------------------------------------
  File "C:\Anup\6gsimulation\sixgr_foundation_v2 (2)\apps\lls_web_dashboard.py", line 12676, in do_GET
    self.send_error(HTTPStatus.INTERNAL_SERVER_ERROR, str(exc))
Exception occurred during processing of request from ('127.0.0.1', 49684)
  File "C:\Program Files\Python311\Lib\http\server.py", line 488, in send_error
    self.end_headers()
  File "C:\Program Files\Python311\Lib\http\server.py", line 538, in end_headers
    self.flush_headers()
  File "C:\Program Files\Python311\Lib\http\server.py", line 542, in flush_headers
    self.wfile.write(b"".join(self._headers_buffer))
  File "C:\Program Files\Python311\Lib\socketserver.py", line 834, in write
    self._sock.sendall(b)
ConnectionAbortedError: [WinError 10053] An established connection was aborted by the software in your host machine
Traceback (most recent call last):
----------------------------------------
  File "C:\Anup\6gsimulation\sixgr_foundation_v2 (2)\apps\lls_web_dashboard.py", line 12654, in do_GET
    self.respond_json(build_live_payload(run_id))
  File "C:\Anup\6gsimulation\sixgr_foundation_v2 (2)\apps\lls_web_dashboard.py", line 12785, in respond_json
    self.wfile.write(raw)
  File "C:\Program Files\Python311\Lib\socketserver.py", line 834, in write
    self._sock.sendall(b)
ConnectionAbortedError: [WinError 10053] An established connection was aborted by the software in your host machine

During handling of the above exception, another exception occurred:

Traceback (most recent call last):
  File "C:\Program Files\Python311\Lib\socketserver.py", line 691, in process_request_thread
    self.finish_request(request, client_address)
  File "C:\Program Files\Python311\Lib\socketserver.py", line 361, in finish_request
    self.RequestHandlerClass(request, client_address, self)
  File "C:\Program Files\Python311\Lib\socketserver.py", line 755, in __init__
    self.handle()
  File "C:\Program Files\Python311\Lib\http\server.py", line 436, in handle
    self.handle_one_request()
  File "C:\Program Files\Python311\Lib\http\server.py", line 424, in handle_one_request
    method()
  File "C:\Anup\6gsimulation\sixgr_foundation_v2 (2)\apps\lls_web_dashboard.py", line 12676, in do_GET
    self.send_error(HTTPStatus.INTERNAL_SERVER_ERROR, str(exc))
  File "C:\Program Files\Python311\Lib\http\server.py", line 488, in send_error
    self.end_headers()
  File "C:\Program Files\Python311\Lib\http\server.py", line 538, in end_headers
    self.flush_headers()
  File "C:\Program Files\Python311\Lib\http\server.py", line 542, in flush_headers
    self.wfile.write(b"".join(self._headers_buffer))
  File "C:\Program Files\Python311\Lib\socketserver.py", line 834, in write
    self._sock.sendall(b)
ConnectionAbortedError: [WinError 10053] An established connection was aborted by the software in your host machine
----------------------------------------
----------------------------------------
Exception occurred during processing of request from ('127.0.0.1', 49679)
----------------------------------------
Exception occurred during processing of request from ('127.0.0.1', 49680)
Traceback (most recent call last):
  File "C:\Anup\6gsimulation\sixgr_foundation_v2 (2)\apps\lls_web_dashboard.py", line 12654, in do_GET
    self.respond_json(build_live_payload(run_id))
  File "C:\Anup\6gsimulation\sixgr_foundation_v2 (2)\apps\lls_web_dashboard.py", line 12785, in respond_json
    self.wfile.write(raw)
  File "C:\Program Files\Python311\Lib\socketserver.py", line 834, in write
    self._sock.sendall(b)
ConnectionAbortedError: [WinError 10053] An established connection was aborted by the software in your host machine

During handling of the above exception, another exception occurred:

Traceback (most recent call last):
Traceback (most recent call last):
  File "C:\Program Files\Python311\Lib\socketserver.py", line 691, in process_request_thread
    self.finish_request(request, client_address)
  File "C:\Program Files\Python311\Lib\socketserver.py", line 361, in finish_request
    self.RequestHandlerClass(request, client_address, self)
  File "C:\Program Files\Python311\Lib\socketserver.py", line 755, in __init__
    self.handle()
  File "C:\Anup\6gsimulation\sixgr_foundation_v2 (2)\apps\lls_web_dashboard.py", line 12654, in do_GET
    self.respond_json(build_live_payload(run_id))
  File "C:\Program Files\Python311\Lib\http\server.py", line 436, in handle
    self.handle_one_request()
  File "C:\Program Files\Python311\Lib\http\server.py", line 424, in handle_one_request
    method()
  File "C:\Anup\6gsimulation\sixgr_foundation_v2 (2)\apps\lls_web_dashboard.py", line 12785, in respond_json
    self.wfile.write(raw)
  File "C:\Program Files\Python311\Lib\socketserver.py", line 834, in write
    self._sock.sendall(b)
  File "C:\Anup\6gsimulation\sixgr_foundation_v2 (2)\apps\lls_web_dashboard.py", line 12676, in do_GET
    self.send_error(HTTPStatus.INTERNAL_SERVER_ERROR, str(exc))
ConnectionAbortedError: [WinError 10053] An established connection was aborted by the software in your host machine
  File "C:\Program Files\Python311\Lib\http\server.py", line 488, in send_error
    self.end_headers()

During handling of the above exception, another exception occurred:

  File "C:\Program Files\Python311\Lib\http\server.py", line 538, in end_headers
    self.flush_headers()
Traceback (most recent call last):
  File "C:\Program Files\Python311\Lib\http\server.py", line 542, in flush_headers
    self.wfile.write(b"".join(self._headers_buffer))
  File "C:\Program Files\Python311\Lib\socketserver.py", line 691, in process_request_thread
    self.finish_request(request, client_address)
  File "C:\Program Files\Python311\Lib\socketserver.py", line 834, in write
    self._sock.sendall(b)
  File "C:\Program Files\Python311\Lib\socketserver.py", line 361, in finish_request
    self.RequestHandlerClass(request, client_address, self)
ConnectionAbortedError: [WinError 10053] An established connection was aborted by the software in your host machine
  File "C:\Program Files\Python311\Lib\socketserver.py", line 755, in __init__
    self.handle()
----------------------------------------
  File "C:\Program Files\Python311\Lib\http\server.py", line 436, in handle
    self.handle_one_request()
  File "C:\Program Files\Python311\Lib\http\server.py", line 424, in handle_one_request
    method()
  File "C:\Anup\6gsimulation\sixgr_foundation_v2 (2)\apps\lls_web_dashboard.py", line 12676, in do_GET
    self.send_error(HTTPStatus.INTERNAL_SERVER_ERROR, str(exc))
  File "C:\Program Files\Python311\Lib\http\server.py", line 488, in send_error
    self.end_headers()
  File "C:\Program Files\Python311\Lib\http\server.py", line 538, in end_headers
    self.flush_headers()
  File "C:\Program Files\Python311\Lib\http\server.py", line 542, in flush_headers
    self.wfile.write(b"".join(self._headers_buffer))
  File "C:\Program Files\Python311\Lib\socketserver.py", line 834, in write
    self._sock.sendall(b)
ConnectionAbortedError: [WinError 10053] An established connection was aborted by the software in your host machine
----------------------------------------
----------------------------------------
Exception occurred during processing of request from ('127.0.0.1', 51379)
Traceback (most recent call last):
  File "C:\Anup\6gsimulation\sixgr_foundation_v2 (2)\apps\lls_web_dashboard.py", line 12654, in do_GET
    self.respond_json(build_live_payload(run_id))
  File "C:\Anup\6gsimulation\sixgr_foundation_v2 (2)\apps\lls_web_dashboard.py", line 12785, in respond_json
    self.wfile.write(raw)
  File "C:\Program Files\Python311\Lib\socketserver.py", line 834, in write
    self._sock.sendall(b)
ConnectionAbortedError: [WinError 10053] An established connection was aborted by the software in your host machine

During handling of the above exception, another exception occurred:

Traceback (most recent call last):
  File "C:\Program Files\Python311\Lib\socketserver.py", line 691, in process_request_thread
    self.finish_request(request, client_address)
  File "C:\Program Files\Python311\Lib\socketserver.py", line 361, in finish_request
    self.RequestHandlerClass(request, client_address, self)
  File "C:\Program Files\Python311\Lib\socketserver.py", line 755, in __init__
    self.handle()
  File "C:\Program Files\Python311\Lib\http\server.py", line 436, in handle
    self.handle_one_request()
  File "C:\Program Files\Python311\Lib\http\server.py", line 424, in handle_one_request
    method()
  File "C:\Anup\6gsimulation\sixgr_foundation_v2 (2)\apps\lls_web_dashboard.py", line 12676, in do_GET
    self.send_error(HTTPStatus.INTERNAL_SERVER_ERROR, str(exc))
  File "C:\Program Files\Python311\Lib\http\server.py", line 488, in send_error
    self.end_headers()
  File "C:\Program Files\Python311\Lib\http\server.py", line 538, in end_headers
    self.flush_headers()
  File "C:\Program Files\Python311\Lib\http\server.py", line 542, in flush_headers
    self.wfile.write(b"".join(self._headers_buffer))
  File "C:\Program Files\Python311\Lib\socketserver.py", line 834, in write
    self._sock.sendall(b)
ConnectionAbortedError: [WinError 10053] An established connection was aborted by the software in your host machine
----------------------------------------
----------------------------------------
Exception occurred during processing of request from ('127.0.0.1', 51400)
Traceback (most recent call last):
  File "C:\Anup\6gsimulation\sixgr_foundation_v2 (2)\apps\lls_web_dashboard.py", line 12654, in do_GET
    self.respond_json(build_live_payload(run_id))
  File "C:\Anup\6gsimulation\sixgr_foundation_v2 (2)\apps\lls_web_dashboard.py", line 12785, in respond_json
    self.wfile.write(raw)
  File "C:\Program Files\Python311\Lib\socketserver.py", line 834, in write
    self._sock.sendall(b)
ConnectionAbortedError: [WinError 10053] An established connection was aborted by the software in your host machine

During handling of the above exception, another exception occurred:

Traceback (most recent call last):
  File "C:\Program Files\Python311\Lib\socketserver.py", line 691, in process_request_thread
    self.finish_request(request, client_address)
  File "C:\Program Files\Python311\Lib\socketserver.py", line 361, in finish_request
    self.RequestHandlerClass(request, client_address, self)
  File "C:\Program Files\Python311\Lib\socketserver.py", line 755, in __init__
    self.handle()
  File "C:\Program Files\Python311\Lib\http\server.py", line 436, in handle
    self.handle_one_request()
  File "C:\Program Files\Python311\Lib\http\server.py", line 424, in handle_one_request
    method()
  File "C:\Anup\6gsimulation\sixgr_foundation_v2 (2)\apps\lls_web_dashboard.py", line 12676, in do_GET
    self.send_error(HTTPStatus.INTERNAL_SERVER_ERROR, str(exc))
  File "C:\Program Files\Python311\Lib\http\server.py", line 488, in send_error
    self.end_headers()
  File "C:\Program Files\Python311\Lib\http\server.py", line 538, in end_headers
    self.flush_headers()
  File "C:\Program Files\Python311\Lib\http\server.py", line 542, in flush_headers
    self.wfile.write(b"".join(self._headers_buffer))
  File "C:\Program Files\Python311\Lib\socketserver.py", line 834, in write
    self._sock.sendall(b)
ConnectionAbortedError: [WinError 10053] An established connection was aborted by the software in your host machine
----------------------------------------
----------------------------------------
Exception occurred during processing of request from ('127.0.0.1', 51403)
Traceback (most recent call last):
  File "C:\Anup\6gsimulation\sixgr_foundation_v2 (2)\apps\lls_web_dashboard.py", line 12654, in do_GET
    self.respond_json(build_live_payload(run_id))
  File "C:\Anup\6gsimulation\sixgr_foundation_v2 (2)\apps\lls_web_dashboard.py", line 12785, in respond_json
    self.wfile.write(raw)
  File "C:\Program Files\Python311\Lib\socketserver.py", line 834, in write
    self._sock.sendall(b)
ConnectionAbortedError: [WinError 10053] An established connection was aborted by the software in your host machine

During handling of the above exception, another exception occurred:

Traceback (most recent call last):
  File "C:\Program Files\Python311\Lib\socketserver.py", line 691, in process_request_thread
    self.finish_request(request, client_address)
  File "C:\Program Files\Python311\Lib\socketserver.py", line 361, in finish_request
    self.RequestHandlerClass(request, client_address, self)
  File "C:\Program Files\Python311\Lib\socketserver.py", line 755, in __init__
    self.handle()
  File "C:\Program Files\Python311\Lib\http\server.py", line 436, in handle
    self.handle_one_request()
  File "C:\Program Files\Python311\Lib\http\server.py", line 424, in handle_one_request
    method()
  File "C:\Anup\6gsimulation\sixgr_foundation_v2 (2)\apps\lls_web_dashboard.py", line 12676, in do_GET
    self.send_error(HTTPStatus.INTERNAL_SERVER_ERROR, str(exc))
  File "C:\Program Files\Python311\Lib\http\server.py", line 488, in send_error
    self.end_headers()
  File "C:\Program Files\Python311\Lib\http\server.py", line 538, in end_headers
    self.flush_headers()
  File "C:\Program Files\Python311\Lib\http\server.py", line 542, in flush_headers
    self.wfile.write(b"".join(self._headers_buffer))
  File "C:\Program Files\Python311\Lib\socketserver.py", line 834, in write
    self._sock.sendall(b)
ConnectionAbortedError: [WinError 10053] An established connection was aborted by the software in your host machine
----------------------------------------
----------------------------------------
Exception occurred during processing of request from ('127.0.0.1', 51408)
Traceback (most recent call last):
  File "C:\Anup\6gsimulation\sixgr_foundation_v2 (2)\apps\lls_web_dashboard.py", line 12654, in do_GET
    self.respond_json(build_live_payload(run_id))
  File "C:\Anup\6gsimulation\sixgr_foundation_v2 (2)\apps\lls_web_dashboard.py", line 12785, in respond_json
    self.wfile.write(raw)
  File "C:\Program Files\Python311\Lib\socketserver.py", line 834, in write
    self._sock.sendall(b)
ConnectionAbortedError: [WinError 10053] An established connection was aborted by the software in your host machine

During handling of the above exception, another exception occurred:

Traceback (most recent call last):
  File "C:\Program Files\Python311\Lib\socketserver.py", line 691, in process_request_thread
    self.finish_request(request, client_address)
  File "C:\Program Files\Python311\Lib\socketserver.py", line 361, in finish_request
    self.RequestHandlerClass(request, client_address, self)
  File "C:\Program Files\Python311\Lib\socketserver.py", line 755, in __init__
    self.handle()
  File "C:\Program Files\Python311\Lib\http\server.py", line 436, in handle
    self.handle_one_request()
  File "C:\Program Files\Python311\Lib\http\server.py", line 424, in handle_one_request
    method()
  File "C:\Anup\6gsimulation\sixgr_foundation_v2 (2)\apps\lls_web_dashboard.py", line 12676, in do_GET
    self.send_error(HTTPStatus.INTERNAL_SERVER_ERROR, str(exc))
  File "C:\Program Files\Python311\Lib\http\server.py", line 488, in send_error
    self.end_headers()
  File "C:\Program Files\Python311\Lib\http\server.py", line 538, in end_headers
    self.flush_headers()
  File "C:\Program Files\Python311\Lib\http\server.py", line 542, in flush_headers
    self.wfile.write(b"".join(self._headers_buffer))
  File "C:\Program Files\Python311\Lib\socketserver.py", line 834, in write
    self._sock.sendall(b)
ConnectionAbortedError: [WinError 10053] An established connection was aborted by the software in your host machine
----------------------------------------
----------------------------------------
Exception occurred during processing of request from ('127.0.0.1', 51427)
Traceback (most recent call last):
  File "C:\Anup\6gsimulation\sixgr_foundation_v2 (2)\apps\lls_web_dashboard.py", line 12654, in do_GET
    self.respond_json(build_live_payload(run_id))
  File "C:\Anup\6gsimulation\sixgr_foundation_v2 (2)\apps\lls_web_dashboard.py", line 12785, in respond_json
    self.wfile.write(raw)
  File "C:\Program Files\Python311\Lib\socketserver.py", line 834, in write
    self._sock.sendall(b)
ConnectionAbortedError: [WinError 10053] An established connection was aborted by the software in your host machine

During handling of the above exception, another exception occurred:

Traceback (most recent call last):
  File "C:\Program Files\Python311\Lib\socketserver.py", line 691, in process_request_thread
    self.finish_request(request, client_address)
  File "C:\Program Files\Python311\Lib\socketserver.py", line 361, in finish_request
    self.RequestHandlerClass(request, client_address, self)
  File "C:\Program Files\Python311\Lib\socketserver.py", line 755, in __init__
    self.handle()
  File "C:\Program Files\Python311\Lib\http\server.py", line 436, in handle
    self.handle_one_request()
  File "C:\Program Files\Python311\Lib\http\server.py", line 424, in handle_one_request
    method()
  File "C:\Anup\6gsimulation\sixgr_foundation_v2 (2)\apps\lls_web_dashboard.py", line 12676, in do_GET
    self.send_error(HTTPStatus.INTERNAL_SERVER_ERROR, str(exc))
  File "C:\Program Files\Python311\Lib\http\server.py", line 488, in send_error
    self.end_headers()
  File "C:\Program Files\Python311\Lib\http\server.py", line 538, in end_headers
    self.flush_headers()
  File "C:\Program Files\Python311\Lib\http\server.py", line 542, in flush_headers
    self.wfile.write(b"".join(self._headers_buffer))
  File "C:\Program Files\Python311\Lib\socketserver.py", line 834, in write
    self._sock.sendall(b)
ConnectionAbortedError: [WinError 10053] An established connection was aborted by the software in your host machine
----------------------------------------
