SERVER_VALIDATION_START scope=focused_tests MATLAB=26.1.0.3312084 (R2026a) Update 4 release=2026a
TOOLBOX 5G Toolbox | 26.1 | (R2026a)
TOOLBOX 6G Exploration Library for 5G Toolbox | 26.1.5 | (R2026a)
TOOLBOX AUTOSAR Blockset | 26.1 | (R2026a)
TOOLBOX Aerospace Blockset | 26.1 | (R2026a)
TOOLBOX Aerospace Toolbox | 26.1 | (R2026a)
TOOLBOX Antenna Toolbox | 26.1 | (R2026a)
TOOLBOX Audio Toolbox | 26.1 | (R2026a)
TOOLBOX Automated Driving Toolbox | 26.1 | (R2026a)
TOOLBOX Bioinformatics Toolbox | 26.1 | (R2026a)
TOOLBOX Bluetooth Toolbox | 26.1 | (R2026a)
TOOLBOX C2000 Microcontroller Blockset | 26.1 | (R2026a)
TOOLBOX Communications Toolbox | 26.1 | (R2026a)
TOOLBOX Computer Vision Toolbox | 26.1 | (R2026a)
TOOLBOX Control System Toolbox | 26.1 | (R2026a)
TOOLBOX Curve Fitting Toolbox | 26.1 | (R2026a)
TOOLBOX DDS Blockset | 26.1 | (R2026a)
TOOLBOX DSP HDL Toolbox | 26.1 | (R2026a)
TOOLBOX DSP System Toolbox | 26.1 | (R2026a)
TOOLBOX Data Acquisition Toolbox | 26.1 | (R2026a)
TOOLBOX Database Toolbox | 26.1 | (R2026a)
TOOLBOX Datafeed Toolbox | 26.1 | (R2026a)
TOOLBOX Deep Learning HDL Toolbox | 26.1 | (R2026a)
TOOLBOX Deep Learning Toolbox | 26.1 | (R2026a)
TOOLBOX Econometrics Toolbox | 26.1 | (R2026a)
TOOLBOX Embedded Coder | 26.1 | (R2026a)
TOOLBOX Financial Instruments Toolbox | 26.1 | (R2026a)
TOOLBOX Financial Toolbox | 26.1 | (R2026a)
TOOLBOX Fixed-Point Designer | 26.1 | (R2026a)
TOOLBOX Fuzzy Logic Toolbox | 26.1 | (R2026a)
TOOLBOX GPU Coder | 26.1 | (R2026a)
TOOLBOX Global Optimization Toolbox | 26.1 | (R2026a)
TOOLBOX HDL Coder | 26.1 | (R2026a)
TOOLBOX HDL Verifier | 26.1 | (R2026a)
TOOLBOX Image Acquisition Toolbox | 26.1 | (R2026a)
TOOLBOX Image Processing Toolbox | 26.1 | (R2026a)
TOOLBOX Industrial Communication Toolbox | 26.1 | (R2026a)
TOOLBOX Instrument Control Toolbox | 26.1 | (R2026a)
TOOLBOX LTE Toolbox | 26.1 | (R2026a)
TOOLBOX Lidar Toolbox | 26.1 | (R2026a)
TOOLBOX MATLAB | 26.1 | (R2026a)
TOOLBOX MATLAB Coder | 26.1 | (R2026a)
TOOLBOX MATLAB Compiler | 26.1 | (R2026a)
TOOLBOX MATLAB Compiler SDK | 26.1 | (R2026a)
TOOLBOX MATLAB Report Generator | 26.1 | (R2026a)
TOOLBOX MATLAB Test | 26.1 | (R2026a)
TOOLBOX Mapping Toolbox | 26.1 | (R2026a)
TOOLBOX Medical Imaging Toolbox | 26.1 | (R2026a)
TOOLBOX Mixed-Signal Blockset | 26.1 | (R2026a)
TOOLBOX Model Predictive Control Toolbox | 26.1 | (R2026a)
TOOLBOX Model-Based Calibration Toolbox | 26.1 | (R2026a)
TOOLBOX Motor Control Blockset | 26.1 | (R2026a)
TOOLBOX Navigation Toolbox | 26.1 | (R2026a)
TOOLBOX Optimization Toolbox | 26.1 | (R2026a)
TOOLBOX Parallel Computing Toolbox | 26.1 | (R2026a)
TOOLBOX Partial Differential Equation Toolbox | 26.1 | (R2026a)
TOOLBOX Phased Array System Toolbox | 26.1 | (R2026a)
TOOLBOX Powertrain Blockset | 26.1 | (R2026a)
TOOLBOX Predictive Maintenance Toolbox | 26.1 | (R2026a)
TOOLBOX RF Blockset | 26.1 | (R2026a)
TOOLBOX RF PCB Toolbox | 26.1 | (R2026a)
TOOLBOX RF Toolbox | 26.1 | (R2026a)
TOOLBOX ROS Toolbox | 26.1 | (R2026a)
TOOLBOX Radar Toolbox | 26.1 | (R2026a)
TOOLBOX Raspberry Pi Blockset | 26.1 | (R2026a)
TOOLBOX Reinforcement Learning Toolbox | 26.1 | (R2026a)
TOOLBOX Requirements Toolbox | 26.1 | (R2026a)
TOOLBOX Risk Management Toolbox | 26.1 | (R2026a)
TOOLBOX Robotics System Toolbox | 26.1 | (R2026a)
TOOLBOX Robust Control Toolbox | 26.1 | (R2026a)
TOOLBOX STM32 Microcontroller Blockset | 26.1 | (R2026a)
TOOLBOX Satellite Communications Toolbox | 26.1 | (R2026a)
TOOLBOX Sensor Fusion and Tracking Toolbox | 26.1 | (R2026a)
TOOLBOX SerDes Toolbox | 26.1 | (R2026a)
TOOLBOX Signal Integrity Toolbox | 26.1 | (R2026a)
TOOLBOX Signal Processing Toolbox | 26.1 | (R2026a)
TOOLBOX SimBiology | 26.1 | (R2026a)
TOOLBOX SimEvents | 26.1 | (R2026a)
TOOLBOX Simscape | 26.1 | (R2026a)
TOOLBOX Simscape Battery | 26.1 | (R2026a)
TOOLBOX Simscape Driveline | 26.1 | (R2026a)
TOOLBOX Simscape Electrical | 26.1 | (R2026a)
TOOLBOX Simscape Fluids | 26.1 | (R2026a)
TOOLBOX Simscape Multibody | 26.1 | (R2026a)
TOOLBOX Simulink | 26.1 | (R2026a)
TOOLBOX Simulink 3D Animation | 26.1 | (R2026a)
TOOLBOX Simulink Check | 26.1 | (R2026a)
TOOLBOX Simulink Code Inspector | 26.1 | (R2026a)
TOOLBOX Simulink Coder | 26.1 | (R2026a)
TOOLBOX Simulink Compiler | 26.1 | (R2026a)
TOOLBOX Simulink Control Design | 26.1 | (R2026a)
TOOLBOX Simulink Coverage | 26.1 | (R2026a)
TOOLBOX Simulink Design Optimization | 26.1 | (R2026a)
TOOLBOX Simulink Design Verifier | 26.1 | (R2026a)
TOOLBOX Simulink Desktop Real-Time | 26.1 | (R2026a)
TOOLBOX Simulink FMU Builder | 26.1 | (R2026a)
TOOLBOX Simulink Fault Analyzer | 26.1 | (R2026a)
TOOLBOX Simulink PLC Coder | 26.1 | (R2026a)
TOOLBOX Simulink Real-Time | 26.1 | (R2026a)
TOOLBOX Simulink Report Generator | 26.1 | (R2026a)
TOOLBOX Simulink Test | 26.1 | (R2026a)
TOOLBOX SoC Blockset | 26.1 | (R2026a)
TOOLBOX Spreadsheet Link | 26.1 | (R2026a)
TOOLBOX Stateflow | 26.1 | (R2026a)
TOOLBOX Statistics and Machine Learning Toolbox | 26.1 | (R2026a)
TOOLBOX Symbolic Math Toolbox | 26.1 | (R2026a)
TOOLBOX System Composer | 26.1 | (R2026a)
TOOLBOX System Identification Toolbox | 26.1 | (R2026a)
TOOLBOX Text Analytics Toolbox | 26.1 | (R2026a)
TOOLBOX UAV Toolbox | 26.1 | (R2026a)
TOOLBOX Vehicle Dynamics Blockset | 26.1 | (R2026a)
TOOLBOX Vehicle Network Toolbox | 26.1 | (R2026a)
TOOLBOX Vision HDL Toolbox | 26.1 | (R2026a)
TOOLBOX WLAN Toolbox | 26.1 | (R2026a)
TOOLBOX Wavelet Toolbox | 26.1 | (R2026a)
TOOLBOX Wireless HDL Toolbox | 26.1 | (R2026a)
TOOLBOX Wireless Network Toolbox | 26.1 | (R2026a)
TOOLBOX Wireless Testbench | 26.1 | (R2026a)
[setup] Added paths under: C:\Users\anup0\AppData\Local\Temp\sixgr_type2_runtime_20260913
[setup] OK  : 5G Toolbox                   (nrOFDMInfo)
[setup] OK  : 5G Toolbox                   (nrPUSCH)
[setup] OK  : 5G Toolbox                   (nrPDSCH)
[setup] OK  : 5G Toolbox                   (nrLDPCEncode)
[setup] OK  : 5G Toolbox                   (nrRateRecoverLDPC)
[setup] OK  : COMM Toolbox                 (awgn)
[setup] OK  : DL Toolbox                   (trainNetwork)
[setup] OK  : PCT                          (parpool)
[setup] OK  : PHASED                       (phased.URA)
[setup] OK  : WNS Lib                      (wirelessNetworkSimulator)
[setup] OK  : Site Viewer                  (siteviewer)
[setup] OK  : RF Prop                      (txsite)
[setup] OK  : 5G Toolbox                   (nrPathLoss)
[setup] Done.
[setup] YAML runtime: ready      backend=external_python
[setup] YAML python:  C:\ProgramData\anaconda3\python.EXE
[setup] YAML version: 3.12.4
SCHEDULER_HARQ_FEEDBACK_OWNERSHIP_PASS cases=22 declared_MAC_only=1
[PASS] testSchedulerHARQFeedbackOwnership (29.91s)
HARQ_FEEDBACK_DISPOSITION_PASS declared_MAC_reducer_only=1
[PASS] testHARQFeedbackDisposition (1.98s)
[PASS] testCoupledTruthOLLARetransmissionExclusion (7.04s)
[TR38901Plus] Resolved config: Scenario=UrbanMacro Fc_Hz=4000000000 PathlossModel=nrPathLoss ShadowSigma_dB=6 PathlossEnabled=1 ShadowEnabled=1 LOSEnabled=1
[PASS] testSchedulerHARQStateUnblockAndLineage (56.05s)
PUSCH_PUCCH_DECISION_CSV_ROUNDTRIP_PASS: C:\Users\anup0\AppData\Local\Temp\tp9ce86490_4943_4932_9d12_d4b1411d8cdc
testLLSPUSCHHARQACKRuntimeFeedback: PASS
[PASS] testLLSPUSCHHARQACKRuntimeFeedback (41.41s)
testLLSULHARQDirectionalFeedback: PASS
[PASS] testLLSULHARQDirectionalFeedback (0.38s)
RECEIVED_DL_FEEDBACK_FIXTURE: slot=3 process=0 CRC=1 sample=23047 noise=1e-13
PUCCH_POWER_EXPORT_PASS: actual shared receiver ledger, scoped power plane, CSV roundtrip.
SHARED_PUCCH_FEEDBACK_CLOCK_PASS
[PASS] testSharedPUCCHFeedbackClock (123.03s)
SHARED_PUCCH_RECEIVE_ONLY_GUARDS_PASS rejections=8 unchanged_rejected_HARQ_state=1 actual_IQ_replay_equivalence=1
SHARED_PUCCH_RECEIVE_ONLY_PASS actual_DL_TX=2 UE_UCI_producers=0 outcomes=DTX,DTX folder=C:\Users\anup0\AppData\Local\Temp\tp78d72c30_93b0_47dd_9041_08b1cfe8c088
[PASS] testSharedPUCCHReceiveOnlyClock (95.95s)
NO_SIGNAL_FALSE_ALARMS 60/64 (component observation, not threshold qualification)
RECEIVED_HARQ_ACK_NACK_DTX_PASS
[PASS] testReceivedHARQFeedbackOutcome (17.13s)
[PASS] testSchedulerGrantConsistency (12.58s)
Slowest 10 test(s):
   1. testSharedPUCCHFeedbackClock (123.03s)
   2. testSharedPUCCHReceiveOnlyClock (95.95s)
   3. testSchedulerHARQStateUnblockAndLineage (56.05s)
   4. testLLSPUSCHHARQACKRuntimeFeedback (41.41s)
   5. testSchedulerHARQFeedbackOwnership (29.91s)
   6. testReceivedHARQFeedbackOutcome (17.13s)
   7. testSchedulerGrantConsistency (12.58s)
   8. testCoupledTruthOLLARetransmissionExclusion (7.04s)
   9. testHARQFeedbackDisposition (1.98s)
  10. testLLSULHARQDirectionalFeedback (0.38s)
SERVER_VALIDATION_PASS scope=focused_tests NOT_12DB_QUALIFICATION=1
