exportLLSOutputCoverageArtifacts:start runFolder=C:/Users/Administrator/AppData/Local/Temp/2/sixgr_mysql_web_runs/lls_3gpp_rel20_anchor_4ghz_100mhz_waveform_honest_200ue_4000slot/issue_harq_release_probe_60slot
exportLLSOutputCoverageArtifacts:sources_loaded runFolder=C:/Users/Administrator/AppData/Local/Temp/2/sixgr_mysql_web_runs/lls_3gpp_rel20_anchor_4ghz_100mhz_waveform_honest_200ue_4000slot/issue_harq_release_probe_60slot
exportLLSOutputCoverageArtifacts:tables_core_topology_channel_built runFolder=C:/Users/Administrator/AppData/Local/Temp/2/sixgr_mysql_web_runs/lls_3gpp_rel20_anchor_4ghz_100mhz_waveform_honest_200ue_4000slot/issue_harq_release_probe_60slot
exportLLSOutputCoverageArtifacts:building_live_prb_allocation runFolder=C:/Users/Administrator/AppData/Local/Temp/2/sixgr_mysql_web_runs/lls_3gpp_rel20_anchor_4ghz_100mhz_waveform_honest_200ue_4000slot/issue_harq_release_probe_60slot
exportLLSOutputCoverageArtifacts:built_live_prb_allocation runFolder=C:/Users/Administrator/AppData/Local/Temp/2/sixgr_mysql_web_runs/lls_3gpp_rel20_anchor_4ghz_100mhz_waveform_honest_200ue_4000slot/issue_harq_release_probe_60slot
exportLLSOutputCoverageArtifacts:building_scheduler_decision runFolder=C:/Users/Administrator/AppData/Local/Temp/2/sixgr_mysql_web_runs/lls_3gpp_rel20_anchor_4ghz_100mhz_waveform_honest_200ue_4000slot/issue_harq_release_probe_60slot
exportLLSOutputCoverageArtifacts:built_scheduler_decision runFolder=C:/Users/Administrator/AppData/Local/Temp/2/sixgr_mysql_web_runs/lls_3gpp_rel20_anchor_4ghz_100mhz_waveform_honest_200ue_4000slot/issue_harq_release_probe_60sloexportLLSOutputCoverageArtifacts:tables_beam_timing_built runFolder=C:/Users/Administrator/AppData/Local/Temp/2/sixgr_mysql_web_runs/lls_3gpp_rel20_anchor_4ghz_100mhz_waveform_honest_200ue_4000slot/issue_harq_release_probe_60slot
exportLLSOutputCoverageArtifacts:tables_built runFolder=C:/Users/Administrator/AppData/Local/Temp/2/sixgr_mysql_web_runs/lls_3gpp_rel20_anchor_4ghz_100mhz_waveform_honest_200ue_4000slot/issue_harq_release_probe_60slot
exportLLSOutputCoverageArtifacts:table_artifacts_written runFolder=C:/Users/Administrator/AppData/Local/Temp/2/sixgr_mysql_web_runs/lls_3gpp_rel20_anchor_4ghz_100mhz_waveform_honest_200ue_4000slot/issue_harq_release_probe_60slot
exportLLSOutputCoverageArtifacts:writing_prb_heatmap runFolder=C:/Users/Administrator/AppData/Local/Temp/2/sixgr_mysql_web_runs/lls_3gpp_rel20_anchor_4ghz_100mhz_waveform_honest_200ue_4000slot/issue_harq_release_probe_60slot
[Warning: MATLAB has disabled some advanced graphics rendering features by switching to software OpenGL. For more information, click <a href="matlab:opengl('problems')">here</a>.] 
exportLLSOutputCoverageArtifacts:writing_power_energy_figure runFolder=C:/Users/Administrator/AppData/Local/Temp/2/sixgr_mysql_web_runs/lls_3gpp_rel20_anchor_4ghz_100mhz_waveform_honest_200ue_4000slot/issue_harq_release_probe_60slot
exportLLSOutputCoverageArtifacts:figure_artifacts_written runFolder=C:/Users/Administrator/AppData/Local/Temp/2/sixgr_mysql_web_runs/lls_3gpp_rel20_anchor_4ghz_100mhz_waveform_honest_200ue_4000slot/issue_harq_release_probe_60slot
exportLLSOutputCoverageArtifacts:coverage_registry_built runFolder=C:/Users/Administrator/AppData/Local/Temp/2/sixgr_mysql_web_runs/lls_3gpp_rel20_anchor_4ghz_100mhz_waveform_honest_200ue_4000slot/issue_harq_release_probe_60slot
exportLLSOutputCoverageArtifacts:coverage_audits_built runFolder=C:/Users/Administrator/AppData/Local/Temp/2/sixgr_mysql_web_runs/lls_3gpp_rel20_anchor_4ghz_100mhz_waveform_honest_200ue_4000slot/issue_harq_release_probe_60slot
exportLLSOutputCoverageArtifacts:coverage_tables_written runFolder=C:/Users/Administrator/AppData/Local/Temp/2/sixgr_mysql_web_runs/lls_3gpp_rel20_anchor_4ghz_100mhz_waveform_honest_200ue_4000slot/issue_harq_release_probe_60slot
exportLLSOutputCoverageArtifacts:inventory_written runFolder=C:/Users/Administrator/AppData/Local/Temp/2/sixgr_mysql_web_runs/lls_3gpp_rel20_anchor_4ghz_100mhz_waveform_honest_200ue_4000slot/issue_harq_release_probe_60slot
exportLLSOutputCoverageArtifacts:done runFolder=C:/Users/Administrator/AppData/Local/Temp/2/sixgr_mysql_web_runs/lls_3gpp_rel20_anchor_4ghz_100mhz_waveform_honest_200ue_4000slot/issue_harq_release_probe_60slot
EXPORT_OK 1406.581 97
mysql_web_runs/lls_3gpp_rel20_anchor_4ghz_100mhz_waveform_honest_200ue_4000slot/issue_harq_release_probe_60slot
exportLLSOutputCoverageArtifacts:building_cqi_pmi_ri runFolder=C:/Users/Administrator/AppData/Local/Temp/2/sixgr_mysql_web_runs/lls_3gpp_rel20_anchor_4ghz_100mhz_waveform_honest_200ue_4000slot/issue_harq_release_probe_60slot
exportLLSOutputCoverageArtifacts:built_cqi_pmi_ri runFolder=C:/Users/Administrator/AppData/Local/Temp/2/sixgr_mysql_web_runs/lls_3gpp_rel20_anchor_4ghz_100mhz_waveform_honest_200ue_4000slot/issue_harq_release_probe_60slot
exportLLSOutputCoverageArtifacts:building_mcs_tbs_evolution runFolder=C:/Users/Administrator/AppData/Local/Temp/2/sixgr_mysql_web_runs/lls_3gpp_rel20_anchor_4ghz_100mhz_waveform_honest_200ue_4000slot/issue_harq_release_probe_60slot
exportLLSOutputCoverageArtifacts:built_mcs_tbs_evolution runFolder=C:/Users/Administrator/AppData/Local/Temp/2/sixgr_mysql_web_runs/lls_3gpp_rel20_anchor_4ghz_100mhz_waveform_honest_200ue_4000slot/issue_harq_release_probe_60slot
exportLLSOutputCoverageArtifacts:tables_scheduler_transport_built runFolder=C:/Users/Administrator/AppData/Local/Temp/2/sixgr_mysql_web_runs/lls_3gpp_rel20_anchor_4ghz_100mhz_waveform_honest_200ue_4000slot/issue_harq_release_probe_60slot
exportLLSOutputCoverageArtifacts:tables_latency_energy_built runFolder=C:/Users/Administrator/AppData/Local/Temp/2/sixgr_mysql_web_runs/lls_3gpp_rel20_anchor_4ghz_100mhz_waveform_honest_200ue_4000slot/issue_harq_release_probe_60slot
exportLLSOutputCoverageArtifacts:tables_root_cause_built runFolder=C:/Users/Administrator/AppData/Local/Temp/2/sixgr_mysql_web_runs/lls_3gpp_rel20_anchor_4ghz_100mhz_waveform_honest_200ue_4000slot/issue_harq_release_probe_60slot
exportLLSOutputCoverageArtifacts:tables_control_built runFolder=C:/Users/Administrator/AppData/Local/Temp/2/sixgr_mysql_web_runs/lls_3gpp_rel20_anchor_4ghz_100mhz_waveform_honest_200ue_4000slot/issue_harq_release_probe_60slot
exportLLSOutputCoverageArtifacts:tables_beam_timing_built runFolder=C:/Users/Administrator/AppData/Local/Temp/2/sixgr_mysql_web_runs/lls_3gpp_rel20_anchor_4ghz_100mhz_waveform_honest_200ue_4000slot/issue_harq_release_probe_60slot
exportLLSOutputCoverageArtifacts:tables_built runFolder=C:/Users/Administrator/AppData/Local/Temp/2/sixgr_mysql_web_runs/lls_3gpp_rel20_anchor_4ghz_100mhz_waveform_honest_200ue_4000slot/issue_harq_release_probe_60slot
exportLLSOutputCoverageArtifacts:table_artifacts_written runFolder=C:/Users/Administrator/AppData/Local/Temp/2/sixgr_mysql_web_runs/lls_3gpp_rel20_anchor_4ghz_100mhz_waveform_honest_200ue_4000slot/issue_harq_release_probe_60slot
exportLLSOutputCoverageArtifacts:writing_prb_heatmap runFolder=C:/Users/Administrator/AppData/Local/Temp/2/sixgr_mysql_web_runs/lls_3gpp_rel20_anchor_4ghz_100mhz_waveform_honest_200ue_4000slot/issue_harq_release_probe_60slot
[Warning: MATLAB has disabled some advanced graphics rendering features by switching to software OpenGL. For more information, click <a href="matlab:opengl('problems')">here</a>.] 
exportLLSOutputCoverageArtifacts:writing_power_energy_figure runFolder=C:/Users/Administrator/AppData/Local/Temp/2/sixgr_mysql_web_runs/lls_3gpp_rel20_anchor_4ghz_100mhz_waveform_honest_200ue_4000slot/issue_harq_release_probe_60slot
exportLLSOutputCoverageArtifacts:figure_artifacts_written runFolder=C:/Users/Administrator/AppData/Local/Temp/2/sixgr_mysql_web_runs/lls_3gpp_rel20_anchor_4ghz_100mhz_waveform_honest_200ue_4000slot/issue_harq_release_probe_60slot
exportLLSOutputCoverageArtifacts:coverage_registry_built runFolder=C:/Users/Administrator/AppData/Local/Temp/2/sixgr_mysql_web_runs/lls_3gpp_rel20_anchor_4ghz_100mhz_waveform_honest_200ue_4000slot/issue_harq_release_probe_60slot
exportLLSOutputCoverageArtifacts:coverage_audits_built runFolder=C:/Users/Administrator/AppData/Local/Temp/2/sixgr_mysql_web_runs/lls_3gpp_rel20_anchor_4ghz_100mhz_waveform_honest_200ue_4000slot/issue_harq_release_probe_60slot
exportLLSOutputCoverageArtifacts:coverage_tables_written runFolder=C:/Users/Administrator/AppData/Local/Temp/2/sixgr_mysql_web_runs/lls_3gpp_rel20_anchor_4ghz_100mhz_waveform_honest_200ue_4000slot/issue_harq_release_probe_60slot
exportLLSOutputCoverageArtifacts:inventory_written runFolder=C:/Users/Administrator/AppData/Local/Temp/2/sixgr_mysql_web_runs/lls_3gpp_rel20_anchor_4ghz_100mhz_waveform_honest_200ue_4000slot/issue_harq_release_probe_60slot
exportLLSOutputCoverageArtifacts:done runFolder=C:/Users/Administrator/AppData/Local/Temp/2/sixgr_mysql_web_runs/lls_3gpp_rel20_anchor_4ghz_100mhz_waveform_honest_200ue_4000slot/issue_harq_release_probe_60slot
EXPORT_OK 873.061 97
