[2026-04-14T04:49:11Z] INFO Preparing LLS run: scenario=lls_3gpp_rel20_anchor_4ghz_100mhz_waveform_honest_200ue_4000slot runTag=web_rel20_4ghz_100mhz_200ue_4000slot_attempt11_20260414_101844 runFolder=C:\Users\Administrator\AppData\Local\Temp\2\sixgr_mysql_web_runs\lls_3gpp_rel20_anchor_4ghz_100mhz_waveform_honest_200ue_4000slot\web_rel20_4ghz_100mhz_200ue_4000slot_attempt11_20260414_101844
[2026-04-14T04:49:13Z] INFO Artifact store active=1 backend=mysql_web schema=sixgr_results
[2026-04-14T04:49:14Z] INFO Writing resolved snapshots.
[2026-04-14T04:49:14Z] INFO Exporting live geometry artifacts.
[2026-04-14T04:49:15Z] INFO Executing runner profile=system_level_lls.
[2026-04-14T04:49:15Z] INFO System-level LLS starting: NumTTI=4000 PHYBackend=waveform simulationMode=full_phy
[TR38901Plus] Resolved config: Scenario=UMa Fc_Hz=4000000000 PathlossModel=nrPathLoss ShadowSigma_dB=6 PathlossEnabled=1 ShadowEnabled=1 LOSEnabled=0
[2026-04-14T04:49:18Z] INFO system_level_lls_started slot=0/4000 completion=0.0000 elapsed_s=2.3 slot_direction=initializing active_ue=200 cells=21 grants=0 served_bits=0 dropped_bits=0 overflow_events=0
[2026-04-14 10:19:18.440] INFO  system_level_lls_started slot=0/4000 completion=0.0000 elapsed_s=2.3 slot_direction=initializing active_ue=200 cells=21 grants=0 served_bits=0 dropped_bits=0 overflow_events=0
[2026-04-14T04:49:18Z] INFO system_level_lls_slot1_post_mobility_update slot=0/4000 completion=0.0000 elapsed_s=2.4 slot_direction=slot1_post_mobility_update active_ue=200 cells=21 grants=0 served_bits=0 dropped_bits=0 overflow_events=0
[2026-04-14 10:19:18.558] INFO  system_level_lls_slot1_post_mobility_update slot=0/4000 completion=0.0000 elapsed_s=2.4 slot_direction=slot1_post_mobility_update active_ue=200 cells=21 grants=0 served_bits=0 dropped_bits=0 overflow_events=0
[2026-04-14T04:49:19Z] INFO system_level_lls_slot1_large_scale_ready slot=0/4000 completion=0.0000 elapsed_s=3.2 slot_direction=slot1_large_scale_ready active_ue=200 cells=21 grants=0 served_bits=0 dropped_bits=0 overflow_events=0
[2026-04-14 10:19:19.338] INFO  system_level_lls_slot1_large_scale_ready slot=0/4000 completion=0.0000 elapsed_s=3.2 slot_direction=slot1_large_scale_ready active_ue=200 cells=21 grants=0 served_bits=0 dropped_bits=0 overflow_events=0
[2026-04-14T04:49:19Z] INFO system_level_lls_slot1_active_ues_ready slot=0/4000 completion=0.0000 elapsed_s=3.3 slot_direction=DL active_ue=200 cells=21 grants=0 served_bits=0 dropped_bits=0 overflow_events=0
[2026-04-14 10:19:19.413] INFO  system_level_lls_slot1_active_ues_ready slot=0/4000 completion=0.0000 elapsed_s=3.3 slot_direction=DL active_ue=200 cells=21 grants=0 served_bits=0 dropped_bits=0 overflow_events=0
[2026-04-14T04:49:19Z] INFO system_level_lls_slot1_ue_by_cell_ready slot=0/4000 completion=0.0000 elapsed_s=3.3 slot_direction=DL active_ue=200 cells=21 grants=0 served_bits=0 dropped_bits=0 overflow_events=0
[2026-04-14 10:19:19.444] INFO  system_level_lls_slot1_ue_by_cell_ready slot=0/4000 completion=0.0000 elapsed_s=3.3 slot_direction=DL active_ue=200 cells=21 grants=0 served_bits=0 dropped_bits=0 overflow_events=0
[2026-04-14T04:49:19Z] INFO system_level_lls_slot1_scheduler_inputs_ready slot=0/4000 completion=0.0000 elapsed_s=3.5 slot_direction=DL active_ue=200 cells=21 grants=0 served_bits=0 dropped_bits=0 overflow_events=0
[2026-04-14 10:19:19.607] INFO  system_level_lls_slot1_scheduler_inputs_ready slot=0/4000 completion=0.0000 elapsed_s=3.5 slot_direction=DL active_ue=200 cells=21 grants=0 served_bits=0 dropped_bits=0 overflow_events=0
[2026-04-14T04:49:19Z] INFO system_level_lls_slot1_dl_scheduler_cell_1_started slot=0/4000 completion=0.0000 elapsed_s=3.5 slot_direction=DL active_ue=200 cells=21 grants=0 served_bits=0 dropped_bits=0 overflow_events=0
[2026-04-14 10:19:19.635] INFO  system_level_lls_slot1_dl_scheduler_cell_1_started slot=0/4000 completion=0.0000 elapsed_s=3.5 slot_direction=DL active_ue=200 cells=21 grants=0 served_bits=0 dropped_bits=0 overflow_events=0
[2026-04-14 10:19:21.267] INFO  SchedulerPF[DL] slot=0 ueStates=8 activeUE=8 maxUE=8 prbAvail=273 probe_s=0.182 probePlanTotal_s=0.157 probePlanMax_s=0.076 alloc_s=1.414 finalPlanTotal_s=1.299 finalPlanMax_s=1.282 total_s=1.615 grants=8
[2026-04-14 10:19:21.285] INFO  Slot1 DL scheduler cell=1 activeUE=8 grants=8 elapsed_s=1.636
[2026-04-14T04:49:21Z] INFO system_level_lls_slot1_dl_scheduler_cell_1_finished slot=0/4000 completion=0.0000 elapsed_s=5.1 slot_direction=DL active_ue=200 cells=21 grants=8 served_bits=0 dropped_bits=0 overflow_events=0
[2026-04-14 10:19:21.291] INFO  system_level_lls_slot1_dl_scheduler_cell_1_finished slot=0/4000 completion=0.0000 elapsed_s=5.1 slot_direction=DL active_ue=200 cells=21 grants=8 served_bits=0 dropped_bits=0 overflow_events=0
[2026-04-14T04:49:21Z] INFO system_level_lls_slot1_dl_scheduler_cell_2_started slot=0/4000 completion=0.0000 elapsed_s=5.2 slot_direction=DL active_ue=200 cells=21 grants=0 served_bits=0 dropped_bits=0 overflow_events=0
[2026-04-14 10:19:21.310] INFO  system_level_lls_slot1_dl_scheduler_cell_2_started slot=0/4000 completion=0.0000 elapsed_s=5.2 slot_direction=DL active_ue=200 cells=21 grants=0 served_bits=0 dropped_bits=0 overflow_events=0
[2026-04-14 10:19:21.430] INFO  SchedulerPF[DL] slot=0 ueStates=13 activeUE=13 maxUE=13 prbAvail=273 probe_s=0.047 probePlanTotal_s=0.034 probePlanMax_s=0.005 alloc_s=0.049 finalPlanTotal_s=0.028 finalPlanMax_s=0.002 total_s=0.104 grants=13
[2026-04-14 10:19:21.435] INFO  Slot1 DL scheduler cell=2 activeUE=13 grants=13 elapsed_s=0.110
[2026-04-14T04:49:21Z] INFO system_level_lls_slot1_dl_scheduler_cell_2_finished slot=0/4000 completion=0.0000 elapsed_s=5.3 slot_direction=DL active_ue=200 cells=21 grants=13 served_bits=0 dropped_bits=0 overflow_events=0
[2026-04-14 10:19:21.441] INFO  system_level_lls_slot1_dl_scheduler_cell_2_finished slot=0/4000 completion=0.0000 elapsed_s=5.3 slot_direction=DL active_ue=200 cells=21 grants=13 served_bits=0 dropped_bits=0 overflow_events=0
[2026-04-14T04:49:21Z] INFO system_level_lls_slot1_dl_scheduler_cell_3_started slot=0/4000 completion=0.0000 elapsed_s=5.3 slot_direction=DL active_ue=200 cells=21 grants=0 served_bits=0 dropped_bits=0 overflow_events=0
[2026-04-14 10:19:21.462] INFO  system_level_lls_slot1_dl_scheduler_cell_3_started slot=0/4000 completion=0.0000 elapsed_s=5.3 slot_direction=DL active_ue=200 cells=21 grants=0 served_bits=0 dropped_bits=0 overflow_events=0
[2026-04-14 10:19:21.550] INFO  SchedulerPF[DL] slot=0 ueStates=12 activeUE=12 maxUE=12 prbAvail=273 probe_s=0.032 probePlanTotal_s=0.031 probePlanMax_s=0.004 alloc_s=0.038 finalPlanTotal_s=0.028 finalPlanMax_s=0.003 total_s=0.074 grants=12
[2026-04-14 10:19:21.556] INFO  Slot1 DL scheduler cell=3 activeUE=12 grants=12 elapsed_s=0.080
[2026-04-14T04:49:21Z] INFO system_level_lls_slot1_dl_scheduler_cell_3_finished slot=0/4000 completion=0.0000 elapsed_s=5.4 slot_direction=DL active_ue=200 cells=21 grants=12 served_bits=0 dropped_bits=0 overflow_events=0
[2026-04-14 10:19:21.561] INFO  system_level_lls_slot1_dl_scheduler_cell_3_finished slot=0/4000 completion=0.0000 elapsed_s=5.4 slot_direction=DL active_ue=200 cells=21 grants=12 served_bits=0 dropped_bits=0 overflow_events=0
[2026-04-14T04:49:21Z] INFO system_level_lls_slot1_dl_scheduler_cell_4_started slot=0/4000 completion=0.0000 elapsed_s=5.4 slot_direction=DL active_ue=200 cells=21 grants=0 served_bits=0 dropped_bits=0 overflow_events=0
[2026-04-14 10:19:21.582] INFO  system_level_lls_slot1_dl_scheduler_cell_4_started slot=0/4000 completion=0.0000 elapsed_s=5.4 slot_direction=DL active_ue=200 cells=21 grants=0 served_bits=0 dropped_bits=0 overflow_events=0
[2026-04-14 10:19:21.652] INFO  SchedulerPF[DL] slot=0 ueStates=10 activeUE=10 maxUE=10 prbAvail=273 probe_s=0.026 probePlanTotal_s=0.025 probePlanMax_s=0.003 alloc_s=0.027 finalPlanTotal_s=0.021 finalPlanMax_s=0.002 total_s=0.057 grants=10
[2026-04-14 10:19:21.657] INFO  Slot1 DL scheduler cell=4 activeUE=10 grants=10 elapsed_s=0.063
[2026-04-14T04:49:21Z] INFO system_level_lls_slot1_dl_scheduler_cell_4_finished slot=0/4000 completion=0.0000 elapsed_s=5.5 slot_direction=DL active_ue=200 cells=21 grants=10 served_bits=0 dropped_bits=0 overflow_events=0
[2026-04-14 10:19:21.663] INFO  system_level_lls_slot1_dl_scheduler_cell_4_finished slot=0/4000 completion=0.0000 elapsed_s=5.5 slot_direction=DL active_ue=200 cells=21 grants=10 served_bits=0 dropped_bits=0 overflow_events=0
[2026-04-14T04:49:21Z] INFO system_level_lls_slot1_dl_scheduler_cell_5_started slot=0/4000 completion=0.0000 elapsed_s=5.5 slot_direction=DL active_ue=200 cells=21 grants=0 served_bits=0 dropped_bits=0 overflow_events=0
[2026-04-14 10:19:21.684] INFO  system_level_lls_slot1_dl_scheduler_cell_5_started slot=0/4000 completion=0.0000 elapsed_s=5.5 slot_direction=DL active_ue=200 cells=21 grants=0 served_bits=0 dropped_bits=0 overflow_events=0
[2026-04-14 10:19:21.791] INFO  SchedulerPF[DL] slot=0 ueStates=12 activeUE=12 maxUE=12 prbAvail=273 probe_s=0.029 probePlanTotal_s=0.028 probePlanMax_s=0.003 alloc_s=0.038 finalPlanTotal_s=0.028 finalPlanMax_s=0.004 total_s=0.086 grants=12
[2026-04-14 10:19:21.798] INFO  Slot1 DL scheduler cell=5 activeUE=12 grants=12 elapsed_s=0.098
[2026-04-14T04:49:21Z] INFO system_level_lls_slot1_dl_scheduler_cell_5_finished slot=0/4000 completion=0.0000 elapsed_s=5.7 slot_direction=DL active_ue=200 cells=21 grants=12 served_bits=0 dropped_bits=0 overflow_events=0
[2026-04-14 10:19:21.805] INFO  system_level_lls_slot1_dl_scheduler_cell_5_finished slot=0/4000 completion=0.0000 elapsed_s=5.7 slot_direction=DL active_ue=200 cells=21 grants=12 served_bits=0 dropped_bits=0 overflow_events=0
[2026-04-14T04:49:21Z] INFO system_level_lls_slot1_dl_scheduler_cell_6_started slot=0/4000 completion=0.0000 elapsed_s=5.7 slot_direction=DL active_ue=200 cells=21 grants=0 served_bits=0 dropped_bits=0 overflow_events=0
[2026-04-14 10:19:21.825] INFO  system_level_lls_slot1_dl_scheduler_cell_6_started slot=0/4000 completion=0.0000 elapsed_s=5.7 slot_direction=DL active_ue=200 cells=21 grants=0 served_bits=0 dropped_bits=0 overflow_events=0
[2026-04-14 10:19:21.908] INFO  SchedulerPF[DL] slot=0 ueStates=11 activeUE=11 maxUE=11 prbAvail=273 probe_s=0.031 probePlanTotal_s=0.030 probePlanMax_s=0.003 alloc_s=0.036 finalPlanTotal_s=0.028 finalPlanMax_s=0.003 total_s=0.068 grants=11
[2026-04-14 10:19:21.913] INFO  Slot1 DL scheduler cell=6 activeUE=11 grants=11 elapsed_s=0.075
[2026-04-14T04:49:21Z] INFO system_level_lls_slot1_dl_scheduler_cell_6_finished slot=0/4000 completion=0.0000 elapsed_s=5.8 slot_direction=DL active_ue=200 cells=21 grants=11 served_bits=0 dropped_bits=0 overflow_events=0
[2026-04-14 10:19:21.918] INFO  system_level_lls_slot1_dl_scheduler_cell_6_finished slot=0/4000 completion=0.0000 elapsed_s=5.8 slot_direction=DL active_ue=200 cells=21 grants=11 served_bits=0 dropped_bits=0 overflow_events=0
[2026-04-14T04:49:21Z] INFO system_level_lls_slot1_dl_scheduler_cell_7_started slot=0/4000 completion=0.0000 elapsed_s=5.8 slot_direction=DL active_ue=200 cells=21 grants=0 served_bits=0 dropped_bits=0 overflow_events=0
[2026-04-14 10:19:21.936] INFO  system_level_lls_slot1_dl_scheduler_cell_7_started slot=0/4000 completion=0.0000 elapsed_s=5.8 slot_direction=DL active_ue=200 cells=21 grants=0 served_bits=0 dropped_bits=0 overflow_events=0
[2026-04-14 10:19:22.007] INFO  SchedulerPF[DL] slot=0 ueStates=10 activeUE=10 maxUE=10 prbAvail=273 probe_s=0.027 probePlanTotal_s=0.026 probePlanMax_s=0.003 alloc_s=0.030 finalPlanTotal_s=0.023 finalPlanMax_s=0.003 total_s=0.058 grants=10
[2026-04-14 10:19:22.024] INFO  Slot1 DL scheduler cell=7 activeUE=10 grants=10 elapsed_s=0.075
[2026-04-14T04:49:22Z] INFO system_level_lls_slot1_dl_scheduler_cell_7_finished slot=0/4000 completion=0.0000 elapsed_s=5.9 slot_direction=DL active_ue=200 cells=21 grants=10 served_bits=0 dropped_bits=0 overflow_events=0
[2026-04-14 10:19:22.032] INFO  system_level_lls_slot1_dl_scheduler_cell_7_finished slot=0/4000 completion=0.0000 elapsed_s=5.9 slot_direction=DL active_ue=200 cells=21 grants=10 served_bits=0 dropped_bits=0 overflow_events=0
[2026-04-14T04:49:22Z] INFO system_level_lls_slot1_dl_scheduler_cell_8_started slot=0/4000 completion=0.0000 elapsed_s=5.9 slot_direction=DL active_ue=200 cells=21 grants=0 served_bits=0 dropped_bits=0 overflow_events=0
[2026-04-14 10:19:22.049] INFO  system_level_lls_slot1_dl_scheduler_cell_8_started slot=0/4000 completion=0.0000 elapsed_s=5.9 slot_direction=DL active_ue=200 cells=21 grants=0 served_bits=0 dropped_bits=0 overflow_events=0
[2026-04-14 10:19:22.112] INFO  SchedulerPF[DL] slot=0 ueStates=9 activeUE=9 maxUE=9 prbAvail=273 probe_s=0.024 probePlanTotal_s=0.023 probePlanMax_s=0.003 alloc_s=0.026 finalPlanTotal_s=0.019 finalPlanMax_s=0.002 total_s=0.050 grants=9
[2026-04-14 10:19:22.117] INFO  Slot1 DL scheduler cell=8 activeUE=9 grants=9 elapsed_s=0.056
[2026-04-14T04:49:22Z] INFO system_level_lls_slot1_dl_scheduler_cell_8_finished slot=0/4000 completion=0.0000 elapsed_s=6.0 slot_direction=DL active_ue=200 cells=21 grants=9 served_bits=0 dropped_bits=0 overflow_events=0
[2026-04-14 10:19:22.122] INFO  system_level_lls_slot1_dl_scheduler_cell_8_finished slot=0/4000 completion=0.0000 elapsed_s=6.0 slot_direction=DL active_ue=200 cells=21 grants=9 served_bits=0 dropped_bits=0 overflow_events=0
[2026-04-14T04:49:22Z] INFO system_level_lls_slot1_dl_scheduler_cell_9_started slot=0/4000 completion=0.0000 elapsed_s=6.0 slot_direction=DL active_ue=200 cells=21 grants=0 served_bits=0 dropped_bits=0 overflow_events=0
[2026-04-14 10:19:22.142] INFO  system_level_lls_slot1_dl_scheduler_cell_9_started slot=0/4000 completion=0.0000 elapsed_s=6.0 slot_direction=DL active_ue=200 cells=21 grants=0 served_bits=0 dropped_bits=0 overflow_events=0
[2026-04-14 10:19:22.212] INFO  SchedulerPF[DL] slot=0 ueStates=9 activeUE=9 maxUE=9 prbAvail=273 probe_s=0.027 probePlanTotal_s=0.026 probePlanMax_s=0.005 alloc_s=0.029 finalPlanTotal_s=0.022 finalPlanMax_s=0.003 total_s=0.056 grants=9
[2026-04-14 10:19:22.218] INFO  Slot1 DL scheduler cell=9 activeUE=9 grants=9 elapsed_s=0.063
[2026-04-14T04:49:22Z] INFO system_level_lls_slot1_dl_scheduler_cell_9_finished slot=0/4000 completion=0.0000 elapsed_s=6.1 slot_direction=DL active_ue=200 cells=21 grants=9 served_bits=0 dropped_bits=0 overflow_events=0
[2026-04-14 10:19:22.226] INFO  system_level_lls_slot1_dl_scheduler_cell_9_finished slot=0/4000 completion=0.0000 elapsed_s=6.1 slot_direction=DL active_ue=200 cells=21 grants=9 served_bits=0 dropped_bits=0 overflow_events=0
[2026-04-14T04:49:22Z] INFO system_level_lls_slot1_dl_scheduler_cell_10_started slot=0/4000 completion=0.0000 elapsed_s=6.1 slot_direction=DL active_ue=200 cells=21 grants=0 served_bits=0 dropped_bits=0 overflow_events=0
[2026-04-14 10:19:22.250] INFO  system_level_lls_slot1_dl_scheduler_cell_10_started slot=0/4000 completion=0.0000 elapsed_s=6.1 slot_direction=DL active_ue=200 cells=21 grants=0 served_bits=0 dropped_bits=0 overflow_events=0
[2026-04-14 10:19:22.326] INFO  SchedulerPF[DL] slot=0 ueStates=11 activeUE=11 maxUE=11 prbAvail=273 probe_s=0.028 probePlanTotal_s=0.027 probePlanMax_s=0.004 alloc_s=0.033 finalPlanTotal_s=0.025 finalPlanMax_s=0.003 total_s=0.062 grants=11
[2026-04-14 10:19:22.331] INFO  Slot1 DL scheduler cell=10 activeUE=11 grants=11 elapsed_s=0.067
[2026-04-14T04:49:22Z] INFO system_level_lls_slot1_dl_scheduler_cell_10_finished slot=0/4000 completion=0.0000 elapsed_s=6.2 slot_direction=DL active_ue=200 cells=21 grants=11 served_bits=0 dropped_bits=0 overflow_events=0
[2026-04-14 10:19:22.336] INFO  system_level_lls_slot1_dl_scheduler_cell_10_finished slot=0/4000 completion=0.0000 elapsed_s=6.2 slot_direction=DL active_ue=200 cells=21 grants=11 served_bits=0 dropped_bits=0 overflow_events=0
[2026-04-14T04:49:22Z] INFO system_level_lls_slot1_dl_scheduler_cell_11_started slot=0/4000 completion=0.0000 elapsed_s=6.2 slot_direction=DL active_ue=200 cells=21 grants=0 served_bits=0 dropped_bits=0 overflow_events=0
[2026-04-14 10:19:22.352] INFO  system_level_lls_slot1_dl_scheduler_cell_11_started slot=0/4000 completion=0.0000 elapsed_s=6.2 slot_direction=DL active_ue=200 cells=21 grants=0 served_bits=0 dropped_bits=0 overflow_events=0
[2026-04-14 10:19:22.415] INFO  SchedulerPF[DL] slot=0 ueStates=9 activeUE=9 maxUE=9 prbAvail=273 probe_s=0.024 probePlanTotal_s=0.023 probePlanMax_s=0.003 alloc_s=0.027 finalPlanTotal_s=0.020 finalPlanMax_s=0.003 total_s=0.051 grants=9
[2026-04-14 10:19:22.420] INFO  Slot1 DL scheduler cell=11 activeUE=9 grants=9 elapsed_s=0.056
[2026-04-14T04:49:22Z] INFO system_level_lls_slot1_dl_scheduler_cell_11_finished slot=0/4000 completion=0.0000 elapsed_s=6.3 slot_direction=DL active_ue=200 cells=21 grants=9 served_bits=0 dropped_bits=0 overflow_events=0
[2026-04-14 10:19:22.425] INFO  system_level_lls_slot1_dl_scheduler_cell_11_finished slot=0/4000 completion=0.0000 elapsed_s=6.3 slot_direction=DL active_ue=200 cells=21 grants=9 served_bits=0 dropped_bits=0 overflow_events=0
[2026-04-14T04:49:22Z] INFO system_level_lls_slot1_dl_scheduler_cell_12_started slot=0/4000 completion=0.0000 elapsed_s=6.3 slot_direction=DL active_ue=200 cells=21 grants=0 served_bits=0 dropped_bits=0 overflow_events=0
[2026-04-14 10:19:22.443] INFO  system_level_lls_slot1_dl_scheduler_cell_12_started slot=0/4000 completion=0.0000 elapsed_s=6.3 slot_direction=DL active_ue=200 cells=21 grants=0 served_bits=0 dropped_bits=0 overflow_events=0
[2026-04-14 10:19:22.498] INFO  SchedulerPF[DL] slot=0 ueStates=9 activeUE=9 maxUE=9 prbAvail=273 probe_s=0.019 probePlanTotal_s=0.019 probePlanMax_s=0.002 alloc_s=0.024 finalPlanTotal_s=0.018 finalPlanMax_s=0.002 total_s=0.044 grants=9
[2026-04-14 10:19:22.504] INFO  Slot1 DL scheduler cell=12 activeUE=9 grants=9 elapsed_s=0.049
[2026-04-14T04:49:22Z] INFO system_level_lls_slot1_dl_scheduler_cell_12_finished slot=0/4000 completion=0.0000 elapsed_s=6.4 slot_direction=DL active_ue=200 cells=21 grants=9 served_bits=0 dropped_bits=0 overflow_events=0
[2026-04-14 10:19:22.508] INFO  system_level_lls_slot1_dl_scheduler_cell_12_finished slot=0/4000 completion=0.0000 elapsed_s=6.4 slot_direction=DL active_ue=200 cells=21 grants=9 served_bits=0 dropped_bits=0 overflow_events=0
[2026-04-14T04:49:22Z] INFO system_level_lls_slot1_dl_scheduler_cell_13_started slot=0/4000 completion=0.0000 elapsed_s=6.4 slot_direction=DL active_ue=200 cells=21 grants=0 served_bits=0 dropped_bits=0 overflow_events=0
[2026-04-14 10:19:22.526] INFO  system_level_lls_slot1_dl_scheduler_cell_13_started slot=0/4000 completion=0.0000 elapsed_s=6.4 slot_direction=DL active_ue=200 cells=21 grants=0 served_bits=0 dropped_bits=0 overflow_events=0
[2026-04-14 10:19:22.593] INFO  SchedulerPF[DL] slot=0 ueStates=10 activeUE=10 maxUE=10 prbAvail=273 probe_s=0.025 probePlanTotal_s=0.024 probePlanMax_s=0.004 alloc_s=0.027 finalPlanTotal_s=0.020 finalPlanMax_s=0.002 total_s=0.053 grants=10
[2026-04-14 10:19:22.598] INFO  Slot1 DL scheduler cell=13 activeUE=10 grants=10 elapsed_s=0.057
[2026-04-14T04:49:22Z] INFO system_level_lls_slot1_dl_scheduler_cell_13_finished slot=0/4000 completion=0.0000 elapsed_s=6.5 slot_direction=DL active_ue=200 cells=21 grants=10 served_bits=0 dropped_bits=0 overflow_events=0
[2026-04-14 10:19:22.602] INFO  system_level_lls_slot1_dl_scheduler_cell_13_finished slot=0/4000 completion=0.0000 elapsed_s=6.5 slot_direction=DL active_ue=200 cells=21 grants=10 served_bits=0 dropped_bits=0 overflow_events=0
[2026-04-14T04:49:22Z] INFO system_level_lls_slot1_dl_scheduler_cell_14_started slot=0/4000 completion=0.0000 elapsed_s=6.5 slot_direction=DL active_ue=200 cells=21 grants=0 served_bits=0 dropped_bits=0 overflow_events=0
[2026-04-14 10:19:22.621] INFO  system_level_lls_slot1_dl_scheduler_cell_14_started slot=0/4000 completion=0.0000 elapsed_s=6.5 slot_direction=DL active_ue=200 cells=21 grants=0 served_bits=0 dropped_bits=0 overflow_events=0
[2026-04-14 10:19:22.728] INFO  SchedulerPF[DL] slot=0 ueStates=8 activeUE=8 maxUE=8 prbAvail=273 probe_s=0.019 probePlanTotal_s=0.018 probePlanMax_s=0.003 alloc_s=0.074 finalPlanTotal_s=0.069 finalPlanMax_s=0.055 total_s=0.094 grants=8
[2026-04-14 10:19:22.733] INFO  Slot1 DL scheduler cell=14 activeUE=8 grants=8 elapsed_s=0.099
[2026-04-14T04:49:22Z] INFO system_level_lls_slot1_dl_scheduler_cell_14_finished slot=0/4000 completion=0.0000 elapsed_s=6.6 slot_direction=DL active_ue=200 cells=21 grants=8 served_bits=0 dropped_bits=0 overflow_events=0
[2026-04-14 10:19:22.738] INFO  system_level_lls_slot1_dl_scheduler_cell_14_finished slot=0/4000 completion=0.0000 elapsed_s=6.6 slot_direction=DL active_ue=200 cells=21 grants=8 served_bits=0 dropped_bits=0 overflow_events=0
[2026-04-14T04:49:22Z] INFO system_level_lls_slot1_dl_scheduler_cell_15_started slot=0/4000 completion=0.0000 elapsed_s=6.6 slot_direction=DL active_ue=200 cells=21 grants=0 served_bits=0 dropped_bits=0 overflow_events=0
[2026-04-14 10:19:22.758] INFO  system_level_lls_slot1_dl_scheduler_cell_15_started slot=0/4000 completion=0.0000 elapsed_s=6.6 slot_direction=DL active_ue=200 cells=21 grants=0 served_bits=0 dropped_bits=0 overflow_events=0
[2026-04-14 10:19:22.824] INFO  SchedulerPF[DL] slot=0 ueStates=9 activeUE=9 maxUE=9 prbAvail=273 probe_s=0.023 probePlanTotal_s=0.022 probePlanMax_s=0.003 alloc_s=0.029 finalPlanTotal_s=0.022 finalPlanMax_s=0.003 total_s=0.053 grants=9
[2026-04-14 10:19:22.829] INFO  Slot1 DL scheduler cell=15 activeUE=9 grants=9 elapsed_s=0.059
[2026-04-14T04:49:22Z] INFO system_level_lls_slot1_dl_scheduler_cell_15_finished slot=0/4000 completion=0.0000 elapsed_s=6.7 slot_direction=DL active_ue=200 cells=21 grants=9 served_bits=0 dropped_bits=0 overflow_events=0
[2026-04-14 10:19:22.834] INFO  system_level_lls_slot1_dl_scheduler_cell_15_finished slot=0/4000 completion=0.0000 elapsed_s=6.7 slot_direction=DL active_ue=200 cells=21 grants=9 served_bits=0 dropped_bits=0 overflow_events=0
[2026-04-14T04:49:22Z] INFO system_level_lls_slot1_dl_scheduler_cell_16_started slot=0/4000 completion=0.0000 elapsed_s=6.7 slot_direction=DL active_ue=200 cells=21 grants=0 served_bits=0 dropped_bits=0 overflow_events=0
[2026-04-14 10:19:22.850] INFO  system_level_lls_slot1_dl_scheduler_cell_16_started slot=0/4000 completion=0.0000 elapsed_s=6.7 slot_direction=DL active_ue=200 cells=21 grants=0 served_bits=0 dropped_bits=0 overflow_events=0
[2026-04-14 10:19:22.917] INFO  SchedulerPF[DL] slot=0 ueStates=8 activeUE=8 maxUE=8 prbAvail=273 probe_s=0.023 probePlanTotal_s=0.022 probePlanMax_s=0.004 alloc_s=0.026 finalPlanTotal_s=0.020 finalPlanMax_s=0.003 total_s=0.049 grants=8
[2026-04-14 10:19:22.921] INFO  Slot1 DL scheduler cell=16 activeUE=8 grants=8 elapsed_s=0.054
[2026-04-14T04:49:22Z] INFO system_level_lls_slot1_dl_scheduler_cell_16_finished slot=0/4000 completion=0.0000 elapsed_s=6.8 slot_direction=DL active_ue=200 cells=21 grants=8 served_bits=0 dropped_bits=0 overflow_events=0
[2026-04-14 10:19:22.926] INFO  system_level_lls_slot1_dl_scheduler_cell_16_finished slot=0/4000 completion=0.0000 elapsed_s=6.8 slot_direction=DL active_ue=200 cells=21 grants=8 served_bits=0 dropped_bits=0 overflow_events=0
[2026-04-14T04:49:22Z] INFO system_level_lls_slot1_dl_scheduler_cell_17_started slot=0/4000 completion=0.0000 elapsed_s=6.8 slot_direction=DL active_ue=200 cells=21 grants=0 served_bits=0 dropped_bits=0 overflow_events=0
[2026-04-14 10:19:22.943] INFO  system_level_lls_slot1_dl_scheduler_cell_17_started slot=0/4000 completion=0.0000 elapsed_s=6.8 slot_direction=DL active_ue=200 cells=21 grants=0 served_bits=0 dropped_bits=0 overflow_events=0
[2026-04-14 10:19:23.004] INFO  SchedulerPF[DL] slot=0 ueStates=9 activeUE=9 maxUE=9 prbAvail=273 probe_s=0.025 probePlanTotal_s=0.024 probePlanMax_s=0.003 alloc_s=0.025 finalPlanTotal_s=0.019 finalPlanMax_s=0.002 total_s=0.050 grants=9
[2026-04-14 10:19:23.017] INFO  Slot1 DL scheduler cell=17 activeUE=9 grants=9 elapsed_s=0.064
[2026-04-14T04:49:23Z] INFO system_level_lls_slot1_dl_scheduler_cell_17_finished slot=0/4000 completion=0.0000 elapsed_s=6.9 slot_direction=DL active_ue=200 cells=21 grants=9 served_bits=0 dropped_bits=0 overflow_events=0
[2026-04-14 10:19:23.022] INFO  system_level_lls_slot1_dl_scheduler_cell_17_finished slot=0/4000 completion=0.0000 elapsed_s=6.9 slot_direction=DL active_ue=200 cells=21 grants=9 served_bits=0 dropped_bits=0 overflow_events=0
[2026-04-14T04:49:23Z] INFO system_level_lls_slot1_dl_scheduler_cell_18_started slot=0/4000 completion=0.0000 elapsed_s=6.9 slot_direction=DL active_ue=200 cells=21 grants=0 served_bits=0 dropped_bits=0 overflow_events=0
[2026-04-14 10:19:23.036] INFO  system_level_lls_slot1_dl_scheduler_cell_18_started slot=0/4000 completion=0.0000 elapsed_s=6.9 slot_direction=DL active_ue=200 cells=21 grants=0 served_bits=0 dropped_bits=0 overflow_events=0
[2026-04-14 10:19:23.138] INFO  SchedulerPF[DL] slot=0 ueStates=8 activeUE=8 maxUE=8 prbAvail=273 probe_s=0.018 probePlanTotal_s=0.018 probePlanMax_s=0.003 alloc_s=0.072 finalPlanTotal_s=0.066 finalPlanMax_s=0.052 total_s=0.091 grants=8
[2026-04-14 10:19:23.143] INFO  Slot1 DL scheduler cell=18 activeUE=8 grants=8 elapsed_s=0.096
[2026-04-14T04:49:23Z] INFO system_level_lls_slot1_dl_scheduler_cell_18_finished slot=0/4000 completion=0.0000 elapsed_s=7.0 slot_direction=DL active_ue=200 cells=21 grants=8 served_bits=0 dropped_bits=0 overflow_events=0
[2026-04-14 10:19:23.151] INFO  system_level_lls_slot1_dl_scheduler_cell_18_finished slot=0/4000 completion=0.0000 elapsed_s=7.0 slot_direction=DL active_ue=200 cells=21 grants=8 served_bits=0 dropped_bits=0 overflow_events=0
[2026-04-14T04:49:23Z] INFO system_level_lls_slot1_dl_scheduler_cell_19_started slot=0/4000 completion=0.0000 elapsed_s=7.0 slot_direction=DL active_ue=200 cells=21 grants=0 served_bits=0 dropped_bits=0 overflow_events=0
[2026-04-14 10:19:23.172] INFO  system_level_lls_slot1_dl_scheduler_cell_19_started slot=0/4000 completion=0.0000 elapsed_s=7.0 slot_direction=DL active_ue=200 cells=21 grants=0 served_bits=0 dropped_bits=0 overflow_events=0
[2026-04-14 10:19:23.275] INFO  SchedulerPF[DL] slot=0 ueStates=8 activeUE=8 maxUE=8 prbAvail=273 probe_s=0.019 probePlanTotal_s=0.018 probePlanMax_s=0.003 alloc_s=0.071 finalPlanTotal_s=0.066 finalPlanMax_s=0.051 total_s=0.090 grants=8
[2026-04-14 10:19:23.279] INFO  Slot1 DL scheduler cell=19 activeUE=8 grants=8 elapsed_s=0.095
[2026-04-14T04:49:23Z] INFO system_level_lls_slot1_dl_scheduler_cell_19_finished slot=0/4000 completion=0.0000 elapsed_s=7.1 slot_direction=DL active_ue=200 cells=21 grants=8 served_bits=0 dropped_bits=0 overflow_events=0
[2026-04-14 10:19:23.284] INFO  system_level_lls_slot1_dl_scheduler_cell_19_finished slot=0/4000 completion=0.0000 elapsed_s=7.1 slot_direction=DL active_ue=200 cells=21 grants=8 served_bits=0 dropped_bits=0 overflow_events=0
[2026-04-14T04:49:23Z] INFO system_level_lls_slot1_dl_scheduler_cell_20_started slot=0/4000 completion=0.0000 elapsed_s=7.2 slot_direction=DL active_ue=200 cells=21 grants=0 served_bits=0 dropped_bits=0 overflow_events=0
[2026-04-14 10:19:23.300] INFO  system_level_lls_slot1_dl_scheduler_cell_20_started slot=0/4000 completion=0.0000 elapsed_s=7.2 slot_direction=DL active_ue=200 cells=21 grants=0 served_bits=0 dropped_bits=0 overflow_events=0
[2026-04-14 10:19:23.356] INFO  SchedulerPF[DL] slot=0 ueStates=9 activeUE=9 maxUE=9 prbAvail=273 probe_s=0.020 probePlanTotal_s=0.019 probePlanMax_s=0.002 alloc_s=0.024 finalPlanTotal_s=0.018 finalPlanMax_s=0.002 total_s=0.044 grants=9
[2026-04-14 10:19:23.360] INFO  Slot1 DL scheduler cell=20 activeUE=9 grants=9 elapsed_s=0.048
[2026-04-14T04:49:23Z] INFO system_level_lls_slot1_dl_scheduler_cell_20_finished slot=0/4000 completion=0.0000 elapsed_s=7.2 slot_direction=DL active_ue=200 cells=21 grants=9 served_bits=0 dropped_bits=0 overflow_events=0
[2026-04-14 10:19:23.364] INFO  system_level_lls_slot1_dl_scheduler_cell_20_finished slot=0/4000 completion=0.0000 elapsed_s=7.2 slot_direction=DL active_ue=200 cells=21 grants=9 served_bits=0 dropped_bits=0 overflow_events=0
[2026-04-14T04:49:23Z] INFO system_level_lls_slot1_dl_scheduler_cell_21_started slot=0/4000 completion=0.0000 elapsed_s=7.2 slot_direction=DL active_ue=200 cells=21 grants=0 served_bits=0 dropped_bits=0 overflow_events=0
[2026-04-14 10:19:23.384] INFO  system_level_lls_slot1_dl_scheduler_cell_21_started slot=0/4000 completion=0.0000 elapsed_s=7.2 slot_direction=DL active_ue=200 cells=21 grants=0 served_bits=0 dropped_bits=0 overflow_events=0
[2026-04-14 10:19:23.584] INFO  SchedulerPF[DL] slot=0 ueStates=8 activeUE=8 maxUE=8 prbAvail=273 probe_s=0.021 probePlanTotal_s=0.020 probePlanMax_s=0.003 alloc_s=0.167 finalPlanTotal_s=0.162 finalPlanMax_s=0.055 total_s=0.188 grants=8
[2026-04-14 10:19:23.589] INFO  Slot1 DL scheduler cell=21 activeUE=8 grants=8 elapsed_s=0.193
[2026-04-14T04:49:23Z] INFO system_level_lls_slot1_dl_scheduler_cell_21_finished slot=0/4000 completion=0.0000 elapsed_s=7.4 slot_direction=DL active_ue=200 cells=21 grants=8 served_bits=0 dropped_bits=0 overflow_events=0
[2026-04-14 10:19:23.593] INFO  system_level_lls_slot1_dl_scheduler_cell_21_finished slot=0/4000 completion=0.0000 elapsed_s=7.4 slot_direction=DL active_ue=200 cells=21 grants=8 served_bits=0 dropped_bits=0 overflow_events=0
[2026-04-14T04:49:23Z] INFO system_level_lls_slot1_dl_scheduler_ready slot=0/4000 completion=0.0000 elapsed_s=7.5 slot_direction=DL active_ue=200 cells=21 grants=200 served_bits=0 dropped_bits=0 overflow_events=0
[2026-04-14 10:19:23.612] INFO  system_level_lls_slot1_dl_scheduler_ready slot=0/4000 completion=0.0000 elapsed_s=7.5 slot_direction=DL active_ue=200 cells=21 grants=200 served_bits=0 dropped_bits=0 overflow_events=0
[2026-04-14T04:49:23Z] INFO system_level_lls_slot1_scheduler_ready slot=0/4000 completion=0.0000 elapsed_s=7.5 slot_direction=DL active_ue=200 cells=21 grants=200 served_bits=0 dropped_bits=0 overflow_events=0
[2026-04-14 10:19:23.627] INFO  system_level_lls_slot1_scheduler_ready slot=0/4000 completion=0.0000 elapsed_s=7.5 slot_direction=DL active_ue=200 cells=21 grants=200 served_bits=0 dropped_bits=0 overflow_events=0
[2026-04-14T04:49:23Z] INFO system_level_lls_slot1_first_dl_replay_started slot=0/4000 completion=0.0000 elapsed_s=7.5 slot_direction=DL active_ue=200 cells=21 grants=200 served_bits=0 dropped_bits=0 overflow_events=0
[2026-04-14 10:19:23.662] INFO  system_level_lls_slot1_first_dl_replay_started slot=0/4000 completion=0.0000 elapsed_s=7.5 slot_direction=DL active_ue=200 cells=21 grants=200 served_bits=0 dropped_bits=0 overflow_events=0
[2026-04-14T04:49:32Z] INFO system_level_lls_slot1_first_dl_replay_finished slot=0/4000 completion=0.0000 elapsed_s=16.2 slot_direction=DL active_ue=200 cells=21 grants=200 served_bits=0 dropped_bits=0 overflow_events=0
[2026-04-14 10:19:32.342] INFO  system_level_lls_slot1_first_dl_replay_finished slot=0/4000 completion=0.0000 elapsed_s=16.2 slot_direction=DL active_ue=200 cells=21 grants=200 served_bits=0 dropped_bits=0 overflow_events=0
[2026-04-14T04:50:47Z] INFO system_level_lls_slot_progress slot=1/4000 completion=0.0003 elapsed_s=91.4 slot_direction=DL active_ue=200 cells=21 grants=200 served_bits=64768 dropped_bits=0 overflow_events=0
[2026-04-14 10:20:47.521] INFO  system_level_lls_slot_progress slot=1/4000 completion=0.0003 elapsed_s=91.4 slot_direction=DL active_ue=200 cells=21 grants=200 served_bits=64768 dropped_bits=0 overflow_events=0
[2026-04-14T04:51:30Z] INFO system_level_lls_slot_progress slot=2/4000 completion=0.0005 elapsed_s=134.3 slot_direction=DL active_ue=200 cells=21 grants=200 served_bits=121776 dropped_bits=0 overflow_events=0
[2026-04-14 10:21:30.404] INFO  system_level_lls_slot_progress slot=2/4000 completion=0.0005 elapsed_s=134.3 slot_direction=DL active_ue=200 cells=21 grants=200 served_bits=121776 dropped_bits=0 overflow_events=0
[2026-04-14T04:52:07Z] INFO system_level_lls_slot_progress slot=3/4000 completion=0.0008 elapsed_s=171.6 slot_direction=DL active_ue=200 cells=21 grants=200 served_bits=170352 dropped_bits=0 overflow_events=0
[2026-04-14 10:22:07.776] INFO  system_level_lls_slot_progress slot=3/4000 completion=0.0008 elapsed_s=171.6 slot_direction=DL active_ue=200 cells=21 grants=200 served_bits=170352 dropped_bits=0 overflow_events=0
[2026-04-14T04:52:55Z] INFO system_level_lls_slot_progress slot=4/4000 completion=0.0010 elapsed_s=219.2 slot_direction=S active_ue=200 cells=21 grants=399 served_bits=320568 dropped_bits=0 overflow_events=0
[2026-04-14 10:22:55.388] INFO  system_level_lls_slot_progress slot=4/4000 completion=0.0010 elapsed_s=219.2 slot_direction=S active_ue=200 cells=21 grants=399 served_bits=320568 dropped_bits=0 overflow_events=0
[2026-04-14T04:53:49Z] INFO system_level_lls_slot_progress slot=6/4000 completion=0.0015 elapsed_s=273.8 slot_direction=DL active_ue=200 cells=21 grants=200 served_bits=772328 dropped_bits=0 overflow_events=0
[2026-04-14 10:23:49.915] INFO  system_level_lls_slot_progress slot=6/4000 completion=0.0015 elapsed_s=273.8 slot_direction=DL active_ue=200 cells=21 grants=200 served_bits=772328 dropped_bits=0 overflow_events=0
[2026-04-14T04:54:28Z] INFO system_level_lls_slot_progress slot=7/4000 completion=0.0018 elapsed_s=312.0 slot_direction=DL active_ue=200 cells=21 grants=200 served_bits=823664 dropped_bits=0 overflow_events=0
[2026-04-14 10:24:28.179] INFO  system_level_lls_slot_progress slot=7/4000 completion=0.0018 elapsed_s=312.0 slot_direction=DL active_ue=200 cells=21 grants=200 served_bits=823664 dropped_bits=0 overflow_events=0
[2026-04-14T04:55:03Z] INFO system_level_lls_slot_progress slot=8/4000 completion=0.0020 elapsed_s=347.7 slot_direction=DL active_ue=200 cells=21 grants=200 served_bits=866008 dropped_bits=0 overflow_events=0
[2026-04-14 10:25:03.853] INFO  system_level_lls_slot_progress slot=8/4000 completion=0.0020 elapsed_s=347.7 slot_direction=DL active_ue=200 cells=21 grants=200 served_bits=866008 dropped_bits=0 overflow_events=0
[2026-04-14T04:55:43Z] INFO system_level_lls_slot_progress slot=9/4000 completion=0.0022 elapsed_s=387.1 slot_direction=S active_ue=200 cells=21 grants=399 served_bits=1007368 dropped_bits=0 overflow_events=0
[2026-04-14 10:25:43.241] INFO  system_level_lls_slot_progress slot=9/4000 completion=0.0022 elapsed_s=387.1 slot_direction=S active_ue=200 cells=21 grants=399 served_bits=1007368 dropped_bits=0 overflow_events=0
[2026-04-14T04:56:36Z] INFO system_level_lls_slot_progress slot=11/4000 completion=0.0027 elapsed_s=440.3 slot_direction=DL active_ue=200 cells=21 grants=200 served_bits=1473256 dropped_bits=0 overflow_events=0
[2026-04-14 10:26:36.467] INFO  system_level_lls_slot_progress slot=11/4000 completion=0.0027 elapsed_s=440.3 slot_direction=DL active_ue=200 cells=21 grants=200 served_bits=1473256 dropped_bits=0 overflow_events=0
[2026-04-14T04:57:12Z] INFO system_level_lls_slot_progress slot=12/4000 completion=0.0030 elapsed_s=476.8 slot_direction=DL active_ue=200 cells=21 grants=200 served_bits=1528728 dropped_bits=0 overflow_events=0
[2026-04-14 10:27:12.993] INFO  system_level_lls_slot_progress slot=12/4000 completion=0.0030 elapsed_s=476.8 slot_direction=DL active_ue=200 cells=21 grants=200 served_bits=1528728 dropped_bits=0 overflow_events=0
[2026-04-14T04:57:50Z] INFO system_level_lls_slot_progress slot=13/4000 completion=0.0032 elapsed_s=514.1 slot_direction=DL active_ue=200 cells=21 grants=200 served_bits=1573048 dropped_bits=0 overflow_events=0
[2026-04-14 10:27:50.289] INFO  system_level_lls_slot_progress slot=13/4000 completion=0.0032 elapsed_s=514.1 slot_direction=DL active_ue=200 cells=21 grants=200 served_bits=1573048 dropped_bits=0 overflow_events=0
[2026-04-14T04:58:22Z] INFO system_level_lls_slot_progress slot=14/4000 completion=0.0035 elapsed_s=546.8 slot_direction=S active_ue=200 cells=21 grants=399 served_bits=1721680 dropped_bits=0 overflow_events=0
[2026-04-14 10:28:22.906] INFO  system_level_lls_slot_progress slot=14/4000 completion=0.0035 elapsed_s=546.8 slot_direction=S active_ue=200 cells=21 grants=399 served_bits=1721680 dropped_bits=0 overflow_events=0
[2026-04-14T04:59:14Z] INFO system_level_lls_slot_progress slot=16/4000 completion=0.0040 elapsed_s=598.2 slot_direction=DL active_ue=200 cells=21 grants=200 served_bits=2177048 dropped_bits=0 overflow_events=0
[2026-04-14 10:29:14.340] INFO  system_level_lls_slot_progress slot=16/4000 completion=0.0040 elapsed_s=598.2 slot_direction=DL active_ue=200 cells=21 grants=200 served_bits=2177048 dropped_bits=0 overflow_events=0
[2026-04-14T04:59:49Z] INFO system_level_lls_slot_progress slot=17/4000 completion=0.0043 elapsed_s=633.6 slot_direction=DL active_ue=193 cells=21 grants=193 served_bits=2242320 dropped_bits=0 overflow_events=0
[2026-04-14 10:29:49.756] INFO  system_level_lls_slot_progress slot=17/4000 completion=0.0043 elapsed_s=633.6 slot_direction=DL active_ue=193 cells=21 grants=193 served_bits=2242320 dropped_bits=0 overflow_events=0
[2026-04-14T05:00:26Z] INFO system_level_lls_slot_progress slot=18/4000 completion=0.0045 elapsed_s=670.0 slot_direction=DL active_ue=193 cells=21 grants=193 served_bits=2299968 dropped_bits=0 overflow_events=0
[2026-04-14 10:30:26.129] INFO  system_level_lls_slot_progress slot=18/4000 completion=0.0045 elapsed_s=670.0 slot_direction=DL active_ue=193 cells=21 grants=193 served_bits=2299968 dropped_bits=0 overflow_events=0
[2026-04-14T05:00:59Z] INFO system_level_lls_slot_progress slot=19/4000 completion=0.0047 elapsed_s=703.7 slot_direction=S active_ue=198 cells=21 grants=395 served_bits=2474048 dropped_bits=0 overflow_events=0
[2026-04-14 10:30:59.839] INFO  system_level_lls_slot_progress slot=19/4000 completion=0.0047 elapsed_s=703.7 slot_direction=S active_ue=198 cells=21 grants=395 served_bits=2474048 dropped_bits=0 overflow_events=0
[2026-04-14T05:01:32Z] INFO system_level_lls_slot_progress slot=24/4000 completion=0.0060 elapsed_s=736.2 slot_direction=S active_ue=200 cells=21 grants=200 served_bits=3051408 dropped_bits=0 overflow_events=0
[2026-04-14 10:31:32.367] INFO  system_level_lls_slot_progress slot=24/4000 completion=0.0060 elapsed_s=736.2 slot_direction=S active_ue=200 cells=21 grants=200 served_bits=3051408 dropped_bits=0 overflow_events=0
[2026-04-14T05:02:06Z] INFO system_level_lls_slot_progress slot=29/4000 completion=0.0073 elapsed_s=770.0 slot_direction=S active_ue=200 cells=21 grants=200 served_bits=3702752 dropped_bits=0 overflow_events=0
[2026-04-14 10:32:06.139] INFO  system_level_lls_slot_progress slot=29/4000 completion=0.0073 elapsed_s=770.0 slot_direction=S active_ue=200 cells=21 grants=200 served_bits=3702752 dropped_bits=0 overflow_events=0
[2026-04-14T05:02:39Z] INFO system_level_lls_slot_progress slot=34/4000 completion=0.0085 elapsed_s=803.8 slot_direction=S active_ue=200 cells=21 grants=200 served_bits=4336800 dropped_bits=0 overflow_events=0
[2026-04-14 10:32:39.898] INFO  system_level_lls_slot_progress slot=34/4000 completion=0.0085 elapsed_s=803.8 slot_direction=S active_ue=200 cells=21 grants=200 served_bits=4336800 dropped_bits=0 overflow_events=0
[2026-04-14T05:03:12Z] INFO system_level_lls_slot_progress slot=39/4000 completion=0.0097 elapsed_s=836.8 slot_direction=S active_ue=200 cells=21 grants=200 served_bits=4937416 dropped_bits=0 overflow_events=0
[2026-04-14 10:33:12.948] INFO  system_level_lls_slot_progress slot=39/4000 completion=0.0097 elapsed_s=836.8 slot_direction=S active_ue=200 cells=21 grants=200 served_bits=4937416 dropped_bits=0 overflow_events=0
[2026-04-14T05:03:41Z] INFO system_level_lls_slot_progress slot=50/4000 completion=0.0125 elapsed_s=865.2 slot_direction=UL active_ue=200 cells=21 grants=0 served_bits=5378208 dropped_bits=0 overflow_events=0
[2026-04-14 10:33:41.344] INFO  system_level_lls_slot_progress slot=50/4000 completion=0.0125 elapsed_s=865.2 slot_direction=UL active_ue=200 cells=21 grants=0 served_bits=5378208 dropped_bits=0 overflow_events=0
[2026-04-14T05:04:11Z] INFO system_level_lls_slot_progress slot=75/4000 completion=0.0187 elapsed_s=895.4 slot_direction=UL active_ue=200 cells=21 grants=0 served_bits=5378208 dropped_bits=0 overflow_events=0
[2026-04-14 10:34:11.501] INFO  system_level_lls_slot_progress slot=75/4000 completion=0.0187 elapsed_s=895.4 slot_direction=UL active_ue=200 cells=21 grants=0 served_bits=5378208 dropped_bits=0 overflow_events=0
[2026-04-14T05:04:41Z] INFO system_level_lls_slot_progress slot=100/4000 completion=0.0250 elapsed_s=925.2 slot_direction=UL active_ue=200 cells=21 grants=0 served_bits=5378208 dropped_bits=0 overflow_events=0
[2026-04-14 10:34:41.322] INFO  system_level_lls_slot_progress slot=100/4000 completion=0.0250 elapsed_s=925.2 slot_direction=UL active_ue=200 cells=21 grants=0 served_bits=5378208 dropped_bits=0 overflow_events=0
[2026-04-14T05:05:12Z] INFO system_level_lls_slot_progress slot=126/4000 completion=0.0315 elapsed_s=956.0 slot_direction=DL active_ue=200 cells=21 grants=0 served_bits=5378208 dropped_bits=0 overflow_events=0
[2026-04-14 10:35:12.165] INFO  system_level_lls_slot_progress slot=126/4000 completion=0.0315 elapsed_s=956.0 slot_direction=DL active_ue=200 cells=21 grants=0 served_bits=5378208 dropped_bits=0 overflow_events=0
[2026-04-14T05:05:42Z] INFO system_level_lls_slot_progress slot=150/4000 completion=0.0375 elapsed_s=986.8 slot_direction=UL active_ue=200 cells=21 grants=0 served_bits=5378208 dropped_bits=0 overflow_events=0
[2026-04-14 10:35:42.988] INFO  system_level_lls_slot_progress slot=150/4000 completion=0.0375 elapsed_s=986.8 slot_direction=UL active_ue=200 cells=21 grants=0 served_bits=5378208 dropped_bits=0 overflow_events=0
[2026-04-14T05:06:13Z] INFO system_level_lls_slot_progress slot=173/4000 completion=0.0432 elapsed_s=1017.2 slot_direction=DL active_ue=200 cells=21 grants=0 served_bits=5378208 dropped_bits=0 overflow_events=0
[2026-04-14 10:36:13.370] INFO  system_level_lls_slot_progress slot=173/4000 completion=0.0432 elapsed_s=1017.2 slot_direction=DL active_ue=200 cells=21 grants=0 served_bits=5378208 dropped_bits=0 overflow_events=0
[2026-04-14T05:06:43Z] INFO system_level_lls_slot_progress slot=193/4000 completion=0.0483 elapsed_s=1047.4 slot_direction=DL active_ue=200 cells=21 grants=0 served_bits=5378208 dropped_bits=0 overflow_events=0
[2026-04-14 10:36:43.508] INFO  system_level_lls_slot_progress slot=193/4000 completion=0.0483 elapsed_s=1047.4 slot_direction=DL active_ue=200 cells=21 grants=0 served_bits=5378208 dropped_bits=0 overflow_events=0
[2026-04-14T05:06:54Z] INFO system_level_lls_slot_progress slot=200/4000 completion=0.0500 elapsed_s=1058.5 slot_direction=UL active_ue=200 cells=21 grants=0 served_bits=5378208 dropped_bits=0 overflow_events=0
[2026-04-14 10:36:54.651] INFO  system_level_lls_slot_progress slot=200/4000 completion=0.0500 elapsed_s=1058.5 slot_direction=UL active_ue=200 cells=21 grants=0 served_bits=5378208 dropped_bits=0 overflow_events=0
[2026-04-14T05:07:24Z] INFO system_level_lls_slot_progress slot=220/4000 completion=0.0550 elapsed_s=1088.5 slot_direction=UL active_ue=200 cells=21 grants=0 served_bits=5378208 dropped_bits=0 overflow_events=0
[2026-04-14 10:37:24.673] INFO  system_level_lls_slot_progress slot=220/4000 completion=0.0550 elapsed_s=1088.5 slot_direction=UL active_ue=200 cells=21 grants=0 served_bits=5378208 dropped_bits=0 overflow_events=0
[2026-04-14T05:07:55Z] INFO system_level_lls_slot_progress slot=240/4000 completion=0.0600 elapsed_s=1119.2 slot_direction=UL active_ue=200 cells=21 grants=0 served_bits=5378208 dropped_bits=0 overflow_events=0
[2026-04-14 10:37:55.330] INFO  system_level_lls_slot_progress slot=240/4000 completion=0.0600 elapsed_s=1119.2 slot_direction=UL active_ue=200 cells=21 grants=0 served_bits=5378208 dropped_bits=0 overflow_events=0
[2026-04-14T05:08:10Z] INFO system_level_lls_slot_progress slot=250/4000 completion=0.0625 elapsed_s=1134.6 slot_direction=UL active_ue=200 cells=21 grants=0 served_bits=5378208 dropped_bits=0 overflow_events=0
[2026-04-14 10:38:10.778] INFO  system_level_lls_slot_progress slot=250/4000 completion=0.0625 elapsed_s=1134.6 slot_direction=UL active_ue=200 cells=21 grants=0 served_bits=5378208 dropped_bits=0 overflow_events=0
[2026-04-14T05:08:41Z] INFO system_level_lls_slot_progress slot=270/4000 completion=0.0675 elapsed_s=1165.1 slot_direction=UL active_ue=200 cells=21 grants=0 served_bits=5378208 dropped_bits=0 overflow_events=0
[2026-04-14 10:38:41.278] INFO  system_level_lls_slot_progress slot=270/4000 completion=0.0675 elapsed_s=1165.1 slot_direction=UL active_ue=200 cells=21 grants=0 served_bits=5378208 dropped_bits=0 overflow_events=0
[2026-04-14T05:09:11Z] INFO system_level_lls_slot_progress slot=290/4000 completion=0.0725 elapsed_s=1195.3 slot_direction=UL active_ue=200 cells=21 grants=0 served_bits=5378208 dropped_bits=0 overflow_events=0
[2026-04-14 10:39:11.403] INFO  system_level_lls_slot_progress slot=290/4000 completion=0.0725 elapsed_s=1195.3 slot_direction=UL active_ue=200 cells=21 grants=0 served_bits=5378208 dropped_bits=0 overflow_events=0
[2026-04-14T05:09:26Z] INFO system_level_lls_slot_progress slot=300/4000 completion=0.0750 elapsed_s=1210.0 slot_direction=UL active_ue=200 cells=21 grants=0 served_bits=5378208 dropped_bits=0 overflow_events=0
[2026-04-14 10:39:26.195] INFO  system_level_lls_slot_progress slot=300/4000 completion=0.0750 elapsed_s=1210.0 slot_direction=UL active_ue=200 cells=21 grants=0 served_bits=5378208 dropped_bits=0 overflow_events=0
[2026-04-14T05:09:57Z] INFO system_level_lls_slot_progress slot=321/4000 completion=0.0803 elapsed_s=1240.9 slot_direction=DL active_ue=200 cells=21 grants=0 served_bits=5378208 dropped_bits=0 overflow_events=0
[2026-04-14 10:39:57.059] INFO  system_level_lls_slot_progress slot=321/4000 completion=0.0803 elapsed_s=1240.9 slot_direction=DL active_ue=200 cells=21 grants=0 served_bits=5378208 dropped_bits=0 overflow_events=0
[2026-04-14T05:10:28Z] INFO system_level_lls_slot_progress slot=342/4000 completion=0.0855 elapsed_s=1271.9 slot_direction=DL active_ue=200 cells=21 grants=0 served_bits=5378208 dropped_bits=0 overflow_events=0
[2026-04-14 10:40:28.021] INFO  system_level_lls_slot_progress slot=342/4000 completion=0.0855 elapsed_s=1271.9 slot_direction=DL active_ue=200 cells=21 grants=0 served_bits=5378208 dropped_bits=0 overflow_events=0
[2026-04-14T05:10:40Z] INFO system_level_lls_slot_progress slot=350/4000 completion=0.0875 elapsed_s=1284.0 slot_direction=UL active_ue=200 cells=21 grants=0 served_bits=5378208 dropped_bits=0 overflow_events=0
[2026-04-14 10:40:40.160] INFO  system_level_lls_slot_progress slot=350/4000 completion=0.0875 elapsed_s=1284.0 slot_direction=UL active_ue=200 cells=21 grants=0 served_bits=5378208 dropped_bits=0 overflow_events=0
[2026-04-14T05:11:10Z] INFO system_level_lls_slot_progress slot=371/4000 completion=0.0927 elapsed_s=1314.7 slot_direction=DL active_ue=200 cells=21 grants=0 served_bits=5378208 dropped_bits=0 overflow_events=0
[2026-04-14 10:41:10.883] INFO  system_level_lls_slot_progress slot=371/4000 completion=0.0927 elapsed_s=1314.7 slot_direction=DL active_ue=200 cells=21 grants=0 served_bits=5378208 dropped_bits=0 overflow_events=0
[2026-04-14T05:11:41Z] INFO system_level_lls_slot_progress slot=392/4000 completion=0.0980 elapsed_s=1345.1 slot_direction=DL active_ue=200 cells=21 grants=0 served_bits=5378208 dropped_bits=0 overflow_events=0
[2026-04-14 10:41:41.286] INFO  system_level_lls_slot_progress slot=392/4000 completion=0.0980 elapsed_s=1345.1 slot_direction=DL active_ue=200 cells=21 grants=0 served_bits=5378208 dropped_bits=0 overflow_events=0
[2026-04-14T05:11:53Z] INFO system_level_lls_slot_progress slot=400/4000 completion=0.1000 elapsed_s=1357.1 slot_direction=UL active_ue=200 cells=21 grants=0 served_bits=5378208 dropped_bits=0 overflow_events=0
[2026-04-14 10:41:53.279] INFO  system_level_lls_slot_progress slot=400/4000 completion=0.1000 elapsed_s=1357.1 slot_direction=UL active_ue=200 cells=21 grants=0 served_bits=5378208 dropped_bits=0 overflow_events=0
[2026-04-14T05:12:23Z] INFO system_level_lls_slot_progress slot=423/4000 completion=0.1057 elapsed_s=1387.7 slot_direction=DL active_ue=200 cells=21 grants=0 served_bits=5378208 dropped_bits=0 overflow_events=0
[2026-04-14 10:42:23.811] INFO  system_level_lls_slot_progress slot=423/4000 completion=0.1057 elapsed_s=1387.7 slot_direction=DL active_ue=200 cells=21 grants=0 served_bits=5378208 dropped_bits=0 overflow_events=0
[2026-04-14T05:12:54Z] INFO system_level_lls_slot_progress slot=444/4000 completion=0.1110 elapsed_s=1418.7 slot_direction=S active_ue=200 cells=21 grants=0 served_bits=5378208 dropped_bits=0 overflow_events=0
[2026-04-14 10:42:54.832] INFO  system_level_lls_slot_progress slot=444/4000 completion=0.1110 elapsed_s=1418.7 slot_direction=S active_ue=200 cells=21 grants=0 served_bits=5378208 dropped_bits=0 overflow_events=0
[2026-04-14T05:13:03Z] INFO system_level_lls_slot_progress slot=450/4000 completion=0.1125 elapsed_s=1427.3 slot_direction=UL active_ue=200 cells=21 grants=0 served_bits=5378208 dropped_bits=0 overflow_events=0
[2026-04-14 10:43:03.451] INFO  system_level_lls_slot_progress slot=450/4000 completion=0.1125 elapsed_s=1427.3 slot_direction=UL active_ue=200 cells=21 grants=0 served_bits=5378208 dropped_bits=0 overflow_events=0
[2026-04-14T05:13:33Z] INFO system_level_lls_slot_progress slot=471/4000 completion=0.1177 elapsed_s=1457.8 slot_direction=DL active_ue=200 cells=21 grants=0 served_bits=5378208 dropped_bits=0 overflow_events=0
[2026-04-14 10:43:33.942] INFO  system_level_lls_slot_progress slot=471/4000 completion=0.1177 elapsed_s=1457.8 slot_direction=DL active_ue=200 cells=21 grants=0 served_bits=5378208 dropped_bits=0 overflow_events=0
[2026-04-14T05:14:04Z] INFO system_level_lls_slot_progress slot=492/4000 completion=0.1230 elapsed_s=1488.3 slot_direction=DL active_ue=200 cells=21 grants=0 served_bits=5378208 dropped_bits=0 overflow_events=0
[2026-04-14 10:44:04.435] INFO  system_level_lls_slot_progress slot=492/4000 completion=0.1230 elapsed_s=1488.3 slot_direction=DL active_ue=200 cells=21 grants=0 served_bits=5378208 dropped_bits=0 overflow_events=0
[2026-04-14T05:14:16Z] INFO system_level_lls_slot_progress slot=500/4000 completion=0.1250 elapsed_s=1500.2 slot_direction=UL active_ue=200 cells=21 grants=0 served_bits=5378208 dropped_bits=0 overflow_events=0
[2026-04-14 10:44:16.309] INFO  system_level_lls_slot_progress slot=500/4000 completion=0.1250 elapsed_s=1500.2 slot_direction=UL active_ue=200 cells=21 grants=0 served_bits=5378208 dropped_bits=0 overflow_events=0
[2026-04-14T05:14:46Z] INFO system_level_lls_slot_progress slot=521/4000 completion=0.1303 elapsed_s=1530.5 slot_direction=DL active_ue=200 cells=21 grants=0 served_bits=5378208 dropped_bits=0 overflow_events=0
[2026-04-14 10:44:46.603] INFO  system_level_lls_slot_progress slot=521/4000 completion=0.1303 elapsed_s=1530.5 slot_direction=DL active_ue=200 cells=21 grants=0 served_bits=5378208 dropped_bits=0 overflow_events=0
[2026-04-14T05:15:17Z] INFO system_level_lls_slot_progress slot=543/4000 completion=0.1358 elapsed_s=1561.6 slot_direction=DL active_ue=200 cells=21 grants=0 served_bits=5378208 dropped_bits=0 overflow_events=0
[2026-04-14 10:45:17.741] INFO  system_level_lls_slot_progress slot=543/4000 completion=0.1358 elapsed_s=1561.6 slot_direction=DL active_ue=200 cells=21 grants=0 served_bits=5378208 dropped_bits=0 overflow_events=0
[2026-04-14T05:15:28Z] INFO system_level_lls_slot_progress slot=550/4000 completion=0.1375 elapsed_s=1572.3 slot_direction=UL active_ue=200 cells=21 grants=0 served_bits=5378208 dropped_bits=0 overflow_events=0
[2026-04-14 10:45:28.472] INFO  system_level_lls_slot_progress slot=550/4000 completion=0.1375 elapsed_s=1572.3 slot_direction=UL active_ue=200 cells=21 grants=0 served_bits=5378208 dropped_bits=0 overflow_events=0
[2026-04-14T05:15:58Z] INFO system_level_lls_slot_progress slot=572/4000 completion=0.1430 elapsed_s=1602.6 slot_direction=DL active_ue=200 cells=21 grants=0 served_bits=5378208 dropped_bits=0 overflow_events=0
[2026-04-14 10:45:58.767] INFO  system_level_lls_slot_progress slot=572/4000 completion=0.1430 elapsed_s=1602.6 slot_direction=DL active_ue=200 cells=21 grants=0 served_bits=5378208 dropped_bits=0 overflow_events=0
[2026-04-14T05:16:29Z] INFO system_level_lls_slot_progress slot=594/4000 completion=0.1485 elapsed_s=1633.2 slot_direction=S active_ue=200 cells=21 grants=0 served_bits=5378208 dropped_bits=0 overflow_events=0
[2026-04-14 10:46:29.325] INFO  system_level_lls_slot_progress slot=594/4000 completion=0.1485 elapsed_s=1633.2 slot_direction=S active_ue=200 cells=21 grants=0 served_bits=5378208 dropped_bits=0 overflow_events=0
[2026-04-14T05:16:38Z] INFO system_level_lls_slot_progress slot=600/4000 completion=0.1500 elapsed_s=1641.9 slot_direction=UL active_ue=200 cells=21 grants=0 served_bits=5378208 dropped_bits=0 overflow_events=0
[2026-04-14 10:46:38.044] INFO  system_level_lls_slot_progress slot=600/4000 completion=0.1500 elapsed_s=1641.9 slot_direction=UL active_ue=200 cells=21 grants=0 served_bits=5378208 dropped_bits=0 overflow_events=0
[2026-04-14T05:17:08Z] INFO system_level_lls_slot_progress slot=625/4000 completion=0.1563 elapsed_s=1671.9 slot_direction=UL active_ue=200 cells=21 grants=0 served_bits=5378208 dropped_bits=0 overflow_events=0
[2026-04-14 10:47:08.056] INFO  system_level_lls_slot_progress slot=625/4000 completion=0.1563 elapsed_s=1671.9 slot_direction=UL active_ue=200 cells=21 grants=0 served_bits=5378208 dropped_bits=0 overflow_events=0
[2026-04-14T05:17:37Z] INFO system_level_lls_slot_progress slot=650/4000 completion=0.1625 elapsed_s=1700.9 slot_direction=UL active_ue=200 cells=21 grants=0 served_bits=5378208 dropped_bits=0 overflow_events=0
[2026-04-14 10:47:37.085] INFO  system_level_lls_slot_progress slot=650/4000 completion=0.1625 elapsed_s=1700.9 slot_direction=UL active_ue=200 cells=21 grants=0 served_bits=5378208 dropped_bits=0 overflow_events=0
[2026-04-14T05:18:08Z] INFO system_level_lls_slot_progress slot=677/4000 completion=0.1693 elapsed_s=1732.0 slot_direction=DL active_ue=200 cells=21 grants=0 served_bits=5378208 dropped_bits=0 overflow_events=0
[2026-04-14 10:48:08.116] INFO  system_level_lls_slot_progress slot=677/4000 completion=0.1693 elapsed_s=1732.0 slot_direction=DL active_ue=200 cells=21 grants=0 served_bits=5378208 dropped_bits=0 overflow_events=0
[2026-04-14T05:18:37Z] INFO system_level_lls_slot_progress slot=700/4000 completion=0.1750 elapsed_s=1761.4 slot_direction=UL active_ue=200 cells=21 grants=0 served_bits=5378208 dropped_bits=0 overflow_events=0
[2026-04-14 10:48:37.568] INFO  system_level_lls_slot_progress slot=700/4000 completion=0.1750 elapsed_s=1761.4 slot_direction=UL active_ue=200 cells=21 grants=0 served_bits=5378208 dropped_bits=0 overflow_events=0
[2026-04-14T05:19:07Z] INFO system_level_lls_slot_progress slot=725/4000 completion=0.1812 elapsed_s=1791.7 slot_direction=UL active_ue=200 cells=21 grants=0 served_bits=5378208 dropped_bits=0 overflow_events=0
[2026-04-14 10:49:07.843] INFO  system_level_lls_slot_progress slot=725/4000 completion=0.1812 elapsed_s=1791.7 slot_direction=UL active_ue=200 cells=21 grants=0 served_bits=5378208 dropped_bits=0 overflow_events=0
[2026-04-14T05:19:37Z] INFO system_level_lls_slot_progress slot=750/4000 completion=0.1875 elapsed_s=1821.6 slot_direction=UL active_ue=200 cells=21 grants=0 served_bits=5378208 dropped_bits=0 overflow_events=0
[2026-04-14 10:49:37.775] INFO  system_level_lls_slot_progress slot=750/4000 completion=0.1875 elapsed_s=1821.6 slot_direction=UL active_ue=200 cells=21 grants=0 served_bits=5378208 dropped_bits=0 overflow_events=0
[2026-04-14T05:20:07Z] INFO system_level_lls_slot_progress slot=774/4000 completion=0.1935 elapsed_s=1851.7 slot_direction=S active_ue=200 cells=21 grants=0 served_bits=5378208 dropped_bits=0 overflow_events=0
[2026-04-14 10:50:07.884] INFO  system_level_lls_slot_progress slot=774/4000 completion=0.1935 elapsed_s=1851.7 slot_direction=S active_ue=200 cells=21 grants=0 served_bits=5378208 dropped_bits=0 overflow_events=0
[2026-04-14T05:20:38Z] INFO system_level_lls_slot_progress slot=799/4000 completion=0.1998 elapsed_s=1882.6 slot_direction=S active_ue=200 cells=21 grants=0 served_bits=5378208 dropped_bits=0 overflow_events=0
[2026-04-14 10:50:38.769] INFO  system_level_lls_slot_progress slot=799/4000 completion=0.1998 elapsed_s=1882.6 slot_direction=S active_ue=200 cells=21 grants=0 served_bits=5378208 dropped_bits=0 overflow_events=0
[2026-04-14T05:20:39Z] INFO system_level_lls_slot_progress slot=800/4000 completion=0.2000 elapsed_s=1883.8 slot_direction=UL active_ue=200 cells=21 grants=0 served_bits=5378208 dropped_bits=0 overflow_events=0
[2026-04-14 10:50:39.917] INFO  system_level_lls_slot_progress slot=800/4000 completion=0.2000 elapsed_s=1883.8 slot_direction=UL active_ue=200 cells=21 grants=0 served_bits=5378208 dropped_bits=0 overflow_events=0
[2026-04-14T05:21:10Z] INFO system_level_lls_slot_progress slot=825/4000 completion=0.2062 elapsed_s=1914.7 slot_direction=UL active_ue=200 cells=21 grants=0 served_bits=5378208 dropped_bits=0 overflow_events=0
[2026-04-14 10:51:10.843] INFO  system_level_lls_slot_progress slot=825/4000 completion=0.2062 elapsed_s=1914.7 slot_direction=UL active_ue=200 cells=21 grants=0 served_bits=5378208 dropped_bits=0 overflow_events=0
[2026-04-14T05:21:41Z] INFO system_level_lls_slot_progress slot=849/4000 completion=0.2122 elapsed_s=1945.0 slot_direction=S active_ue=200 cells=21 grants=0 served_bits=5378208 dropped_bits=0 overflow_events=0
[2026-04-14 10:51:41.141] INFO  system_level_lls_slot_progress slot=849/4000 completion=0.2122 elapsed_s=1945.0 slot_direction=S active_ue=200 cells=21 grants=0 served_bits=5378208 dropped_bits=0 overflow_events=0
[2026-04-14T05:21:42Z] INFO system_level_lls_slot_progress slot=850/4000 completion=0.2125 elapsed_s=1946.2 slot_direction=UL active_ue=200 cells=21 grants=0 served_bits=5378208 dropped_bits=0 overflow_events=0
[2026-04-14 10:51:42.335] INFO  system_level_lls_slot_progress slot=850/4000 completion=0.2125 elapsed_s=1946.2 slot_direction=UL active_ue=200 cells=21 grants=0 served_bits=5378208 dropped_bits=0 overflow_events=0
[2026-04-14T05:22:13Z] INFO system_level_lls_slot_progress slot=873/4000 completion=0.2182 elapsed_s=1977.3 slot_direction=DL active_ue=200 cells=21 grants=0 served_bits=5378208 dropped_bits=0 overflow_events=0
[2026-04-14 10:52:13.423] INFO  system_level_lls_slot_progress slot=873/4000 completion=0.2182 elapsed_s=1977.3 slot_direction=DL active_ue=200 cells=21 grants=0 served_bits=5378208 dropped_bits=0 overflow_events=0
[2026-04-14T05:22:44Z] INFO system_level_lls_slot_progress slot=898/4000 completion=0.2245 elapsed_s=2008.1 slot_direction=DL active_ue=200 cells=21 grants=0 served_bits=5378208 dropped_bits=0 overflow_events=0
[2026-04-14 10:52:44.230] INFO  system_level_lls_slot_progress slot=898/4000 completion=0.2245 elapsed_s=2008.1 slot_direction=DL active_ue=200 cells=21 grants=0 served_bits=5378208 dropped_bits=0 overflow_events=0
[2026-04-14T05:22:46Z] INFO system_level_lls_slot_progress slot=900/4000 completion=0.2250 elapsed_s=2010.8 slot_direction=UL active_ue=200 cells=21 grants=0 served_bits=5378208 dropped_bits=0 overflow_events=0
[2026-04-14 10:52:46.964] INFO  system_level_lls_slot_progress slot=900/4000 completion=0.2250 elapsed_s=2010.8 slot_direction=UL active_ue=200 cells=21 grants=0 served_bits=5378208 dropped_bits=0 overflow_events=0
[2026-04-14T05:23:17Z] INFO system_level_lls_slot_progress slot=925/4000 completion=0.2313 elapsed_s=2041.6 slot_direction=UL active_ue=200 cells=21 grants=0 served_bits=5378208 dropped_bits=0 overflow_events=0
[2026-04-14 10:53:17.773] INFO  system_level_lls_slot_progress slot=925/4000 completion=0.2313 elapsed_s=2041.6 slot_direction=UL active_ue=200 cells=21 grants=0 served_bits=5378208 dropped_bits=0 overflow_events=0
[2026-04-14T05:23:48Z] INFO system_level_lls_slot_progress slot=950/4000 completion=0.2375 elapsed_s=2072.0 slot_direction=UL active_ue=200 cells=21 grants=0 served_bits=5378208 dropped_bits=0 overflow_events=0
[2026-04-14 10:53:48.142] INFO  system_level_lls_slot_progress slot=950/4000 completion=0.2375 elapsed_s=2072.0 slot_direction=UL active_ue=200 cells=21 grants=0 served_bits=5378208 dropped_bits=0 overflow_events=0
[2026-04-14T05:24:18Z] INFO system_level_lls_slot_progress slot=974/4000 completion=0.2435 elapsed_s=2102.5 slot_direction=S active_ue=200 cells=21 grants=0 served_bits=5378208 dropped_bits=0 overflow_events=0
[2026-04-14 10:54:18.639] INFO  system_level_lls_slot_progress slot=974/4000 completion=0.2435 elapsed_s=2102.5 slot_direction=S active_ue=200 cells=21 grants=0 served_bits=5378208 dropped_bits=0 overflow_events=0
[2026-04-14T05:24:49Z] INFO system_level_lls_slot_progress slot=999/4000 completion=0.2497 elapsed_s=2133.2 slot_direction=S active_ue=200 cells=21 grants=0 served_bits=5378208 dropped_bits=0 overflow_events=0
[2026-04-14 10:54:49.327] INFO  system_level_lls_slot_progress slot=999/4000 completion=0.2497 elapsed_s=2133.2 slot_direction=S active_ue=200 cells=21 grants=0 served_bits=5378208 dropped_bits=0 overflow_events=0
[2026-04-14T05:24:50Z] INFO system_level_lls_slot_progress slot=1000/4000 completion=0.2500 elapsed_s=2134.3 slot_direction=UL active_ue=200 cells=21 grants=0 served_bits=5378208 dropped_bits=0 overflow_events=0
[2026-04-14 10:54:50.430] INFO  system_level_lls_slot_progress slot=1000/4000 completion=0.2500 elapsed_s=2134.3 slot_direction=UL active_ue=200 cells=21 grants=0 served_bits=5378208 dropped_bits=0 overflow_events=0
[2026-04-14T05:25:21Z] INFO system_level_lls_slot_progress slot=1026/4000 completion=0.2565 elapsed_s=2165.2 slot_direction=DL active_ue=200 cells=21 grants=0 served_bits=5378208 dropped_bits=0 overflow_events=0
[2026-04-14 10:55:21.349] INFO  system_level_lls_slot_progress slot=1026/4000 completion=0.2565 elapsed_s=2165.2 slot_direction=DL active_ue=200 cells=21 grants=0 served_bits=5378208 dropped_bits=0 overflow_events=0
[2026-04-14T05:25:49Z] INFO system_level_lls_slot_progress slot=1050/4000 completion=0.2625 elapsed_s=2193.7 slot_direction=UL active_ue=200 cells=21 grants=0 served_bits=5378208 dropped_bits=0 overflow_events=0
[2026-04-14 10:55:49.879] INFO  system_level_lls_slot_progress slot=1050/4000 completion=0.2625 elapsed_s=2193.7 slot_direction=UL active_ue=200 cells=21 grants=0 served_bits=5378208 dropped_bits=0 overflow_events=0
[2026-04-14T05:26:20Z] INFO system_level_lls_slot_progress slot=1075/4000 completion=0.2687 elapsed_s=2224.3 slot_direction=UL active_ue=200 cells=21 grants=0 served_bits=5378208 dropped_bits=0 overflow_events=0
[2026-04-14 10:56:20.491] INFO  system_level_lls_slot_progress slot=1075/4000 completion=0.2687 elapsed_s=2224.3 slot_direction=UL active_ue=200 cells=21 grants=0 served_bits=5378208 dropped_bits=0 overflow_events=0
[2026-04-14T05:26:51Z] INFO system_level_lls_slot_progress slot=1100/4000 completion=0.2750 elapsed_s=2255.2 slot_direction=UL active_ue=200 cells=21 grants=0 served_bits=5378208 dropped_bits=0 overflow_events=0
[2026-04-14 10:56:51.337] INFO  system_level_lls_slot_progress slot=1100/4000 completion=0.2750 elapsed_s=2255.2 slot_direction=UL active_ue=200 cells=21 grants=0 served_bits=5378208 dropped_bits=0 overflow_events=0
[2026-04-14T05:27:21Z] INFO system_level_lls_slot_progress slot=1125/4000 completion=0.2813 elapsed_s=2285.5 slot_direction=UL active_ue=200 cells=21 grants=0 served_bits=5378208 dropped_bits=0 overflow_events=0
[2026-04-14 10:57:21.690] INFO  system_level_lls_slot_progress slot=1125/4000 completion=0.2813 elapsed_s=2285.5 slot_direction=UL active_ue=200 cells=21 grants=0 served_bits=5378208 dropped_bits=0 overflow_events=0
[2026-04-14T05:27:52Z] INFO system_level_lls_slot_progress slot=1150/4000 completion=0.2875 elapsed_s=2316.0 slot_direction=UL active_ue=200 cells=21 grants=0 served_bits=5378208 dropped_bits=0 overflow_events=0
[2026-04-14 10:57:52.127] INFO  system_level_lls_slot_progress slot=1150/4000 completion=0.2875 elapsed_s=2316.0 slot_direction=UL active_ue=200 cells=21 grants=0 served_bits=5378208 dropped_bits=0 overflow_events=0
[2026-04-14T05:28:22Z] INFO system_level_lls_slot_progress slot=1174/4000 completion=0.2935 elapsed_s=2346.2 slot_direction=S active_ue=200 cells=21 grants=0 served_bits=5378208 dropped_bits=0 overflow_events=0
[2026-04-14 10:58:22.319] INFO  system_level_lls_slot_progress slot=1174/4000 completion=0.2935 elapsed_s=2346.2 slot_direction=S active_ue=200 cells=21 grants=0 served_bits=5378208 dropped_bits=0 overflow_events=0
[2026-04-14T05:28:52Z] INFO system_level_lls_slot_progress slot=1198/4000 completion=0.2995 elapsed_s=2376.2 slot_direction=DL active_ue=200 cells=21 grants=0 served_bits=5378208 dropped_bits=0 overflow_events=0
[2026-04-14 10:58:52.331] INFO  system_level_lls_slot_progress slot=1198/4000 completion=0.2995 elapsed_s=2376.2 slot_direction=DL active_ue=200 cells=21 grants=0 served_bits=5378208 dropped_bits=0 overflow_events=0
[2026-04-14T05:28:55Z] INFO system_level_lls_slot_progress slot=1200/4000 completion=0.3000 elapsed_s=2379.0 slot_direction=UL active_ue=200 cells=21 grants=0 served_bits=5378208 dropped_bits=0 overflow_events=0
[2026-04-14 10:58:55.123] INFO  system_level_lls_slot_progress slot=1200/4000 completion=0.3000 elapsed_s=2379.0 slot_direction=UL active_ue=200 cells=21 grants=0 served_bits=5378208 dropped_bits=0 overflow_events=0
[2026-04-14T05:29:25Z] INFO system_level_lls_slot_progress slot=1225/4000 completion=0.3063 elapsed_s=2409.4 slot_direction=UL active_ue=200 cells=21 grants=0 served_bits=5378208 dropped_bits=0 overflow_events=0
[2026-04-14 10:59:25.571] INFO  system_level_lls_slot_progress slot=1225/4000 completion=0.3063 elapsed_s=2409.4 slot_direction=UL active_ue=200 cells=21 grants=0 served_bits=5378208 dropped_bits=0 overflow_events=0
