[2026-04-14T00:33:39Z] INFO Preparing LLS run: scenario=lls_3gpp_rel20_anchor_4ghz_100mhz_waveform_honest_200ue_4000slot runTag=web_rel20_4ghz_100mhz_200ue_4000slot_attempt7_20260414_060307 runFolder=C:\Users\Administrator\AppData\Local\Temp\2\sixgr_mysql_web_runs\lls_3gpp_rel20_anchor_4ghz_100mhz_waveform_honest_200ue_4000slot\web_rel20_4ghz_100mhz_200ue_4000slot_attempt7_20260414_060307
[2026-04-14T00:33:42Z] INFO Artifact store active=1 backend=mysql_web schema=sixgr_results
[2026-04-14T00:33:42Z] INFO Writing resolved snapshots.
[2026-04-14T00:33:42Z] INFO Exporting live geometry artifacts.
[2026-04-14T00:33:43Z] INFO Executing runner profile=system_level_lls.
[2026-04-14T00:33:44Z] INFO System-level LLS starting: NumTTI=4000 PHYBackend=waveform simulationMode=full_phy
[TR38901Plus] Resolved config: Scenario=UMa Fc_Hz=4000000000 PathlossModel=nrPathLoss ShadowSigma_dB=6 PathlossEnabled=1 ShadowEnabled=1 LOSEnabled=0
[2026-04-14T00:33:46Z] INFO system_level_lls_started slot=0/4000 completion=0.0000 elapsed_s=2.3 slot_direction=initializing active_ue=200 cells=21 grants=0 served_bits=0 dropped_bits=0 overflow_events=0
[2026-04-14 06:03:46.613] INFO  system_level_lls_started slot=0/4000 completion=0.0000 elapsed_s=2.3 slot_direction=initializing active_ue=200 cells=21 grants=0 served_bits=0 dropped_bits=0 overflow_events=0
[2026-04-14T00:33:46Z] INFO system_level_lls_slot1_post_mobility_update slot=0/4000 completion=0.0000 elapsed_s=2.4 slot_direction=slot1_post_mobility_update active_ue=200 cells=21 grants=0 served_bits=0 dropped_bits=0 overflow_events=0
[2026-04-14 06:03:46.731] INFO  system_level_lls_slot1_post_mobility_update slot=0/4000 completion=0.0000 elapsed_s=2.4 slot_direction=slot1_post_mobility_update active_ue=200 cells=21 grants=0 served_bits=0 dropped_bits=0 overflow_events=0
[2026-04-14T00:33:47Z] INFO system_level_lls_slot1_large_scale_ready slot=0/4000 completion=0.0000 elapsed_s=3.3 slot_direction=slot1_large_scale_ready active_ue=200 cells=21 grants=0 served_bits=0 dropped_bits=0 overflow_events=0
[2026-04-14 06:03:47.536] INFO  system_level_lls_slot1_large_scale_ready slot=0/4000 completion=0.0000 elapsed_s=3.3 slot_direction=slot1_large_scale_ready active_ue=200 cells=21 grants=0 served_bits=0 dropped_bits=0 overflow_events=0
[2026-04-14T00:33:47Z] INFO system_level_lls_slot1_active_ues_ready slot=0/4000 completion=0.0000 elapsed_s=3.3 slot_direction=DL active_ue=200 cells=21 grants=0 served_bits=0 dropped_bits=0 overflow_events=0
[2026-04-14 06:03:47.624] INFO  system_level_lls_slot1_active_ues_ready slot=0/4000 completion=0.0000 elapsed_s=3.3 slot_direction=DL active_ue=200 cells=21 grants=0 served_bits=0 dropped_bits=0 overflow_events=0
[2026-04-14T00:33:47Z] INFO system_level_lls_slot1_ue_by_cell_ready slot=0/4000 completion=0.0000 elapsed_s=3.4 slot_direction=DL active_ue=200 cells=21 grants=0 served_bits=0 dropped_bits=0 overflow_events=0
[2026-04-14 06:03:47.662] INFO  system_level_lls_slot1_ue_by_cell_ready slot=0/4000 completion=0.0000 elapsed_s=3.4 slot_direction=DL active_ue=200 cells=21 grants=0 served_bits=0 dropped_bits=0 overflow_events=0
[2026-04-14T00:33:47Z] INFO system_level_lls_slot1_scheduler_inputs_ready slot=0/4000 completion=0.0000 elapsed_s=3.6 slot_direction=DL active_ue=200 cells=21 grants=0 served_bits=0 dropped_bits=0 overflow_events=0
[2026-04-14 06:03:47.833] INFO  system_level_lls_slot1_scheduler_inputs_ready slot=0/4000 completion=0.0000 elapsed_s=3.6 slot_direction=DL active_ue=200 cells=21 grants=0 served_bits=0 dropped_bits=0 overflow_events=0
[2026-04-14T00:33:47Z] INFO system_level_lls_slot1_dl_scheduler_cell_1_started slot=0/4000 completion=0.0000 elapsed_s=3.6 slot_direction=DL active_ue=200 cells=21 grants=0 served_bits=0 dropped_bits=0 overflow_events=0
[2026-04-14 06:03:47.864] INFO  system_level_lls_slot1_dl_scheduler_cell_1_started slot=0/4000 completion=0.0000 elapsed_s=3.6 slot_direction=DL active_ue=200 cells=21 grants=0 served_bits=0 dropped_bits=0 overflow_events=0
[2026-04-14 06:04:37.836] INFO  SchedulerPF[DL] slot=0 ueStates=8 activeUE=8 maxUE=4 prbAvail=273 probe_s=0.170 probePlanTotal_s=0.144 probePlanMax_s=0.071 alloc_s=49.765 finalPlanTotal_s=49.673 finalPlanMax_s=18.000 total_s=49.955 grants=4
[2026-04-14 06:04:37.857] INFO  Slot1 DL scheduler cell=1 activeUE=8 grants=4 elapsed_s=49.977
[2026-04-14T00:34:37Z] INFO system_level_lls_slot1_dl_scheduler_cell_1_finished slot=0/4000 completion=0.0000 elapsed_s=53.6 slot_direction=DL active_ue=200 cells=21 grants=4 served_bits=0 dropped_bits=0 overflow_events=0
[2026-04-14 06:04:37.867] INFO  system_level_lls_slot1_dl_scheduler_cell_1_finished slot=0/4000 completion=0.0000 elapsed_s=53.6 slot_direction=DL active_ue=200 cells=21 grants=4 served_bits=0 dropped_bits=0 overflow_events=0
[2026-04-14T00:34:37Z] INFO system_level_lls_slot1_dl_scheduler_cell_2_started slot=0/4000 completion=0.0000 elapsed_s=53.6 slot_direction=DL active_ue=200 cells=21 grants=0 served_bits=0 dropped_bits=0 overflow_events=0
[2026-04-14 06:04:37.891] INFO  system_level_lls_slot1_dl_scheduler_cell_2_started slot=0/4000 completion=0.0000 elapsed_s=53.6 slot_direction=DL active_ue=200 cells=21 grants=0 served_bits=0 dropped_bits=0 overflow_events=0
[2026-04-14 06:05:41.136] INFO  SchedulerPF[DL] slot=0 ueStates=13 activeUE=13 maxUE=4 prbAvail=273 probe_s=0.047 probePlanTotal_s=0.034 probePlanMax_s=0.004 alloc_s=63.169 finalPlanTotal_s=63.113 finalPlanMax_s=18.276 total_s=63.226 grants=4
[2026-04-14 06:05:41.153] INFO  Slot1 DL scheduler cell=2 activeUE=13 grants=4 elapsed_s=63.245
[2026-04-14T00:35:41Z] INFO system_level_lls_slot1_dl_scheduler_cell_2_finished slot=0/4000 completion=0.0000 elapsed_s=116.9 slot_direction=DL active_ue=200 cells=21 grants=4 served_bits=0 dropped_bits=0 overflow_events=0
[2026-04-14 06:05:41.158] INFO  system_level_lls_slot1_dl_scheduler_cell_2_finished slot=0/4000 completion=0.0000 elapsed_s=116.9 slot_direction=DL active_ue=200 cells=21 grants=4 served_bits=0 dropped_bits=0 overflow_events=0
[2026-04-14T00:35:41Z] INFO system_level_lls_slot1_dl_scheduler_cell_3_started slot=0/4000 completion=0.0000 elapsed_s=116.9 slot_direction=DL active_ue=200 cells=21 grants=0 served_bits=0 dropped_bits=0 overflow_events=0
[2026-04-14 06:05:41.174] INFO  system_level_lls_slot1_dl_scheduler_cell_3_started slot=0/4000 completion=0.0000 elapsed_s=116.9 slot_direction=DL active_ue=200 cells=21 grants=0 served_bits=0 dropped_bits=0 overflow_events=0
[2026-04-14 06:06:45.497] INFO  SchedulerPF[DL] slot=0 ueStates=12 activeUE=12 maxUE=4 prbAvail=273 probe_s=0.037 probePlanTotal_s=0.035 probePlanMax_s=0.004 alloc_s=64.267 finalPlanTotal_s=64.259 finalPlanMax_s=18.221 total_s=64.308 grants=4
[2026-04-14 06:06:45.515] INFO  Slot1 DL scheduler cell=3 activeUE=12 grants=4 elapsed_s=64.327
[2026-04-14T00:36:45Z] INFO system_level_lls_slot1_dl_scheduler_cell_3_finished slot=0/4000 completion=0.0000 elapsed_s=181.2 slot_direction=DL active_ue=200 cells=21 grants=4 served_bits=0 dropped_bits=0 overflow_events=0
[2026-04-14 06:06:45.524] INFO  system_level_lls_slot1_dl_scheduler_cell_3_finished slot=0/4000 completion=0.0000 elapsed_s=181.2 slot_direction=DL active_ue=200 cells=21 grants=4 served_bits=0 dropped_bits=0 overflow_events=0
[2026-04-14T00:36:45Z] INFO system_level_lls_slot1_dl_scheduler_cell_4_started slot=0/4000 completion=0.0000 elapsed_s=181.3 slot_direction=DL active_ue=200 cells=21 grants=0 served_bits=0 dropped_bits=0 overflow_events=0
[2026-04-14 06:06:45.542] INFO  system_level_lls_slot1_dl_scheduler_cell_4_started slot=0/4000 completion=0.0000 elapsed_s=181.3 slot_direction=DL active_ue=200 cells=21 grants=0 served_bits=0 dropped_bits=0 overflow_events=0
[2026-04-14 06:08:01.700] INFO  SchedulerPF[DL] slot=0 ueStates=10 activeUE=10 maxUE=4 prbAvail=273 probe_s=0.027 probePlanTotal_s=0.026 probePlanMax_s=0.004 alloc_s=76.113 finalPlanTotal_s=76.109 finalPlanMax_s=19.240 total_s=76.144 grants=4
[2026-04-14 06:08:01.717] INFO  Slot1 DL scheduler cell=4 activeUE=10 grants=4 elapsed_s=76.162
[2026-04-14T00:38:01Z] INFO system_level_lls_slot1_dl_scheduler_cell_4_finished slot=0/4000 completion=0.0000 elapsed_s=257.4 slot_direction=DL active_ue=200 cells=21 grants=4 served_bits=0 dropped_bits=0 overflow_events=0
[2026-04-14 06:08:01.727] INFO  system_level_lls_slot1_dl_scheduler_cell_4_finished slot=0/4000 completion=0.0000 elapsed_s=257.4 slot_direction=DL active_ue=200 cells=21 grants=4 served_bits=0 dropped_bits=0 overflow_events=0
[2026-04-14T00:38:01Z] INFO system_level_lls_slot1_dl_scheduler_cell_5_started slot=0/4000 completion=0.0000 elapsed_s=257.5 slot_direction=DL active_ue=200 cells=21 grants=0 served_bits=0 dropped_bits=0 overflow_events=0
[2026-04-14 06:08:01.747] INFO  system_level_lls_slot1_dl_scheduler_cell_5_started slot=0/4000 completion=0.0000 elapsed_s=257.5 slot_direction=DL active_ue=200 cells=21 grants=0 served_bits=0 dropped_bits=0 overflow_events=0
