[2026-04-14T00:38:53Z] INFO Preparing LLS run: scenario=lls_3gpp_rel20_anchor_4ghz_100mhz_waveform_honest_200ue_4000slot runTag=web_rel20_4ghz_100mhz_200ue_4000slot_attempt8_20260414_060821 runFolder=C:\Users\Administrator\AppData\Local\Temp\2\sixgr_mysql_web_runs\lls_3gpp_rel20_anchor_4ghz_100mhz_waveform_honest_200ue_4000slot\web_rel20_4ghz_100mhz_200ue_4000slot_attempt8_20260414_060821
[2026-04-14T00:38:55Z] INFO Artifact store active=1 backend=mysql_web schema=sixgr_results
[2026-04-14T00:38:55Z] INFO Writing resolved snapshots.
[2026-04-14T00:38:56Z] INFO Exporting live geometry artifacts.
[2026-04-14T00:38:57Z] INFO Executing runner profile=system_level_lls.
[2026-04-14T00:38:57Z] INFO System-level LLS starting: NumTTI=4000 PHYBackend=waveform simulationMode=full_phy
[TR38901Plus] Resolved config: Scenario=UMa Fc_Hz=4000000000 PathlossModel=nrPathLoss ShadowSigma_dB=6 PathlossEnabled=1 ShadowEnabled=1 LOSEnabled=0
[2026-04-14T00:38:59Z] INFO system_level_lls_started slot=0/4000 completion=0.0000 elapsed_s=2.3 slot_direction=initializing active_ue=200 cells=21 grants=0 served_bits=0 dropped_bits=0 overflow_events=0
[2026-04-14 06:08:59.901] INFO  system_level_lls_started slot=0/4000 completion=0.0000 elapsed_s=2.3 slot_direction=initializing active_ue=200 cells=21 grants=0 served_bits=0 dropped_bits=0 overflow_events=0
[2026-04-14T00:39:00Z] INFO system_level_lls_slot1_post_mobility_update slot=0/4000 completion=0.0000 elapsed_s=2.5 slot_direction=slot1_post_mobility_update active_ue=200 cells=21 grants=0 served_bits=0 dropped_bits=0 overflow_events=0
[2026-04-14 06:09:00.026] INFO  system_level_lls_slot1_post_mobility_update slot=0/4000 completion=0.0000 elapsed_s=2.5 slot_direction=slot1_post_mobility_update active_ue=200 cells=21 grants=0 served_bits=0 dropped_bits=0 overflow_events=0
[2026-04-14T00:39:00Z] INFO system_level_lls_slot1_large_scale_ready slot=0/4000 completion=0.0000 elapsed_s=3.3 slot_direction=slot1_large_scale_ready active_ue=200 cells=21 grants=0 served_bits=0 dropped_bits=0 overflow_events=0
[2026-04-14 06:09:00.852] INFO  system_level_lls_slot1_large_scale_ready slot=0/4000 completion=0.0000 elapsed_s=3.3 slot_direction=slot1_large_scale_ready active_ue=200 cells=21 grants=0 served_bits=0 dropped_bits=0 overflow_events=0
[2026-04-14T00:39:00Z] INFO system_level_lls_slot1_active_ues_ready slot=0/4000 completion=0.0000 elapsed_s=3.4 slot_direction=DL active_ue=200 cells=21 grants=0 served_bits=0 dropped_bits=0 overflow_events=0
[2026-04-14 06:09:00.919] INFO  system_level_lls_slot1_active_ues_ready slot=0/4000 completion=0.0000 elapsed_s=3.4 slot_direction=DL active_ue=200 cells=21 grants=0 served_bits=0 dropped_bits=0 overflow_events=0
[2026-04-14T00:39:00Z] INFO system_level_lls_slot1_ue_by_cell_ready slot=0/4000 completion=0.0000 elapsed_s=3.4 slot_direction=DL active_ue=200 cells=21 grants=0 served_bits=0 dropped_bits=0 overflow_events=0
[2026-04-14 06:09:00.968] INFO  system_level_lls_slot1_ue_by_cell_ready slot=0/4000 completion=0.0000 elapsed_s=3.4 slot_direction=DL active_ue=200 cells=21 grants=0 served_bits=0 dropped_bits=0 overflow_events=0
[2026-04-14T00:39:01Z] INFO system_level_lls_slot1_scheduler_inputs_ready slot=0/4000 completion=0.0000 elapsed_s=3.6 slot_direction=DL active_ue=200 cells=21 grants=0 served_bits=0 dropped_bits=0 overflow_events=0
[2026-04-14 06:09:01.154] INFO  system_level_lls_slot1_scheduler_inputs_ready slot=0/4000 completion=0.0000 elapsed_s=3.6 slot_direction=DL active_ue=200 cells=21 grants=0 served_bits=0 dropped_bits=0 overflow_events=0
[2026-04-14T00:39:01Z] INFO system_level_lls_slot1_dl_scheduler_cell_1_started slot=0/4000 completion=0.0000 elapsed_s=3.6 slot_direction=DL active_ue=200 cells=21 grants=0 served_bits=0 dropped_bits=0 overflow_events=0
[2026-04-14 06:09:01.192] INFO  system_level_lls_slot1_dl_scheduler_cell_1_started slot=0/4000 completion=0.0000 elapsed_s=3.6 slot_direction=DL active_ue=200 cells=21 grants=0 served_bits=0 dropped_bits=0 overflow_events=0
[2026-04-14 06:09:12.709] INFO  SchedulerPF[DL] slot=0 ueStates=8 activeUE=8 maxUE=4 prbAvail=273 probe_s=0.165 probePlanTotal_s=0.140 probePlanMax_s=0.067 alloc_s=11.306 finalPlanTotal_s=11.226 finalPlanMax_s=4.105 total_s=11.495 grants=4
[2026-04-14 06:09:12.730] INFO  Slot1 DL scheduler cell=1 activeUE=8 grants=4 elapsed_s=11.518
[2026-04-14T00:39:12Z] INFO system_level_lls_slot1_dl_scheduler_cell_1_finished slot=0/4000 completion=0.0000 elapsed_s=15.2 slot_direction=DL active_ue=200 cells=21 grants=4 served_bits=0 dropped_bits=0 overflow_events=0
[2026-04-14 06:09:12.739] INFO  system_level_lls_slot1_dl_scheduler_cell_1_finished slot=0/4000 completion=0.0000 elapsed_s=15.2 slot_direction=DL active_ue=200 cells=21 grants=4 served_bits=0 dropped_bits=0 overflow_events=0
[2026-04-14T00:39:12Z] INFO system_level_lls_slot1_dl_scheduler_cell_2_started slot=0/4000 completion=0.0000 elapsed_s=15.2 slot_direction=DL active_ue=200 cells=21 grants=0 served_bits=0 dropped_bits=0 overflow_events=0
[2026-04-14 06:09:12.759] INFO  system_level_lls_slot1_dl_scheduler_cell_2_started slot=0/4000 completion=0.0000 elapsed_s=15.2 slot_direction=DL active_ue=200 cells=21 grants=0 served_bits=0 dropped_bits=0 overflow_events=0
[2026-04-14 06:09:26.101] INFO  SchedulerPF[DL] slot=0 ueStates=13 activeUE=13 maxUE=4 prbAvail=273 probe_s=0.046 probePlanTotal_s=0.034 probePlanMax_s=0.004 alloc_s=13.278 finalPlanTotal_s=13.223 finalPlanMax_s=3.862 total_s=13.329 grants=4
[2026-04-14 06:09:26.117] INFO  Slot1 DL scheduler cell=2 activeUE=13 grants=4 elapsed_s=13.346
[2026-04-14T00:39:26Z] INFO system_level_lls_slot1_dl_scheduler_cell_2_finished slot=0/4000 completion=0.0000 elapsed_s=28.6 slot_direction=DL active_ue=200 cells=21 grants=4 served_bits=0 dropped_bits=0 overflow_events=0
[2026-04-14 06:09:26.124] INFO  system_level_lls_slot1_dl_scheduler_cell_2_finished slot=0/4000 completion=0.0000 elapsed_s=28.6 slot_direction=DL active_ue=200 cells=21 grants=4 served_bits=0 dropped_bits=0 overflow_events=0
[2026-04-14T00:39:26Z] INFO system_level_lls_slot1_dl_scheduler_cell_3_started slot=0/4000 completion=0.0000 elapsed_s=28.6 slot_direction=DL active_ue=200 cells=21 grants=0 served_bits=0 dropped_bits=0 overflow_events=0
[2026-04-14 06:09:26.143] INFO  system_level_lls_slot1_dl_scheduler_cell_3_started slot=0/4000 completion=0.0000 elapsed_s=28.6 slot_direction=DL active_ue=200 cells=21 grants=0 served_bits=0 dropped_bits=0 overflow_events=0
[2026-04-14 06:09:38.796] INFO  SchedulerPF[DL] slot=0 ueStates=12 activeUE=12 maxUE=4 prbAvail=273 probe_s=0.034 probePlanTotal_s=0.033 probePlanMax_s=0.004 alloc_s=12.603 finalPlanTotal_s=12.595 finalPlanMax_s=3.574 total_s=12.641 grants=4
[2026-04-14 06:09:38.814] INFO  Slot1 DL scheduler cell=3 activeUE=12 grants=4 elapsed_s=12.659
[2026-04-14T00:39:38Z] INFO system_level_lls_slot1_dl_scheduler_cell_3_finished slot=0/4000 completion=0.0000 elapsed_s=41.3 slot_direction=DL active_ue=200 cells=21 grants=4 served_bits=0 dropped_bits=0 overflow_events=0
[2026-04-14 06:09:38.819] INFO  system_level_lls_slot1_dl_scheduler_cell_3_finished slot=0/4000 completion=0.0000 elapsed_s=41.3 slot_direction=DL active_ue=200 cells=21 grants=4 served_bits=0 dropped_bits=0 overflow_events=0
[2026-04-14T00:39:38Z] INFO system_level_lls_slot1_dl_scheduler_cell_4_started slot=0/4000 completion=0.0000 elapsed_s=41.3 slot_direction=DL active_ue=200 cells=21 grants=0 served_bits=0 dropped_bits=0 overflow_events=0
[2026-04-14 06:09:38.837] INFO  system_level_lls_slot1_dl_scheduler_cell_4_started slot=0/4000 completion=0.0000 elapsed_s=41.3 slot_direction=DL active_ue=200 cells=21 grants=0 served_bits=0 dropped_bits=0 overflow_events=0
[2026-04-14 06:09:52.517] INFO  SchedulerPF[DL] slot=0 ueStates=10 activeUE=10 maxUE=4 prbAvail=273 probe_s=0.027 probePlanTotal_s=0.026 probePlanMax_s=0.004 alloc_s=13.634 finalPlanTotal_s=13.630 finalPlanMax_s=3.552 total_s=13.666 grants=4
[2026-04-14 06:09:52.535] INFO  Slot1 DL scheduler cell=4 activeUE=10 grants=4 elapsed_s=13.684
[2026-04-14T00:39:52Z] INFO system_level_lls_slot1_dl_scheduler_cell_4_finished slot=0/4000 completion=0.0000 elapsed_s=55.0 slot_direction=DL active_ue=200 cells=21 grants=4 served_bits=0 dropped_bits=0 overflow_events=0
[2026-04-14 06:09:52.543] INFO  system_level_lls_slot1_dl_scheduler_cell_4_finished slot=0/4000 completion=0.0000 elapsed_s=55.0 slot_direction=DL active_ue=200 cells=21 grants=4 served_bits=0 dropped_bits=0 overflow_events=0
[2026-04-14T00:39:52Z] INFO system_level_lls_slot1_dl_scheduler_cell_5_started slot=0/4000 completion=0.0000 elapsed_s=55.0 slot_direction=DL active_ue=200 cells=21 grants=0 served_bits=0 dropped_bits=0 overflow_events=0
[2026-04-14 06:09:52.564] INFO  system_level_lls_slot1_dl_scheduler_cell_5_started slot=0/4000 completion=0.0000 elapsed_s=55.0 slot_direction=DL active_ue=200 cells=21 grants=0 served_bits=0 dropped_bits=0 overflow_events=0
[2026-04-14 06:10:04.652] INFO  SchedulerPF[DL] slot=0 ueStates=12 activeUE=12 maxUE=4 prbAvail=273 probe_s=0.034 probePlanTotal_s=0.032 probePlanMax_s=0.003 alloc_s=12.006 finalPlanTotal_s=12.001 finalPlanMax_s=3.563 total_s=12.062 grants=4
[2026-04-14 06:10:04.674] INFO  Slot1 DL scheduler cell=5 activeUE=12 grants=4 elapsed_s=12.090
[2026-04-14T00:40:04Z] INFO system_level_lls_slot1_dl_scheduler_cell_5_finished slot=0/4000 completion=0.0000 elapsed_s=67.1 slot_direction=DL active_ue=200 cells=21 grants=4 served_bits=0 dropped_bits=0 overflow_events=0
[2026-04-14 06:10:04.681] INFO  system_level_lls_slot1_dl_scheduler_cell_5_finished slot=0/4000 completion=0.0000 elapsed_s=67.1 slot_direction=DL active_ue=200 cells=21 grants=4 served_bits=0 dropped_bits=0 overflow_events=0
[2026-04-14T00:40:04Z] INFO system_level_lls_slot1_dl_scheduler_cell_6_started slot=0/4000 completion=0.0000 elapsed_s=67.1 slot_direction=DL active_ue=200 cells=21 grants=0 served_bits=0 dropped_bits=0 overflow_events=0
[2026-04-14 06:10:04.698] INFO  system_level_lls_slot1_dl_scheduler_cell_6_started slot=0/4000 completion=0.0000 elapsed_s=67.1 slot_direction=DL active_ue=200 cells=21 grants=0 served_bits=0 dropped_bits=0 overflow_events=0
[2026-04-14 06:10:17.687] INFO  SchedulerPF[DL] slot=0 ueStates=11 activeUE=11 maxUE=4 prbAvail=273 probe_s=0.032 probePlanTotal_s=0.031 probePlanMax_s=0.003 alloc_s=12.939 finalPlanTotal_s=12.935 finalPlanMax_s=3.684 total_s=12.972 grants=4
[2026-04-14 06:10:17.707] INFO  Slot1 DL scheduler cell=6 activeUE=11 grants=4 elapsed_s=12.993
[2026-04-14T00:40:17Z] INFO system_level_lls_slot1_dl_scheduler_cell_6_finished slot=0/4000 completion=0.0000 elapsed_s=80.2 slot_direction=DL active_ue=200 cells=21 grants=4 served_bits=0 dropped_bits=0 overflow_events=0
[2026-04-14 06:10:17.717] INFO  system_level_lls_slot1_dl_scheduler_cell_6_finished slot=0/4000 completion=0.0000 elapsed_s=80.2 slot_direction=DL active_ue=200 cells=21 grants=4 served_bits=0 dropped_bits=0 overflow_events=0
[2026-04-14T00:40:17Z] INFO system_level_lls_slot1_dl_scheduler_cell_7_started slot=0/4000 completion=0.0000 elapsed_s=80.2 slot_direction=DL active_ue=200 cells=21 grants=0 served_bits=0 dropped_bits=0 overflow_events=0
[2026-04-14 06:10:17.739] INFO  system_level_lls_slot1_dl_scheduler_cell_7_started slot=0/4000 completion=0.0000 elapsed_s=80.2 slot_direction=DL active_ue=200 cells=21 grants=0 served_bits=0 dropped_bits=0 overflow_events=0
[2026-04-14 06:10:27.525] INFO  SchedulerPF[DL] slot=0 ueStates=10 activeUE=10 maxUE=4 prbAvail=273 probe_s=0.030 probePlanTotal_s=0.029 probePlanMax_s=0.004 alloc_s=9.740 finalPlanTotal_s=9.736 finalPlanMax_s=3.560 total_s=9.771 grants=4
[2026-04-14 06:10:27.543] INFO  Slot1 DL scheduler cell=7 activeUE=10 grants=4 elapsed_s=9.788
[2026-04-14T00:40:27Z] INFO system_level_lls_slot1_dl_scheduler_cell_7_finished slot=0/4000 completion=0.0000 elapsed_s=90.0 slot_direction=DL active_ue=200 cells=21 grants=4 served_bits=0 dropped_bits=0 overflow_events=0
[2026-04-14 06:10:27.552] INFO  system_level_lls_slot1_dl_scheduler_cell_7_finished slot=0/4000 completion=0.0000 elapsed_s=90.0 slot_direction=DL active_ue=200 cells=21 grants=4 served_bits=0 dropped_bits=0 overflow_events=0
[2026-04-14T00:40:27Z] INFO system_level_lls_slot1_dl_scheduler_cell_8_started slot=0/4000 completion=0.0000 elapsed_s=90.0 slot_direction=DL active_ue=200 cells=21 grants=0 served_bits=0 dropped_bits=0 overflow_events=0
[2026-04-14 06:10:27.569] INFO  system_level_lls_slot1_dl_scheduler_cell_8_started slot=0/4000 completion=0.0000 elapsed_s=90.0 slot_direction=DL active_ue=200 cells=21 grants=0 served_bits=0 dropped_bits=0 overflow_events=0
[2026-04-14 06:10:33.035] INFO  SchedulerPF[DL] slot=0 ueStates=9 activeUE=9 maxUE=4 prbAvail=273 probe_s=0.025 probePlanTotal_s=0.024 probePlanMax_s=0.003 alloc_s=5.430 finalPlanTotal_s=5.426 finalPlanMax_s=2.830 total_s=5.455 grants=4
[2026-04-14 06:10:33.051] INFO  Slot1 DL scheduler cell=8 activeUE=9 grants=4 elapsed_s=5.470
[2026-04-14T00:40:33Z] INFO system_level_lls_slot1_dl_scheduler_cell_8_finished slot=0/4000 completion=0.0000 elapsed_s=95.5 slot_direction=DL active_ue=200 cells=21 grants=4 served_bits=0 dropped_bits=0 overflow_events=0
[2026-04-14 06:10:33.059] INFO  system_level_lls_slot1_dl_scheduler_cell_8_finished slot=0/4000 completion=0.0000 elapsed_s=95.5 slot_direction=DL active_ue=200 cells=21 grants=4 served_bits=0 dropped_bits=0 overflow_events=0
[2026-04-14T00:40:33Z] INFO system_level_lls_slot1_dl_scheduler_cell_9_started slot=0/4000 completion=0.0000 elapsed_s=95.5 slot_direction=DL active_ue=200 cells=21 grants=0 served_bits=0 dropped_bits=0 overflow_events=0
[2026-04-14 06:10:33.074] INFO  system_level_lls_slot1_dl_scheduler_cell_9_started slot=0/4000 completion=0.0000 elapsed_s=95.5 slot_direction=DL active_ue=200 cells=21 grants=0 served_bits=0 dropped_bits=0 overflow_events=0
[2026-04-14 06:10:45.708] INFO  SchedulerPF[DL] slot=0 ueStates=9 activeUE=9 maxUE=4 prbAvail=273 probe_s=0.029 probePlanTotal_s=0.028 probePlanMax_s=0.003 alloc_s=12.592 finalPlanTotal_s=12.588 finalPlanMax_s=3.326 total_s=12.621 grants=4
[2026-04-14 06:10:45.724] INFO  Slot1 DL scheduler cell=9 activeUE=9 grants=4 elapsed_s=12.638
[2026-04-14T00:40:45Z] INFO system_level_lls_slot1_dl_scheduler_cell_9_finished slot=0/4000 completion=0.0000 elapsed_s=108.2 slot_direction=DL active_ue=200 cells=21 grants=4 served_bits=0 dropped_bits=0 overflow_events=0
[2026-04-14 06:10:45.730] INFO  system_level_lls_slot1_dl_scheduler_cell_9_finished slot=0/4000 completion=0.0000 elapsed_s=108.2 slot_direction=DL active_ue=200 cells=21 grants=4 served_bits=0 dropped_bits=0 overflow_events=0
[2026-04-14T00:40:45Z] INFO system_level_lls_slot1_dl_scheduler_cell_10_started slot=0/4000 completion=0.0000 elapsed_s=108.2 slot_direction=DL active_ue=200 cells=21 grants=0 served_bits=0 dropped_bits=0 overflow_events=0
[2026-04-14 06:10:45.743] INFO  system_level_lls_slot1_dl_scheduler_cell_10_started slot=0/4000 completion=0.0000 elapsed_s=108.2 slot_direction=DL active_ue=200 cells=21 grants=0 served_bits=0 dropped_bits=0 overflow_events=0
[2026-04-14 06:10:53.827] INFO  SchedulerPF[DL] slot=0 ueStates=11 activeUE=11 maxUE=4 prbAvail=273 probe_s=0.030 probePlanTotal_s=0.029 probePlanMax_s=0.003 alloc_s=8.042 finalPlanTotal_s=8.038 finalPlanMax_s=3.129 total_s=8.073 grants=4
[2026-04-14 06:10:53.844] INFO  Slot1 DL scheduler cell=10 activeUE=11 grants=4 elapsed_s=8.089
[2026-04-14T00:40:53Z] INFO system_level_lls_slot1_dl_scheduler_cell_10_finished slot=0/4000 completion=0.0000 elapsed_s=116.3 slot_direction=DL active_ue=200 cells=21 grants=4 served_bits=0 dropped_bits=0 overflow_events=0
[2026-04-14 06:10:53.852] INFO  system_level_lls_slot1_dl_scheduler_cell_10_finished slot=0/4000 completion=0.0000 elapsed_s=116.3 slot_direction=DL active_ue=200 cells=21 grants=4 served_bits=0 dropped_bits=0 overflow_events=0
[2026-04-14T00:40:53Z] INFO system_level_lls_slot1_dl_scheduler_cell_11_started slot=0/4000 completion=0.0000 elapsed_s=116.3 slot_direction=DL active_ue=200 cells=21 grants=0 served_bits=0 dropped_bits=0 overflow_events=0
[2026-04-14 06:10:53.868] INFO  system_level_lls_slot1_dl_scheduler_cell_11_started slot=0/4000 completion=0.0000 elapsed_s=116.3 slot_direction=DL active_ue=200 cells=21 grants=0 served_bits=0 dropped_bits=0 overflow_events=0
[2026-04-14 06:11:04.232] INFO  SchedulerPF[DL] slot=0 ueStates=9 activeUE=9 maxUE=4 prbAvail=273 probe_s=0.024 probePlanTotal_s=0.023 probePlanMax_s=0.003 alloc_s=10.327 finalPlanTotal_s=10.323 finalPlanMax_s=2.863 total_s=10.352 grants=4
[2026-04-14 06:11:04.248] INFO  Slot1 DL scheduler cell=11 activeUE=9 grants=4 elapsed_s=10.368
[2026-04-14T00:41:04Z] INFO system_level_lls_slot1_dl_scheduler_cell_11_finished slot=0/4000 completion=0.0000 elapsed_s=126.7 slot_direction=DL active_ue=200 cells=21 grants=4 served_bits=0 dropped_bits=0 overflow_events=0
[2026-04-14 06:11:04.254] INFO  system_level_lls_slot1_dl_scheduler_cell_11_finished slot=0/4000 completion=0.0000 elapsed_s=126.7 slot_direction=DL active_ue=200 cells=21 grants=4 served_bits=0 dropped_bits=0 overflow_events=0
[2026-04-14T00:41:04Z] INFO system_level_lls_slot1_dl_scheduler_cell_12_started slot=0/4000 completion=0.0000 elapsed_s=126.7 slot_direction=DL active_ue=200 cells=21 grants=0 served_bits=0 dropped_bits=0 overflow_events=0
[2026-04-14 06:11:04.274] INFO  system_level_lls_slot1_dl_scheduler_cell_12_started slot=0/4000 completion=0.0000 elapsed_s=126.7 slot_direction=DL active_ue=200 cells=21 grants=0 served_bits=0 dropped_bits=0 overflow_events=0
[2026-04-14 06:11:16.918] INFO  SchedulerPF[DL] slot=0 ueStates=9 activeUE=9 maxUE=4 prbAvail=273 probe_s=0.028 probePlanTotal_s=0.027 probePlanMax_s=0.005 alloc_s=12.598 finalPlanTotal_s=12.594 finalPlanMax_s=3.723 total_s=12.627 grants=4
[2026-04-14 06:11:16.936] INFO  Slot1 DL scheduler cell=12 activeUE=9 grants=4 elapsed_s=12.644
[2026-04-14T00:41:16Z] INFO system_level_lls_slot1_dl_scheduler_cell_12_finished slot=0/4000 completion=0.0000 elapsed_s=139.4 slot_direction=DL active_ue=200 cells=21 grants=4 served_bits=0 dropped_bits=0 overflow_events=0
[2026-04-14 06:11:16.944] INFO  system_level_lls_slot1_dl_scheduler_cell_12_finished slot=0/4000 completion=0.0000 elapsed_s=139.4 slot_direction=DL active_ue=200 cells=21 grants=4 served_bits=0 dropped_bits=0 overflow_events=0
[2026-04-14T00:41:16Z] INFO system_level_lls_slot1_dl_scheduler_cell_13_started slot=0/4000 completion=0.0000 elapsed_s=139.4 slot_direction=DL active_ue=200 cells=21 grants=0 served_bits=0 dropped_bits=0 overflow_events=0
[2026-04-14 06:11:16.963] INFO  system_level_lls_slot1_dl_scheduler_cell_13_started slot=0/4000 completion=0.0000 elapsed_s=139.4 slot_direction=DL active_ue=200 cells=21 grants=0 served_bits=0 dropped_bits=0 overflow_events=0
[2026-04-14 06:11:24.602] INFO  SchedulerPF[DL] slot=0 ueStates=10 activeUE=10 maxUE=4 prbAvail=273 probe_s=0.033 probePlanTotal_s=0.032 probePlanMax_s=0.005 alloc_s=7.587 finalPlanTotal_s=7.583 finalPlanMax_s=3.885 total_s=7.620 grants=4
[2026-04-14 06:11:24.623] INFO  Slot1 DL scheduler cell=13 activeUE=10 grants=4 elapsed_s=7.640
[2026-04-14T00:41:24Z] INFO system_level_lls_slot1_dl_scheduler_cell_13_finished slot=0/4000 completion=0.0000 elapsed_s=147.1 slot_direction=DL active_ue=200 cells=21 grants=4 served_bits=0 dropped_bits=0 overflow_events=0
[2026-04-14 06:11:24.631] INFO  system_level_lls_slot1_dl_scheduler_cell_13_finished slot=0/4000 completion=0.0000 elapsed_s=147.1 slot_direction=DL active_ue=200 cells=21 grants=4 served_bits=0 dropped_bits=0 overflow_events=0
[2026-04-14T00:41:24Z] INFO system_level_lls_slot1_dl_scheduler_cell_14_started slot=0/4000 completion=0.0000 elapsed_s=147.1 slot_direction=DL active_ue=200 cells=21 grants=0 served_bits=0 dropped_bits=0 overflow_events=0
[2026-04-14 06:11:24.648] INFO  system_level_lls_slot1_dl_scheduler_cell_14_started slot=0/4000 completion=0.0000 elapsed_s=147.1 slot_direction=DL active_ue=200 cells=21 grants=0 served_bits=0 dropped_bits=0 overflow_events=0
[2026-04-14 06:11:37.703] INFO  SchedulerPF[DL] slot=0 ueStates=8 activeUE=8 maxUE=4 prbAvail=273 probe_s=0.030 probePlanTotal_s=0.029 probePlanMax_s=0.007 alloc_s=13.008 finalPlanTotal_s=13.004 finalPlanMax_s=3.652 total_s=13.040 grants=4
[2026-04-14 06:11:37.720] INFO  Slot1 DL scheduler cell=14 activeUE=8 grants=4 elapsed_s=13.058
[2026-04-14T00:41:37Z] INFO system_level_lls_slot1_dl_scheduler_cell_14_finished slot=0/4000 completion=0.0000 elapsed_s=160.2 slot_direction=DL active_ue=200 cells=21 grants=4 served_bits=0 dropped_bits=0 overflow_events=0
[2026-04-14 06:11:37.727] INFO  system_level_lls_slot1_dl_scheduler_cell_14_finished slot=0/4000 completion=0.0000 elapsed_s=160.2 slot_direction=DL active_ue=200 cells=21 grants=4 served_bits=0 dropped_bits=0 overflow_events=0
[2026-04-14T00:41:37Z] INFO system_level_lls_slot1_dl_scheduler_cell_15_started slot=0/4000 completion=0.0000 elapsed_s=160.2 slot_direction=DL active_ue=200 cells=21 grants=0 served_bits=0 dropped_bits=0 overflow_events=0
[2026-04-14 06:11:37.751] INFO  system_level_lls_slot1_dl_scheduler_cell_15_started slot=0/4000 completion=0.0000 elapsed_s=160.2 slot_direction=DL active_ue=200 cells=21 grants=0 served_bits=0 dropped_bits=0 overflow_events=0
[2026-04-14 06:11:51.133] INFO  SchedulerPF[DL] slot=0 ueStates=9 activeUE=9 maxUE=4 prbAvail=273 probe_s=0.028 probePlanTotal_s=0.027 probePlanMax_s=0.005 alloc_s=13.338 finalPlanTotal_s=13.334 finalPlanMax_s=3.774 total_s=13.367 grants=4
[2026-04-14 06:11:51.150] INFO  Slot1 DL scheduler cell=15 activeUE=9 grants=4 elapsed_s=13.383
[2026-04-14T00:41:51Z] INFO system_level_lls_slot1_dl_scheduler_cell_15_finished slot=0/4000 completion=0.0000 elapsed_s=173.6 slot_direction=DL active_ue=200 cells=21 grants=4 served_bits=0 dropped_bits=0 overflow_events=0
[2026-04-14 06:11:51.158] INFO  system_level_lls_slot1_dl_scheduler_cell_15_finished slot=0/4000 completion=0.0000 elapsed_s=173.6 slot_direction=DL active_ue=200 cells=21 grants=4 served_bits=0 dropped_bits=0 overflow_events=0
[2026-04-14T00:41:51Z] INFO system_level_lls_slot1_dl_scheduler_cell_16_started slot=0/4000 completion=0.0000 elapsed_s=173.6 slot_direction=DL active_ue=200 cells=21 grants=0 served_bits=0 dropped_bits=0 overflow_events=0
[2026-04-14 06:11:51.175] INFO  system_level_lls_slot1_dl_scheduler_cell_16_started slot=0/4000 completion=0.0000 elapsed_s=173.6 slot_direction=DL active_ue=200 cells=21 grants=0 served_bits=0 dropped_bits=0 overflow_events=0
[2026-04-14 06:12:02.664] INFO  SchedulerPF[DL] slot=0 ueStates=8 activeUE=8 maxUE=4 prbAvail=273 probe_s=0.024 probePlanTotal_s=0.023 probePlanMax_s=0.003 alloc_s=11.452 finalPlanTotal_s=11.448 finalPlanMax_s=3.104 total_s=11.476 grants=4
[2026-04-14 06:12:02.681] INFO  Slot1 DL scheduler cell=16 activeUE=8 grants=4 elapsed_s=11.492
[2026-04-14T00:42:02Z] INFO system_level_lls_slot1_dl_scheduler_cell_16_finished slot=0/4000 completion=0.0000 elapsed_s=185.1 slot_direction=DL active_ue=200 cells=21 grants=4 served_bits=0 dropped_bits=0 overflow_events=0
[2026-04-14 06:12:02.688] INFO  system_level_lls_slot1_dl_scheduler_cell_16_finished slot=0/4000 completion=0.0000 elapsed_s=185.1 slot_direction=DL active_ue=200 cells=21 grants=4 served_bits=0 dropped_bits=0 overflow_events=0
[2026-04-14T00:42:02Z] INFO system_level_lls_slot1_dl_scheduler_cell_17_started slot=0/4000 completion=0.0000 elapsed_s=185.1 slot_direction=DL active_ue=200 cells=21 grants=0 served_bits=0 dropped_bits=0 overflow_events=0
[2026-04-14 06:12:02.709] INFO  system_level_lls_slot1_dl_scheduler_cell_17_started slot=0/4000 completion=0.0000 elapsed_s=185.1 slot_direction=DL active_ue=200 cells=21 grants=0 served_bits=0 dropped_bits=0 overflow_events=0
[2026-04-14 06:12:14.817] INFO  SchedulerPF[DL] slot=0 ueStates=9 activeUE=9 maxUE=4 prbAvail=273 probe_s=0.029 probePlanTotal_s=0.028 probePlanMax_s=0.005 alloc_s=12.059 finalPlanTotal_s=12.055 finalPlanMax_s=3.286 total_s=12.089 grants=4
[2026-04-14 06:12:14.835] INFO  Slot1 DL scheduler cell=17 activeUE=9 grants=4 elapsed_s=12.107
[2026-04-14T00:42:14Z] INFO system_level_lls_slot1_dl_scheduler_cell_17_finished slot=0/4000 completion=0.0000 elapsed_s=197.3 slot_direction=DL active_ue=200 cells=21 grants=4 served_bits=0 dropped_bits=0 overflow_events=0
[2026-04-14 06:12:14.843] INFO  system_level_lls_slot1_dl_scheduler_cell_17_finished slot=0/4000 completion=0.0000 elapsed_s=197.3 slot_direction=DL active_ue=200 cells=21 grants=4 served_bits=0 dropped_bits=0 overflow_events=0
[2026-04-14T00:42:14Z] INFO system_level_lls_slot1_dl_scheduler_cell_18_started slot=0/4000 completion=0.0000 elapsed_s=197.3 slot_direction=DL active_ue=200 cells=21 grants=0 served_bits=0 dropped_bits=0 overflow_events=0
[2026-04-14 06:12:14.860] INFO  system_level_lls_slot1_dl_scheduler_cell_18_started slot=0/4000 completion=0.0000 elapsed_s=197.3 slot_direction=DL active_ue=200 cells=21 grants=0 served_bits=0 dropped_bits=0 overflow_events=0
[2026-04-14 06:12:21.744] INFO  SchedulerPF[DL] slot=0 ueStates=8 activeUE=8 maxUE=4 prbAvail=273 probe_s=0.021 probePlanTotal_s=0.020 probePlanMax_s=0.003 alloc_s=6.849 finalPlanTotal_s=6.846 finalPlanMax_s=3.830 total_s=6.871 grants=4
[2026-04-14 06:12:21.758] INFO  Slot1 DL scheduler cell=18 activeUE=8 grants=4 elapsed_s=6.885
[2026-04-14T00:42:21Z] INFO system_level_lls_slot1_dl_scheduler_cell_18_finished slot=0/4000 completion=0.0000 elapsed_s=204.2 slot_direction=DL active_ue=200 cells=21 grants=4 served_bits=0 dropped_bits=0 overflow_events=0
[2026-04-14 06:12:21.761] INFO  system_level_lls_slot1_dl_scheduler_cell_18_finished slot=0/4000 completion=0.0000 elapsed_s=204.2 slot_direction=DL active_ue=200 cells=21 grants=4 served_bits=0 dropped_bits=0 overflow_events=0
[2026-04-14T00:42:21Z] INFO system_level_lls_slot1_dl_scheduler_cell_19_started slot=0/4000 completion=0.0000 elapsed_s=204.2 slot_direction=DL active_ue=200 cells=21 grants=0 served_bits=0 dropped_bits=0 overflow_events=0
[2026-04-14 06:12:21.776] INFO  system_level_lls_slot1_dl_scheduler_cell_19_started slot=0/4000 completion=0.0000 elapsed_s=204.2 slot_direction=DL active_ue=200 cells=21 grants=0 served_bits=0 dropped_bits=0 overflow_events=0
[2026-04-14 06:12:35.100] INFO  SchedulerPF[DL] slot=0 ueStates=8 activeUE=8 maxUE=4 prbAvail=273 probe_s=0.027 probePlanTotal_s=0.026 probePlanMax_s=0.004 alloc_s=13.284 finalPlanTotal_s=13.280 finalPlanMax_s=3.785 total_s=13.311 grants=4
[2026-04-14 06:12:35.118] INFO  Slot1 DL scheduler cell=19 activeUE=8 grants=4 elapsed_s=13.329
[2026-04-14T00:42:35Z] INFO system_level_lls_slot1_dl_scheduler_cell_19_finished slot=0/4000 completion=0.0000 elapsed_s=217.6 slot_direction=DL active_ue=200 cells=21 grants=4 served_bits=0 dropped_bits=0 overflow_events=0
[2026-04-14 06:12:35.125] INFO  system_level_lls_slot1_dl_scheduler_cell_19_finished slot=0/4000 completion=0.0000 elapsed_s=217.6 slot_direction=DL active_ue=200 cells=21 grants=4 served_bits=0 dropped_bits=0 overflow_events=0
[2026-04-14T00:42:35Z] INFO system_level_lls_slot1_dl_scheduler_cell_20_started slot=0/4000 completion=0.0000 elapsed_s=217.6 slot_direction=DL active_ue=200 cells=21 grants=0 served_bits=0 dropped_bits=0 overflow_events=0
[2026-04-14 06:12:35.142] INFO  system_level_lls_slot1_dl_scheduler_cell_20_started slot=0/4000 completion=0.0000 elapsed_s=217.6 slot_direction=DL active_ue=200 cells=21 grants=0 served_bits=0 dropped_bits=0 overflow_events=0
[2026-04-14 06:12:47.900] INFO  SchedulerPF[DL] slot=0 ueStates=9 activeUE=9 maxUE=4 prbAvail=273 probe_s=0.026 probePlanTotal_s=0.026 probePlanMax_s=0.004 alloc_s=12.715 finalPlanTotal_s=12.711 finalPlanMax_s=3.413 total_s=12.743 grants=4
[2026-04-14 06:12:47.917] INFO  Slot1 DL scheduler cell=20 activeUE=9 grants=4 elapsed_s=12.759
[2026-04-14T00:42:47Z] INFO system_level_lls_slot1_dl_scheduler_cell_20_finished slot=0/4000 completion=0.0000 elapsed_s=230.4 slot_direction=DL active_ue=200 cells=21 grants=4 served_bits=0 dropped_bits=0 overflow_events=0
[2026-04-14 06:12:47.925] INFO  system_level_lls_slot1_dl_scheduler_cell_20_finished slot=0/4000 completion=0.0000 elapsed_s=230.4 slot_direction=DL active_ue=200 cells=21 grants=4 served_bits=0 dropped_bits=0 overflow_events=0
[2026-04-14T00:42:47Z] INFO system_level_lls_slot1_dl_scheduler_cell_21_started slot=0/4000 completion=0.0000 elapsed_s=230.4 slot_direction=DL active_ue=200 cells=21 grants=0 served_bits=0 dropped_bits=0 overflow_events=0
[2026-04-14 06:12:47.944] INFO  system_level_lls_slot1_dl_scheduler_cell_21_started slot=0/4000 completion=0.0000 elapsed_s=230.4 slot_direction=DL active_ue=200 cells=21 grants=0 served_bits=0 dropped_bits=0 overflow_events=0
[2026-04-14 06:12:58.851] INFO  SchedulerPF[DL] slot=0 ueStates=8 activeUE=8 maxUE=4 prbAvail=273 probe_s=0.021 probePlanTotal_s=0.021 probePlanMax_s=0.003 alloc_s=10.872 finalPlanTotal_s=10.868 finalPlanMax_s=3.717 total_s=10.894 grants=4
[2026-04-14 06:12:58.867] INFO  Slot1 DL scheduler cell=21 activeUE=8 grants=4 elapsed_s=10.910
[2026-04-14T00:42:58Z] INFO system_level_lls_slot1_dl_scheduler_cell_21_finished slot=0/4000 completion=0.0000 elapsed_s=241.3 slot_direction=DL active_ue=200 cells=21 grants=4 served_bits=0 dropped_bits=0 overflow_events=0
[2026-04-14 06:12:58.875] INFO  system_level_lls_slot1_dl_scheduler_cell_21_finished slot=0/4000 completion=0.0000 elapsed_s=241.3 slot_direction=DL active_ue=200 cells=21 grants=4 served_bits=0 dropped_bits=0 overflow_events=0
[2026-04-14T00:42:58Z] INFO system_level_lls_slot1_dl_scheduler_ready slot=0/4000 completion=0.0000 elapsed_s=241.3 slot_direction=DL active_ue=200 cells=21 grants=84 served_bits=0 dropped_bits=0 overflow_events=0
[2026-04-14 06:12:58.895] INFO  system_level_lls_slot1_dl_scheduler_ready slot=0/4000 completion=0.0000 elapsed_s=241.3 slot_direction=DL active_ue=200 cells=21 grants=84 served_bits=0 dropped_bits=0 overflow_events=0
[2026-04-14T00:42:58Z] INFO system_level_lls_slot1_scheduler_ready slot=0/4000 completion=0.0000 elapsed_s=241.4 slot_direction=DL active_ue=200 cells=21 grants=84 served_bits=0 dropped_bits=0 overflow_events=0
[2026-04-14 06:12:58.911] INFO  system_level_lls_slot1_scheduler_ready slot=0/4000 completion=0.0000 elapsed_s=241.4 slot_direction=DL active_ue=200 cells=21 grants=84 served_bits=0 dropped_bits=0 overflow_events=0
[2026-04-14T00:42:58Z] INFO system_level_lls_slot1_first_dl_replay_started slot=0/4000 completion=0.0000 elapsed_s=241.4 slot_direction=DL active_ue=200 cells=21 grants=84 served_bits=0 dropped_bits=0 overflow_events=0
[2026-04-14 06:12:58.941] INFO  system_level_lls_slot1_first_dl_replay_started slot=0/4000 completion=0.0000 elapsed_s=241.4 slot_direction=DL active_ue=200 cells=21 grants=84 served_bits=0 dropped_bits=0 overflow_events=0
[2026-04-14T00:43:08Z] INFO system_level_lls_slot1_first_dl_replay_finished slot=0/4000 completion=0.0000 elapsed_s=250.8 slot_direction=DL active_ue=200 cells=21 grants=84 served_bits=0 dropped_bits=0 overflow_events=0
[2026-04-14 06:13:08.337] INFO  system_level_lls_slot1_first_dl_replay_finished slot=0/4000 completion=0.0000 elapsed_s=250.8 slot_direction=DL active_ue=200 cells=21 grants=84 served_bits=0 dropped_bits=0 overflow_events=0
[2026-04-14T00:43:09Z] INFO system_level_lls_slot_progress slot=1/4000 completion=0.0003 elapsed_s=251.9 slot_direction=DL active_ue=200 cells=21 grants=84 served_bits=0 dropped_bits=0 overflow_events=0
[2026-04-14 06:13:09.422] INFO  system_level_lls_slot_progress slot=1/4000 completion=0.0003 elapsed_s=251.9 slot_direction=DL active_ue=200 cells=21 grants=84 served_bits=0 dropped_bits=0 overflow_events=0
[2026-04-14T00:45:01Z] INFO system_level_lls_slot_progress slot=2/4000 completion=0.0005 elapsed_s=364.4 slot_direction=DL active_ue=200 cells=21 grants=84 served_bits=0 dropped_bits=0 overflow_events=0
[2026-04-14 06:15:01.922] INFO  system_level_lls_slot_progress slot=2/4000 completion=0.0005 elapsed_s=364.4 slot_direction=DL active_ue=200 cells=21 grants=84 served_bits=0 dropped_bits=0 overflow_events=0
[2026-04-14T00:45:35Z] INFO system_level_lls_slot_progress slot=14/4000 completion=0.0035 elapsed_s=397.5 slot_direction=S active_ue=200 cells=21 grants=168 served_bits=0 dropped_bits=0 overflow_events=0
[2026-04-14 06:15:35.110] INFO  system_level_lls_slot_progress slot=14/4000 completion=0.0035 elapsed_s=397.5 slot_direction=S active_ue=200 cells=21 grants=168 served_bits=0 dropped_bits=0 overflow_events=0
