[2026-04-14T02:02:17Z] INFO Preparing LLS run: scenario=lls_3gpp_rel20_anchor_4ghz_100mhz_waveform_honest_200ue_4000slot runTag=web_rel20_4ghz_100mhz_200ue_4000slot_attempt10 runFolder=C:\Users\Administrator\AppData\Local\Temp\2\sixgr_mysql_web_runs\lls_3gpp_rel20_anchor_4ghz_100mhz_waveform_honest_200ue_4000slot\web_rel20_4ghz_100mhz_200ue_4000slot_attempt10
[2026-04-14T02:02:19Z] INFO Artifact store active=1 backend=mysql_web schema=sixgr_results
[2026-04-14T02:02:19Z] INFO Writing resolved snapshots.
[2026-04-14T02:02:20Z] INFO Exporting live geometry artifacts.
[2026-04-14T02:02:21Z] INFO Executing runner profile=system_level_lls.
[2026-04-14T02:02:21Z] INFO System-level LLS starting: NumTTI=4000 PHYBackend=waveform simulationMode=full_phy
[TR38901Plus] Resolved config: Scenario=UMa Fc_Hz=4000000000 PathlossModel=nrPathLoss ShadowSigma_dB=6 PathlossEnabled=1 ShadowEnabled=1 LOSEnabled=0
[2026-04-14T02:02:24Z] INFO system_level_lls_started slot=0/4000 completion=0.0000 elapsed_s=2.5 slot_direction=initializing active_ue=200 cells=21 grants=0 served_bits=0 dropped_bits=0 overflow_events=0
[2026-04-14 07:32:24.179] INFO  system_level_lls_started slot=0/4000 completion=0.0000 elapsed_s=2.5 slot_direction=initializing active_ue=200 cells=21 grants=0 served_bits=0 dropped_bits=0 overflow_events=0
[2026-04-14T02:02:24Z] INFO system_level_lls_slot1_post_mobility_update slot=0/4000 completion=0.0000 elapsed_s=2.6 slot_direction=slot1_post_mobility_update active_ue=200 cells=21 grants=0 served_bits=0 dropped_bits=0 overflow_events=0
[2026-04-14 07:32:24.315] INFO  system_level_lls_slot1_post_mobility_update slot=0/4000 completion=0.0000 elapsed_s=2.6 slot_direction=slot1_post_mobility_update active_ue=200 cells=21 grants=0 served_bits=0 dropped_bits=0 overflow_events=0
[2026-04-14T02:02:25Z] INFO system_level_lls_slot1_large_scale_ready slot=0/4000 completion=0.0000 elapsed_s=3.4 slot_direction=slot1_large_scale_ready active_ue=200 cells=21 grants=0 served_bits=0 dropped_bits=0 overflow_events=0
[2026-04-14 07:32:25.157] INFO  system_level_lls_slot1_large_scale_ready slot=0/4000 completion=0.0000 elapsed_s=3.4 slot_direction=slot1_large_scale_ready active_ue=200 cells=21 grants=0 served_bits=0 dropped_bits=0 overflow_events=0
[2026-04-14T02:02:25Z] INFO system_level_lls_slot1_active_ues_ready slot=0/4000 completion=0.0000 elapsed_s=3.5 slot_direction=DL active_ue=200 cells=21 grants=0 served_bits=0 dropped_bits=0 overflow_events=0
[2026-04-14 07:32:25.245] INFO  system_level_lls_slot1_active_ues_ready slot=0/4000 completion=0.0000 elapsed_s=3.5 slot_direction=DL active_ue=200 cells=21 grants=0 served_bits=0 dropped_bits=0 overflow_events=0
[2026-04-14T02:02:25Z] INFO system_level_lls_slot1_ue_by_cell_ready slot=0/4000 completion=0.0000 elapsed_s=3.6 slot_direction=DL active_ue=200 cells=21 grants=0 served_bits=0 dropped_bits=0 overflow_events=0
[2026-04-14 07:32:25.284] INFO  system_level_lls_slot1_ue_by_cell_ready slot=0/4000 completion=0.0000 elapsed_s=3.6 slot_direction=DL active_ue=200 cells=21 grants=0 served_bits=0 dropped_bits=0 overflow_events=0
[2026-04-14T02:02:25Z] INFO system_level_lls_slot1_scheduler_inputs_ready slot=0/4000 completion=0.0000 elapsed_s=3.7 slot_direction=DL active_ue=200 cells=21 grants=0 served_bits=0 dropped_bits=0 overflow_events=0
[2026-04-14 07:32:25.458] INFO  system_level_lls_slot1_scheduler_inputs_ready slot=0/4000 completion=0.0000 elapsed_s=3.7 slot_direction=DL active_ue=200 cells=21 grants=0 served_bits=0 dropped_bits=0 overflow_events=0
[2026-04-14T02:02:25Z] INFO system_level_lls_slot1_dl_scheduler_cell_1_started slot=0/4000 completion=0.0000 elapsed_s=3.8 slot_direction=DL active_ue=200 cells=21 grants=0 served_bits=0 dropped_bits=0 overflow_events=0
[2026-04-14 07:32:25.484] INFO  system_level_lls_slot1_dl_scheduler_cell_1_started slot=0/4000 completion=0.0000 elapsed_s=3.8 slot_direction=DL active_ue=200 cells=21 grants=0 served_bits=0 dropped_bits=0 overflow_events=0
[2026-04-14 07:32:30.723] INFO  SchedulerPF[DL] slot=0 ueStates=8 activeUE=8 maxUE=8 prbAvail=273 probe_s=0.174 probePlanTotal_s=0.148 probePlanMax_s=0.074 alloc_s=5.018 finalPlanTotal_s=4.867 finalPlanMax_s=4.768 total_s=5.217 grants=8
[2026-04-14 07:32:30.738] INFO  Slot1 DL scheduler cell=1 activeUE=8 grants=8 elapsed_s=5.236
[2026-04-14T02:02:30Z] INFO system_level_lls_slot1_dl_scheduler_cell_1_finished slot=0/4000 completion=0.0000 elapsed_s=9.0 slot_direction=DL active_ue=200 cells=21 grants=8 served_bits=0 dropped_bits=0 overflow_events=0
[2026-04-14 07:32:30.748] INFO  system_level_lls_slot1_dl_scheduler_cell_1_finished slot=0/4000 completion=0.0000 elapsed_s=9.0 slot_direction=DL active_ue=200 cells=21 grants=8 served_bits=0 dropped_bits=0 overflow_events=0
[2026-04-14T02:02:30Z] INFO system_level_lls_slot1_dl_scheduler_cell_2_started slot=0/4000 completion=0.0000 elapsed_s=9.1 slot_direction=DL active_ue=200 cells=21 grants=0 served_bits=0 dropped_bits=0 overflow_events=0
[2026-04-14 07:32:30.763] INFO  system_level_lls_slot1_dl_scheduler_cell_2_started slot=0/4000 completion=0.0000 elapsed_s=9.1 slot_direction=DL active_ue=200 cells=21 grants=0 served_bits=0 dropped_bits=0 overflow_events=0
[2026-04-14 07:32:31.047] INFO  SchedulerPF[DL] slot=0 ueStates=13 activeUE=13 maxUE=13 prbAvail=273 probe_s=0.048 probePlanTotal_s=0.035 probePlanMax_s=0.003 alloc_s=0.216 finalPlanTotal_s=0.191 finalPlanMax_s=0.020 total_s=0.269 grants=13
[2026-04-14 07:32:31.061] INFO  Slot1 DL scheduler cell=2 activeUE=13 grants=13 elapsed_s=0.283
[2026-04-14T02:02:31Z] INFO system_level_lls_slot1_dl_scheduler_cell_2_finished slot=0/4000 completion=0.0000 elapsed_s=9.4 slot_direction=DL active_ue=200 cells=21 grants=13 served_bits=0 dropped_bits=0 overflow_events=0
[2026-04-14 07:32:31.069] INFO  system_level_lls_slot1_dl_scheduler_cell_2_finished slot=0/4000 completion=0.0000 elapsed_s=9.4 slot_direction=DL active_ue=200 cells=21 grants=13 served_bits=0 dropped_bits=0 overflow_events=0
[2026-04-14T02:02:31Z] INFO system_level_lls_slot1_dl_scheduler_cell_3_started slot=0/4000 completion=0.0000 elapsed_s=9.4 slot_direction=DL active_ue=200 cells=21 grants=0 served_bits=0 dropped_bits=0 overflow_events=0
[2026-04-14 07:32:31.093] INFO  system_level_lls_slot1_dl_scheduler_cell_3_started slot=0/4000 completion=0.0000 elapsed_s=9.4 slot_direction=DL active_ue=200 cells=21 grants=0 served_bits=0 dropped_bits=0 overflow_events=0
[2026-04-14 07:32:31.337] INFO  SchedulerPF[DL] slot=0 ueStates=12 activeUE=12 maxUE=12 prbAvail=273 probe_s=0.036 probePlanTotal_s=0.034 probePlanMax_s=0.004 alloc_s=0.186 finalPlanTotal_s=0.174 finalPlanMax_s=0.019 total_s=0.226 grants=12
[2026-04-14 07:32:31.345] INFO  Slot1 DL scheduler cell=3 activeUE=12 grants=12 elapsed_s=0.233
[2026-04-14T02:02:31Z] INFO system_level_lls_slot1_dl_scheduler_cell_3_finished slot=0/4000 completion=0.0000 elapsed_s=9.6 slot_direction=DL active_ue=200 cells=21 grants=12 served_bits=0 dropped_bits=0 overflow_events=0
[2026-04-14 07:32:31.355] INFO  system_level_lls_slot1_dl_scheduler_cell_3_finished slot=0/4000 completion=0.0000 elapsed_s=9.6 slot_direction=DL active_ue=200 cells=21 grants=12 served_bits=0 dropped_bits=0 overflow_events=0
[2026-04-14T02:02:31Z] INFO system_level_lls_slot1_dl_scheduler_cell_4_started slot=0/4000 completion=0.0000 elapsed_s=9.7 slot_direction=DL active_ue=200 cells=21 grants=0 served_bits=0 dropped_bits=0 overflow_events=0
[2026-04-14 07:32:31.380] INFO  system_level_lls_slot1_dl_scheduler_cell_4_started slot=0/4000 completion=0.0000 elapsed_s=9.7 slot_direction=DL active_ue=200 cells=21 grants=0 served_bits=0 dropped_bits=0 overflow_events=0
[2026-04-14 07:32:31.583] INFO  SchedulerPF[DL] slot=0 ueStates=10 activeUE=10 maxUE=10 prbAvail=273 probe_s=0.030 probePlanTotal_s=0.029 probePlanMax_s=0.004 alloc_s=0.149 finalPlanTotal_s=0.140 finalPlanMax_s=0.016 total_s=0.184 grants=10
[2026-04-14 07:32:31.588] INFO  Slot1 DL scheduler cell=4 activeUE=10 grants=10 elapsed_s=0.191
[2026-04-14T02:02:31Z] INFO system_level_lls_slot1_dl_scheduler_cell_4_finished slot=0/4000 completion=0.0000 elapsed_s=9.9 slot_direction=DL active_ue=200 cells=21 grants=10 served_bits=0 dropped_bits=0 overflow_events=0
[2026-04-14 07:32:31.594] INFO  system_level_lls_slot1_dl_scheduler_cell_4_finished slot=0/4000 completion=0.0000 elapsed_s=9.9 slot_direction=DL active_ue=200 cells=21 grants=10 served_bits=0 dropped_bits=0 overflow_events=0
[2026-04-14T02:02:31Z] INFO system_level_lls_slot1_dl_scheduler_cell_5_started slot=0/4000 completion=0.0000 elapsed_s=9.9 slot_direction=DL active_ue=200 cells=21 grants=0 served_bits=0 dropped_bits=0 overflow_events=0
[2026-04-14 07:32:31.617] INFO  system_level_lls_slot1_dl_scheduler_cell_5_started slot=0/4000 completion=0.0000 elapsed_s=9.9 slot_direction=DL active_ue=200 cells=21 grants=0 served_bits=0 dropped_bits=0 overflow_events=0
[2026-04-14 07:32:31.877] INFO  SchedulerPF[DL] slot=0 ueStates=12 activeUE=12 maxUE=12 prbAvail=273 probe_s=0.034 probePlanTotal_s=0.032 probePlanMax_s=0.003 alloc_s=0.187 finalPlanTotal_s=0.174 finalPlanMax_s=0.016 total_s=0.240 grants=12
[2026-04-14 07:32:31.885] INFO  Slot1 DL scheduler cell=5 activeUE=12 grants=12 elapsed_s=0.253
[2026-04-14T02:02:31Z] INFO system_level_lls_slot1_dl_scheduler_cell_5_finished slot=0/4000 completion=0.0000 elapsed_s=10.2 slot_direction=DL active_ue=200 cells=21 grants=12 served_bits=0 dropped_bits=0 overflow_events=0
[2026-04-14 07:32:31.891] INFO  system_level_lls_slot1_dl_scheduler_cell_5_finished slot=0/4000 completion=0.0000 elapsed_s=10.2 slot_direction=DL active_ue=200 cells=21 grants=12 served_bits=0 dropped_bits=0 overflow_events=0
[2026-04-14T02:02:31Z] INFO system_level_lls_slot1_dl_scheduler_cell_6_started slot=0/4000 completion=0.0000 elapsed_s=10.2 slot_direction=DL active_ue=200 cells=21 grants=0 served_bits=0 dropped_bits=0 overflow_events=0
[2026-04-14 07:32:31.913] INFO  system_level_lls_slot1_dl_scheduler_cell_6_started slot=0/4000 completion=0.0000 elapsed_s=10.2 slot_direction=DL active_ue=200 cells=21 grants=0 served_bits=0 dropped_bits=0 overflow_events=0
[2026-04-14 07:32:32.132] INFO  SchedulerPF[DL] slot=0 ueStates=11 activeUE=11 maxUE=11 prbAvail=273 probe_s=0.036 probePlanTotal_s=0.035 probePlanMax_s=0.004 alloc_s=0.166 finalPlanTotal_s=0.156 finalPlanMax_s=0.016 total_s=0.204 grants=11
[2026-04-14 07:32:32.150] INFO  Slot1 DL scheduler cell=6 activeUE=11 grants=11 elapsed_s=0.222
[2026-04-14T02:02:32Z] INFO system_level_lls_slot1_dl_scheduler_cell_6_finished slot=0/4000 completion=0.0000 elapsed_s=10.4 slot_direction=DL active_ue=200 cells=21 grants=11 served_bits=0 dropped_bits=0 overflow_events=0
[2026-04-14 07:32:32.155] INFO  system_level_lls_slot1_dl_scheduler_cell_6_finished slot=0/4000 completion=0.0000 elapsed_s=10.4 slot_direction=DL active_ue=200 cells=21 grants=11 served_bits=0 dropped_bits=0 overflow_events=0
[2026-04-14T02:02:32Z] INFO system_level_lls_slot1_dl_scheduler_cell_7_started slot=0/4000 completion=0.0000 elapsed_s=10.5 slot_direction=DL active_ue=200 cells=21 grants=0 served_bits=0 dropped_bits=0 overflow_events=0
[2026-04-14 07:32:32.171] INFO  system_level_lls_slot1_dl_scheduler_cell_7_started slot=0/4000 completion=0.0000 elapsed_s=10.5 slot_direction=DL active_ue=200 cells=21 grants=0 served_bits=0 dropped_bits=0 overflow_events=0
[2026-04-14 07:32:32.373] INFO  SchedulerPF[DL] slot=0 ueStates=10 activeUE=10 maxUE=10 prbAvail=273 probe_s=0.034 probePlanTotal_s=0.033 probePlanMax_s=0.004 alloc_s=0.151 finalPlanTotal_s=0.142 finalPlanMax_s=0.016 total_s=0.186 grants=10
[2026-04-14 07:32:32.378] INFO  Slot1 DL scheduler cell=7 activeUE=10 grants=10 elapsed_s=0.192
[2026-04-14T02:02:32Z] INFO system_level_lls_slot1_dl_scheduler_cell_7_finished slot=0/4000 completion=0.0000 elapsed_s=10.7 slot_direction=DL active_ue=200 cells=21 grants=10 served_bits=0 dropped_bits=0 overflow_events=0
[2026-04-14 07:32:32.387] INFO  system_level_lls_slot1_dl_scheduler_cell_7_finished slot=0/4000 completion=0.0000 elapsed_s=10.7 slot_direction=DL active_ue=200 cells=21 grants=10 served_bits=0 dropped_bits=0 overflow_events=0
[2026-04-14T02:02:32Z] INFO system_level_lls_slot1_dl_scheduler_cell_8_started slot=0/4000 completion=0.0000 elapsed_s=10.7 slot_direction=DL active_ue=200 cells=21 grants=0 served_bits=0 dropped_bits=0 overflow_events=0
[2026-04-14 07:32:32.409] INFO  system_level_lls_slot1_dl_scheduler_cell_8_started slot=0/4000 completion=0.0000 elapsed_s=10.7 slot_direction=DL active_ue=200 cells=21 grants=0 served_bits=0 dropped_bits=0 overflow_events=0
[2026-04-14 07:32:32.596] INFO  SchedulerPF[DL] slot=0 ueStates=9 activeUE=9 maxUE=9 prbAvail=273 probe_s=0.027 probePlanTotal_s=0.026 probePlanMax_s=0.004 alloc_s=0.146 finalPlanTotal_s=0.136 finalPlanMax_s=0.021 total_s=0.174 grants=9
[2026-04-14 07:32:32.604] INFO  Slot1 DL scheduler cell=8 activeUE=9 grants=9 elapsed_s=0.181
[2026-04-14T02:02:32Z] INFO system_level_lls_slot1_dl_scheduler_cell_8_finished slot=0/4000 completion=0.0000 elapsed_s=10.9 slot_direction=DL active_ue=200 cells=21 grants=9 served_bits=0 dropped_bits=0 overflow_events=0
[2026-04-14 07:32:32.613] INFO  system_level_lls_slot1_dl_scheduler_cell_8_finished slot=0/4000 completion=0.0000 elapsed_s=10.9 slot_direction=DL active_ue=200 cells=21 grants=9 served_bits=0 dropped_bits=0 overflow_events=0
[2026-04-14T02:02:32Z] INFO system_level_lls_slot1_dl_scheduler_cell_9_started slot=0/4000 completion=0.0000 elapsed_s=10.9 slot_direction=DL active_ue=200 cells=21 grants=0 served_bits=0 dropped_bits=0 overflow_events=0
[2026-04-14 07:32:32.637] INFO  system_level_lls_slot1_dl_scheduler_cell_9_started slot=0/4000 completion=0.0000 elapsed_s=10.9 slot_direction=DL active_ue=200 cells=21 grants=0 served_bits=0 dropped_bits=0 overflow_events=0
[2026-04-14 07:32:32.825] INFO  SchedulerPF[DL] slot=0 ueStates=9 activeUE=9 maxUE=9 prbAvail=273 probe_s=0.029 probePlanTotal_s=0.028 probePlanMax_s=0.004 alloc_s=0.138 finalPlanTotal_s=0.130 finalPlanMax_s=0.016 total_s=0.168 grants=9
[2026-04-14 07:32:32.830] INFO  Slot1 DL scheduler cell=9 activeUE=9 grants=9 elapsed_s=0.174
[2026-04-14T02:02:32Z] INFO system_level_lls_slot1_dl_scheduler_cell_9_finished slot=0/4000 completion=0.0000 elapsed_s=11.1 slot_direction=DL active_ue=200 cells=21 grants=9 served_bits=0 dropped_bits=0 overflow_events=0
[2026-04-14 07:32:32.835] INFO  system_level_lls_slot1_dl_scheduler_cell_9_finished slot=0/4000 completion=0.0000 elapsed_s=11.1 slot_direction=DL active_ue=200 cells=21 grants=9 served_bits=0 dropped_bits=0 overflow_events=0
[2026-04-14T02:02:32Z] INFO system_level_lls_slot1_dl_scheduler_cell_10_started slot=0/4000 completion=0.0000 elapsed_s=11.1 slot_direction=DL active_ue=200 cells=21 grants=0 served_bits=0 dropped_bits=0 overflow_events=0
[2026-04-14 07:32:32.852] INFO  system_level_lls_slot1_dl_scheduler_cell_10_started slot=0/4000 completion=0.0000 elapsed_s=11.1 slot_direction=DL active_ue=200 cells=21 grants=0 served_bits=0 dropped_bits=0 overflow_events=0
[2026-04-14 07:32:33.056] INFO  SchedulerPF[DL] slot=0 ueStates=11 activeUE=11 maxUE=11 prbAvail=273 probe_s=0.030 probePlanTotal_s=0.029 probePlanMax_s=0.003 alloc_s=0.161 finalPlanTotal_s=0.152 finalPlanMax_s=0.016 total_s=0.192 grants=11
[2026-04-14 07:32:33.071] INFO  Slot1 DL scheduler cell=10 activeUE=11 grants=11 elapsed_s=0.207
[2026-04-14T02:02:33Z] INFO system_level_lls_slot1_dl_scheduler_cell_10_finished slot=0/4000 completion=0.0000 elapsed_s=11.4 slot_direction=DL active_ue=200 cells=21 grants=11 served_bits=0 dropped_bits=0 overflow_events=0
[2026-04-14 07:32:33.076] INFO  system_level_lls_slot1_dl_scheduler_cell_10_finished slot=0/4000 completion=0.0000 elapsed_s=11.4 slot_direction=DL active_ue=200 cells=21 grants=11 served_bits=0 dropped_bits=0 overflow_events=0
[2026-04-14T02:02:33Z] INFO system_level_lls_slot1_dl_scheduler_cell_11_started slot=0/4000 completion=0.0000 elapsed_s=11.4 slot_direction=DL active_ue=200 cells=21 grants=0 served_bits=0 dropped_bits=0 overflow_events=0
[2026-04-14 07:32:33.096] INFO  system_level_lls_slot1_dl_scheduler_cell_11_started slot=0/4000 completion=0.0000 elapsed_s=11.4 slot_direction=DL active_ue=200 cells=21 grants=0 served_bits=0 dropped_bits=0 overflow_events=0
[2026-04-14 07:32:33.269] INFO  SchedulerPF[DL] slot=0 ueStates=9 activeUE=9 maxUE=9 prbAvail=273 probe_s=0.029 probePlanTotal_s=0.028 probePlanMax_s=0.005 alloc_s=0.128 finalPlanTotal_s=0.120 finalPlanMax_s=0.014 total_s=0.158 grants=9
[2026-04-14 07:32:33.274] INFO  Slot1 DL scheduler cell=11 activeUE=9 grants=9 elapsed_s=0.163
[2026-04-14T02:02:33Z] INFO system_level_lls_slot1_dl_scheduler_cell_11_finished slot=0/4000 completion=0.0000 elapsed_s=11.6 slot_direction=DL active_ue=200 cells=21 grants=9 served_bits=0 dropped_bits=0 overflow_events=0
[2026-04-14 07:32:33.280] INFO  system_level_lls_slot1_dl_scheduler_cell_11_finished slot=0/4000 completion=0.0000 elapsed_s=11.6 slot_direction=DL active_ue=200 cells=21 grants=9 served_bits=0 dropped_bits=0 overflow_events=0
[2026-04-14T02:02:33Z] INFO system_level_lls_slot1_dl_scheduler_cell_12_started slot=0/4000 completion=0.0000 elapsed_s=11.6 slot_direction=DL active_ue=200 cells=21 grants=0 served_bits=0 dropped_bits=0 overflow_events=0
[2026-04-14 07:32:33.299] INFO  system_level_lls_slot1_dl_scheduler_cell_12_started slot=0/4000 completion=0.0000 elapsed_s=11.6 slot_direction=DL active_ue=200 cells=21 grants=0 served_bits=0 dropped_bits=0 overflow_events=0
[2026-04-14 07:32:33.476] INFO  SchedulerPF[DL] slot=0 ueStates=9 activeUE=9 maxUE=9 prbAvail=273 probe_s=0.030 probePlanTotal_s=0.029 probePlanMax_s=0.004 alloc_s=0.133 finalPlanTotal_s=0.125 finalPlanMax_s=0.019 total_s=0.164 grants=9
[2026-04-14 07:32:33.482] INFO  Slot1 DL scheduler cell=12 activeUE=9 grants=9 elapsed_s=0.170
[2026-04-14T02:02:33Z] INFO system_level_lls_slot1_dl_scheduler_cell_12_finished slot=0/4000 completion=0.0000 elapsed_s=11.8 slot_direction=DL active_ue=200 cells=21 grants=9 served_bits=0 dropped_bits=0 overflow_events=0
[2026-04-14 07:32:33.488] INFO  system_level_lls_slot1_dl_scheduler_cell_12_finished slot=0/4000 completion=0.0000 elapsed_s=11.8 slot_direction=DL active_ue=200 cells=21 grants=9 served_bits=0 dropped_bits=0 overflow_events=0
[2026-04-14T02:02:33Z] INFO system_level_lls_slot1_dl_scheduler_cell_13_started slot=0/4000 completion=0.0000 elapsed_s=11.8 slot_direction=DL active_ue=200 cells=21 grants=0 served_bits=0 dropped_bits=0 overflow_events=0
[2026-04-14 07:32:33.506] INFO  system_level_lls_slot1_dl_scheduler_cell_13_started slot=0/4000 completion=0.0000 elapsed_s=11.8 slot_direction=DL active_ue=200 cells=21 grants=0 served_bits=0 dropped_bits=0 overflow_events=0
[2026-04-14 07:32:33.695] INFO  SchedulerPF[DL] slot=0 ueStates=10 activeUE=10 maxUE=10 prbAvail=273 probe_s=0.029 probePlanTotal_s=0.028 probePlanMax_s=0.003 alloc_s=0.146 finalPlanTotal_s=0.137 finalPlanMax_s=0.015 total_s=0.176 grants=10
[2026-04-14 07:32:33.700] INFO  Slot1 DL scheduler cell=13 activeUE=10 grants=10 elapsed_s=0.181
[2026-04-14T02:02:33Z] INFO system_level_lls_slot1_dl_scheduler_cell_13_finished slot=0/4000 completion=0.0000 elapsed_s=12.0 slot_direction=DL active_ue=200 cells=21 grants=10 served_bits=0 dropped_bits=0 overflow_events=0
[2026-04-14 07:32:33.705] INFO  system_level_lls_slot1_dl_scheduler_cell_13_finished slot=0/4000 completion=0.0000 elapsed_s=12.0 slot_direction=DL active_ue=200 cells=21 grants=10 served_bits=0 dropped_bits=0 overflow_events=0
[2026-04-14T02:02:33Z] INFO system_level_lls_slot1_dl_scheduler_cell_14_started slot=0/4000 completion=0.0000 elapsed_s=12.0 slot_direction=DL active_ue=200 cells=21 grants=0 served_bits=0 dropped_bits=0 overflow_events=0
[2026-04-14 07:32:33.726] INFO  system_level_lls_slot1_dl_scheduler_cell_14_started slot=0/4000 completion=0.0000 elapsed_s=12.0 slot_direction=DL active_ue=200 cells=21 grants=0 served_bits=0 dropped_bits=0 overflow_events=0
[2026-04-14 07:32:37.397] INFO  SchedulerPF[DL] slot=0 ueStates=8 activeUE=8 maxUE=8 prbAvail=273 probe_s=0.026 probePlanTotal_s=0.025 probePlanMax_s=0.004 alloc_s=3.626 finalPlanTotal_s=3.619 finalPlanMax_s=3.531 total_s=3.652 grants=8
[2026-04-14 07:32:37.417] INFO  Slot1 DL scheduler cell=14 activeUE=8 grants=8 elapsed_s=3.672
[2026-04-14T02:02:37Z] INFO system_level_lls_slot1_dl_scheduler_cell_14_finished slot=0/4000 completion=0.0000 elapsed_s=15.7 slot_direction=DL active_ue=200 cells=21 grants=8 served_bits=0 dropped_bits=0 overflow_events=0
[2026-04-14 07:32:37.425] INFO  system_level_lls_slot1_dl_scheduler_cell_14_finished slot=0/4000 completion=0.0000 elapsed_s=15.7 slot_direction=DL active_ue=200 cells=21 grants=8 served_bits=0 dropped_bits=0 overflow_events=0
[2026-04-14T02:02:37Z] INFO system_level_lls_slot1_dl_scheduler_cell_15_started slot=0/4000 completion=0.0000 elapsed_s=15.7 slot_direction=DL active_ue=200 cells=21 grants=0 served_bits=0 dropped_bits=0 overflow_events=0
[2026-04-14 07:32:37.444] INFO  system_level_lls_slot1_dl_scheduler_cell_15_started slot=0/4000 completion=0.0000 elapsed_s=15.7 slot_direction=DL active_ue=200 cells=21 grants=0 served_bits=0 dropped_bits=0 overflow_events=0
[2026-04-14 07:32:37.622] INFO  SchedulerPF[DL] slot=0 ueStates=9 activeUE=9 maxUE=9 prbAvail=273 probe_s=0.031 probePlanTotal_s=0.030 probePlanMax_s=0.005 alloc_s=0.132 finalPlanTotal_s=0.125 finalPlanMax_s=0.016 total_s=0.164 grants=9
[2026-04-14 07:32:37.626] INFO  Slot1 DL scheduler cell=15 activeUE=9 grants=9 elapsed_s=0.169
[2026-04-14T02:02:37Z] INFO system_level_lls_slot1_dl_scheduler_cell_15_finished slot=0/4000 completion=0.0000 elapsed_s=15.9 slot_direction=DL active_ue=200 cells=21 grants=9 served_bits=0 dropped_bits=0 overflow_events=0
[2026-04-14 07:32:37.631] INFO  system_level_lls_slot1_dl_scheduler_cell_15_finished slot=0/4000 completion=0.0000 elapsed_s=15.9 slot_direction=DL active_ue=200 cells=21 grants=9 served_bits=0 dropped_bits=0 overflow_events=0
[2026-04-14T02:02:37Z] INFO system_level_lls_slot1_dl_scheduler_cell_16_started slot=0/4000 completion=0.0000 elapsed_s=15.9 slot_direction=DL active_ue=200 cells=21 grants=0 served_bits=0 dropped_bits=0 overflow_events=0
[2026-04-14 07:32:37.649] INFO  system_level_lls_slot1_dl_scheduler_cell_16_started slot=0/4000 completion=0.0000 elapsed_s=15.9 slot_direction=DL active_ue=200 cells=21 grants=0 served_bits=0 dropped_bits=0 overflow_events=0
[2026-04-14 07:32:37.793] INFO  SchedulerPF[DL] slot=0 ueStates=8 activeUE=8 maxUE=8 prbAvail=273 probe_s=0.022 probePlanTotal_s=0.022 probePlanMax_s=0.003 alloc_s=0.108 finalPlanTotal_s=0.102 finalPlanMax_s=0.014 total_s=0.131 grants=8
[2026-04-14 07:32:37.797] INFO  Slot1 DL scheduler cell=16 activeUE=8 grants=8 elapsed_s=0.136
[2026-04-14T02:02:37Z] INFO system_level_lls_slot1_dl_scheduler_cell_16_finished slot=0/4000 completion=0.0000 elapsed_s=16.1 slot_direction=DL active_ue=200 cells=21 grants=8 served_bits=0 dropped_bits=0 overflow_events=0
[2026-04-14 07:32:37.802] INFO  system_level_lls_slot1_dl_scheduler_cell_16_finished slot=0/4000 completion=0.0000 elapsed_s=16.1 slot_direction=DL active_ue=200 cells=21 grants=8 served_bits=0 dropped_bits=0 overflow_events=0
[2026-04-14T02:02:37Z] INFO system_level_lls_slot1_dl_scheduler_cell_17_started slot=0/4000 completion=0.0000 elapsed_s=16.1 slot_direction=DL active_ue=200 cells=21 grants=0 served_bits=0 dropped_bits=0 overflow_events=0
[2026-04-14 07:32:37.821] INFO  system_level_lls_slot1_dl_scheduler_cell_17_started slot=0/4000 completion=0.0000 elapsed_s=16.1 slot_direction=DL active_ue=200 cells=21 grants=0 served_bits=0 dropped_bits=0 overflow_events=0
[2026-04-14 07:32:37.983] INFO  SchedulerPF[DL] slot=0 ueStates=9 activeUE=9 maxUE=9 prbAvail=273 probe_s=0.027 probePlanTotal_s=0.027 probePlanMax_s=0.004 alloc_s=0.121 finalPlanTotal_s=0.114 finalPlanMax_s=0.014 total_s=0.149 grants=9
[2026-04-14 07:32:37.988] INFO  Slot1 DL scheduler cell=17 activeUE=9 grants=9 elapsed_s=0.155
[2026-04-14T02:02:37Z] INFO system_level_lls_slot1_dl_scheduler_cell_17_finished slot=0/4000 completion=0.0000 elapsed_s=16.3 slot_direction=DL active_ue=200 cells=21 grants=9 served_bits=0 dropped_bits=0 overflow_events=0
[2026-04-14 07:32:37.993] INFO  system_level_lls_slot1_dl_scheduler_cell_17_finished slot=0/4000 completion=0.0000 elapsed_s=16.3 slot_direction=DL active_ue=200 cells=21 grants=9 served_bits=0 dropped_bits=0 overflow_events=0
[2026-04-14T02:02:38Z] INFO system_level_lls_slot1_dl_scheduler_cell_18_started slot=0/4000 completion=0.0000 elapsed_s=16.3 slot_direction=DL active_ue=200 cells=21 grants=0 served_bits=0 dropped_bits=0 overflow_events=0
[2026-04-14 07:32:38.015] INFO  system_level_lls_slot1_dl_scheduler_cell_18_started slot=0/4000 completion=0.0000 elapsed_s=16.3 slot_direction=DL active_ue=200 cells=21 grants=0 served_bits=0 dropped_bits=0 overflow_events=0
[2026-04-14 07:32:41.767] INFO  SchedulerPF[DL] slot=0 ueStates=8 activeUE=8 maxUE=8 prbAvail=273 probe_s=0.025 probePlanTotal_s=0.024 probePlanMax_s=0.005 alloc_s=3.705 finalPlanTotal_s=3.697 finalPlanMax_s=3.602 total_s=3.731 grants=8
[2026-04-14 07:32:41.778] INFO  Slot1 DL scheduler cell=18 activeUE=8 grants=8 elapsed_s=3.741
[2026-04-14T02:02:41Z] INFO system_level_lls_slot1_dl_scheduler_cell_18_finished slot=0/4000 completion=0.0000 elapsed_s=20.1 slot_direction=DL active_ue=200 cells=21 grants=8 served_bits=0 dropped_bits=0 overflow_events=0
[2026-04-14 07:32:41.785] INFO  system_level_lls_slot1_dl_scheduler_cell_18_finished slot=0/4000 completion=0.0000 elapsed_s=20.1 slot_direction=DL active_ue=200 cells=21 grants=8 served_bits=0 dropped_bits=0 overflow_events=0
[2026-04-14T02:02:41Z] INFO system_level_lls_slot1_dl_scheduler_cell_19_started slot=0/4000 completion=0.0000 elapsed_s=20.1 slot_direction=DL active_ue=200 cells=21 grants=0 served_bits=0 dropped_bits=0 overflow_events=0
[2026-04-14 07:32:41.810] INFO  system_level_lls_slot1_dl_scheduler_cell_19_started slot=0/4000 completion=0.0000 elapsed_s=20.1 slot_direction=DL active_ue=200 cells=21 grants=0 served_bits=0 dropped_bits=0 overflow_events=0
[2026-04-14 07:32:45.641] INFO  SchedulerPF[DL] slot=0 ueStates=8 activeUE=8 maxUE=8 prbAvail=273 probe_s=0.026 probePlanTotal_s=0.025 probePlanMax_s=0.004 alloc_s=3.790 finalPlanTotal_s=3.783 finalPlanMax_s=3.688 total_s=3.818 grants=8
[2026-04-14 07:32:45.646] INFO  Slot1 DL scheduler cell=19 activeUE=8 grants=8 elapsed_s=3.823
[2026-04-14T02:02:45Z] INFO system_level_lls_slot1_dl_scheduler_cell_19_finished slot=0/4000 completion=0.0000 elapsed_s=23.9 slot_direction=DL active_ue=200 cells=21 grants=8 served_bits=0 dropped_bits=0 overflow_events=0
[2026-04-14 07:32:45.651] INFO  system_level_lls_slot1_dl_scheduler_cell_19_finished slot=0/4000 completion=0.0000 elapsed_s=23.9 slot_direction=DL active_ue=200 cells=21 grants=8 served_bits=0 dropped_bits=0 overflow_events=0
[2026-04-14T02:02:45Z] INFO system_level_lls_slot1_dl_scheduler_cell_20_started slot=0/4000 completion=0.0000 elapsed_s=24.0 slot_direction=DL active_ue=200 cells=21 grants=0 served_bits=0 dropped_bits=0 overflow_events=0
[2026-04-14 07:32:45.669] INFO  system_level_lls_slot1_dl_scheduler_cell_20_started slot=0/4000 completion=0.0000 elapsed_s=24.0 slot_direction=DL active_ue=200 cells=21 grants=0 served_bits=0 dropped_bits=0 overflow_events=0
[2026-04-14 07:32:45.861] INFO  SchedulerPF[DL] slot=0 ueStates=9 activeUE=9 maxUE=9 prbAvail=273 probe_s=0.051 probePlanTotal_s=0.050 probePlanMax_s=0.028 alloc_s=0.126 finalPlanTotal_s=0.118 finalPlanMax_s=0.014 total_s=0.178 grants=9
[2026-04-14 07:32:45.866] INFO  Slot1 DL scheduler cell=20 activeUE=9 grants=9 elapsed_s=0.183
[2026-04-14T02:02:45Z] INFO system_level_lls_slot1_dl_scheduler_cell_20_finished slot=0/4000 completion=0.0000 elapsed_s=24.2 slot_direction=DL active_ue=200 cells=21 grants=9 served_bits=0 dropped_bits=0 overflow_events=0
[2026-04-14 07:32:45.871] INFO  system_level_lls_slot1_dl_scheduler_cell_20_finished slot=0/4000 completion=0.0000 elapsed_s=24.2 slot_direction=DL active_ue=200 cells=21 grants=9 served_bits=0 dropped_bits=0 overflow_events=0
[2026-04-14T02:02:45Z] INFO system_level_lls_slot1_dl_scheduler_cell_21_started slot=0/4000 completion=0.0000 elapsed_s=24.2 slot_direction=DL active_ue=200 cells=21 grants=0 served_bits=0 dropped_bits=0 overflow_events=0
[2026-04-14 07:32:45.889] INFO  system_level_lls_slot1_dl_scheduler_cell_21_started slot=0/4000 completion=0.0000 elapsed_s=24.2 slot_direction=DL active_ue=200 cells=21 grants=0 served_bits=0 dropped_bits=0 overflow_events=0
[2026-04-14 07:32:56.166] INFO  SchedulerPF[DL] slot=0 ueStates=8 activeUE=8 maxUE=8 prbAvail=273 probe_s=0.025 probePlanTotal_s=0.025 probePlanMax_s=0.004 alloc_s=10.237 finalPlanTotal_s=10.230 finalPlanMax_s=3.482 total_s=10.264 grants=8
[2026-04-14 07:32:56.176] INFO  Slot1 DL scheduler cell=21 activeUE=8 grants=8 elapsed_s=10.274
[2026-04-14T02:02:56Z] INFO system_level_lls_slot1_dl_scheduler_cell_21_finished slot=0/4000 completion=0.0000 elapsed_s=34.5 slot_direction=DL active_ue=200 cells=21 grants=8 served_bits=0 dropped_bits=0 overflow_events=0
[2026-04-14 07:32:56.184] INFO  system_level_lls_slot1_dl_scheduler_cell_21_finished slot=0/4000 completion=0.0000 elapsed_s=34.5 slot_direction=DL active_ue=200 cells=21 grants=8 served_bits=0 dropped_bits=0 overflow_events=0
[2026-04-14T02:02:56Z] INFO system_level_lls_slot1_dl_scheduler_ready slot=0/4000 completion=0.0000 elapsed_s=34.5 slot_direction=DL active_ue=200 cells=21 grants=200 served_bits=0 dropped_bits=0 overflow_events=0
[2026-04-14 07:32:56.199] INFO  system_level_lls_slot1_dl_scheduler_ready slot=0/4000 completion=0.0000 elapsed_s=34.5 slot_direction=DL active_ue=200 cells=21 grants=200 served_bits=0 dropped_bits=0 overflow_events=0
[2026-04-14T02:02:56Z] INFO system_level_lls_slot1_scheduler_ready slot=0/4000 completion=0.0000 elapsed_s=34.5 slot_direction=DL active_ue=200 cells=21 grants=200 served_bits=0 dropped_bits=0 overflow_events=0
[2026-04-14 07:32:56.212] INFO  system_level_lls_slot1_scheduler_ready slot=0/4000 completion=0.0000 elapsed_s=34.5 slot_direction=DL active_ue=200 cells=21 grants=200 served_bits=0 dropped_bits=0 overflow_events=0
[2026-04-14T02:02:56Z] INFO system_level_lls_slot1_first_dl_replay_started slot=0/4000 completion=0.0000 elapsed_s=34.5 slot_direction=DL active_ue=200 cells=21 grants=200 served_bits=0 dropped_bits=0 overflow_events=0
[2026-04-14 07:32:56.246] INFO  system_level_lls_slot1_first_dl_replay_started slot=0/4000 completion=0.0000 elapsed_s=34.5 slot_direction=DL active_ue=200 cells=21 grants=200 served_bits=0 dropped_bits=0 overflow_events=0
[2026-04-14T02:03:05Z] INFO system_level_lls_slot1_first_dl_replay_finished slot=0/4000 completion=0.0000 elapsed_s=43.6 slot_direction=DL active_ue=200 cells=21 grants=200 served_bits=0 dropped_bits=0 overflow_events=0
[2026-04-14 07:33:05.349] INFO  system_level_lls_slot1_first_dl_replay_finished slot=0/4000 completion=0.0000 elapsed_s=43.6 slot_direction=DL active_ue=200 cells=21 grants=200 served_bits=0 dropped_bits=0 overflow_events=0
[2026-04-14T02:04:27Z] INFO system_level_lls_slot_progress slot=1/4000 completion=0.0003 elapsed_s=125.5 slot_direction=DL active_ue=200 cells=21 grants=200 served_bits=61968 dropped_bits=0 overflow_events=0
[2026-04-14 07:34:27.171] INFO  system_level_lls_slot_progress slot=1/4000 completion=0.0003 elapsed_s=125.5 slot_direction=DL active_ue=200 cells=21 grants=200 served_bits=61968 dropped_bits=0 overflow_events=0
[2026-04-14T02:05:19Z] INFO system_level_lls_slot_progress slot=2/4000 completion=0.0005 elapsed_s=177.7 slot_direction=DL active_ue=200 cells=21 grants=200 served_bits=116752 dropped_bits=0 overflow_events=0
[2026-04-14 07:35:19.459] INFO  system_level_lls_slot_progress slot=2/4000 completion=0.0005 elapsed_s=177.7 slot_direction=DL active_ue=200 cells=21 grants=200 served_bits=116752 dropped_bits=0 overflow_events=0
[2026-04-14T02:06:06Z] INFO system_level_lls_slot_progress slot=3/4000 completion=0.0008 elapsed_s=225.1 slot_direction=DL active_ue=200 cells=21 grants=200 served_bits=163904 dropped_bits=0 overflow_events=0
[2026-04-14 07:36:06.852] INFO  system_level_lls_slot_progress slot=3/4000 completion=0.0008 elapsed_s=225.1 slot_direction=DL active_ue=200 cells=21 grants=200 served_bits=163904 dropped_bits=0 overflow_events=0
[2026-04-14T02:07:05Z] INFO system_level_lls_slot_progress slot=4/4000 completion=0.0010 elapsed_s=283.4 slot_direction=S active_ue=200 cells=21 grants=399 served_bits=291888 dropped_bits=0 overflow_events=0
[2026-04-14 07:37:05.158] INFO  system_level_lls_slot_progress slot=4/4000 completion=0.0010 elapsed_s=283.4 slot_direction=S active_ue=200 cells=21 grants=399 served_bits=291888 dropped_bits=0 overflow_events=0
[2026-04-14T02:08:14Z] INFO system_level_lls_slot_progress slot=6/4000 completion=0.0015 elapsed_s=352.5 slot_direction=DL active_ue=200 cells=21 grants=200 served_bits=684688 dropped_bits=0 overflow_events=0
[2026-04-14 07:38:14.169] INFO  system_level_lls_slot_progress slot=6/4000 completion=0.0015 elapsed_s=352.5 slot_direction=DL active_ue=200 cells=21 grants=200 served_bits=684688 dropped_bits=0 overflow_events=0
[2026-04-14T02:09:01Z] INFO system_level_lls_slot_progress slot=7/4000 completion=0.0018 elapsed_s=399.8 slot_direction=DL active_ue=200 cells=21 grants=200 served_bits=730240 dropped_bits=0 overflow_events=0
[2026-04-14 07:39:01.552] INFO  system_level_lls_slot_progress slot=7/4000 completion=0.0018 elapsed_s=399.8 slot_direction=DL active_ue=200 cells=21 grants=200 served_bits=730240 dropped_bits=0 overflow_events=0
[2026-04-14T02:09:47Z] INFO system_level_lls_slot_progress slot=8/4000 completion=0.0020 elapsed_s=445.8 slot_direction=DL active_ue=200 cells=21 grants=200 served_bits=770640 dropped_bits=0 overflow_events=0
[2026-04-14 07:39:47.539] INFO  system_level_lls_slot_progress slot=8/4000 completion=0.0020 elapsed_s=445.8 slot_direction=DL active_ue=200 cells=21 grants=200 served_bits=770640 dropped_bits=0 overflow_events=0
[2026-04-14T02:10:35Z] INFO system_level_lls_slot_progress slot=9/4000 completion=0.0022 elapsed_s=493.5 slot_direction=S active_ue=200 cells=21 grants=399 served_bits=903048 dropped_bits=0 overflow_events=0
[2026-04-14 07:40:35.254] INFO  system_level_lls_slot_progress slot=9/4000 completion=0.0022 elapsed_s=493.5 slot_direction=S active_ue=200 cells=21 grants=399 served_bits=903048 dropped_bits=0 overflow_events=0
[2026-04-14T02:11:44Z] INFO system_level_lls_slot_progress slot=11/4000 completion=0.0027 elapsed_s=562.6 slot_direction=DL active_ue=200 cells=21 grants=200 served_bits=1365752 dropped_bits=0 overflow_events=0
[2026-04-14 07:41:44.327] INFO  system_level_lls_slot_progress slot=11/4000 completion=0.0027 elapsed_s=562.6 slot_direction=DL active_ue=200 cells=21 grants=200 served_bits=1365752 dropped_bits=0 overflow_events=0
[2026-04-14T02:12:31Z] INFO system_level_lls_slot_progress slot=12/4000 completion=0.0030 elapsed_s=610.2 slot_direction=DL active_ue=200 cells=21 grants=200 served_bits=1414328 dropped_bits=0 overflow_events=0
[2026-04-14 07:42:31.959] INFO  system_level_lls_slot_progress slot=12/4000 completion=0.0030 elapsed_s=610.2 slot_direction=DL active_ue=200 cells=21 grants=200 served_bits=1414328 dropped_bits=0 overflow_events=0
[2026-04-14T02:13:18Z] INFO system_level_lls_slot_progress slot=13/4000 completion=0.0032 elapsed_s=657.1 slot_direction=DL active_ue=200 cells=21 grants=200 served_bits=1454352 dropped_bits=0 overflow_events=0
[2026-04-14 07:43:18.851] INFO  system_level_lls_slot_progress slot=13/4000 completion=0.0032 elapsed_s=657.1 slot_direction=DL active_ue=200 cells=21 grants=200 served_bits=1454352 dropped_bits=0 overflow_events=0
[2026-04-14T02:14:03Z] INFO system_level_lls_slot_progress slot=14/4000 completion=0.0035 elapsed_s=701.6 slot_direction=S active_ue=200 cells=21 grants=399 served_bits=1577080 dropped_bits=0 overflow_events=0
[2026-04-14 07:44:03.335] INFO  system_level_lls_slot_progress slot=14/4000 completion=0.0035 elapsed_s=701.6 slot_direction=S active_ue=200 cells=21 grants=399 served_bits=1577080 dropped_bits=0 overflow_events=0
[2026-04-14T02:15:11Z] INFO system_level_lls_slot_progress slot=16/4000 completion=0.0040 elapsed_s=769.5 slot_direction=DL active_ue=200 cells=21 grants=200 served_bits=2012784 dropped_bits=0 overflow_events=0
[2026-04-14 07:45:11.165] INFO  system_level_lls_slot_progress slot=16/4000 completion=0.0040 elapsed_s=769.5 slot_direction=DL active_ue=200 cells=21 grants=200 served_bits=2012784 dropped_bits=0 overflow_events=0
[2026-04-14T02:15:57Z] INFO system_level_lls_slot_progress slot=17/4000 completion=0.0043 elapsed_s=815.4 slot_direction=DL active_ue=193 cells=21 grants=193 served_bits=2069784 dropped_bits=0 overflow_events=0
[2026-04-14 07:45:57.071] INFO  system_level_lls_slot_progress slot=17/4000 completion=0.0043 elapsed_s=815.4 slot_direction=DL active_ue=193 cells=21 grants=193 served_bits=2069784 dropped_bits=0 overflow_events=0
[2026-04-14T02:16:43Z] INFO system_level_lls_slot_progress slot=18/4000 completion=0.0045 elapsed_s=861.3 slot_direction=DL active_ue=193 cells=21 grants=193 served_bits=2117616 dropped_bits=0 overflow_events=0
[2026-04-14 07:46:43.045] INFO  system_level_lls_slot_progress slot=18/4000 completion=0.0045 elapsed_s=861.3 slot_direction=DL active_ue=193 cells=21 grants=193 served_bits=2117616 dropped_bits=0 overflow_events=0
[2026-04-14T02:17:27Z] INFO system_level_lls_slot_progress slot=19/4000 completion=0.0047 elapsed_s=905.9 slot_direction=S active_ue=198 cells=21 grants=395 served_bits=2279832 dropped_bits=0 overflow_events=0
[2026-04-14 07:47:27.643] INFO  system_level_lls_slot_progress slot=19/4000 completion=0.0047 elapsed_s=905.9 slot_direction=S active_ue=198 cells=21 grants=395 served_bits=2279832 dropped_bits=0 overflow_events=0
[2026-04-14T02:18:12Z] INFO system_level_lls_slot_progress slot=24/4000 completion=0.0060 elapsed_s=950.4 slot_direction=S active_ue=200 cells=21 grants=200 served_bits=2851440 dropped_bits=0 overflow_events=0
[2026-04-14 07:48:12.120] INFO  system_level_lls_slot_progress slot=24/4000 completion=0.0060 elapsed_s=950.4 slot_direction=S active_ue=200 cells=21 grants=200 served_bits=2851440 dropped_bits=0 overflow_events=0
[2026-04-14T02:18:57Z] INFO system_level_lls_slot_progress slot=29/4000 completion=0.0073 elapsed_s=996.3 slot_direction=S active_ue=200 cells=21 grants=200 served_bits=3417208 dropped_bits=0 overflow_events=0
[2026-04-14 07:48:57.982] INFO  system_level_lls_slot_progress slot=29/4000 completion=0.0073 elapsed_s=996.3 slot_direction=S active_ue=200 cells=21 grants=200 served_bits=3417208 dropped_bits=0 overflow_events=0
