[2026-04-14T00:46:50Z] INFO Preparing LLS run: scenario=lls_3gpp_rel20_anchor_4ghz_100mhz_waveform_honest_200ue_4000slot runTag=web_rel20_4ghz_100mhz_200ue_4000slot_attempt9_20260414_061617 runFolder=C:\Users\Administrator\AppData\Local\Temp\2\sixgr_mysql_web_runs\lls_3gpp_rel20_anchor_4ghz_100mhz_waveform_honest_200ue_4000slot\web_rel20_4ghz_100mhz_200ue_4000slot_attempt9_20260414_061617
[2026-04-14T00:46:52Z] INFO Artifact store active=1 backend=mysql_web schema=sixgr_results
[2026-04-14T00:46:52Z] INFO Writing resolved snapshots.
[2026-04-14T00:46:53Z] INFO Exporting live geometry artifacts.
[2026-04-14T00:46:54Z] INFO Executing runner profile=system_level_lls.
[2026-04-14T00:46:54Z] INFO System-level LLS starting: NumTTI=4000 PHYBackend=waveform simulationMode=full_phy
[TR38901Plus] Resolved config: Scenario=UMa Fc_Hz=4000000000 PathlossModel=nrPathLoss ShadowSigma_dB=6 PathlossEnabled=1 ShadowEnabled=1 LOSEnabled=0
[2026-04-14T00:46:57Z] INFO system_level_lls_started slot=0/4000 completion=0.0000 elapsed_s=2.3 slot_direction=initializing active_ue=200 cells=21 grants=0 served_bits=0 dropped_bits=0 overflow_events=0
[2026-04-14 06:16:57.246] INFO  system_level_lls_started slot=0/4000 completion=0.0000 elapsed_s=2.3 slot_direction=initializing active_ue=200 cells=21 grants=0 served_bits=0 dropped_bits=0 overflow_events=0
[2026-04-14T00:46:57Z] INFO system_level_lls_slot1_post_mobility_update slot=0/4000 completion=0.0000 elapsed_s=2.5 slot_direction=slot1_post_mobility_update active_ue=200 cells=21 grants=0 served_bits=0 dropped_bits=0 overflow_events=0
[2026-04-14 06:16:57.360] INFO  system_level_lls_slot1_post_mobility_update slot=0/4000 completion=0.0000 elapsed_s=2.5 slot_direction=slot1_post_mobility_update active_ue=200 cells=21 grants=0 served_bits=0 dropped_bits=0 overflow_events=0
[2026-04-14T00:46:58Z] INFO system_level_lls_slot1_large_scale_ready slot=0/4000 completion=0.0000 elapsed_s=3.3 slot_direction=slot1_large_scale_ready active_ue=200 cells=21 grants=0 served_bits=0 dropped_bits=0 overflow_events=0
[2026-04-14 06:16:58.157] INFO  system_level_lls_slot1_large_scale_ready slot=0/4000 completion=0.0000 elapsed_s=3.3 slot_direction=slot1_large_scale_ready active_ue=200 cells=21 grants=0 served_bits=0 dropped_bits=0 overflow_events=0
[2026-04-14T00:46:58Z] INFO system_level_lls_slot1_active_ues_ready slot=0/4000 completion=0.0000 elapsed_s=3.3 slot_direction=DL active_ue=200 cells=21 grants=0 served_bits=0 dropped_bits=0 overflow_events=0
[2026-04-14 06:16:58.236] INFO  system_level_lls_slot1_active_ues_ready slot=0/4000 completion=0.0000 elapsed_s=3.3 slot_direction=DL active_ue=200 cells=21 grants=0 served_bits=0 dropped_bits=0 overflow_events=0
[2026-04-14T00:46:58Z] INFO system_level_lls_slot1_ue_by_cell_ready slot=0/4000 completion=0.0000 elapsed_s=3.4 slot_direction=DL active_ue=200 cells=21 grants=0 served_bits=0 dropped_bits=0 overflow_events=0
[2026-04-14 06:16:58.276] INFO  system_level_lls_slot1_ue_by_cell_ready slot=0/4000 completion=0.0000 elapsed_s=3.4 slot_direction=DL active_ue=200 cells=21 grants=0 served_bits=0 dropped_bits=0 overflow_events=0
[2026-04-14T00:46:58Z] INFO system_level_lls_slot1_scheduler_inputs_ready slot=0/4000 completion=0.0000 elapsed_s=3.6 slot_direction=DL active_ue=200 cells=21 grants=0 served_bits=0 dropped_bits=0 overflow_events=0
[2026-04-14 06:16:58.448] INFO  system_level_lls_slot1_scheduler_inputs_ready slot=0/4000 completion=0.0000 elapsed_s=3.6 slot_direction=DL active_ue=200 cells=21 grants=0 served_bits=0 dropped_bits=0 overflow_events=0
[2026-04-14T00:46:58Z] INFO system_level_lls_slot1_dl_scheduler_cell_1_started slot=0/4000 completion=0.0000 elapsed_s=3.6 slot_direction=DL active_ue=200 cells=21 grants=0 served_bits=0 dropped_bits=0 overflow_events=0
[2026-04-14 06:16:58.475] INFO  system_level_lls_slot1_dl_scheduler_cell_1_started slot=0/4000 completion=0.0000 elapsed_s=3.6 slot_direction=DL active_ue=200 cells=21 grants=0 served_bits=0 dropped_bits=0 overflow_events=0
[2026-04-14 06:17:03.278] INFO  SchedulerPF[DL] slot=0 ueStates=8 activeUE=8 maxUE=8 prbAvail=273 probe_s=0.169 probePlanTotal_s=0.142 probePlanMax_s=0.067 alloc_s=4.596 finalPlanTotal_s=4.469 finalPlanMax_s=4.366 total_s=4.784 grants=8
[2026-04-14 06:17:03.294] INFO  Slot1 DL scheduler cell=1 activeUE=8 grants=8 elapsed_s=4.804
[2026-04-14T00:47:03Z] INFO system_level_lls_slot1_dl_scheduler_cell_1_finished slot=0/4000 completion=0.0000 elapsed_s=8.4 slot_direction=DL active_ue=200 cells=21 grants=8 served_bits=0 dropped_bits=0 overflow_events=0
[2026-04-14 06:17:03.300] INFO  system_level_lls_slot1_dl_scheduler_cell_1_finished slot=0/4000 completion=0.0000 elapsed_s=8.4 slot_direction=DL active_ue=200 cells=21 grants=8 served_bits=0 dropped_bits=0 overflow_events=0
[2026-04-14T00:47:03Z] INFO system_level_lls_slot1_dl_scheduler_cell_2_started slot=0/4000 completion=0.0000 elapsed_s=8.4 slot_direction=DL active_ue=200 cells=21 grants=0 served_bits=0 dropped_bits=0 overflow_events=0
[2026-04-14 06:17:03.315] INFO  system_level_lls_slot1_dl_scheduler_cell_2_started slot=0/4000 completion=0.0000 elapsed_s=8.4 slot_direction=DL active_ue=200 cells=21 grants=0 served_bits=0 dropped_bits=0 overflow_events=0
[2026-04-14 06:17:03.585] INFO  SchedulerPF[DL] slot=0 ueStates=13 activeUE=13 maxUE=13 prbAvail=273 probe_s=0.045 probePlanTotal_s=0.033 probePlanMax_s=0.004 alloc_s=0.200 finalPlanTotal_s=0.176 finalPlanMax_s=0.017 total_s=0.251 grants=13
[2026-04-14 06:17:03.591] INFO  Slot1 DL scheduler cell=2 activeUE=13 grants=13 elapsed_s=0.259
[2026-04-14T00:47:03Z] INFO system_level_lls_slot1_dl_scheduler_cell_2_finished slot=0/4000 completion=0.0000 elapsed_s=8.7 slot_direction=DL active_ue=200 cells=21 grants=13 served_bits=0 dropped_bits=0 overflow_events=0
[2026-04-14 06:17:03.596] INFO  system_level_lls_slot1_dl_scheduler_cell_2_finished slot=0/4000 completion=0.0000 elapsed_s=8.7 slot_direction=DL active_ue=200 cells=21 grants=13 served_bits=0 dropped_bits=0 overflow_events=0
[2026-04-14T00:47:03Z] INFO system_level_lls_slot1_dl_scheduler_cell_3_started slot=0/4000 completion=0.0000 elapsed_s=8.7 slot_direction=DL active_ue=200 cells=21 grants=0 served_bits=0 dropped_bits=0 overflow_events=0
[2026-04-14 06:17:03.621] INFO  system_level_lls_slot1_dl_scheduler_cell_3_started slot=0/4000 completion=0.0000 elapsed_s=8.7 slot_direction=DL active_ue=200 cells=21 grants=0 served_bits=0 dropped_bits=0 overflow_events=0
[2026-04-14 06:17:03.844] INFO  SchedulerPF[DL] slot=0 ueStates=12 activeUE=12 maxUE=12 prbAvail=273 probe_s=0.036 probePlanTotal_s=0.034 probePlanMax_s=0.004 alloc_s=0.163 finalPlanTotal_s=0.152 finalPlanMax_s=0.014 total_s=0.204 grants=12
[2026-04-14 06:17:03.850] INFO  Slot1 DL scheduler cell=3 activeUE=12 grants=12 elapsed_s=0.210
[2026-04-14T00:47:03Z] INFO system_level_lls_slot1_dl_scheduler_cell_3_finished slot=0/4000 completion=0.0000 elapsed_s=9.0 slot_direction=DL active_ue=200 cells=21 grants=12 served_bits=0 dropped_bits=0 overflow_events=0
[2026-04-14 06:17:03.855] INFO  system_level_lls_slot1_dl_scheduler_cell_3_finished slot=0/4000 completion=0.0000 elapsed_s=9.0 slot_direction=DL active_ue=200 cells=21 grants=12 served_bits=0 dropped_bits=0 overflow_events=0
[2026-04-14T00:47:03Z] INFO system_level_lls_slot1_dl_scheduler_cell_4_started slot=0/4000 completion=0.0000 elapsed_s=9.0 slot_direction=DL active_ue=200 cells=21 grants=0 served_bits=0 dropped_bits=0 overflow_events=0
[2026-04-14 06:17:03.875] INFO  system_level_lls_slot1_dl_scheduler_cell_4_started slot=0/4000 completion=0.0000 elapsed_s=9.0 slot_direction=DL active_ue=200 cells=21 grants=0 served_bits=0 dropped_bits=0 overflow_events=0
[2026-04-14 06:17:04.061] INFO  SchedulerPF[DL] slot=0 ueStates=10 activeUE=10 maxUE=10 prbAvail=273 probe_s=0.028 probePlanTotal_s=0.026 probePlanMax_s=0.003 alloc_s=0.135 finalPlanTotal_s=0.126 finalPlanMax_s=0.014 total_s=0.169 grants=10
[2026-04-14 06:17:04.079] INFO  Slot1 DL scheduler cell=4 activeUE=10 grants=10 elapsed_s=0.188
[2026-04-14T00:47:04Z] INFO system_level_lls_slot1_dl_scheduler_cell_4_finished slot=0/4000 completion=0.0000 elapsed_s=9.2 slot_direction=DL active_ue=200 cells=21 grants=10 served_bits=0 dropped_bits=0 overflow_events=0
[2026-04-14 06:17:04.084] INFO  system_level_lls_slot1_dl_scheduler_cell_4_finished slot=0/4000 completion=0.0000 elapsed_s=9.2 slot_direction=DL active_ue=200 cells=21 grants=10 served_bits=0 dropped_bits=0 overflow_events=0
[2026-04-14T00:47:04Z] INFO system_level_lls_slot1_dl_scheduler_cell_5_started slot=0/4000 completion=0.0000 elapsed_s=9.2 slot_direction=DL active_ue=200 cells=21 grants=0 served_bits=0 dropped_bits=0 overflow_events=0
[2026-04-14 06:17:04.103] INFO  system_level_lls_slot1_dl_scheduler_cell_5_started slot=0/4000 completion=0.0000 elapsed_s=9.2 slot_direction=DL active_ue=200 cells=21 grants=0 served_bits=0 dropped_bits=0 overflow_events=0
[2026-04-14 06:17:04.345] INFO  SchedulerPF[DL] slot=0 ueStates=12 activeUE=12 maxUE=12 prbAvail=273 probe_s=0.032 probePlanTotal_s=0.031 probePlanMax_s=0.003 alloc_s=0.173 finalPlanTotal_s=0.161 finalPlanMax_s=0.015 total_s=0.222 grants=12
[2026-04-14 06:17:04.352] INFO  Slot1 DL scheduler cell=5 activeUE=12 grants=12 elapsed_s=0.233
[2026-04-14T00:47:04Z] INFO system_level_lls_slot1_dl_scheduler_cell_5_finished slot=0/4000 completion=0.0000 elapsed_s=9.5 slot_direction=DL active_ue=200 cells=21 grants=12 served_bits=0 dropped_bits=0 overflow_events=0
[2026-04-14 06:17:04.357] INFO  system_level_lls_slot1_dl_scheduler_cell_5_finished slot=0/4000 completion=0.0000 elapsed_s=9.5 slot_direction=DL active_ue=200 cells=21 grants=12 served_bits=0 dropped_bits=0 overflow_events=0
[2026-04-14T00:47:04Z] INFO system_level_lls_slot1_dl_scheduler_cell_6_started slot=0/4000 completion=0.0000 elapsed_s=9.5 slot_direction=DL active_ue=200 cells=21 grants=0 served_bits=0 dropped_bits=0 overflow_events=0
[2026-04-14 06:17:04.381] INFO  system_level_lls_slot1_dl_scheduler_cell_6_started slot=0/4000 completion=0.0000 elapsed_s=9.5 slot_direction=DL active_ue=200 cells=21 grants=0 served_bits=0 dropped_bits=0 overflow_events=0
[2026-04-14 06:17:04.581] INFO  SchedulerPF[DL] slot=0 ueStates=11 activeUE=11 maxUE=11 prbAvail=273 probe_s=0.033 probePlanTotal_s=0.032 probePlanMax_s=0.004 alloc_s=0.149 finalPlanTotal_s=0.140 finalPlanMax_s=0.015 total_s=0.183 grants=11
[2026-04-14 06:17:04.586] INFO  Slot1 DL scheduler cell=6 activeUE=11 grants=11 elapsed_s=0.189
[2026-04-14T00:47:04Z] INFO system_level_lls_slot1_dl_scheduler_cell_6_finished slot=0/4000 completion=0.0000 elapsed_s=9.7 slot_direction=DL active_ue=200 cells=21 grants=11 served_bits=0 dropped_bits=0 overflow_events=0
[2026-04-14 06:17:04.591] INFO  system_level_lls_slot1_dl_scheduler_cell_6_finished slot=0/4000 completion=0.0000 elapsed_s=9.7 slot_direction=DL active_ue=200 cells=21 grants=11 served_bits=0 dropped_bits=0 overflow_events=0
[2026-04-14T00:47:04Z] INFO system_level_lls_slot1_dl_scheduler_cell_7_started slot=0/4000 completion=0.0000 elapsed_s=9.7 slot_direction=DL active_ue=200 cells=21 grants=0 served_bits=0 dropped_bits=0 overflow_events=0
[2026-04-14 06:17:04.610] INFO  system_level_lls_slot1_dl_scheduler_cell_7_started slot=0/4000 completion=0.0000 elapsed_s=9.7 slot_direction=DL active_ue=200 cells=21 grants=0 served_bits=0 dropped_bits=0 overflow_events=0
[2026-04-14 06:17:04.803] INFO  SchedulerPF[DL] slot=0 ueStates=10 activeUE=10 maxUE=10 prbAvail=273 probe_s=0.031 probePlanTotal_s=0.030 probePlanMax_s=0.004 alloc_s=0.145 finalPlanTotal_s=0.136 finalPlanMax_s=0.016 total_s=0.177 grants=10
[2026-04-14 06:17:04.808] INFO  Slot1 DL scheduler cell=7 activeUE=10 grants=10 elapsed_s=0.182
[2026-04-14T00:47:04Z] INFO system_level_lls_slot1_dl_scheduler_cell_7_finished slot=0/4000 completion=0.0000 elapsed_s=9.9 slot_direction=DL active_ue=200 cells=21 grants=10 served_bits=0 dropped_bits=0 overflow_events=0
[2026-04-14 06:17:04.813] INFO  system_level_lls_slot1_dl_scheduler_cell_7_finished slot=0/4000 completion=0.0000 elapsed_s=9.9 slot_direction=DL active_ue=200 cells=21 grants=10 served_bits=0 dropped_bits=0 overflow_events=0
[2026-04-14T00:47:04Z] INFO system_level_lls_slot1_dl_scheduler_cell_8_started slot=0/4000 completion=0.0000 elapsed_s=9.9 slot_direction=DL active_ue=200 cells=21 grants=0 served_bits=0 dropped_bits=0 overflow_events=0
[2026-04-14 06:17:04.832] INFO  system_level_lls_slot1_dl_scheduler_cell_8_started slot=0/4000 completion=0.0000 elapsed_s=9.9 slot_direction=DL active_ue=200 cells=21 grants=0 served_bits=0 dropped_bits=0 overflow_events=0
[2026-04-14 06:17:04.999] INFO  SchedulerPF[DL] slot=0 ueStates=9 activeUE=9 maxUE=9 prbAvail=273 probe_s=0.027 probePlanTotal_s=0.026 probePlanMax_s=0.003 alloc_s=0.127 finalPlanTotal_s=0.119 finalPlanMax_s=0.015 total_s=0.154 grants=9
[2026-04-14 06:17:05.013] INFO  Slot1 DL scheduler cell=8 activeUE=9 grants=9 elapsed_s=0.169
[2026-04-14T00:47:05Z] INFO system_level_lls_slot1_dl_scheduler_cell_8_finished slot=0/4000 completion=0.0000 elapsed_s=10.1 slot_direction=DL active_ue=200 cells=21 grants=9 served_bits=0 dropped_bits=0 overflow_events=0
[2026-04-14 06:17:05.018] INFO  system_level_lls_slot1_dl_scheduler_cell_8_finished slot=0/4000 completion=0.0000 elapsed_s=10.1 slot_direction=DL active_ue=200 cells=21 grants=9 served_bits=0 dropped_bits=0 overflow_events=0
[2026-04-14T00:47:05Z] INFO system_level_lls_slot1_dl_scheduler_cell_9_started slot=0/4000 completion=0.0000 elapsed_s=10.1 slot_direction=DL active_ue=200 cells=21 grants=0 served_bits=0 dropped_bits=0 overflow_events=0
[2026-04-14 06:17:05.035] INFO  system_level_lls_slot1_dl_scheduler_cell_9_started slot=0/4000 completion=0.0000 elapsed_s=10.1 slot_direction=DL active_ue=200 cells=21 grants=0 served_bits=0 dropped_bits=0 overflow_events=0
[2026-04-14 06:17:05.196] INFO  SchedulerPF[DL] slot=0 ueStates=9 activeUE=9 maxUE=9 prbAvail=273 probe_s=0.027 probePlanTotal_s=0.026 probePlanMax_s=0.004 alloc_s=0.119 finalPlanTotal_s=0.111 finalPlanMax_s=0.015 total_s=0.146 grants=9
[2026-04-14 06:17:05.201] INFO  Slot1 DL scheduler cell=9 activeUE=9 grants=9 elapsed_s=0.152
[2026-04-14T00:47:05Z] INFO system_level_lls_slot1_dl_scheduler_cell_9_finished slot=0/4000 completion=0.0000 elapsed_s=10.3 slot_direction=DL active_ue=200 cells=21 grants=9 served_bits=0 dropped_bits=0 overflow_events=0
[2026-04-14 06:17:05.206] INFO  system_level_lls_slot1_dl_scheduler_cell_9_finished slot=0/4000 completion=0.0000 elapsed_s=10.3 slot_direction=DL active_ue=200 cells=21 grants=9 served_bits=0 dropped_bits=0 overflow_events=0
[2026-04-14T00:47:05Z] INFO system_level_lls_slot1_dl_scheduler_cell_10_started slot=0/4000 completion=0.0000 elapsed_s=10.3 slot_direction=DL active_ue=200 cells=21 grants=0 served_bits=0 dropped_bits=0 overflow_events=0
[2026-04-14 06:17:05.225] INFO  system_level_lls_slot1_dl_scheduler_cell_10_started slot=0/4000 completion=0.0000 elapsed_s=10.3 slot_direction=DL active_ue=200 cells=21 grants=0 served_bits=0 dropped_bits=0 overflow_events=0
[2026-04-14 06:17:05.418] INFO  SchedulerPF[DL] slot=0 ueStates=11 activeUE=11 maxUE=11 prbAvail=273 probe_s=0.031 probePlanTotal_s=0.030 probePlanMax_s=0.004 alloc_s=0.143 finalPlanTotal_s=0.134 finalPlanMax_s=0.015 total_s=0.175 grants=11
[2026-04-14 06:17:05.423] INFO  Slot1 DL scheduler cell=10 activeUE=11 grants=11 elapsed_s=0.180
[2026-04-14T00:47:05Z] INFO system_level_lls_slot1_dl_scheduler_cell_10_finished slot=0/4000 completion=0.0000 elapsed_s=10.5 slot_direction=DL active_ue=200 cells=21 grants=11 served_bits=0 dropped_bits=0 overflow_events=0
[2026-04-14 06:17:05.427] INFO  system_level_lls_slot1_dl_scheduler_cell_10_finished slot=0/4000 completion=0.0000 elapsed_s=10.5 slot_direction=DL active_ue=200 cells=21 grants=11 served_bits=0 dropped_bits=0 overflow_events=0
[2026-04-14T00:47:05Z] INFO system_level_lls_slot1_dl_scheduler_cell_11_started slot=0/4000 completion=0.0000 elapsed_s=10.6 slot_direction=DL active_ue=200 cells=21 grants=0 served_bits=0 dropped_bits=0 overflow_events=0
[2026-04-14 06:17:05.448] INFO  system_level_lls_slot1_dl_scheduler_cell_11_started slot=0/4000 completion=0.0000 elapsed_s=10.6 slot_direction=DL active_ue=200 cells=21 grants=0 served_bits=0 dropped_bits=0 overflow_events=0
[2026-04-14 06:17:05.614] INFO  SchedulerPF[DL] slot=0 ueStates=9 activeUE=9 maxUE=9 prbAvail=273 probe_s=0.026 probePlanTotal_s=0.025 probePlanMax_s=0.004 alloc_s=0.120 finalPlanTotal_s=0.113 finalPlanMax_s=0.016 total_s=0.148 grants=9
[2026-04-14 06:17:05.618] INFO  Slot1 DL scheduler cell=11 activeUE=9 grants=9 elapsed_s=0.152
[2026-04-14T00:47:05Z] INFO system_level_lls_slot1_dl_scheduler_cell_11_finished slot=0/4000 completion=0.0000 elapsed_s=10.7 slot_direction=DL active_ue=200 cells=21 grants=9 served_bits=0 dropped_bits=0 overflow_events=0
[2026-04-14 06:17:05.623] INFO  system_level_lls_slot1_dl_scheduler_cell_11_finished slot=0/4000 completion=0.0000 elapsed_s=10.7 slot_direction=DL active_ue=200 cells=21 grants=9 served_bits=0 dropped_bits=0 overflow_events=0
[2026-04-14T00:47:05Z] INFO system_level_lls_slot1_dl_scheduler_cell_12_started slot=0/4000 completion=0.0000 elapsed_s=10.8 slot_direction=DL active_ue=200 cells=21 grants=0 served_bits=0 dropped_bits=0 overflow_events=0
[2026-04-14 06:17:05.642] INFO  system_level_lls_slot1_dl_scheduler_cell_12_started slot=0/4000 completion=0.0000 elapsed_s=10.8 slot_direction=DL active_ue=200 cells=21 grants=0 served_bits=0 dropped_bits=0 overflow_events=0
[2026-04-14 06:17:05.804] INFO  SchedulerPF[DL] slot=0 ueStates=9 activeUE=9 maxUE=9 prbAvail=273 probe_s=0.026 probePlanTotal_s=0.025 probePlanMax_s=0.004 alloc_s=0.122 finalPlanTotal_s=0.114 finalPlanMax_s=0.015 total_s=0.149 grants=9
[2026-04-14 06:17:05.808] INFO  Slot1 DL scheduler cell=12 activeUE=9 grants=9 elapsed_s=0.154
[2026-04-14T00:47:05Z] INFO system_level_lls_slot1_dl_scheduler_cell_12_finished slot=0/4000 completion=0.0000 elapsed_s=10.9 slot_direction=DL active_ue=200 cells=21 grants=9 served_bits=0 dropped_bits=0 overflow_events=0
[2026-04-14 06:17:05.813] INFO  system_level_lls_slot1_dl_scheduler_cell_12_finished slot=0/4000 completion=0.0000 elapsed_s=10.9 slot_direction=DL active_ue=200 cells=21 grants=9 served_bits=0 dropped_bits=0 overflow_events=0
[2026-04-14T00:47:05Z] INFO system_level_lls_slot1_dl_scheduler_cell_13_started slot=0/4000 completion=0.0000 elapsed_s=10.9 slot_direction=DL active_ue=200 cells=21 grants=0 served_bits=0 dropped_bits=0 overflow_events=0
[2026-04-14 06:17:05.830] INFO  system_level_lls_slot1_dl_scheduler_cell_13_started slot=0/4000 completion=0.0000 elapsed_s=10.9 slot_direction=DL active_ue=200 cells=21 grants=0 served_bits=0 dropped_bits=0 overflow_events=0
[2026-04-14 06:17:06.022] INFO  SchedulerPF[DL] slot=0 ueStates=10 activeUE=10 maxUE=10 prbAvail=273 probe_s=0.031 probePlanTotal_s=0.030 probePlanMax_s=0.003 alloc_s=0.147 finalPlanTotal_s=0.138 finalPlanMax_s=0.017 total_s=0.179 grants=10
[2026-04-14 06:17:06.034] INFO  Slot1 DL scheduler cell=13 activeUE=10 grants=10 elapsed_s=0.191
[2026-04-14T00:47:06Z] INFO system_level_lls_slot1_dl_scheduler_cell_13_finished slot=0/4000 completion=0.0000 elapsed_s=11.2 slot_direction=DL active_ue=200 cells=21 grants=10 served_bits=0 dropped_bits=0 overflow_events=0
[2026-04-14 06:17:06.038] INFO  system_level_lls_slot1_dl_scheduler_cell_13_finished slot=0/4000 completion=0.0000 elapsed_s=11.2 slot_direction=DL active_ue=200 cells=21 grants=10 served_bits=0 dropped_bits=0 overflow_events=0
[2026-04-14T00:47:06Z] INFO system_level_lls_slot1_dl_scheduler_cell_14_started slot=0/4000 completion=0.0000 elapsed_s=11.2 slot_direction=DL active_ue=200 cells=21 grants=0 served_bits=0 dropped_bits=0 overflow_events=0
[2026-04-14 06:17:06.052] INFO  system_level_lls_slot1_dl_scheduler_cell_14_started slot=0/4000 completion=0.0000 elapsed_s=11.2 slot_direction=DL active_ue=200 cells=21 grants=0 served_bits=0 dropped_bits=0 overflow_events=0
[2026-04-14 06:17:09.530] INFO  SchedulerPF[DL] slot=0 ueStates=8 activeUE=8 maxUE=8 prbAvail=273 probe_s=0.022 probePlanTotal_s=0.021 probePlanMax_s=0.003 alloc_s=3.444 finalPlanTotal_s=3.437 finalPlanMax_s=3.357 total_s=3.466 grants=8
[2026-04-14 06:17:09.544] INFO  Slot1 DL scheduler cell=14 activeUE=8 grants=8 elapsed_s=3.481
[2026-04-14T00:47:09Z] INFO system_level_lls_slot1_dl_scheduler_cell_14_finished slot=0/4000 completion=0.0000 elapsed_s=14.7 slot_direction=DL active_ue=200 cells=21 grants=8 served_bits=0 dropped_bits=0 overflow_events=0
[2026-04-14 06:17:09.548] INFO  system_level_lls_slot1_dl_scheduler_cell_14_finished slot=0/4000 completion=0.0000 elapsed_s=14.7 slot_direction=DL active_ue=200 cells=21 grants=8 served_bits=0 dropped_bits=0 overflow_events=0
[2026-04-14T00:47:09Z] INFO system_level_lls_slot1_dl_scheduler_cell_15_started slot=0/4000 completion=0.0000 elapsed_s=14.7 slot_direction=DL active_ue=200 cells=21 grants=0 served_bits=0 dropped_bits=0 overflow_events=0
[2026-04-14 06:17:09.565] INFO  system_level_lls_slot1_dl_scheduler_cell_15_started slot=0/4000 completion=0.0000 elapsed_s=14.7 slot_direction=DL active_ue=200 cells=21 grants=0 served_bits=0 dropped_bits=0 overflow_events=0
[2026-04-14 06:17:09.721] INFO  SchedulerPF[DL] slot=0 ueStates=9 activeUE=9 maxUE=9 prbAvail=273 probe_s=0.027 probePlanTotal_s=0.026 probePlanMax_s=0.005 alloc_s=0.115 finalPlanTotal_s=0.108 finalPlanMax_s=0.013 total_s=0.143 grants=9
[2026-04-14 06:17:09.725] INFO  Slot1 DL scheduler cell=15 activeUE=9 grants=9 elapsed_s=0.147
[2026-04-14T00:47:09Z] INFO system_level_lls_slot1_dl_scheduler_cell_15_finished slot=0/4000 completion=0.0000 elapsed_s=14.8 slot_direction=DL active_ue=200 cells=21 grants=9 served_bits=0 dropped_bits=0 overflow_events=0
[2026-04-14 06:17:09.730] INFO  system_level_lls_slot1_dl_scheduler_cell_15_finished slot=0/4000 completion=0.0000 elapsed_s=14.8 slot_direction=DL active_ue=200 cells=21 grants=9 served_bits=0 dropped_bits=0 overflow_events=0
[2026-04-14T00:47:09Z] INFO system_level_lls_slot1_dl_scheduler_cell_16_started slot=0/4000 completion=0.0000 elapsed_s=14.9 slot_direction=DL active_ue=200 cells=21 grants=0 served_bits=0 dropped_bits=0 overflow_events=0
[2026-04-14 06:17:09.747] INFO  system_level_lls_slot1_dl_scheduler_cell_16_started slot=0/4000 completion=0.0000 elapsed_s=14.9 slot_direction=DL active_ue=200 cells=21 grants=0 served_bits=0 dropped_bits=0 overflow_events=0
[2026-04-14 06:17:09.890] INFO  SchedulerPF[DL] slot=0 ueStates=8 activeUE=8 maxUE=8 prbAvail=273 probe_s=0.023 probePlanTotal_s=0.023 probePlanMax_s=0.004 alloc_s=0.107 finalPlanTotal_s=0.100 finalPlanMax_s=0.015 total_s=0.131 grants=8
[2026-04-14 06:17:09.894] INFO  Slot1 DL scheduler cell=16 activeUE=8 grants=8 elapsed_s=0.135
[2026-04-14T00:47:09Z] INFO system_level_lls_slot1_dl_scheduler_cell_16_finished slot=0/4000 completion=0.0000 elapsed_s=15.0 slot_direction=DL active_ue=200 cells=21 grants=8 served_bits=0 dropped_bits=0 overflow_events=0
[2026-04-14 06:17:09.898] INFO  system_level_lls_slot1_dl_scheduler_cell_16_finished slot=0/4000 completion=0.0000 elapsed_s=15.0 slot_direction=DL active_ue=200 cells=21 grants=8 served_bits=0 dropped_bits=0 overflow_events=0
[2026-04-14T00:47:09Z] INFO system_level_lls_slot1_dl_scheduler_cell_17_started slot=0/4000 completion=0.0000 elapsed_s=15.0 slot_direction=DL active_ue=200 cells=21 grants=0 served_bits=0 dropped_bits=0 overflow_events=0
[2026-04-14 06:17:09.917] INFO  system_level_lls_slot1_dl_scheduler_cell_17_started slot=0/4000 completion=0.0000 elapsed_s=15.0 slot_direction=DL active_ue=200 cells=21 grants=0 served_bits=0 dropped_bits=0 overflow_events=0
[2026-04-14 06:17:10.072] INFO  SchedulerPF[DL] slot=0 ueStates=9 activeUE=9 maxUE=9 prbAvail=273 probe_s=0.027 probePlanTotal_s=0.026 probePlanMax_s=0.004 alloc_s=0.112 finalPlanTotal_s=0.105 finalPlanMax_s=0.012 total_s=0.140 grants=9
[2026-04-14 06:17:10.086] INFO  Slot1 DL scheduler cell=17 activeUE=9 grants=9 elapsed_s=0.154
[2026-04-14T00:47:10Z] INFO system_level_lls_slot1_dl_scheduler_cell_17_finished slot=0/4000 completion=0.0000 elapsed_s=15.2 slot_direction=DL active_ue=200 cells=21 grants=9 served_bits=0 dropped_bits=0 overflow_events=0
[2026-04-14 06:17:10.091] INFO  system_level_lls_slot1_dl_scheduler_cell_17_finished slot=0/4000 completion=0.0000 elapsed_s=15.2 slot_direction=DL active_ue=200 cells=21 grants=9 served_bits=0 dropped_bits=0 overflow_events=0
[2026-04-14T00:47:10Z] INFO system_level_lls_slot1_dl_scheduler_cell_18_started slot=0/4000 completion=0.0000 elapsed_s=15.2 slot_direction=DL active_ue=200 cells=21 grants=0 served_bits=0 dropped_bits=0 overflow_events=0
[2026-04-14 06:17:10.105] INFO  system_level_lls_slot1_dl_scheduler_cell_18_started slot=0/4000 completion=0.0000 elapsed_s=15.2 slot_direction=DL active_ue=200 cells=21 grants=0 served_bits=0 dropped_bits=0 overflow_events=0
[2026-04-14 06:17:13.593] INFO  SchedulerPF[DL] slot=0 ueStates=8 activeUE=8 maxUE=8 prbAvail=273 probe_s=0.022 probePlanTotal_s=0.021 probePlanMax_s=0.003 alloc_s=3.455 finalPlanTotal_s=3.448 finalPlanMax_s=3.359 total_s=3.477 grants=8
[2026-04-14 06:17:13.607] INFO  Slot1 DL scheduler cell=18 activeUE=8 grants=8 elapsed_s=3.491
[2026-04-14T00:47:13Z] INFO system_level_lls_slot1_dl_scheduler_cell_18_finished slot=0/4000 completion=0.0000 elapsed_s=18.7 slot_direction=DL active_ue=200 cells=21 grants=8 served_bits=0 dropped_bits=0 overflow_events=0
[2026-04-14 06:17:13.611] INFO  system_level_lls_slot1_dl_scheduler_cell_18_finished slot=0/4000 completion=0.0000 elapsed_s=18.7 slot_direction=DL active_ue=200 cells=21 grants=8 served_bits=0 dropped_bits=0 overflow_events=0
[2026-04-14T00:47:13Z] INFO system_level_lls_slot1_dl_scheduler_cell_19_started slot=0/4000 completion=0.0000 elapsed_s=18.7 slot_direction=DL active_ue=200 cells=21 grants=0 served_bits=0 dropped_bits=0 overflow_events=0
[2026-04-14 06:17:13.624] INFO  system_level_lls_slot1_dl_scheduler_cell_19_started slot=0/4000 completion=0.0000 elapsed_s=18.7 slot_direction=DL active_ue=200 cells=21 grants=0 served_bits=0 dropped_bits=0 overflow_events=0
[2026-04-14 06:17:17.135] INFO  SchedulerPF[DL] slot=0 ueStates=8 activeUE=8 maxUE=8 prbAvail=273 probe_s=0.021 probePlanTotal_s=0.020 probePlanMax_s=0.003 alloc_s=3.479 finalPlanTotal_s=3.472 finalPlanMax_s=3.385 total_s=3.500 grants=8
[2026-04-14 06:17:17.152] INFO  Slot1 DL scheduler cell=19 activeUE=8 grants=8 elapsed_s=3.517
[2026-04-14T00:47:17Z] INFO system_level_lls_slot1_dl_scheduler_cell_19_finished slot=0/4000 completion=0.0000 elapsed_s=22.3 slot_direction=DL active_ue=200 cells=21 grants=8 served_bits=0 dropped_bits=0 overflow_events=0
[2026-04-14 06:17:17.160] INFO  system_level_lls_slot1_dl_scheduler_cell_19_finished slot=0/4000 completion=0.0000 elapsed_s=22.3 slot_direction=DL active_ue=200 cells=21 grants=8 served_bits=0 dropped_bits=0 overflow_events=0
[2026-04-14T00:47:17Z] INFO system_level_lls_slot1_dl_scheduler_cell_20_started slot=0/4000 completion=0.0000 elapsed_s=22.3 slot_direction=DL active_ue=200 cells=21 grants=0 served_bits=0 dropped_bits=0 overflow_events=0
[2026-04-14 06:17:17.180] INFO  system_level_lls_slot1_dl_scheduler_cell_20_started slot=0/4000 completion=0.0000 elapsed_s=22.3 slot_direction=DL active_ue=200 cells=21 grants=0 served_bits=0 dropped_bits=0 overflow_events=0
[2026-04-14 06:17:17.338] INFO  SchedulerPF[DL] slot=0 ueStates=9 activeUE=9 maxUE=9 prbAvail=273 probe_s=0.026 probePlanTotal_s=0.025 probePlanMax_s=0.003 alloc_s=0.118 finalPlanTotal_s=0.110 finalPlanMax_s=0.014 total_s=0.144 grants=9
[2026-04-14 06:17:17.342] INFO  Slot1 DL scheduler cell=20 activeUE=9 grants=9 elapsed_s=0.149
[2026-04-14T00:47:17Z] INFO system_level_lls_slot1_dl_scheduler_cell_20_finished slot=0/4000 completion=0.0000 elapsed_s=22.5 slot_direction=DL active_ue=200 cells=21 grants=9 served_bits=0 dropped_bits=0 overflow_events=0
[2026-04-14 06:17:17.347] INFO  system_level_lls_slot1_dl_scheduler_cell_20_finished slot=0/4000 completion=0.0000 elapsed_s=22.5 slot_direction=DL active_ue=200 cells=21 grants=9 served_bits=0 dropped_bits=0 overflow_events=0
[2026-04-14T00:47:17Z] INFO system_level_lls_slot1_dl_scheduler_cell_21_started slot=0/4000 completion=0.0000 elapsed_s=22.5 slot_direction=DL active_ue=200 cells=21 grants=0 served_bits=0 dropped_bits=0 overflow_events=0
[2026-04-14 06:17:17.364] INFO  system_level_lls_slot1_dl_scheduler_cell_21_started slot=0/4000 completion=0.0000 elapsed_s=22.5 slot_direction=DL active_ue=200 cells=21 grants=0 served_bits=0 dropped_bits=0 overflow_events=0
[2026-04-14 06:17:27.008] INFO  SchedulerPF[DL] slot=0 ueStates=8 activeUE=8 maxUE=8 prbAvail=273 probe_s=0.026 probePlanTotal_s=0.025 probePlanMax_s=0.004 alloc_s=9.601 finalPlanTotal_s=9.594 finalPlanMax_s=3.254 total_s=9.628 grants=8
[2026-04-14 06:17:27.023] INFO  Slot1 DL scheduler cell=21 activeUE=8 grants=8 elapsed_s=9.642
[2026-04-14T00:47:27Z] INFO system_level_lls_slot1_dl_scheduler_cell_21_finished slot=0/4000 completion=0.0000 elapsed_s=32.1 slot_direction=DL active_ue=200 cells=21 grants=8 served_bits=0 dropped_bits=0 overflow_events=0
[2026-04-14 06:17:27.032] INFO  system_level_lls_slot1_dl_scheduler_cell_21_finished slot=0/4000 completion=0.0000 elapsed_s=32.1 slot_direction=DL active_ue=200 cells=21 grants=8 served_bits=0 dropped_bits=0 overflow_events=0
[2026-04-14T00:47:27Z] INFO system_level_lls_slot1_dl_scheduler_ready slot=0/4000 completion=0.0000 elapsed_s=32.2 slot_direction=DL active_ue=200 cells=21 grants=200 served_bits=0 dropped_bits=0 overflow_events=0
[2026-04-14 06:17:27.057] INFO  system_level_lls_slot1_dl_scheduler_ready slot=0/4000 completion=0.0000 elapsed_s=32.2 slot_direction=DL active_ue=200 cells=21 grants=200 served_bits=0 dropped_bits=0 overflow_events=0
[2026-04-14T00:47:27Z] INFO system_level_lls_slot1_scheduler_ready slot=0/4000 completion=0.0000 elapsed_s=32.2 slot_direction=DL active_ue=200 cells=21 grants=200 served_bits=0 dropped_bits=0 overflow_events=0
[2026-04-14 06:17:27.077] INFO  system_level_lls_slot1_scheduler_ready slot=0/4000 completion=0.0000 elapsed_s=32.2 slot_direction=DL active_ue=200 cells=21 grants=200 served_bits=0 dropped_bits=0 overflow_events=0
[2026-04-14T00:47:27Z] INFO system_level_lls_slot1_first_dl_replay_started slot=0/4000 completion=0.0000 elapsed_s=32.2 slot_direction=DL active_ue=200 cells=21 grants=200 served_bits=0 dropped_bits=0 overflow_events=0
[2026-04-14 06:17:27.116] INFO  system_level_lls_slot1_first_dl_replay_started slot=0/4000 completion=0.0000 elapsed_s=32.2 slot_direction=DL active_ue=200 cells=21 grants=200 served_bits=0 dropped_bits=0 overflow_events=0
[2026-04-14T00:47:36Z] INFO system_level_lls_slot1_first_dl_replay_finished slot=0/4000 completion=0.0000 elapsed_s=41.3 slot_direction=DL active_ue=200 cells=21 grants=200 served_bits=0 dropped_bits=0 overflow_events=0
[2026-04-14 06:17:36.171] INFO  system_level_lls_slot1_first_dl_replay_finished slot=0/4000 completion=0.0000 elapsed_s=41.3 slot_direction=DL active_ue=200 cells=21 grants=200 served_bits=0 dropped_bits=0 overflow_events=0
[2026-04-14T00:47:37Z] INFO system_level_lls_slot_progress slot=1/4000 completion=0.0003 elapsed_s=42.3 slot_direction=DL active_ue=200 cells=21 grants=200 served_bits=0 dropped_bits=0 overflow_events=0
[2026-04-14 06:17:37.220] INFO  system_level_lls_slot_progress slot=1/4000 completion=0.0003 elapsed_s=42.3 slot_direction=DL active_ue=200 cells=21 grants=200 served_bits=0 dropped_bits=0 overflow_events=0
[2026-04-14T00:48:07Z] INFO system_level_lls_slot_progress slot=8/4000 completion=0.0020 elapsed_s=72.8 slot_direction=DL active_ue=200 cells=21 grants=200 served_bits=0 dropped_bits=0 overflow_events=0
[2026-04-14 06:18:07.660] INFO  system_level_lls_slot_progress slot=8/4000 completion=0.0020 elapsed_s=72.8 slot_direction=DL active_ue=200 cells=21 grants=200 served_bits=0 dropped_bits=0 overflow_events=0
[2026-04-14T00:48:39Z] INFO system_level_lls_slot_progress slot=15/4000 completion=0.0037 elapsed_s=104.2 slot_direction=UL active_ue=200 cells=21 grants=199 served_bits=0 dropped_bits=0 overflow_events=0
[2026-04-14 06:18:39.135] INFO  system_level_lls_slot_progress slot=15/4000 completion=0.0037 elapsed_s=104.2 slot_direction=UL active_ue=200 cells=21 grants=199 served_bits=0 dropped_bits=0 overflow_events=0
[2026-04-14T00:49:12Z] INFO system_level_lls_slot_progress slot=25/4000 completion=0.0063 elapsed_s=137.1 slot_direction=UL active_ue=200 cells=21 grants=200 served_bits=0 dropped_bits=0 overflow_events=0
[2026-04-14 06:19:12.004] INFO  system_level_lls_slot_progress slot=25/4000 completion=0.0063 elapsed_s=137.1 slot_direction=UL active_ue=200 cells=21 grants=200 served_bits=0 dropped_bits=0 overflow_events=0
[2026-04-14T00:49:43Z] INFO system_level_lls_slot_progress slot=39/4000 completion=0.0097 elapsed_s=168.9 slot_direction=S active_ue=200 cells=21 grants=200 served_bits=0 dropped_bits=0 overflow_events=0
[2026-04-14 06:19:43.760] INFO  system_level_lls_slot_progress slot=39/4000 completion=0.0097 elapsed_s=168.9 slot_direction=S active_ue=200 cells=21 grants=200 served_bits=0 dropped_bits=0 overflow_events=0
[2026-04-14T00:50:03Z] INFO system_level_lls_slot_progress slot=50/4000 completion=0.0125 elapsed_s=188.2 slot_direction=UL active_ue=200 cells=21 grants=0 served_bits=0 dropped_bits=0 overflow_events=0
[2026-04-14 06:20:03.120] INFO  system_level_lls_slot_progress slot=50/4000 completion=0.0125 elapsed_s=188.2 slot_direction=UL active_ue=200 cells=21 grants=0 served_bits=0 dropped_bits=0 overflow_events=0
[2026-04-14T00:50:33Z] INFO system_level_lls_slot_progress slot=69/4000 completion=0.0173 elapsed_s=219.0 slot_direction=S active_ue=200 cells=21 grants=0 served_bits=0 dropped_bits=0 overflow_events=0
[2026-04-14 06:20:33.913] INFO  system_level_lls_slot_progress slot=69/4000 completion=0.0173 elapsed_s=219.0 slot_direction=S active_ue=200 cells=21 grants=0 served_bits=0 dropped_bits=0 overflow_events=0
[2026-04-14T00:51:04Z] INFO system_level_lls_slot_progress slot=88/4000 completion=0.0220 elapsed_s=249.3 slot_direction=DL active_ue=200 cells=21 grants=0 served_bits=0 dropped_bits=0 overflow_events=0
[2026-04-14 06:21:04.188] INFO  system_level_lls_slot_progress slot=88/4000 completion=0.0220 elapsed_s=249.3 slot_direction=DL active_ue=200 cells=21 grants=0 served_bits=0 dropped_bits=0 overflow_events=0
[2026-04-14T00:51:23Z] INFO system_level_lls_slot_progress slot=100/4000 completion=0.0250 elapsed_s=269.0 slot_direction=UL active_ue=200 cells=21 grants=0 served_bits=0 dropped_bits=0 overflow_events=0
[2026-04-14 06:21:23.937] INFO  system_level_lls_slot_progress slot=100/4000 completion=0.0250 elapsed_s=269.0 slot_direction=UL active_ue=200 cells=21 grants=0 served_bits=0 dropped_bits=0 overflow_events=0
[2026-04-14T00:51:54Z] INFO system_level_lls_slot_progress slot=119/4000 completion=0.0297 elapsed_s=299.4 slot_direction=S active_ue=200 cells=21 grants=0 served_bits=0 dropped_bits=0 overflow_events=0
[2026-04-14 06:21:54.263] INFO  system_level_lls_slot_progress slot=119/4000 completion=0.0297 elapsed_s=299.4 slot_direction=S active_ue=200 cells=21 grants=0 served_bits=0 dropped_bits=0 overflow_events=0
[2026-04-14T00:52:26Z] INFO system_level_lls_slot_progress slot=139/4000 completion=0.0348 elapsed_s=331.4 slot_direction=S active_ue=200 cells=21 grants=0 served_bits=0 dropped_bits=0 overflow_events=0
[2026-04-14 06:22:26.255] INFO  system_level_lls_slot_progress slot=139/4000 completion=0.0348 elapsed_s=331.4 slot_direction=S active_ue=200 cells=21 grants=0 served_bits=0 dropped_bits=0 overflow_events=0
[2026-04-14T00:52:44Z] INFO system_level_lls_slot_progress slot=150/4000 completion=0.0375 elapsed_s=349.2 slot_direction=UL active_ue=200 cells=21 grants=0 served_bits=0 dropped_bits=0 overflow_events=0
[2026-04-14 06:22:44.110] INFO  system_level_lls_slot_progress slot=150/4000 completion=0.0375 elapsed_s=349.2 slot_direction=UL active_ue=200 cells=21 grants=0 served_bits=0 dropped_bits=0 overflow_events=0
[2026-04-14T00:53:15Z] INFO system_level_lls_slot_progress slot=169/4000 completion=0.0423 elapsed_s=380.8 slot_direction=S active_ue=200 cells=21 grants=0 served_bits=0 dropped_bits=0 overflow_events=0
[2026-04-14 06:23:15.718] INFO  system_level_lls_slot_progress slot=169/4000 completion=0.0423 elapsed_s=380.8 slot_direction=S active_ue=200 cells=21 grants=0 served_bits=0 dropped_bits=0 overflow_events=0
[2026-04-14T00:53:45Z] INFO system_level_lls_slot_progress slot=188/4000 completion=0.0470 elapsed_s=411.0 slot_direction=DL active_ue=200 cells=21 grants=0 served_bits=0 dropped_bits=0 overflow_events=0
[2026-04-14 06:23:45.863] INFO  system_level_lls_slot_progress slot=188/4000 completion=0.0470 elapsed_s=411.0 slot_direction=DL active_ue=200 cells=21 grants=0 served_bits=0 dropped_bits=0 overflow_events=0
[2026-04-14T00:54:05Z] INFO system_level_lls_slot_progress slot=200/4000 completion=0.0500 elapsed_s=430.7 slot_direction=UL active_ue=200 cells=21 grants=0 served_bits=0 dropped_bits=0 overflow_events=0
[2026-04-14 06:24:05.588] INFO  system_level_lls_slot_progress slot=200/4000 completion=0.0500 elapsed_s=430.7 slot_direction=UL active_ue=200 cells=21 grants=0 served_bits=0 dropped_bits=0 overflow_events=0
[2026-04-14T00:54:37Z] INFO system_level_lls_slot_progress slot=219/4000 completion=0.0548 elapsed_s=462.2 slot_direction=S active_ue=200 cells=21 grants=0 served_bits=0 dropped_bits=0 overflow_events=0
[2026-04-14 06:24:37.079] INFO  system_level_lls_slot_progress slot=219/4000 completion=0.0548 elapsed_s=462.2 slot_direction=S active_ue=200 cells=21 grants=0 served_bits=0 dropped_bits=0 overflow_events=0
[2026-04-14T00:55:08Z] INFO system_level_lls_slot_progress slot=239/4000 completion=0.0597 elapsed_s=494.0 slot_direction=S active_ue=200 cells=21 grants=0 served_bits=0 dropped_bits=0 overflow_events=0
[2026-04-14 06:25:08.848] INFO  system_level_lls_slot_progress slot=239/4000 completion=0.0597 elapsed_s=494.0 slot_direction=S active_ue=200 cells=21 grants=0 served_bits=0 dropped_bits=0 overflow_events=0
[2026-04-14T00:55:26Z] INFO system_level_lls_slot_progress slot=250/4000 completion=0.0625 elapsed_s=511.8 slot_direction=UL active_ue=200 cells=21 grants=0 served_bits=0 dropped_bits=0 overflow_events=0
[2026-04-14 06:25:26.735] INFO  system_level_lls_slot_progress slot=250/4000 completion=0.0625 elapsed_s=511.8 slot_direction=UL active_ue=200 cells=21 grants=0 served_bits=0 dropped_bits=0 overflow_events=0
[2026-04-14T00:55:57Z] INFO system_level_lls_slot_progress slot=269/4000 completion=0.0673 elapsed_s=542.7 slot_direction=S active_ue=200 cells=21 grants=0 served_bits=0 dropped_bits=0 overflow_events=0
[2026-04-14 06:25:57.593] INFO  system_level_lls_slot_progress slot=269/4000 completion=0.0673 elapsed_s=542.7 slot_direction=S active_ue=200 cells=21 grants=0 served_bits=0 dropped_bits=0 overflow_events=0
[2026-04-14T00:56:27Z] INFO system_level_lls_slot_progress slot=288/4000 completion=0.0720 elapsed_s=572.8 slot_direction=DL active_ue=200 cells=21 grants=0 served_bits=0 dropped_bits=0 overflow_events=0
[2026-04-14 06:26:27.686] INFO  system_level_lls_slot_progress slot=288/4000 completion=0.0720 elapsed_s=572.8 slot_direction=DL active_ue=200 cells=21 grants=0 served_bits=0 dropped_bits=0 overflow_events=0
[2026-04-14T00:56:47Z] INFO system_level_lls_slot_progress slot=300/4000 completion=0.0750 elapsed_s=592.6 slot_direction=UL active_ue=200 cells=21 grants=0 served_bits=0 dropped_bits=0 overflow_events=0
[2026-04-14 06:26:47.453] INFO  system_level_lls_slot_progress slot=300/4000 completion=0.0750 elapsed_s=592.6 slot_direction=UL active_ue=200 cells=21 grants=0 served_bits=0 dropped_bits=0 overflow_events=0
[2026-04-14T00:57:18Z] INFO system_level_lls_slot_progress slot=319/4000 completion=0.0798 elapsed_s=624.1 slot_direction=S active_ue=200 cells=21 grants=0 served_bits=0 dropped_bits=0 overflow_events=0
[2026-04-14 06:27:18.980] INFO  system_level_lls_slot_progress slot=319/4000 completion=0.0798 elapsed_s=624.1 slot_direction=S active_ue=200 cells=21 grants=0 served_bits=0 dropped_bits=0 overflow_events=0
[2026-04-14T00:57:51Z] INFO system_level_lls_slot_progress slot=339/4000 completion=0.0848 elapsed_s=656.2 slot_direction=S active_ue=200 cells=21 grants=0 served_bits=0 dropped_bits=0 overflow_events=0
[2026-04-14 06:27:51.138] INFO  system_level_lls_slot_progress slot=339/4000 completion=0.0848 elapsed_s=656.2 slot_direction=S active_ue=200 cells=21 grants=0 served_bits=0 dropped_bits=0 overflow_events=0
[2026-04-14T00:58:08Z] INFO system_level_lls_slot_progress slot=350/4000 completion=0.0875 elapsed_s=673.7 slot_direction=UL active_ue=200 cells=21 grants=0 served_bits=0 dropped_bits=0 overflow_events=0
[2026-04-14 06:28:08.545] INFO  system_level_lls_slot_progress slot=350/4000 completion=0.0875 elapsed_s=673.7 slot_direction=UL active_ue=200 cells=21 grants=0 served_bits=0 dropped_bits=0 overflow_events=0
