[2026-04-14T00:25:50Z] INFO Preparing LLS run: scenario=lls_3gpp_rel20_anchor_4ghz_100mhz_waveform_honest_200ue_4000slot runTag=web_rel20_4ghz_100mhz_200ue_4000slot_attempt5_20260414_055512 runFolder=C:\Users\Administrator\AppData\Local\Temp\2\sixgr_mysql_web_runs\lls_3gpp_rel20_anchor_4ghz_100mhz_waveform_honest_200ue_4000slot\web_rel20_4ghz_100mhz_200ue_4000slot_attempt5_20260414_055512
[2026-04-14T00:25:52Z] INFO Artifact store active=1 backend=mysql_web schema=sixgr_results
[2026-04-14T00:25:52Z] INFO Writing resolved snapshots.
[2026-04-14T00:25:53Z] INFO Exporting live geometry artifacts.
[2026-04-14T00:25:54Z] INFO Executing runner profile=system_level_lls.
[2026-04-14T00:25:54Z] INFO System-level LLS starting: NumTTI=4000 PHYBackend=waveform simulationMode=full_phy
[TR38901Plus] Resolved config: Scenario=UMa Fc_Hz=4000000000 PathlossModel=nrPathLoss ShadowSigma_dB=6 PathlossEnabled=1 ShadowEnabled=1 LOSEnabled=0
[2026-04-14T00:25:57Z] INFO system_level_lls_started slot=0/4000 completion=0.0000 elapsed_s=2.4 slot_direction=initializing active_ue=200 cells=21 grants=0 served_bits=0 dropped_bits=0 overflow_events=0
[2026-04-14 05:55:57.280] INFO  system_level_lls_started slot=0/4000 completion=0.0000 elapsed_s=2.4 slot_direction=initializing active_ue=200 cells=21 grants=0 served_bits=0 dropped_bits=0 overflow_events=0
[2026-04-14T00:25:57Z] INFO system_level_lls_slot1_post_mobility_update slot=0/4000 completion=0.0000 elapsed_s=2.6 slot_direction=slot1_post_mobility_update active_ue=200 cells=21 grants=0 served_bits=0 dropped_bits=0 overflow_events=0
[2026-04-14 05:55:57.396] INFO  system_level_lls_slot1_post_mobility_update slot=0/4000 completion=0.0000 elapsed_s=2.6 slot_direction=slot1_post_mobility_update active_ue=200 cells=21 grants=0 served_bits=0 dropped_bits=0 overflow_events=0
[2026-04-14T00:25:58Z] INFO system_level_lls_slot1_large_scale_ready slot=0/4000 completion=0.0000 elapsed_s=3.4 slot_direction=slot1_large_scale_ready active_ue=200 cells=21 grants=0 served_bits=0 dropped_bits=0 overflow_events=0
[2026-04-14 05:55:58.239] INFO  system_level_lls_slot1_large_scale_ready slot=0/4000 completion=0.0000 elapsed_s=3.4 slot_direction=slot1_large_scale_ready active_ue=200 cells=21 grants=0 served_bits=0 dropped_bits=0 overflow_events=0
[2026-04-14T00:25:58Z] INFO system_level_lls_slot1_active_ues_ready slot=0/4000 completion=0.0000 elapsed_s=3.5 slot_direction=DL active_ue=200 cells=21 grants=0 served_bits=0 dropped_bits=0 overflow_events=0
[2026-04-14 05:55:58.316] INFO  system_level_lls_slot1_active_ues_ready slot=0/4000 completion=0.0000 elapsed_s=3.5 slot_direction=DL active_ue=200 cells=21 grants=0 served_bits=0 dropped_bits=0 overflow_events=0
[2026-04-14T00:25:58Z] INFO system_level_lls_slot1_ue_by_cell_ready slot=0/4000 completion=0.0000 elapsed_s=3.5 slot_direction=DL active_ue=200 cells=21 grants=0 served_bits=0 dropped_bits=0 overflow_events=0
[2026-04-14 05:55:58.354] INFO  system_level_lls_slot1_ue_by_cell_ready slot=0/4000 completion=0.0000 elapsed_s=3.5 slot_direction=DL active_ue=200 cells=21 grants=0 served_bits=0 dropped_bits=0 overflow_events=0
[2026-04-14T00:25:58Z] INFO system_level_lls_slot1_scheduler_inputs_ready slot=0/4000 completion=0.0000 elapsed_s=3.7 slot_direction=DL active_ue=200 cells=21 grants=0 served_bits=0 dropped_bits=0 overflow_events=0
[2026-04-14 05:55:58.524] INFO  system_level_lls_slot1_scheduler_inputs_ready slot=0/4000 completion=0.0000 elapsed_s=3.7 slot_direction=DL active_ue=200 cells=21 grants=0 served_bits=0 dropped_bits=0 overflow_events=0
[2026-04-14T00:25:58Z] INFO system_level_lls_slot1_dl_scheduler_cell_1_started slot=0/4000 completion=0.0000 elapsed_s=3.7 slot_direction=DL active_ue=200 cells=21 grants=0 served_bits=0 dropped_bits=0 overflow_events=0
[2026-04-14 05:55:58.552] INFO  system_level_lls_slot1_dl_scheduler_cell_1_started slot=0/4000 completion=0.0000 elapsed_s=3.7 slot_direction=DL active_ue=200 cells=21 grants=0 served_bits=0 dropped_bits=0 overflow_events=0
[2026-04-14T00:26:51Z] ERROR Run failed: MATLAB:TooManyInputs | Too many input arguments.
{Error using sixgr.core/Logger/info
Too many input arguments.

Error in sixgr.system.SystemLevelRunner.run (line 653)
                            log.info("Slot1 DL scheduler cell=%d activeUE=%d grants=%d elapsed_s=%.3f", ...

Error in sixgr.lls6g.runners.runSingle>localRunSystemLevelScenario (line 116)
systemOut = sixgr.system.SystemLevelRunner.run(ctx, params);

Error in sixgr.lls6g.runners.runSingle>localExecutePreparedScenario (line 662)
            result = localRunSystemLevelScenario(cfg, scfg, runFolder);

Error in sixgr.lls6g.runners.runSingle (line 30)
execOut = localExecutePreparedScenario(scfg, runFolder, leaf, logicalRunFolder);

Error in run_6g_phy_lls_single (line 14)
out = sixgr.lls6g.runners.runSingle(configPath, outputDir, runTag);
} 
ERROR: MATLAB error Exit Status: 0x00000001
