[2026-04-22T03:29:01Z] INFO Preparing LLS run: scenario=lls_3gpp_rel20_anchor_4ghz_100mhz_waveform_honest_50ue_14slot runTag=webgui_rel20_4ghz_100mhz_50ue_14slot_r4_20260422_100500 runFolder=C:\Users\Administrator\AppData\Local\Temp\2\sixgr_mysql_web_runs\lls_3gpp_rel20_anchor_4ghz_100mhz_waveform_honest_50ue_14slot\webgui_rel20_4ghz_100mhz_50ue_14slot_r4_20260422_100500
[2026-04-22T03:29:02Z] INFO Artifact store active=1 backend=mysql_web schema=sixgr_results
[2026-04-22T03:29:02Z] INFO Writing resolved snapshots.
[2026-04-22T03:29:03Z] INFO Exporting live geometry artifacts.
[2026-04-22T03:29:04Z] INFO Executing runner profile=waveform_bundle.
[2026-04-22T03:29:04Z] INFO Waveform bundle starting: snr=12.000 dB sweepPoints=1 canonicalSlots=14 monteCarlo=1 slotDuration_s=0.000500
[TR38901Plus] Resolved config: Scenario=UMa Fc_Hz=4000000000 PathlossModel=nrPathLoss ShadowSigma_dB=6 PathlossEnabled=1 ShadowEnabled=1 LOSEnabled=1
[2026-04-22T03:32:21Z] INFO Coupled canonical slot prepared: sweep=1/1 slot=1/14 duplex=DL allow_dl=1 allow_ul=0.
[2026-04-22T03:32:21Z] INFO Starting coupled pre-scheduling control gating for slot 1/14 with 50 UEs.
[2026-04-22T03:32:24Z] INFO Coupled control gating progress for slot 1/14: UE 1/50, PBCH=1 PRACH=0 SRS=0 TRS=1.
[2026-04-22T03:32:27Z] INFO Coupled control gating progress for slot 1/14: UE 3/50, PBCH=3 PRACH=0 SRS=0 TRS=3.
[2026-04-22T03:32:32Z] INFO Coupled control gating progress for slot 1/14: UE 6/50, PBCH=6 PRACH=0 SRS=0 TRS=4.
[2026-04-22T03:32:35Z] INFO Coupled control gating progress for slot 1/14: UE 9/50, PBCH=9 PRACH=0 SRS=0 TRS=5.
[2026-04-22T03:32:39Z] INFO Coupled control gating progress for slot 1/14: UE 12/50, PBCH=12 PRACH=0 SRS=0 TRS=6.
[2026-04-22T03:32:42Z] INFO Coupled control gating progress for slot 1/14: UE 15/50, PBCH=15 PRACH=0 SRS=0 TRS=6.
[2026-04-22T03:32:45Z] INFO Coupled control gating progress for slot 1/14: UE 18/50, PBCH=18 PRACH=0 SRS=0 TRS=6.
[2026-04-22T03:32:49Z] INFO Coupled control gating progress for slot 1/14: UE 21/50, PBCH=21 PRACH=0 SRS=0 TRS=6.
[2026-04-22T03:32:52Z] INFO Coupled control gating progress for slot 1/14: UE 24/50, PBCH=24 PRACH=0 SRS=0 TRS=6.
[2026-04-22T03:32:55Z] INFO Coupled control gating progress for slot 1/14: UE 27/50, PBCH=27 PRACH=0 SRS=0 TRS=6.
[2026-04-22T03:32:59Z] INFO Coupled control gating progress for slot 1/14: UE 30/50, PBCH=30 PRACH=0 SRS=0 TRS=6.
[2026-04-22T03:33:02Z] INFO Coupled control gating progress for slot 1/14: UE 33/50, PBCH=33 PRACH=0 SRS=0 TRS=6.
[2026-04-22T03:33:05Z] INFO Coupled control gating progress for slot 1/14: UE 36/50, PBCH=36 PRACH=0 SRS=0 TRS=6.
[2026-04-22T03:33:08Z] INFO Coupled control gating progress for slot 1/14: UE 39/50, PBCH=39 PRACH=0 SRS=0 TRS=6.
[2026-04-22T03:33:12Z] INFO Coupled control gating progress for slot 1/14: UE 42/50, PBCH=42 PRACH=0 SRS=0 TRS=6.
[2026-04-22T03:33:15Z] INFO Coupled control gating progress for slot 1/14: UE 45/50, PBCH=45 PRACH=0 SRS=0 TRS=6.
[2026-04-22T03:33:18Z] INFO Coupled control gating progress for slot 1/14: UE 48/50, PBCH=48 PRACH=0 SRS=0 TRS=6.
[2026-04-22T03:33:20Z] INFO Coupled control gating progress for slot 1/14: UE 50/50, PBCH=50 PRACH=0 SRS=0 TRS=6.
[2026-04-22T03:33:20Z] INFO Coupled control gating complete: slot=1 frame=1 pbch_attempts=50 prach_attempts=0 srs_attempts=0 trs_attempts=6 acquired=50/50 access=0/50 valid_srs=0/50 valid_trs_cells=6/6 tracked_serving_users=50/50 eligible=0/50.
[2026-04-22T03:33:20Z] INFO Coupled control gating complete for slot 1/14: acquired=50/50 access=0/50 valid_srs=0/50 valid_trs_cells=6/6 tracked_serving_users=50/50 eligible=0/50.
[2026-04-22T03:33:25Z] INFO DL coupled publish: sweep 1/1 snr=12.000 ue=0/50 dlFrames=0/14 ulFrames=0/14 dlRows=0 ulRows=0.
[2026-04-22T03:33:26Z] INFO Coupled DL schedule complete: sweep=1/1 slot=1/14 active=0 granted=0 grants=0.
[2026-04-22T03:33:26Z] INFO Coupled DL PDCCH qualification complete: sweep=1/1 slot=1/14 executable_grants=0.
[2026-04-22T03:33:26Z] INFO Preparing coupled DL batches: sweep=1/1 slot=1/14 candidate_grants=0 batch_size=16.
[2026-04-22T03:33:26Z] INFO Coupled canonical slot prepared: sweep=1/1 slot=2/14 duplex=DL allow_dl=1 allow_ul=0.
[2026-04-22T03:33:26Z] INFO Starting coupled pre-scheduling control gating for slot 2/14 with 50 UEs.
[2026-04-22T03:33:26Z] INFO Coupled control gating progress for slot 2/14: UE 1/50, PBCH=0 PRACH=0 SRS=0 TRS=0.
[2026-04-22T03:33:27Z] INFO Coupled control gating progress for slot 2/14: UE 3/50, PBCH=0 PRACH=0 SRS=0 TRS=0.
[2026-04-22T03:33:27Z] INFO Coupled control gating progress for slot 2/14: UE 6/50, PBCH=0 PRACH=0 SRS=0 TRS=0.
[2026-04-22T03:33:27Z] INFO Coupled control gating progress for slot 2/14: UE 9/50, PBCH=0 PRACH=0 SRS=0 TRS=0.
[2026-04-22T03:33:27Z] INFO Coupled control gating progress for slot 2/14: UE 12/50, PBCH=0 PRACH=0 SRS=0 TRS=0.
[2026-04-22T03:33:27Z] INFO Coupled control gating progress for slot 2/14: UE 15/50, PBCH=0 PRACH=0 SRS=0 TRS=0.
[2026-04-22T03:33:27Z] INFO Coupled control gating progress for slot 2/14: UE 18/50, PBCH=0 PRACH=0 SRS=0 TRS=0.
[2026-04-22T03:33:27Z] INFO Coupled control gating progress for slot 2/14: UE 21/50, PBCH=0 PRACH=0 SRS=0 TRS=0.
[2026-04-22T03:33:28Z] INFO Coupled control gating progress for slot 2/14: UE 24/50, PBCH=0 PRACH=0 SRS=0 TRS=0.
[2026-04-22T03:33:28Z] INFO Coupled control gating progress for slot 2/14: UE 27/50, PBCH=0 PRACH=0 SRS=0 TRS=0.
[2026-04-22T03:33:28Z] INFO Coupled control gating progress for slot 2/14: UE 30/50, PBCH=0 PRACH=0 SRS=0 TRS=0.
[2026-04-22T03:33:28Z] INFO Coupled control gating progress for slot 2/14: UE 33/50, PBCH=0 PRACH=0 SRS=0 TRS=0.
[2026-04-22T03:33:28Z] INFO Coupled control gating progress for slot 2/14: UE 36/50, PBCH=0 PRACH=0 SRS=0 TRS=0.
[2026-04-22T03:33:28Z] INFO Coupled control gating progress for slot 2/14: UE 39/50, PBCH=0 PRACH=0 SRS=0 TRS=0.
[2026-04-22T03:33:28Z] INFO Coupled control gating progress for slot 2/14: UE 42/50, PBCH=0 PRACH=0 SRS=0 TRS=0.
[2026-04-22T03:33:28Z] INFO Coupled control gating progress for slot 2/14: UE 45/50, PBCH=0 PRACH=0 SRS=0 TRS=0.
[2026-04-22T03:33:29Z] INFO Coupled control gating progress for slot 2/14: UE 48/50, PBCH=0 PRACH=0 SRS=0 TRS=0.
[2026-04-22T03:33:29Z] INFO Coupled control gating progress for slot 2/14: UE 50/50, PBCH=0 PRACH=0 SRS=0 TRS=0.
[2026-04-22T03:33:29Z] INFO Coupled control gating complete: slot=2 frame=1 pbch_attempts=0 prach_attempts=0 srs_attempts=0 trs_attempts=0 acquired=50/50 access=0/50 valid_srs=0/50 valid_trs_cells=6/6 tracked_serving_users=50/50 eligible=0/50.
[2026-04-22T03:33:29Z] INFO Coupled control gating complete for slot 2/14: acquired=50/50 access=0/50 valid_srs=0/50 valid_trs_cells=6/6 tracked_serving_users=50/50 eligible=0/50.
[2026-04-22T03:33:32Z] INFO DL coupled publish: sweep 1/1 snr=12.000 ue=0/50 dlFrames=0/14 ulFrames=0/14 dlRows=0 ulRows=0.
[2026-04-22T03:33:33Z] INFO Coupled DL schedule complete: sweep=1/1 slot=2/14 active=0 granted=0 grants=0.
[2026-04-22T03:33:33Z] INFO Coupled DL PDCCH qualification complete: sweep=1/1 slot=2/14 executable_grants=0.
[2026-04-22T03:33:33Z] INFO Preparing coupled DL batches: sweep=1/1 slot=2/14 candidate_grants=0 batch_size=16.
[2026-04-22T03:33:33Z] INFO Coupled canonical slot prepared: sweep=1/1 slot=3/14 duplex=DL allow_dl=1 allow_ul=0.
[2026-04-22T03:33:33Z] INFO Starting coupled pre-scheduling control gating for slot 3/14 with 50 UEs.
[2026-04-22T03:33:33Z] INFO Coupled control gating progress for slot 3/14: UE 1/50, PBCH=0 PRACH=0 SRS=0 TRS=0.
[2026-04-22T03:33:34Z] INFO Coupled control gating progress for slot 3/14: UE 3/50, PBCH=0 PRACH=0 SRS=0 TRS=0.
[2026-04-22T03:33:34Z] INFO Coupled control gating progress for slot 3/14: UE 6/50, PBCH=0 PRACH=0 SRS=0 TRS=0.
[2026-04-22T03:33:34Z] INFO Coupled control gating progress for slot 3/14: UE 9/50, PBCH=0 PRACH=0 SRS=0 TRS=0.
[2026-04-22T03:33:34Z] INFO Coupled control gating progress for slot 3/14: UE 12/50, PBCH=0 PRACH=0 SRS=0 TRS=0.
[2026-04-22T03:33:34Z] INFO Coupled control gating progress for slot 3/14: UE 15/50, PBCH=0 PRACH=0 SRS=0 TRS=0.
[2026-04-22T03:33:34Z] INFO Coupled control gating progress for slot 3/14: UE 18/50, PBCH=0 PRACH=0 SRS=0 TRS=0.
[2026-04-22T03:33:34Z] INFO Coupled control gating progress for slot 3/14: UE 21/50, PBCH=0 PRACH=0 SRS=0 TRS=0.
[2026-04-22T03:33:35Z] INFO Coupled control gating progress for slot 3/14: UE 24/50, PBCH=0 PRACH=0 SRS=0 TRS=0.
[2026-04-22T03:33:35Z] INFO Coupled control gating progress for slot 3/14: UE 27/50, PBCH=0 PRACH=0 SRS=0 TRS=0.
[2026-04-22T03:33:35Z] INFO Coupled control gating progress for slot 3/14: UE 30/50, PBCH=0 PRACH=0 SRS=0 TRS=0.
[2026-04-22T03:33:35Z] INFO Coupled control gating progress for slot 3/14: UE 33/50, PBCH=0 PRACH=0 SRS=0 TRS=0.
[2026-04-22T03:33:35Z] INFO Coupled control gating progress for slot 3/14: UE 36/50, PBCH=0 PRACH=0 SRS=0 TRS=0.
[2026-04-22T03:33:35Z] INFO Coupled control gating progress for slot 3/14: UE 39/50, PBCH=0 PRACH=0 SRS=0 TRS=0.
[2026-04-22T03:33:35Z] INFO Coupled control gating progress for slot 3/14: UE 42/50, PBCH=0 PRACH=0 SRS=0 TRS=0.
[2026-04-22T03:33:35Z] INFO Coupled control gating progress for slot 3/14: UE 45/50, PBCH=0 PRACH=0 SRS=0 TRS=0.
[2026-04-22T03:33:36Z] INFO Coupled control gating progress for slot 3/14: UE 48/50, PBCH=0 PRACH=0 SRS=0 TRS=0.
[2026-04-22T03:33:36Z] INFO Coupled control gating progress for slot 3/14: UE 50/50, PBCH=0 PRACH=0 SRS=0 TRS=0.
[2026-04-22T03:33:36Z] INFO Coupled control gating complete: slot=3 frame=1 pbch_attempts=0 prach_attempts=0 srs_attempts=0 trs_attempts=0 acquired=50/50 access=0/50 valid_srs=0/50 valid_trs_cells=6/6 tracked_serving_users=50/50 eligible=0/50.
[2026-04-22T03:33:36Z] INFO Coupled control gating complete for slot 3/14: acquired=50/50 access=0/50 valid_srs=0/50 valid_trs_cells=6/6 tracked_serving_users=50/50 eligible=0/50.
[2026-04-22T03:33:39Z] INFO DL coupled publish: sweep 1/1 snr=12.000 ue=0/50 dlFrames=0/14 ulFrames=0/14 dlRows=0 ulRows=0.
[2026-04-22T03:33:40Z] INFO Coupled DL schedule complete: sweep=1/1 slot=3/14 active=0 granted=0 grants=0.
[2026-04-22T03:33:40Z] INFO Coupled DL PDCCH qualification complete: sweep=1/1 slot=3/14 executable_grants=0.
[2026-04-22T03:33:40Z] INFO Preparing coupled DL batches: sweep=1/1 slot=3/14 candidate_grants=0 batch_size=16.
[2026-04-22T03:33:40Z] INFO Coupled canonical slot prepared: sweep=1/1 slot=4/14 duplex=S allow_dl=1 allow_ul=1.
[2026-04-22T03:33:40Z] INFO Starting coupled pre-scheduling control gating for slot 4/14 with 50 UEs.
[2026-04-22T03:33:40Z] INFO Coupled control gating progress for slot 4/14: UE 1/50, PBCH=0 PRACH=0 SRS=0 TRS=0.
[2026-04-22T03:33:41Z] INFO Coupled control gating progress for slot 4/14: UE 3/50, PBCH=0 PRACH=0 SRS=0 TRS=0.
[2026-04-22T03:33:41Z] INFO Coupled control gating progress for slot 4/14: UE 6/50, PBCH=0 PRACH=0 SRS=0 TRS=0.
[2026-04-22T03:33:41Z] INFO Coupled control gating progress for slot 4/14: UE 9/50, PBCH=0 PRACH=0 SRS=0 TRS=0.
[2026-04-22T03:33:41Z] INFO Coupled control gating progress for slot 4/14: UE 12/50, PBCH=0 PRACH=0 SRS=0 TRS=0.
[2026-04-22T03:33:41Z] INFO Coupled control gating progress for slot 4/14: UE 15/50, PBCH=0 PRACH=0 SRS=0 TRS=0.
[2026-04-22T03:33:41Z] INFO Coupled control gating progress for slot 4/14: UE 18/50, PBCH=0 PRACH=0 SRS=0 TRS=0.
[2026-04-22T03:33:41Z] INFO Coupled control gating progress for slot 4/14: UE 21/50, PBCH=0 PRACH=0 SRS=0 TRS=0.
[2026-04-22T03:33:42Z] INFO Coupled control gating progress for slot 4/14: UE 24/50, PBCH=0 PRACH=0 SRS=0 TRS=0.
[2026-04-22T03:33:42Z] INFO Coupled control gating progress for slot 4/14: UE 27/50, PBCH=0 PRACH=0 SRS=0 TRS=0.
[2026-04-22T03:33:42Z] INFO Coupled control gating progress for slot 4/14: UE 30/50, PBCH=0 PRACH=0 SRS=0 TRS=0.
[2026-04-22T03:33:42Z] INFO Coupled control gating progress for slot 4/14: UE 33/50, PBCH=0 PRACH=0 SRS=0 TRS=0.
[2026-04-22T03:33:42Z] INFO Coupled control gating progress for slot 4/14: UE 36/50, PBCH=0 PRACH=0 SRS=0 TRS=0.
[2026-04-22T03:33:42Z] INFO Coupled control gating progress for slot 4/14: UE 39/50, PBCH=0 PRACH=0 SRS=0 TRS=0.
[2026-04-22T03:33:42Z] INFO Coupled control gating progress for slot 4/14: UE 42/50, PBCH=0 PRACH=0 SRS=0 TRS=0.
[2026-04-22T03:33:43Z] INFO Coupled control gating progress for slot 4/14: UE 45/50, PBCH=0 PRACH=0 SRS=0 TRS=0.
[2026-04-22T03:33:43Z] INFO Coupled control gating progress for slot 4/14: UE 48/50, PBCH=0 PRACH=0 SRS=0 TRS=0.
[2026-04-22T03:33:43Z] INFO Coupled control gating progress for slot 4/14: UE 50/50, PBCH=0 PRACH=0 SRS=0 TRS=0.
[2026-04-22T03:33:43Z] INFO Coupled control gating complete: slot=4 frame=1 pbch_attempts=0 prach_attempts=0 srs_attempts=0 trs_attempts=0 acquired=50/50 access=0/50 valid_srs=0/50 valid_trs_cells=6/6 tracked_serving_users=50/50 eligible=0/50.
[2026-04-22T03:33:43Z] INFO Coupled control gating complete for slot 4/14: acquired=50/50 access=0/50 valid_srs=0/50 valid_trs_cells=6/6 tracked_serving_users=50/50 eligible=0/50.
[2026-04-22T03:33:46Z] INFO DL coupled publish: sweep 1/1 snr=12.000 ue=0/50 dlFrames=0/14 ulFrames=0/14 dlRows=0 ulRows=0.
[2026-04-22T03:33:47Z] INFO Coupled DL schedule complete: sweep=1/1 slot=4/14 active=0 granted=0 grants=0.
[2026-04-22T03:33:47Z] INFO Coupled DL PDCCH qualification complete: sweep=1/1 slot=4/14 executable_grants=0.
[2026-04-22T03:33:47Z] INFO Preparing coupled DL batches: sweep=1/1 slot=4/14 candidate_grants=0 batch_size=16.
[2026-04-22T03:33:48Z] INFO Coupled UL schedule complete: sweep=1/1 slot=4/14 active=0 granted=0 grants=0.
[2026-04-22T03:33:48Z] INFO Coupled UL PDCCH qualification complete: sweep=1/1 slot=4/14 executable_grants=0.
[2026-04-22T03:33:48Z] INFO Preparing coupled UL batches: sweep=1/1 slot=4/14 candidate_grants=0 batch_size=16.
[2026-04-22T03:33:48Z] INFO Coupled canonical slot prepared: sweep=1/1 slot=5/14 duplex=UL allow_dl=0 allow_ul=1.
[2026-04-22T03:33:48Z] INFO Starting coupled pre-scheduling control gating for slot 5/14 with 50 UEs.
[2026-04-22T03:33:49Z] INFO Coupled control gating progress for slot 5/14: UE 1/50, PBCH=0 PRACH=0 SRS=0 TRS=1.
[2026-04-22T03:33:49Z] INFO Coupled control gating progress for slot 5/14: UE 3/50, PBCH=0 PRACH=0 SRS=0 TRS=3.
[2026-04-22T03:33:50Z] INFO Coupled control gating progress for slot 5/14: UE 6/50, PBCH=0 PRACH=0 SRS=0 TRS=4.
[2026-04-22T03:33:50Z] INFO Coupled control gating progress for slot 5/14: UE 9/50, PBCH=0 PRACH=0 SRS=0 TRS=5.
[2026-04-22T03:33:51Z] INFO Coupled control gating progress for slot 5/14: UE 12/50, PBCH=0 PRACH=0 SRS=0 TRS=6.
[2026-04-22T03:33:51Z] INFO Coupled control gating progress for slot 5/14: UE 15/50, PBCH=0 PRACH=0 SRS=0 TRS=6.
[2026-04-22T03:33:51Z] INFO Coupled control gating progress for slot 5/14: UE 18/50, PBCH=0 PRACH=0 SRS=0 TRS=6.
[2026-04-22T03:33:51Z] INFO Coupled control gating progress for slot 5/14: UE 21/50, PBCH=0 PRACH=0 SRS=0 TRS=6.
[2026-04-22T03:33:51Z] INFO Coupled control gating progress for slot 5/14: UE 24/50, PBCH=0 PRACH=0 SRS=0 TRS=6.
[2026-04-22T03:33:51Z] INFO Coupled control gating progress for slot 5/14: UE 27/50, PBCH=0 PRACH=0 SRS=0 TRS=6.
[2026-04-22T03:33:51Z] INFO Coupled control gating progress for slot 5/14: UE 30/50, PBCH=0 PRACH=0 SRS=0 TRS=6.
[2026-04-22T03:33:52Z] INFO Coupled control gating progress for slot 5/14: UE 33/50, PBCH=0 PRACH=0 SRS=0 TRS=6.
[2026-04-22T03:33:52Z] INFO Coupled control gating progress for slot 5/14: UE 36/50, PBCH=0 PRACH=0 SRS=0 TRS=6.
[2026-04-22T03:33:52Z] INFO Coupled control gating progress for slot 5/14: UE 39/50, PBCH=0 PRACH=0 SRS=0 TRS=6.
[2026-04-22T03:33:52Z] INFO Coupled control gating progress for slot 5/14: UE 42/50, PBCH=0 PRACH=0 SRS=0 TRS=6.
[2026-04-22T03:33:52Z] INFO Coupled control gating progress for slot 5/14: UE 45/50, PBCH=0 PRACH=0 SRS=0 TRS=6.
[2026-04-22T03:33:52Z] INFO Coupled control gating progress for slot 5/14: UE 48/50, PBCH=0 PRACH=0 SRS=0 TRS=6.
[2026-04-22T03:33:52Z] INFO Coupled control gating progress for slot 5/14: UE 50/50, PBCH=0 PRACH=0 SRS=0 TRS=6.
[2026-04-22T03:33:53Z] INFO Coupled control gating complete: slot=5 frame=1 pbch_attempts=0 prach_attempts=0 srs_attempts=0 trs_attempts=6 acquired=50/50 access=0/50 valid_srs=0/50 valid_trs_cells=6/6 tracked_serving_users=50/50 eligible=0/50.
[2026-04-22T03:33:53Z] INFO Coupled control gating complete for slot 5/14: acquired=50/50 access=0/50 valid_srs=0/50 valid_trs_cells=6/6 tracked_serving_users=50/50 eligible=0/50.
[2026-04-22T03:33:56Z] INFO UL coupled publish: sweep 1/1 snr=12.000 ue=0/50 dlFrames=0/14 ulFrames=0/14 dlRows=0 ulRows=0.
[2026-04-22T03:33:57Z] INFO Coupled UL schedule complete: sweep=1/1 slot=5/14 active=0 granted=0 grants=0.
[2026-04-22T03:33:57Z] INFO Coupled UL PDCCH qualification complete: sweep=1/1 slot=5/14 executable_grants=0.
[2026-04-22T03:33:57Z] INFO Preparing coupled UL batches: sweep=1/1 slot=5/14 candidate_grants=0 batch_size=16.
[2026-04-22T03:33:57Z] INFO Coupled canonical slot prepared: sweep=1/1 slot=6/14 duplex=DL allow_dl=1 allow_ul=0.
[2026-04-22T03:33:57Z] INFO Starting coupled pre-scheduling control gating for slot 6/14 with 50 UEs.
[2026-04-22T03:33:57Z] INFO Coupled control gating progress for slot 6/14: UE 1/50, PBCH=0 PRACH=0 SRS=0 TRS=0.
[2026-04-22T03:33:58Z] INFO Coupled control gating progress for slot 6/14: UE 3/50, PBCH=0 PRACH=0 SRS=0 TRS=0.
[2026-04-22T03:33:58Z] INFO Coupled control gating progress for slot 6/14: UE 6/50, PBCH=0 PRACH=0 SRS=0 TRS=0.
[2026-04-22T03:33:58Z] INFO Coupled control gating progress for slot 6/14: UE 9/50, PBCH=0 PRACH=0 SRS=0 TRS=0.
[2026-04-22T03:33:58Z] INFO Coupled control gating progress for slot 6/14: UE 12/50, PBCH=0 PRACH=0 SRS=0 TRS=0.
[2026-04-22T03:33:58Z] INFO Coupled control gating progress for slot 6/14: UE 15/50, PBCH=0 PRACH=0 SRS=0 TRS=0.
[2026-04-22T03:33:58Z] INFO Coupled control gating progress for slot 6/14: UE 18/50, PBCH=0 PRACH=0 SRS=0 TRS=0.
[2026-04-22T03:33:58Z] INFO Coupled control gating progress for slot 6/14: UE 21/50, PBCH=0 PRACH=0 SRS=0 TRS=0.
[2026-04-22T03:33:59Z] INFO Coupled control gating progress for slot 6/14: UE 24/50, PBCH=0 PRACH=0 SRS=0 TRS=0.
[2026-04-22T03:33:59Z] INFO Coupled control gating progress for slot 6/14: UE 27/50, PBCH=0 PRACH=0 SRS=0 TRS=0.
[2026-04-22T03:33:59Z] INFO Coupled control gating progress for slot 6/14: UE 30/50, PBCH=0 PRACH=0 SRS=0 TRS=0.
[2026-04-22T03:33:59Z] INFO Coupled control gating progress for slot 6/14: UE 33/50, PBCH=0 PRACH=0 SRS=0 TRS=0.
[2026-04-22T03:33:59Z] INFO Coupled control gating progress for slot 6/14: UE 36/50, PBCH=0 PRACH=0 SRS=0 TRS=0.
[2026-04-22T03:33:59Z] INFO Coupled control gating progress for slot 6/14: UE 39/50, PBCH=0 PRACH=0 SRS=0 TRS=0.
[2026-04-22T03:33:59Z] INFO Coupled control gating progress for slot 6/14: UE 42/50, PBCH=0 PRACH=0 SRS=0 TRS=0.
[2026-04-22T03:34:00Z] INFO Coupled control gating progress for slot 6/14: UE 45/50, PBCH=0 PRACH=0 SRS=0 TRS=0.
[2026-04-22T03:34:00Z] INFO Coupled control gating progress for slot 6/14: UE 48/50, PBCH=0 PRACH=0 SRS=0 TRS=0.
[2026-04-22T03:34:00Z] INFO Coupled control gating progress for slot 6/14: UE 50/50, PBCH=0 PRACH=0 SRS=0 TRS=0.
[2026-04-22T03:34:00Z] INFO Coupled control gating complete: slot=6 frame=1 pbch_attempts=0 prach_attempts=0 srs_attempts=0 trs_attempts=0 acquired=50/50 access=0/50 valid_srs=0/50 valid_trs_cells=6/6 tracked_serving_users=50/50 eligible=0/50.
[2026-04-22T03:34:00Z] INFO Coupled control gating complete for slot 6/14: acquired=50/50 access=0/50 valid_srs=0/50 valid_trs_cells=6/6 tracked_serving_users=50/50 eligible=0/50.
[2026-04-22T03:34:03Z] INFO DL coupled publish: sweep 1/1 snr=12.000 ue=0/50 dlFrames=0/14 ulFrames=0/14 dlRows=0 ulRows=0.
[2026-04-22T03:34:04Z] INFO Coupled DL schedule complete: sweep=1/1 slot=6/14 active=0 granted=0 grants=0.
[2026-04-22T03:34:04Z] INFO Coupled DL PDCCH qualification complete: sweep=1/1 slot=6/14 executable_grants=0.
[2026-04-22T03:34:04Z] INFO Preparing coupled DL batches: sweep=1/1 slot=6/14 candidate_grants=0 batch_size=16.
[2026-04-22T03:34:04Z] INFO Coupled canonical slot prepared: sweep=1/1 slot=7/14 duplex=DL allow_dl=1 allow_ul=0.
[2026-04-22T03:34:04Z] INFO Starting coupled pre-scheduling control gating for slot 7/14 with 50 UEs.
[2026-04-22T03:34:05Z] INFO Coupled control gating progress for slot 7/14: UE 1/50, PBCH=0 PRACH=1 SRS=0 TRS=0.
[2026-04-22T03:34:06Z] INFO Coupled control gating progress for slot 7/14: UE 3/50, PBCH=0 PRACH=3 SRS=0 TRS=0.
[2026-04-22T03:34:07Z] INFO Coupled control gating progress for slot 7/14: UE 6/50, PBCH=0 PRACH=6 SRS=0 TRS=0.
[2026-04-22T03:34:08Z] INFO Coupled control gating progress for slot 7/14: UE 9/50, PBCH=0 PRACH=9 SRS=0 TRS=0.
[2026-04-22T03:34:09Z] INFO Coupled control gating progress for slot 7/14: UE 12/50, PBCH=0 PRACH=12 SRS=0 TRS=0.
[2026-04-22T03:34:10Z] INFO Coupled control gating progress for slot 7/14: UE 15/50, PBCH=0 PRACH=15 SRS=0 TRS=0.
[2026-04-22T03:34:11Z] INFO Coupled control gating progress for slot 7/14: UE 18/50, PBCH=0 PRACH=18 SRS=0 TRS=0.
[2026-04-22T03:34:12Z] INFO Coupled control gating progress for slot 7/14: UE 21/50, PBCH=0 PRACH=21 SRS=0 TRS=0.
[2026-04-22T03:34:13Z] INFO Coupled control gating progress for slot 7/14: UE 24/50, PBCH=0 PRACH=24 SRS=0 TRS=0.
[2026-04-22T03:34:14Z] INFO Coupled control gating progress for slot 7/14: UE 27/50, PBCH=0 PRACH=27 SRS=0 TRS=0.
[2026-04-22T03:34:15Z] INFO Coupled control gating progress for slot 7/14: UE 30/50, PBCH=0 PRACH=30 SRS=0 TRS=0.
[2026-04-22T03:34:16Z] INFO Coupled control gating progress for slot 7/14: UE 33/50, PBCH=0 PRACH=33 SRS=0 TRS=0.
[2026-04-22T03:34:17Z] INFO Coupled control gating progress for slot 7/14: UE 36/50, PBCH=0 PRACH=36 SRS=0 TRS=0.
[2026-04-22T03:34:18Z] INFO Coupled control gating progress for slot 7/14: UE 39/50, PBCH=0 PRACH=39 SRS=0 TRS=0.
[2026-04-22T03:34:19Z] INFO Coupled control gating progress for slot 7/14: UE 42/50, PBCH=0 PRACH=42 SRS=0 TRS=0.
[2026-04-22T03:34:20Z] INFO Coupled control gating progress for slot 7/14: UE 45/50, PBCH=0 PRACH=45 SRS=0 TRS=0.
[2026-04-22T03:34:21Z] INFO Coupled control gating progress for slot 7/14: UE 48/50, PBCH=0 PRACH=48 SRS=0 TRS=0.
[2026-04-22T03:34:22Z] INFO Coupled control gating progress for slot 7/14: UE 50/50, PBCH=0 PRACH=50 SRS=0 TRS=0.
[2026-04-22T03:34:22Z] INFO Coupled control gating complete: slot=7 frame=1 pbch_attempts=0 prach_attempts=50 srs_attempts=0 trs_attempts=0 acquired=50/50 access=50/50 valid_srs=0/50 valid_trs_cells=6/6 tracked_serving_users=50/50 eligible=0/50.
[2026-04-22T03:34:22Z] INFO Coupled control gating complete for slot 7/14: acquired=50/50 access=50/50 valid_srs=0/50 valid_trs_cells=6/6 tracked_serving_users=50/50 eligible=0/50.
[2026-04-22T03:34:26Z] INFO DL coupled publish: sweep 1/1 snr=12.000 ue=0/50 dlFrames=0/14 ulFrames=0/14 dlRows=0 ulRows=0.
[2026-04-22T03:34:29Z] INFO Coupled DL schedule complete: sweep=1/1 slot=7/14 active=50 granted=50 grants=50.
[2026-04-22T03:34:38Z] INFO Coupled DL PDCCH qualification complete: sweep=1/1 slot=7/14 executable_grants=50.
[2026-04-22T03:34:38Z] INFO Preparing coupled DL batches: sweep=1/1 slot=7/14 candidate_grants=50 batch_size=16.
[2026-04-22T03:34:38Z] INFO Preparing coupled DL resolved grant cache: candidate_grants=50.
[2026-04-22T03:35:15Z] INFO Prepared coupled DL resolved grant cache entries: 25/50.
[2026-04-22T03:35:49Z] INFO Prepared coupled DL resolved grant cache entries: 50/50.
[2026-04-22T03:35:49Z] INFO Prepared coupled DL resolved grant cache complete: entries=50 elapsed_s=70.533.
[2026-04-22T03:36:07Z] INFO Prepared coupled DL chunk: sweep=1/1 slot=7/14 executable_plans=16 chunk=1-16 of 50.
[2026-04-22T03:36:07Z] INFO Executing coupled DL chunk: sweep=1/1 slot=7/14 chunk=1-16 of 50.
[2026-04-22T03:36:33Z] INFO Publishing coupled DL chunk results: sweep=1/1 slot=7/14 committed_rows=16 current_primary_rows=16.
[2026-04-22T03:36:41Z] INFO DL coupled publish: sweep 1/1 snr=12.000 ue=24/50 dlFrames=1/14 ulFrames=0/14 dlRows=16 ulRows=0.
[2026-04-22T03:37:05Z] INFO Prepared coupled DL chunk: sweep=1/1 slot=7/14 executable_plans=16 chunk=17-32 of 50.
[2026-04-22T03:37:06Z] INFO Executing coupled DL chunk: sweep=1/1 slot=7/14 chunk=17-32 of 50.
[2026-04-22T03:37:26Z] INFO Publishing coupled DL chunk results: sweep=1/1 slot=7/14 committed_rows=16 current_primary_rows=32.
[2026-04-22T03:37:33Z] INFO DL coupled publish: sweep 1/1 snr=12.000 ue=41/50 dlFrames=1/14 ulFrames=0/14 dlRows=32 ulRows=0.
[2026-04-22T03:37:51Z] INFO Prepared coupled DL chunk: sweep=1/1 slot=7/14 executable_plans=16 chunk=33-48 of 50.
[2026-04-22T03:37:51Z] INFO Executing coupled DL chunk: sweep=1/1 slot=7/14 chunk=33-48 of 50.
[2026-04-22T03:38:10Z] INFO Publishing coupled DL chunk results: sweep=1/1 slot=7/14 committed_rows=16 current_primary_rows=48.
[2026-04-22T03:38:17Z] INFO DL coupled publish: sweep 1/1 snr=12.000 ue=34/50 dlFrames=1/14 ulFrames=0/14 dlRows=48 ulRows=0.
[2026-04-22T03:38:19Z] INFO Prepared coupled DL chunk: sweep=1/1 slot=7/14 executable_plans=2 chunk=49-50 of 50.
[2026-04-22T03:38:19Z] INFO Executing coupled DL chunk: sweep=1/1 slot=7/14 chunk=49-50 of 50.
[2026-04-22T03:38:22Z] INFO Publishing coupled DL chunk results: sweep=1/1 slot=7/14 committed_rows=2 current_primary_rows=50.
[2026-04-22T03:38:29Z] INFO DL coupled publish: sweep 1/1 snr=12.000 ue=43/50 dlFrames=1/14 ulFrames=0/14 dlRows=50 ulRows=0.
[2026-04-22T03:38:29Z] INFO Coupled canonical slot prepared: sweep=1/1 slot=8/14 duplex=DL allow_dl=1 allow_ul=0.
[2026-04-22T03:38:29Z] INFO Starting coupled pre-scheduling control gating for slot 8/14 with 50 UEs.
[2026-04-22T03:38:29Z] INFO Coupled control gating progress for slot 8/14: UE 1/50, PBCH=0 PRACH=0 SRS=0 TRS=0.
[2026-04-22T03:38:29Z] INFO Coupled control gating progress for slot 8/14: UE 3/50, PBCH=0 PRACH=0 SRS=1 TRS=0.
[2026-04-22T03:38:29Z] INFO Coupled control gating progress for slot 8/14: UE 6/50, PBCH=0 PRACH=0 SRS=2 TRS=0.
[2026-04-22T03:38:30Z] INFO Coupled control gating progress for slot 8/14: UE 9/50, PBCH=0 PRACH=0 SRS=2 TRS=0.
[2026-04-22T03:38:30Z] INFO Coupled control gating progress for slot 8/14: UE 12/50, PBCH=0 PRACH=0 SRS=3 TRS=0.
[2026-04-22T03:38:30Z] INFO Coupled control gating progress for slot 8/14: UE 15/50, PBCH=0 PRACH=0 SRS=4 TRS=0.
[2026-04-22T03:38:30Z] INFO Coupled control gating progress for slot 8/14: UE 18/50, PBCH=0 PRACH=0 SRS=5 TRS=0.
[2026-04-22T03:38:30Z] INFO Coupled control gating progress for slot 8/14: UE 21/50, PBCH=0 PRACH=0 SRS=5 TRS=0.
[2026-04-22T03:38:31Z] INFO Coupled control gating progress for slot 8/14: UE 24/50, PBCH=0 PRACH=0 SRS=6 TRS=0.
[2026-04-22T03:38:31Z] INFO Coupled control gating progress for slot 8/14: UE 27/50, PBCH=0 PRACH=0 SRS=7 TRS=0.
[2026-04-22T03:38:31Z] INFO Coupled control gating progress for slot 8/14: UE 30/50, PBCH=0 PRACH=0 SRS=8 TRS=0.
[2026-04-22T03:38:31Z] INFO Coupled control gating progress for slot 8/14: UE 33/50, PBCH=0 PRACH=0 SRS=8 TRS=0.
[2026-04-22T03:38:31Z] INFO Coupled control gating progress for slot 8/14: UE 36/50, PBCH=0 PRACH=0 SRS=9 TRS=0.
[2026-04-22T03:38:32Z] INFO Coupled control gating progress for slot 8/14: UE 39/50, PBCH=0 PRACH=0 SRS=10 TRS=0.
[2026-04-22T03:38:32Z] INFO Coupled control gating progress for slot 8/14: UE 42/50, PBCH=0 PRACH=0 SRS=11 TRS=0.
[2026-04-22T03:38:32Z] INFO Coupled control gating progress for slot 8/14: UE 45/50, PBCH=0 PRACH=0 SRS=11 TRS=0.
[2026-04-22T03:38:32Z] INFO Coupled control gating progress for slot 8/14: UE 48/50, PBCH=0 PRACH=0 SRS=12 TRS=0.
[2026-04-22T03:38:32Z] INFO Coupled control gating progress for slot 8/14: UE 50/50, PBCH=0 PRACH=0 SRS=13 TRS=0.
[2026-04-22T03:38:32Z] INFO Coupled control gating complete: slot=8 frame=1 pbch_attempts=0 prach_attempts=0 srs_attempts=13 trs_attempts=0 acquired=50/50 access=50/50 valid_srs=13/50 valid_trs_cells=6/6 tracked_serving_users=50/50 eligible=13/50.
[2026-04-22T03:38:32Z] INFO Coupled control gating complete for slot 8/14: acquired=50/50 access=50/50 valid_srs=13/50 valid_trs_cells=6/6 tracked_serving_users=50/50 eligible=13/50.
[2026-04-22T03:38:40Z] INFO DL coupled publish: sweep 1/1 snr=12.000 ue=0/50 dlFrames=1/14 ulFrames=0/14 dlRows=50 ulRows=0.
[2026-04-22T03:38:42Z] INFO Coupled DL schedule complete: sweep=1/1 slot=8/14 active=50 granted=50 grants=50.
[2026-04-22T03:38:49Z] INFO Coupled DL PDCCH qualification complete: sweep=1/1 slot=8/14 executable_grants=50.
[2026-04-22T03:38:49Z] INFO Preparing coupled DL batches: sweep=1/1 slot=8/14 candidate_grants=50 batch_size=16.
[2026-04-22T03:38:49Z] INFO Preparing coupled DL resolved grant cache: candidate_grants=50.
[2026-04-22T03:39:21Z] INFO Prepared coupled DL resolved grant cache entries: 25/50.
[2026-04-22T03:39:57Z] INFO Prepared coupled DL resolved grant cache entries: 50/50.
[2026-04-22T03:39:57Z] INFO Prepared coupled DL resolved grant cache complete: entries=50 elapsed_s=67.583.
[2026-04-22T03:40:16Z] INFO Prepared coupled DL chunk: sweep=1/1 slot=8/14 executable_plans=16 chunk=1-16 of 50.
[2026-04-22T03:40:16Z] INFO Executing coupled DL chunk: sweep=1/1 slot=8/14 chunk=1-16 of 50.
[2026-04-22T03:40:49Z] INFO Publishing coupled DL chunk results: sweep=1/1 slot=8/14 committed_rows=16 current_primary_rows=66.
[2026-04-22T03:40:57Z] INFO DL coupled publish: sweep 1/1 snr=12.000 ue=9/50 dlFrames=1/14 ulFrames=0/14 dlRows=66 ulRows=0.
[2026-04-22T03:41:24Z] INFO Prepared coupled DL chunk: sweep=1/1 slot=8/14 executable_plans=16 chunk=17-32 of 50.
[2026-04-22T03:41:24Z] INFO Executing coupled DL chunk: sweep=1/1 slot=8/14 chunk=17-32 of 50.
[2026-04-22T03:41:49Z] INFO Publishing coupled DL chunk results: sweep=1/1 slot=8/14 committed_rows=16 current_primary_rows=82.
[2026-04-22T03:41:58Z] INFO DL coupled publish: sweep 1/1 snr=12.000 ue=41/50 dlFrames=1/14 ulFrames=0/14 dlRows=82 ulRows=0.
[2026-04-22T03:42:18Z] INFO Prepared coupled DL chunk: sweep=1/1 slot=8/14 executable_plans=16 chunk=33-48 of 50.
[2026-04-22T03:42:18Z] INFO Executing coupled DL chunk: sweep=1/1 slot=8/14 chunk=33-48 of 50.
[2026-04-22T03:42:37Z] INFO Publishing coupled DL chunk results: sweep=1/1 slot=8/14 committed_rows=16 current_primary_rows=98.
[2026-04-22T03:42:45Z] INFO DL coupled publish: sweep 1/1 snr=12.000 ue=14/50 dlFrames=1/14 ulFrames=0/14 dlRows=98 ulRows=0.
[2026-04-22T03:42:47Z] INFO Prepared coupled DL chunk: sweep=1/1 slot=8/14 executable_plans=2 chunk=49-50 of 50.
[2026-04-22T03:42:47Z] INFO Executing coupled DL chunk: sweep=1/1 slot=8/14 chunk=49-50 of 50.
[2026-04-22T03:42:50Z] INFO Publishing coupled DL chunk results: sweep=1/1 slot=8/14 committed_rows=2 current_primary_rows=100.
[2026-04-22T03:42:59Z] INFO DL coupled publish: sweep 1/1 snr=12.000 ue=11/50 dlFrames=1/14 ulFrames=0/14 dlRows=100 ulRows=0.
[2026-04-22T03:42:59Z] INFO Coupled canonical slot prepared: sweep=1/1 slot=9/14 duplex=S allow_dl=1 allow_ul=1.
[2026-04-22T03:42:59Z] INFO Starting coupled pre-scheduling control gating for slot 9/14 with 50 UEs.
[2026-04-22T03:43:00Z] INFO Coupled control gating progress for slot 9/14: UE 1/50, PBCH=0 PRACH=0 SRS=0 TRS=1.
[2026-04-22T03:43:00Z] INFO Coupled control gating progress for slot 9/14: UE 3/50, PBCH=0 PRACH=0 SRS=1 TRS=3.
[2026-04-22T03:43:01Z] INFO Coupled control gating progress for slot 9/14: UE 6/50, PBCH=0 PRACH=0 SRS=1 TRS=5.
[2026-04-22T03:43:01Z] INFO Coupled control gating progress for slot 9/14: UE 9/50, PBCH=0 PRACH=0 SRS=2 TRS=5.
[2026-04-22T03:43:02Z] INFO Coupled control gating progress for slot 9/14: UE 12/50, PBCH=0 PRACH=0 SRS=3 TRS=6.
[2026-04-22T03:43:02Z] INFO Coupled control gating progress for slot 9/14: UE 15/50, PBCH=0 PRACH=0 SRS=4 TRS=6.
[2026-04-22T03:43:02Z] INFO Coupled control gating progress for slot 9/14: UE 18/50, PBCH=0 PRACH=0 SRS=4 TRS=6.
[2026-04-22T03:43:02Z] INFO Coupled control gating progress for slot 9/14: UE 21/50, PBCH=0 PRACH=0 SRS=5 TRS=6.
[2026-04-22T03:43:02Z] INFO Coupled control gating progress for slot 9/14: UE 24/50, PBCH=0 PRACH=0 SRS=6 TRS=6.
[2026-04-22T03:43:03Z] INFO Coupled control gating progress for slot 9/14: UE 27/50, PBCH=0 PRACH=0 SRS=7 TRS=6.
[2026-04-22T03:43:03Z] INFO Coupled control gating progress for slot 9/14: UE 30/50, PBCH=0 PRACH=0 SRS=7 TRS=6.
[2026-04-22T03:43:03Z] INFO Coupled control gating progress for slot 9/14: UE 33/50, PBCH=0 PRACH=0 SRS=8 TRS=6.
[2026-04-22T03:43:03Z] INFO Coupled control gating progress for slot 9/14: UE 36/50, PBCH=0 PRACH=0 SRS=9 TRS=6.
[2026-04-22T03:43:03Z] INFO Coupled control gating progress for slot 9/14: UE 39/50, PBCH=0 PRACH=0 SRS=10 TRS=6.
[2026-04-22T03:43:03Z] INFO Coupled control gating progress for slot 9/14: UE 42/50, PBCH=0 PRACH=0 SRS=10 TRS=6.
[2026-04-22T03:43:04Z] INFO Coupled control gating progress for slot 9/14: UE 45/50, PBCH=0 PRACH=0 SRS=11 TRS=6.
[2026-04-22T03:43:04Z] INFO Coupled control gating progress for slot 9/14: UE 48/50, PBCH=0 PRACH=0 SRS=12 TRS=6.
[2026-04-22T03:43:04Z] INFO Coupled control gating progress for slot 9/14: UE 50/50, PBCH=0 PRACH=0 SRS=12 TRS=6.
[2026-04-22T03:43:04Z] INFO Coupled control gating complete: slot=9 frame=1 pbch_attempts=0 prach_attempts=0 srs_attempts=12 trs_attempts=6 acquired=50/50 access=50/50 valid_srs=25/50 valid_trs_cells=6/6 tracked_serving_users=50/50 eligible=25/50.
[2026-04-22T03:43:04Z] INFO Coupled control gating complete for slot 9/14: acquired=50/50 access=50/50 valid_srs=25/50 valid_trs_cells=6/6 tracked_serving_users=50/50 eligible=25/50.
[2026-04-22T03:43:13Z] INFO DL coupled publish: sweep 1/1 snr=12.000 ue=0/50 dlFrames=1/14 ulFrames=0/14 dlRows=100 ulRows=0.
[2026-04-22T03:43:15Z] INFO Coupled DL schedule complete: sweep=1/1 slot=9/14 active=50 granted=50 grants=50.
[2026-04-22T03:43:22Z] INFO Coupled DL PDCCH qualification complete: sweep=1/1 slot=9/14 executable_grants=50.
[2026-04-22T03:43:22Z] INFO Preparing coupled DL batches: sweep=1/1 slot=9/14 candidate_grants=50 batch_size=16.
[2026-04-22T03:43:22Z] INFO Preparing coupled DL resolved grant cache: candidate_grants=50.
[2026-04-22T03:43:38Z] INFO Prepared coupled DL resolved grant cache entries: 25/50.
[2026-04-22T03:43:56Z] INFO Prepared coupled DL resolved grant cache entries: 50/50.
[2026-04-22T03:43:56Z] INFO Prepared coupled DL resolved grant cache complete: entries=50 elapsed_s=33.968.
[2026-04-22T03:44:06Z] INFO Prepared coupled DL chunk: sweep=1/1 slot=9/14 executable_plans=16 chunk=1-16 of 50.
[2026-04-22T03:44:06Z] INFO Executing coupled DL chunk: sweep=1/1 slot=9/14 chunk=1-16 of 50.
[2026-04-22T03:44:29Z] INFO Publishing coupled DL chunk results: sweep=1/1 slot=9/14 committed_rows=16 current_primary_rows=116.
[2026-04-22T03:44:38Z] INFO DL coupled publish: sweep 1/1 snr=12.000 ue=24/50 dlFrames=1/14 ulFrames=0/14 dlRows=116 ulRows=0.
[2026-04-22T03:44:49Z] INFO Prepared coupled DL chunk: sweep=1/1 slot=9/14 executable_plans=16 chunk=17-32 of 50.
[2026-04-22T03:44:49Z] INFO Executing coupled DL chunk: sweep=1/1 slot=9/14 chunk=17-32 of 50.
[2026-04-22T03:45:11Z] INFO Publishing coupled DL chunk results: sweep=1/1 slot=9/14 committed_rows=16 current_primary_rows=132.
[2026-04-22T03:45:21Z] INFO DL coupled publish: sweep 1/1 snr=12.000 ue=12/50 dlFrames=1/14 ulFrames=0/14 dlRows=132 ulRows=0.
[2026-04-22T03:45:32Z] INFO Prepared coupled DL chunk: sweep=1/1 slot=9/14 executable_plans=16 chunk=33-48 of 50.
[2026-04-22T03:45:32Z] INFO Executing coupled DL chunk: sweep=1/1 slot=9/14 chunk=33-48 of 50.
[2026-04-22T03:45:51Z] INFO Publishing coupled DL chunk results: sweep=1/1 slot=9/14 committed_rows=16 current_primary_rows=148.
[2026-04-22T03:46:01Z] INFO DL coupled publish: sweep 1/1 snr=12.000 ue=28/50 dlFrames=1/14 ulFrames=0/14 dlRows=148 ulRows=0.
[2026-04-22T03:46:02Z] INFO Prepared coupled DL chunk: sweep=1/1 slot=9/14 executable_plans=2 chunk=49-50 of 50.
[2026-04-22T03:46:02Z] INFO Executing coupled DL chunk: sweep=1/1 slot=9/14 chunk=49-50 of 50.
[2026-04-22T03:46:04Z] INFO Publishing coupled DL chunk results: sweep=1/1 slot=9/14 committed_rows=2 current_primary_rows=150.
[2026-04-22T03:46:14Z] INFO DL coupled publish: sweep 1/1 snr=12.000 ue=33/50 dlFrames=1/14 ulFrames=0/14 dlRows=150 ulRows=0.
[2026-04-22T03:46:16Z] INFO Coupled UL schedule complete: sweep=1/1 slot=9/14 active=25 granted=25 grants=25.
[2026-04-22T03:46:20Z] INFO Coupled UL PDCCH qualification complete: sweep=1/1 slot=9/14 executable_grants=25.
[2026-04-22T03:46:20Z] INFO Preparing coupled UL batches: sweep=1/1 slot=9/14 candidate_grants=25 batch_size=16.
[2026-04-22T03:46:20Z] INFO Preparing coupled UL resolved grant cache: candidate_grants=25.
[2026-04-22T03:46:31Z] INFO Prepared coupled UL resolved grant cache entries: 25/25.
[2026-04-22T03:46:31Z] INFO Prepared coupled UL resolved grant cache complete: entries=25 elapsed_s=11.470.
[2026-04-22T03:46:38Z] INFO Prepared coupled UL chunk: sweep=1/1 slot=9/14 executable_plans=16 chunk=1-16 of 25.
[2026-04-22T03:46:38Z] INFO Executing coupled UL chunk: sweep=1/1 slot=9/14 chunk=1-16 of 25.
[2026-04-22T03:49:18Z] INFO Publishing coupled UL chunk results: sweep=1/1 slot=9/14 committed_rows=16 current_primary_rows=16.
[2026-04-22T03:49:30Z] INFO UL coupled publish: sweep 1/1 snr=12.000 ue=35/50 dlFrames=1/14 ulFrames=1/14 dlRows=150 ulRows=16.
[2026-04-22T03:49:35Z] INFO Prepared coupled UL chunk: sweep=1/1 slot=9/14 executable_plans=9 chunk=17-25 of 25.
[2026-04-22T03:49:35Z] INFO Executing coupled UL chunk: sweep=1/1 slot=9/14 chunk=17-25 of 25.
[2026-04-22T03:51:06Z] INFO Publishing coupled UL chunk results: sweep=1/1 slot=9/14 committed_rows=9 current_primary_rows=25.
[2026-04-22T03:51:18Z] INFO UL coupled publish: sweep 1/1 snr=12.000 ue=34/50 dlFrames=1/14 ulFrames=1/14 dlRows=150 ulRows=25.
[2026-04-22T03:51:18Z] INFO Coupled canonical slot prepared: sweep=1/1 slot=10/14 duplex=UL allow_dl=0 allow_ul=1.
[2026-04-22T03:51:18Z] INFO Starting coupled pre-scheduling control gating for slot 10/14 with 50 UEs.
[2026-04-22T03:51:18Z] INFO Coupled control gating progress for slot 10/14: UE 1/50, PBCH=0 PRACH=0 SRS=0 TRS=0.
[2026-04-22T03:51:18Z] INFO Coupled control gating progress for slot 10/14: UE 3/50, PBCH=0 PRACH=0 SRS=0 TRS=0.
[2026-04-22T03:51:19Z] INFO Coupled control gating progress for slot 10/14: UE 6/50, PBCH=0 PRACH=0 SRS=1 TRS=0.
[2026-04-22T03:51:19Z] INFO Coupled control gating progress for slot 10/14: UE 9/50, PBCH=0 PRACH=0 SRS=2 TRS=0.
[2026-04-22T03:51:19Z] INFO Coupled control gating progress for slot 10/14: UE 12/50, PBCH=0 PRACH=0 SRS=3 TRS=0.
[2026-04-22T03:51:19Z] INFO Coupled control gating progress for slot 10/14: UE 15/50, PBCH=0 PRACH=0 SRS=3 TRS=0.
[2026-04-22T03:51:19Z] INFO Coupled control gating progress for slot 10/14: UE 18/50, PBCH=0 PRACH=0 SRS=4 TRS=0.
[2026-04-22T03:51:20Z] INFO Coupled control gating progress for slot 10/14: UE 21/50, PBCH=0 PRACH=0 SRS=5 TRS=0.
[2026-04-22T03:51:20Z] INFO Coupled control gating progress for slot 10/14: UE 24/50, PBCH=0 PRACH=0 SRS=6 TRS=0.
[2026-04-22T03:51:20Z] INFO Coupled control gating progress for slot 10/14: UE 27/50, PBCH=0 PRACH=0 SRS=6 TRS=0.
[2026-04-22T03:51:20Z] INFO Coupled control gating progress for slot 10/14: UE 30/50, PBCH=0 PRACH=0 SRS=7 TRS=0.
[2026-04-22T03:51:20Z] INFO Coupled control gating progress for slot 10/14: UE 33/50, PBCH=0 PRACH=0 SRS=8 TRS=0.
[2026-04-22T03:51:21Z] INFO Coupled control gating progress for slot 10/14: UE 36/50, PBCH=0 PRACH=0 SRS=9 TRS=0.
[2026-04-22T03:51:21Z] INFO Coupled control gating progress for slot 10/14: UE 39/50, PBCH=0 PRACH=0 SRS=9 TRS=0.
[2026-04-22T03:51:21Z] INFO Coupled control gating progress for slot 10/14: UE 42/50, PBCH=0 PRACH=0 SRS=10 TRS=0.
[2026-04-22T03:51:21Z] INFO Coupled control gating progress for slot 10/14: UE 45/50, PBCH=0 PRACH=0 SRS=11 TRS=0.
[2026-04-22T03:51:21Z] INFO Coupled control gating progress for slot 10/14: UE 48/50, PBCH=0 PRACH=0 SRS=12 TRS=0.
[2026-04-22T03:51:21Z] INFO Coupled control gating progress for slot 10/14: UE 50/50, PBCH=0 PRACH=0 SRS=12 TRS=0.
[2026-04-22T03:51:21Z] INFO Coupled control gating complete: slot=10 frame=1 pbch_attempts=0 prach_attempts=0 srs_attempts=12 trs_attempts=0 acquired=50/50 access=50/50 valid_srs=37/50 valid_trs_cells=6/6 tracked_serving_users=50/50 eligible=37/50.
[2026-04-22T03:51:21Z] INFO Coupled control gating complete for slot 10/14: acquired=50/50 access=50/50 valid_srs=37/50 valid_trs_cells=6/6 tracked_serving_users=50/50 eligible=37/50.
[2026-04-22T03:51:34Z] INFO UL coupled publish: sweep 1/1 snr=12.000 ue=0/50 dlFrames=1/14 ulFrames=1/14 dlRows=150 ulRows=25.
[2026-04-22T03:51:35Z] INFO Coupled UL schedule complete: sweep=1/1 slot=10/14 active=37 granted=37 grants=37.
[2026-04-22T03:51:41Z] INFO Coupled UL PDCCH qualification complete: sweep=1/1 slot=10/14 executable_grants=37.
[2026-04-22T03:51:41Z] INFO Preparing coupled UL batches: sweep=1/1 slot=10/14 candidate_grants=37 batch_size=16.
[2026-04-22T03:51:41Z] INFO Preparing coupled UL resolved grant cache: candidate_grants=37.
[2026-04-22T03:51:53Z] INFO Prepared coupled UL resolved grant cache entries: 25/37.
[2026-04-22T03:52:00Z] INFO Prepared coupled UL resolved grant cache entries: 37/37.
[2026-04-22T03:52:00Z] INFO Prepared coupled UL resolved grant cache complete: entries=37 elapsed_s=19.009.
[2026-04-22T03:52:09Z] INFO Prepared coupled UL chunk: sweep=1/1 slot=10/14 executable_plans=16 chunk=1-16 of 37.
[2026-04-22T03:52:09Z] INFO Executing coupled UL chunk: sweep=1/1 slot=10/14 chunk=1-16 of 37.
[2026-04-22T03:54:58Z] INFO Publishing coupled UL chunk results: sweep=1/1 slot=10/14 committed_rows=16 current_primary_rows=41.
[2026-04-22T03:55:10Z] INFO UL coupled publish: sweep 1/1 snr=12.000 ue=26/50 dlFrames=1/14 ulFrames=1/14 dlRows=150 ulRows=41.
[2026-04-22T03:55:18Z] INFO Prepared coupled UL chunk: sweep=1/1 slot=10/14 executable_plans=16 chunk=17-32 of 37.
[2026-04-22T03:55:18Z] INFO Executing coupled UL chunk: sweep=1/1 slot=10/14 chunk=17-32 of 37.
[2026-04-22T03:58:31Z] INFO Publishing coupled UL chunk results: sweep=1/1 slot=10/14 committed_rows=16 current_primary_rows=57.
[2026-04-22T03:58:44Z] INFO UL coupled publish: sweep 1/1 snr=12.000 ue=11/50 dlFrames=1/14 ulFrames=1/14 dlRows=150 ulRows=57.
[2026-04-22T03:58:46Z] INFO Prepared coupled UL chunk: sweep=1/1 slot=10/14 executable_plans=5 chunk=33-37 of 37.
[2026-04-22T03:58:46Z] INFO Executing coupled UL chunk: sweep=1/1 slot=10/14 chunk=33-37 of 37.
[2026-04-22T03:59:41Z] INFO Publishing coupled UL chunk results: sweep=1/1 slot=10/14 committed_rows=5 current_primary_rows=62.
[2026-04-22T03:59:53Z] INFO UL coupled publish: sweep 1/1 snr=12.000 ue=28/50 dlFrames=1/14 ulFrames=1/14 dlRows=150 ulRows=62.
[2026-04-22T03:59:53Z] INFO Coupled canonical slot prepared: sweep=1/1 slot=11/14 duplex=DL allow_dl=1 allow_ul=0.
[2026-04-22T04:02:26Z] INFO Starting coupled pre-scheduling control gating for slot 11/14 with 50 UEs.
[2026-04-22T04:02:27Z] INFO Coupled control gating progress for slot 11/14: UE 1/50, PBCH=0 PRACH=0 SRS=1 TRS=0.
[2026-04-22T04:02:27Z] INFO Coupled control gating progress for slot 11/14: UE 3/50, PBCH=0 PRACH=0 SRS=1 TRS=0.
[2026-04-22T04:02:27Z] INFO Coupled control gating progress for slot 11/14: UE 6/50, PBCH=0 PRACH=0 SRS=2 TRS=0.
[2026-04-22T04:02:27Z] INFO Coupled control gating progress for slot 11/14: UE 9/50, PBCH=0 PRACH=0 SRS=3 TRS=0.
[2026-04-22T04:02:27Z] INFO Coupled control gating progress for slot 11/14: UE 12/50, PBCH=0 PRACH=0 SRS=3 TRS=0.
[2026-04-22T04:02:27Z] INFO Coupled control gating progress for slot 11/14: UE 15/50, PBCH=0 PRACH=0 SRS=4 TRS=0.
[2026-04-22T04:02:28Z] INFO Coupled control gating progress for slot 11/14: UE 18/50, PBCH=0 PRACH=0 SRS=5 TRS=0.
[2026-04-22T04:02:28Z] INFO Coupled control gating progress for slot 11/14: UE 21/50, PBCH=0 PRACH=0 SRS=6 TRS=0.
[2026-04-22T04:02:28Z] INFO Coupled control gating progress for slot 11/14: UE 24/50, PBCH=0 PRACH=0 SRS=6 TRS=0.
[2026-04-22T04:02:28Z] INFO Coupled control gating progress for slot 11/14: UE 27/50, PBCH=0 PRACH=0 SRS=7 TRS=0.
[2026-04-22T04:02:28Z] INFO Coupled control gating progress for slot 11/14: UE 30/50, PBCH=0 PRACH=0 SRS=8 TRS=0.
[2026-04-22T04:02:28Z] INFO Coupled control gating progress for slot 11/14: UE 33/50, PBCH=0 PRACH=0 SRS=9 TRS=0.
[2026-04-22T04:02:29Z] INFO Coupled control gating progress for slot 11/14: UE 36/50, PBCH=0 PRACH=0 SRS=9 TRS=0.
[2026-04-22T04:02:29Z] INFO Coupled control gating progress for slot 11/14: UE 39/50, PBCH=0 PRACH=0 SRS=10 TRS=0.
[2026-04-22T04:02:29Z] INFO Coupled control gating progress for slot 11/14: UE 42/50, PBCH=0 PRACH=0 SRS=11 TRS=0.
[2026-04-22T04:02:29Z] INFO Coupled control gating progress for slot 11/14: UE 45/50, PBCH=0 PRACH=0 SRS=12 TRS=0.
[2026-04-22T04:02:30Z] INFO Coupled control gating progress for slot 11/14: UE 48/50, PBCH=0 PRACH=0 SRS=12 TRS=0.
[2026-04-22T04:02:30Z] INFO Coupled control gating progress for slot 11/14: UE 50/50, PBCH=0 PRACH=0 SRS=13 TRS=0.
[2026-04-22T04:02:30Z] INFO Coupled control gating complete: slot=11 frame=1 pbch_attempts=0 prach_attempts=0 srs_attempts=13 trs_attempts=0 acquired=50/50 access=50/50 valid_srs=50/50 valid_trs_cells=6/6 tracked_serving_users=50/50 eligible=50/50.
[2026-04-22T04:02:30Z] INFO Coupled control gating complete for slot 11/14: acquired=50/50 access=50/50 valid_srs=50/50 valid_trs_cells=6/6 tracked_serving_users=50/50 eligible=50/50.
[2026-04-22T04:02:43Z] INFO DL coupled publish: sweep 1/1 snr=12.000 ue=0/50 dlFrames=1/14 ulFrames=1/14 dlRows=150 ulRows=62.
[2026-04-22T04:02:44Z] INFO Coupled DL schedule complete: sweep=1/1 slot=11/14 active=50 granted=46 grants=46.
[2026-04-22T04:02:51Z] INFO Coupled DL PDCCH qualification complete: sweep=1/1 slot=11/14 executable_grants=46.
[2026-04-22T04:02:51Z] INFO Preparing coupled DL batches: sweep=1/1 slot=11/14 candidate_grants=46 batch_size=16.
[2026-04-22T04:02:51Z] INFO Preparing coupled DL resolved grant cache: candidate_grants=46.
[2026-04-22T04:02:52Z] INFO Prepared coupled DL resolved grant cache entries: 25/46.
[2026-04-22T04:02:52Z] INFO Prepared coupled DL resolved grant cache entries: 46/46.
[2026-04-22T04:02:52Z] INFO Prepared coupled DL resolved grant cache complete: entries=46 elapsed_s=0.378.
[2026-04-22T04:02:52Z] INFO Prepared coupled DL chunk: sweep=1/1 slot=11/14 executable_plans=16 chunk=1-16 of 46.
[2026-04-22T04:02:52Z] INFO Executing coupled DL chunk: sweep=1/1 slot=11/14 chunk=1-16 of 46.
[2026-04-22T04:03:12Z] INFO Publishing coupled DL chunk results: sweep=1/1 slot=11/14 committed_rows=16 current_primary_rows=166.
[2026-04-22T04:03:25Z] INFO DL coupled publish: sweep 1/1 snr=12.000 ue=25/50 dlFrames=1/14 ulFrames=1/14 dlRows=166 ulRows=62.
[2026-04-22T04:03:26Z] INFO Prepared coupled DL chunk: sweep=1/1 slot=11/14 executable_plans=16 chunk=17-32 of 46.
[2026-04-22T04:03:26Z] INFO Executing coupled DL chunk: sweep=1/1 slot=11/14 chunk=17-32 of 46.
[2026-04-22T04:03:46Z] INFO Publishing coupled DL chunk results: sweep=1/1 slot=11/14 committed_rows=16 current_primary_rows=182.
[2026-04-22T04:04:00Z] INFO DL coupled publish: sweep 1/1 snr=12.000 ue=1/50 dlFrames=1/14 ulFrames=1/14 dlRows=182 ulRows=62.
[2026-04-22T04:04:01Z] INFO Prepared coupled DL chunk: sweep=1/1 slot=11/14 executable_plans=14 chunk=33-46 of 46.
[2026-04-22T04:04:01Z] INFO Executing coupled DL chunk: sweep=1/1 slot=11/14 chunk=33-46 of 46.
[2026-04-22T04:04:18Z] INFO Publishing coupled DL chunk results: sweep=1/1 slot=11/14 committed_rows=14 current_primary_rows=196.
[2026-04-22T04:04:32Z] INFO DL coupled publish: sweep 1/1 snr=12.000 ue=37/50 dlFrames=1/14 ulFrames=1/14 dlRows=196 ulRows=62.
[2026-04-22T04:04:32Z] INFO Coupled canonical slot prepared: sweep=1/1 slot=12/14 duplex=DL allow_dl=1 allow_ul=0.
[2026-04-22T04:06:56Z] INFO Starting coupled pre-scheduling control gating for slot 12/14 with 50 UEs.
[2026-04-22T04:06:57Z] INFO Coupled control gating progress for slot 12/14: UE 1/50, PBCH=0 PRACH=0 SRS=0 TRS=0.
[2026-04-22T04:06:57Z] INFO Coupled control gating progress for slot 12/14: UE 3/50, PBCH=0 PRACH=0 SRS=1 TRS=0.
[2026-04-22T04:06:57Z] INFO Coupled control gating progress for slot 12/14: UE 6/50, PBCH=0 PRACH=0 SRS=2 TRS=0.
[2026-04-22T04:06:57Z] INFO Coupled control gating progress for slot 12/14: UE 9/50, PBCH=0 PRACH=0 SRS=2 TRS=0.
[2026-04-22T04:06:57Z] INFO Coupled control gating progress for slot 12/14: UE 12/50, PBCH=0 PRACH=0 SRS=3 TRS=0.
[2026-04-22T04:06:58Z] INFO Coupled control gating progress for slot 12/14: UE 15/50, PBCH=0 PRACH=0 SRS=4 TRS=0.
[2026-04-22T04:06:58Z] INFO Coupled control gating progress for slot 12/14: UE 18/50, PBCH=0 PRACH=0 SRS=5 TRS=0.
[2026-04-22T04:06:58Z] INFO Coupled control gating progress for slot 12/14: UE 21/50, PBCH=0 PRACH=0 SRS=5 TRS=0.
[2026-04-22T04:06:58Z] INFO Coupled control gating progress for slot 12/14: UE 24/50, PBCH=0 PRACH=0 SRS=6 TRS=0.
[2026-04-22T04:06:58Z] INFO Coupled control gating progress for slot 12/14: UE 27/50, PBCH=0 PRACH=0 SRS=7 TRS=0.
[2026-04-22T04:06:58Z] INFO Coupled control gating progress for slot 12/14: UE 30/50, PBCH=0 PRACH=0 SRS=8 TRS=0.
[2026-04-22T04:06:59Z] INFO Coupled control gating progress for slot 12/14: UE 33/50, PBCH=0 PRACH=0 SRS=8 TRS=0.
[2026-04-22T04:06:59Z] INFO Coupled control gating progress for slot 12/14: UE 36/50, PBCH=0 PRACH=0 SRS=9 TRS=0.
[2026-04-22T04:06:59Z] INFO Coupled control gating progress for slot 12/14: UE 39/50, PBCH=0 PRACH=0 SRS=10 TRS=0.
[2026-04-22T04:06:59Z] INFO Coupled control gating progress for slot 12/14: UE 42/50, PBCH=0 PRACH=0 SRS=11 TRS=0.
[2026-04-22T04:06:59Z] INFO Coupled control gating progress for slot 12/14: UE 45/50, PBCH=0 PRACH=0 SRS=11 TRS=0.
[2026-04-22T04:06:59Z] INFO Coupled control gating progress for slot 12/14: UE 48/50, PBCH=0 PRACH=0 SRS=12 TRS=0.
[2026-04-22T04:07:00Z] INFO Coupled control gating progress for slot 12/14: UE 50/50, PBCH=0 PRACH=0 SRS=13 TRS=0.
[2026-04-22T04:07:00Z] INFO Coupled control gating complete: slot=12 frame=1 pbch_attempts=0 prach_attempts=0 srs_attempts=13 trs_attempts=0 acquired=50/50 access=50/50 valid_srs=50/50 valid_trs_cells=6/6 tracked_serving_users=50/50 eligible=50/50.
[2026-04-22T04:07:00Z] INFO Coupled control gating complete for slot 12/14: acquired=50/50 access=50/50 valid_srs=50/50 valid_trs_cells=6/6 tracked_serving_users=50/50 eligible=50/50.
[2026-04-22T04:07:16Z] INFO DL coupled publish: sweep 1/1 snr=12.000 ue=0/50 dlFrames=1/14 ulFrames=1/14 dlRows=196 ulRows=62.
[2026-04-22T04:07:17Z] INFO Coupled DL schedule complete: sweep=1/1 slot=12/14 active=50 granted=46 grants=46.
[2026-04-22T04:07:24Z] INFO Coupled DL PDCCH qualification complete: sweep=1/1 slot=12/14 executable_grants=46.
[2026-04-22T04:07:24Z] INFO Preparing coupled DL batches: sweep=1/1 slot=12/14 candidate_grants=46 batch_size=16.
[2026-04-22T04:07:24Z] INFO Preparing coupled DL resolved grant cache: candidate_grants=46.
[2026-04-22T04:07:25Z] INFO Prepared coupled DL resolved grant cache entries: 25/46.
[2026-04-22T04:07:25Z] INFO Prepared coupled DL resolved grant cache entries: 46/46.
[2026-04-22T04:07:25Z] INFO Prepared coupled DL resolved grant cache complete: entries=46 elapsed_s=0.402.
[2026-04-22T04:07:25Z] INFO Prepared coupled DL chunk: sweep=1/1 slot=12/14 executable_plans=16 chunk=1-16 of 46.
[2026-04-22T04:07:25Z] INFO Executing coupled DL chunk: sweep=1/1 slot=12/14 chunk=1-16 of 46.
[2026-04-22T04:07:46Z] INFO Publishing coupled DL chunk results: sweep=1/1 slot=12/14 committed_rows=16 current_primary_rows=212.
[2026-04-22T04:08:03Z] INFO DL coupled publish: sweep 1/1 snr=12.000 ue=25/50 dlFrames=1/14 ulFrames=1/14 dlRows=212 ulRows=62.
[2026-04-22T04:08:03Z] INFO Prepared coupled DL chunk: sweep=1/1 slot=12/14 executable_plans=16 chunk=17-32 of 46.
[2026-04-22T04:08:03Z] INFO Executing coupled DL chunk: sweep=1/1 slot=12/14 chunk=17-32 of 46.
[2026-04-22T04:08:26Z] INFO Publishing coupled DL chunk results: sweep=1/1 slot=12/14 committed_rows=16 current_primary_rows=228.
[2026-04-22T04:08:42Z] INFO DL coupled publish: sweep 1/1 snr=12.000 ue=1/50 dlFrames=1/14 ulFrames=1/14 dlRows=228 ulRows=62.
[2026-04-22T04:08:42Z] INFO Prepared coupled DL chunk: sweep=1/1 slot=12/14 executable_plans=14 chunk=33-46 of 46.
[2026-04-22T04:08:42Z] INFO Executing coupled DL chunk: sweep=1/1 slot=12/14 chunk=33-46 of 46.
[2026-04-22T04:09:01Z] INFO Publishing coupled DL chunk results: sweep=1/1 slot=12/14 committed_rows=14 current_primary_rows=242.
[2026-04-22T04:09:17Z] INFO DL coupled publish: sweep 1/1 snr=12.000 ue=37/50 dlFrames=1/14 ulFrames=1/14 dlRows=242 ulRows=62.
[2026-04-22T04:09:17Z] INFO Coupled canonical slot prepared: sweep=1/1 slot=13/14 duplex=DL allow_dl=1 allow_ul=0.
[2026-04-22T04:14:24Z] INFO Starting coupled pre-scheduling control gating for slot 13/14 with 50 UEs.
[2026-04-22T04:14:25Z] INFO Coupled control gating progress for slot 13/14: UE 1/50, PBCH=0 PRACH=0 SRS=0 TRS=1.
[2026-04-22T04:14:26Z] INFO Coupled control gating progress for slot 13/14: UE 3/50, PBCH=0 PRACH=0 SRS=1 TRS=3.
[2026-04-22T04:14:26Z] INFO Coupled control gating progress for slot 13/14: UE 6/50, PBCH=0 PRACH=0 SRS=1 TRS=5.
[2026-04-22T04:14:26Z] INFO Coupled control gating progress for slot 13/14: UE 9/50, PBCH=0 PRACH=0 SRS=2 TRS=5.
[2026-04-22T04:14:27Z] INFO Coupled control gating progress for slot 13/14: UE 12/50, PBCH=0 PRACH=0 SRS=3 TRS=6.
[2026-04-22T04:14:27Z] INFO Coupled control gating progress for slot 13/14: UE 15/50, PBCH=0 PRACH=0 SRS=4 TRS=6.
[2026-04-22T04:14:27Z] INFO Coupled control gating progress for slot 13/14: UE 18/50, PBCH=0 PRACH=0 SRS=4 TRS=6.
[2026-04-22T04:14:27Z] INFO Coupled control gating progress for slot 13/14: UE 21/50, PBCH=0 PRACH=0 SRS=5 TRS=6.
[2026-04-22T04:14:28Z] INFO Coupled control gating progress for slot 13/14: UE 24/50, PBCH=0 PRACH=0 SRS=6 TRS=6.
[2026-04-22T04:14:28Z] INFO Coupled control gating progress for slot 13/14: UE 27/50, PBCH=0 PRACH=0 SRS=7 TRS=6.
[2026-04-22T04:14:28Z] INFO Coupled control gating progress for slot 13/14: UE 30/50, PBCH=0 PRACH=0 SRS=7 TRS=6.
[2026-04-22T04:14:28Z] INFO Coupled control gating progress for slot 13/14: UE 33/50, PBCH=0 PRACH=0 SRS=8 TRS=6.
[2026-04-22T04:14:28Z] INFO Coupled control gating progress for slot 13/14: UE 36/50, PBCH=0 PRACH=0 SRS=9 TRS=6.
[2026-04-22T04:14:29Z] INFO Coupled control gating progress for slot 13/14: UE 39/50, PBCH=0 PRACH=0 SRS=10 TRS=6.
[2026-04-22T04:14:29Z] INFO Coupled control gating progress for slot 13/14: UE 42/50, PBCH=0 PRACH=0 SRS=10 TRS=6.
[2026-04-22T04:14:29Z] INFO Coupled control gating progress for slot 13/14: UE 45/50, PBCH=0 PRACH=0 SRS=11 TRS=6.
[2026-04-22T04:14:29Z] INFO Coupled control gating progress for slot 13/14: UE 48/50, PBCH=0 PRACH=0 SRS=12 TRS=6.
[2026-04-22T04:14:29Z] INFO Coupled control gating progress for slot 13/14: UE 50/50, PBCH=0 PRACH=0 SRS=12 TRS=6.
[2026-04-22T04:14:29Z] INFO Coupled control gating complete: slot=13 frame=1 pbch_attempts=0 prach_attempts=0 srs_attempts=12 trs_attempts=6 acquired=50/50 access=50/50 valid_srs=50/50 valid_trs_cells=6/6 tracked_serving_users=50/50 eligible=50/50.
[2026-04-22T04:14:29Z] INFO Coupled control gating complete for slot 13/14: acquired=50/50 access=50/50 valid_srs=50/50 valid_trs_cells=6/6 tracked_serving_users=50/50 eligible=50/50.
[2026-04-22T04:14:46Z] INFO DL coupled publish: sweep 1/1 snr=12.000 ue=0/50 dlFrames=1/14 ulFrames=1/14 dlRows=242 ulRows=62.
[2026-04-22T04:14:47Z] INFO Coupled DL schedule complete: sweep=1/1 slot=13/14 active=50 granted=50 grants=50.
[2026-04-22T04:14:55Z] INFO Coupled DL PDCCH qualification complete: sweep=1/1 slot=13/14 executable_grants=50.
[2026-04-22T04:14:55Z] INFO Preparing coupled DL batches: sweep=1/1 slot=13/14 candidate_grants=50 batch_size=16.
[2026-04-22T04:14:55Z] INFO Preparing coupled DL resolved grant cache: candidate_grants=50.
[2026-04-22T04:14:55Z] INFO Prepared coupled DL resolved grant cache entries: 25/50.
[2026-04-22T04:14:55Z] INFO Prepared coupled DL resolved grant cache entries: 50/50.
[2026-04-22T04:14:55Z] INFO Prepared coupled DL resolved grant cache complete: entries=50 elapsed_s=0.360.
[2026-04-22T04:14:55Z] INFO Prepared coupled DL chunk: sweep=1/1 slot=13/14 executable_plans=16 chunk=1-16 of 50.
[2026-04-22T04:14:55Z] INFO Executing coupled DL chunk: sweep=1/1 slot=13/14 chunk=1-16 of 50.
[2026-04-22T04:15:14Z] INFO Publishing coupled DL chunk results: sweep=1/1 slot=13/14 committed_rows=16 current_primary_rows=258.
[2026-04-22T04:15:32Z] INFO DL coupled publish: sweep 1/1 snr=12.000 ue=39/50 dlFrames=1/14 ulFrames=1/14 dlRows=258 ulRows=62.
[2026-04-22T04:15:32Z] INFO Prepared coupled DL chunk: sweep=1/1 slot=13/14 executable_plans=16 chunk=17-32 of 50.
[2026-04-22T04:15:32Z] INFO Executing coupled DL chunk: sweep=1/1 slot=13/14 chunk=17-32 of 50.
[2026-04-22T04:15:51Z] INFO Publishing coupled DL chunk results: sweep=1/1 slot=13/14 committed_rows=16 current_primary_rows=274.
[2026-04-22T04:16:08Z] INFO DL coupled publish: sweep 1/1 snr=12.000 ue=47/50 dlFrames=1/14 ulFrames=1/14 dlRows=274 ulRows=62.
[2026-04-22T04:16:08Z] INFO Prepared coupled DL chunk: sweep=1/1 slot=13/14 executable_plans=16 chunk=33-48 of 50.
[2026-04-22T04:16:08Z] INFO Executing coupled DL chunk: sweep=1/1 slot=13/14 chunk=33-48 of 50.
[2026-04-22T04:16:27Z] INFO Publishing coupled DL chunk results: sweep=1/1 slot=13/14 committed_rows=16 current_primary_rows=290.
[2026-04-22T04:16:45Z] INFO DL coupled publish: sweep 1/1 snr=12.000 ue=34/50 dlFrames=1/14 ulFrames=1/14 dlRows=290 ulRows=62.
[2026-04-22T04:16:45Z] INFO Prepared coupled DL chunk: sweep=1/1 slot=13/14 executable_plans=2 chunk=49-50 of 50.
[2026-04-22T04:16:45Z] INFO Executing coupled DL chunk: sweep=1/1 slot=13/14 chunk=49-50 of 50.
[2026-04-22T04:16:47Z] INFO Publishing coupled DL chunk results: sweep=1/1 slot=13/14 committed_rows=2 current_primary_rows=292.
[2026-04-22T04:17:05Z] INFO DL coupled publish: sweep 1/1 snr=12.000 ue=45/50 dlFrames=1/14 ulFrames=1/14 dlRows=292 ulRows=62.
[2026-04-22T04:17:05Z] INFO Coupled canonical slot prepared: sweep=1/1 slot=14/14 duplex=S allow_dl=1 allow_ul=1.
[2026-04-22T04:18:24Z] INFO Starting coupled pre-scheduling control gating for slot 14/14 with 50 UEs.
[2026-04-22T04:18:24Z] INFO Coupled control gating progress for slot 14/14: UE 1/50, PBCH=0 PRACH=0 SRS=0 TRS=0.
[2026-04-22T04:18:24Z] INFO Coupled control gating progress for slot 14/14: UE 3/50, PBCH=0 PRACH=0 SRS=0 TRS=0.
[2026-04-22T04:18:24Z] INFO Coupled control gating progress for slot 14/14: UE 6/50, PBCH=0 PRACH=0 SRS=1 TRS=0.
[2026-04-22T04:18:24Z] INFO Coupled control gating progress for slot 14/14: UE 9/50, PBCH=0 PRACH=0 SRS=2 TRS=0.
[2026-04-22T04:18:25Z] INFO Coupled control gating progress for slot 14/14: UE 12/50, PBCH=0 PRACH=0 SRS=3 TRS=0.
[2026-04-22T04:18:25Z] INFO Coupled control gating progress for slot 14/14: UE 15/50, PBCH=0 PRACH=0 SRS=3 TRS=0.
[2026-04-22T04:18:25Z] INFO Coupled control gating progress for slot 14/14: UE 18/50, PBCH=0 PRACH=0 SRS=4 TRS=0.
[2026-04-22T04:18:25Z] INFO Coupled control gating progress for slot 14/14: UE 21/50, PBCH=0 PRACH=0 SRS=5 TRS=0.
[2026-04-22T04:18:25Z] INFO Coupled control gating progress for slot 14/14: UE 24/50, PBCH=0 PRACH=0 SRS=6 TRS=0.
[2026-04-22T04:18:25Z] INFO Coupled control gating progress for slot 14/14: UE 27/50, PBCH=0 PRACH=0 SRS=6 TRS=0.
[2026-04-22T04:18:26Z] INFO Coupled control gating progress for slot 14/14: UE 30/50, PBCH=0 PRACH=0 SRS=7 TRS=0.
[2026-04-22T04:18:26Z] INFO Coupled control gating progress for slot 14/14: UE 33/50, PBCH=0 PRACH=0 SRS=8 TRS=0.
[2026-04-22T04:18:26Z] INFO Coupled control gating progress for slot 14/14: UE 36/50, PBCH=0 PRACH=0 SRS=9 TRS=0.
[2026-04-22T04:18:26Z] INFO Coupled control gating progress for slot 14/14: UE 39/50, PBCH=0 PRACH=0 SRS=9 TRS=0.
[2026-04-22T04:18:26Z] INFO Coupled control gating progress for slot 14/14: UE 42/50, PBCH=0 PRACH=0 SRS=10 TRS=0.
[2026-04-22T04:18:27Z] INFO Coupled control gating progress for slot 14/14: UE 45/50, PBCH=0 PRACH=0 SRS=11 TRS=0.
[2026-04-22T04:18:27Z] INFO Coupled control gating progress for slot 14/14: UE 48/50, PBCH=0 PRACH=0 SRS=12 TRS=0.
[2026-04-22T04:18:27Z] INFO Coupled control gating progress for slot 14/14: UE 50/50, PBCH=0 PRACH=0 SRS=12 TRS=0.
[2026-04-22T04:18:27Z] INFO Coupled control gating complete: slot=14 frame=1 pbch_attempts=0 prach_attempts=0 srs_attempts=12 trs_attempts=0 acquired=50/50 access=50/50 valid_srs=50/50 valid_trs_cells=6/6 tracked_serving_users=50/50 eligible=50/50.
[2026-04-22T04:18:27Z] INFO Coupled control gating complete for slot 14/14: acquired=50/50 access=50/50 valid_srs=50/50 valid_trs_cells=6/6 tracked_serving_users=50/50 eligible=50/50.
[2026-04-22T04:18:45Z] INFO DL coupled publish: sweep 1/1 snr=12.000 ue=0/50 dlFrames=1/14 ulFrames=1/14 dlRows=292 ulRows=62.
[2026-04-22T04:18:47Z] INFO Coupled DL schedule complete: sweep=1/1 slot=14/14 active=50 granted=50 grants=50.
[2026-04-22T04:18:54Z] INFO Coupled DL PDCCH qualification complete: sweep=1/1 slot=14/14 executable_grants=50.
[2026-04-22T04:18:54Z] INFO Preparing coupled DL batches: sweep=1/1 slot=14/14 candidate_grants=50 batch_size=16.
[2026-04-22T04:18:54Z] INFO Preparing coupled DL resolved grant cache: candidate_grants=50.
[2026-04-22T04:19:06Z] INFO Prepared coupled DL resolved grant cache entries: 25/50.
[2026-04-22T04:19:18Z] INFO Prepared coupled DL resolved grant cache entries: 50/50.
[2026-04-22T04:19:18Z] INFO Prepared coupled DL resolved grant cache complete: entries=50 elapsed_s=23.472.
[2026-04-22T04:19:23Z] INFO Prepared coupled DL chunk: sweep=1/1 slot=14/14 executable_plans=16 chunk=1-16 of 50.
[2026-04-22T04:19:23Z] INFO Executing coupled DL chunk: sweep=1/1 slot=14/14 chunk=1-16 of 50.
[2026-04-22T04:19:44Z] INFO Publishing coupled DL chunk results: sweep=1/1 slot=14/14 committed_rows=16 current_primary_rows=308.
[2026-04-22T04:20:03Z] INFO DL coupled publish: sweep 1/1 snr=12.000 ue=4/50 dlFrames=1/14 ulFrames=1/14 dlRows=308 ulRows=62.
[2026-04-22T04:20:12Z] INFO Prepared coupled DL chunk: sweep=1/1 slot=14/14 executable_plans=16 chunk=17-32 of 50.
[2026-04-22T04:20:12Z] INFO Executing coupled DL chunk: sweep=1/1 slot=14/14 chunk=17-32 of 50.
[2026-04-22T04:20:32Z] INFO Publishing coupled DL chunk results: sweep=1/1 slot=14/14 committed_rows=16 current_primary_rows=324.
[2026-04-22T04:20:51Z] INFO DL coupled publish: sweep 1/1 snr=12.000 ue=38/50 dlFrames=1/14 ulFrames=1/14 dlRows=324 ulRows=62.
[2026-04-22T04:20:57Z] INFO Prepared coupled DL chunk: sweep=1/1 slot=14/14 executable_plans=16 chunk=33-48 of 50.
[2026-04-22T04:20:57Z] INFO Executing coupled DL chunk: sweep=1/1 slot=14/14 chunk=33-48 of 50.
[2026-04-22T04:21:15Z] INFO Publishing coupled DL chunk results: sweep=1/1 slot=14/14 committed_rows=16 current_primary_rows=340.
[2026-04-22T04:21:34Z] INFO DL coupled publish: sweep 1/1 snr=12.000 ue=15/50 dlFrames=1/14 ulFrames=1/14 dlRows=340 ulRows=62.
[2026-04-22T04:21:35Z] INFO Prepared coupled DL chunk: sweep=1/1 slot=14/14 executable_plans=2 chunk=49-50 of 50.
[2026-04-22T04:21:35Z] INFO Executing coupled DL chunk: sweep=1/1 slot=14/14 chunk=49-50 of 50.
[2026-04-22T04:21:37Z] INFO Publishing coupled DL chunk results: sweep=1/1 slot=14/14 committed_rows=2 current_primary_rows=342.
[2026-04-22T04:21:56Z] INFO DL coupled publish: sweep 1/1 snr=12.000 ue=45/50 dlFrames=1/14 ulFrames=1/14 dlRows=342 ulRows=62.
[2026-04-22T04:21:58Z] INFO Coupled UL schedule complete: sweep=1/1 slot=14/14 active=50 granted=32 grants=32.
[2026-04-22T04:22:02Z] INFO Coupled UL PDCCH qualification complete: sweep=1/1 slot=14/14 executable_grants=32.
[2026-04-22T04:22:02Z] INFO Preparing coupled UL batches: sweep=1/1 slot=14/14 candidate_grants=32 batch_size=16.
[2026-04-22T04:22:02Z] INFO Preparing coupled UL resolved grant cache: candidate_grants=32.
[2026-04-22T04:22:05Z] INFO Prepared coupled UL resolved grant cache entries: 25/32.
[2026-04-22T04:22:05Z] INFO Prepared coupled UL resolved grant cache entries: 32/32.
[2026-04-22T04:22:05Z] INFO Prepared coupled UL resolved grant cache complete: entries=32 elapsed_s=2.929.
[2026-04-22T04:22:06Z] INFO Prepared coupled UL chunk: sweep=1/1 slot=14/14 executable_plans=16 chunk=1-16 of 32.
[2026-04-22T04:22:06Z] INFO Executing coupled UL chunk: sweep=1/1 slot=14/14 chunk=1-16 of 32.
[2026-04-22T04:25:03Z] INFO Publishing coupled UL chunk results: sweep=1/1 slot=14/14 committed_rows=16 current_primary_rows=78.
[2026-04-22T04:25:24Z] INFO UL coupled publish: sweep 1/1 snr=12.000 ue=2/50 dlFrames=1/14 ulFrames=1/14 dlRows=342 ulRows=78.
[2026-04-22T04:25:24Z] INFO Prepared coupled UL chunk: sweep=1/1 slot=14/14 executable_plans=16 chunk=17-32 of 32.
[2026-04-22T04:25:24Z] INFO Executing coupled UL chunk: sweep=1/1 slot=14/14 chunk=17-32 of 32.
[2026-04-22T04:27:54Z] INFO Publishing coupled UL chunk results: sweep=1/1 slot=14/14 committed_rows=16 current_primary_rows=94.
[2026-04-22T04:28:15Z] INFO UL coupled publish: sweep 1/1 snr=12.000 ue=37/50 dlFrames=1/14 ulFrames=1/14 dlRows=342 ulRows=94.
[2026-04-22T04:28:15Z] INFO DL raw trial sweep progress: point 1/1 at 12.000 dB, rows=342.
[2026-04-22T04:28:15Z] INFO UL raw trial sweep progress: point 1/1 at 12.000 dB, rows=94.
[Warning: MATLAB has disabled some advanced graphics rendering features by switching to software OpenGL. For more information, click <a href="matlab:opengl('problems')">here</a>.] 
[2026-04-22T04:29:36Z] INFO Waveform bundle finished: ok=1
[2026-04-22T04:29:38Z] INFO Control-plane trace export complete.
[2026-04-22T04:29:38Z] INFO Runner profile completed. result.Ok=1
[2026-04-22T04:29:38Z] INFO Scenario status aggregated: completion=completed resultOk=1 requiredFailures=0 optionalPruned=0
[2026-04-22T04:29:38Z] INFO Annotating CSV artifacts.
[2026-04-22T04:29:38Z] INFO Writing scenario summary CSV.
[2026-04-22T04:29:38Z] INFO Writing runtime and environment summaries.
[2026-04-22T04:29:39Z] INFO Writing scenario manifest.
[2026-04-22T04:29:39Z] INFO Exporting config-ownership and hardcoding audit artifacts.
[2026-04-22T04:29:44Z] INFO Runtime truth contract evaluated: ok=1 roundtripMismatch=0 evidenceMissing=0 strictFailures=0
[2026-04-22T04:29:44Z] INFO Rewriting scenario summary CSV with final truth-gated status.
[2026-04-22T04:29:45Z] INFO Rewriting scenario manifest with final truth-gated status.
[2026-04-22T04:29:45Z] INFO Exporting LLS reporting bundle.
[2026-04-22T04:30:21Z] INFO Scanning truth primary artifacts for active proxy/fallback markers.
[2026-04-22T04:31:21Z] INFO Exporting output-coverage and honest-unavailable artifacts.
[2026-04-22T04:32:29Z] INFO Runtime truth contract re-evaluated after final artifact exports: ok=1 roundtripMismatch=0 evidenceMissing=0 strictFailures=0
[2026-04-22T04:32:29Z] INFO Rewriting scenario summary CSV with final artifact truth-gated status.
[2026-04-22T04:32:29Z] INFO Rewriting scenario manifest with final artifact truth-gated status.
[2026-04-22T04:32:29Z] INFO Writing artifact manifest.
[2026-04-22T04:32:29Z] INFO Writing scenario markdown report.
[2026-04-22T04:32:29Z] INFO Materializing canonical browser contract artifacts for the completed run.
[2026-04-22T04:36:41Z] INFO Browser contract artifacts materialized: created=847 missingTables=0 missingCharts=0
[2026-04-22T04:36:41Z] INFO Required final artifacts published; marking terminal run status before optional artifacts.
[2026-04-22T04:36:41Z] INFO Writing MAT result bundle.
[2026-04-22T04:36:46Z] INFO Pruning empty result directories.
[2026-04-22T04:36:46Z] INFO Run completed successfully in 4065.769 seconds.
