[2026-04-18T17:38:03Z] INFO Preparing LLS run: scenario=lls_3gpp_rel20_anchor_4ghz_100mhz_waveform_honest_200ue_5frame runTag=webgui_rel20_4ghz_100mhz_200ue_5frame_retry6_20260418_230731 runFolder=C:\Users\Administrator\AppData\Local\Temp\2\sixgr_mysql_web_runs\lls_3gpp_rel20_anchor_4ghz_100mhz_waveform_honest_200ue_5frame\webgui_rel20_4ghz_100mhz_200ue_5frame_retry6_20260418_230731
[2026-04-18T17:38:05Z] INFO Artifact store active=1 backend=mysql_web schema=sixgr_results
[2026-04-18T17:38:05Z] INFO Writing resolved snapshots.
[2026-04-18T17:38:06Z] INFO Exporting live geometry artifacts.
[2026-04-18T17:38:06Z] INFO Executing runner profile=waveform_bundle.
[2026-04-18T17:38:06Z] INFO Waveform bundle starting: snr=12.000 dB sweepPoints=1 canonicalSlots=100 monteCarlo=1 slotDuration_s=0.000500
[TR38901Plus] Resolved config: Scenario=UMa Fc_Hz=4000000000 PathlossModel=nrPathLoss ShadowSigma_dB=6 PathlossEnabled=1 ShadowEnabled=1 LOSEnabled=1
[2026-04-18T17:38:15Z] INFO Coupled canonical slot prepared: sweep=1/1 slot=1/100 duplex=DL allow_dl=1 allow_ul=0.
[2026-04-18T17:38:45Z] INFO Coupled control gating complete: slot=1 frame=1 pbch_attempts=200 prach_attempts=0 srs_attempts=0 trs_attempts=21 acquired=200/200 access=0/200 valid_srs=0/200 valid_trs_cells=21/21 tracked_serving_users=200/200 eligible=0/200.
[2026-04-18T17:38:50Z] INFO DL coupled publish: sweep 1/1 snr=12.000 ue=0/200 dlFrames=0/100 ulFrames=0/100 dlRows=0 ulRows=0.
[2026-04-18T17:38:56Z] INFO Coupled DL schedule complete: sweep=1/1 slot=1/100 active=0 granted=0 grants=0.
[2026-04-18T17:38:56Z] INFO Coupled DL PDCCH qualification complete: sweep=1/1 slot=1/100 executable_grants=0.
[2026-04-18T17:38:56Z] INFO Preparing coupled DL batches: sweep=1/1 slot=1/100 candidate_grants=0 batch_size=16.
[2026-04-18T17:38:56Z] INFO Coupled canonical slot prepared: sweep=1/1 slot=2/100 duplex=DL allow_dl=1 allow_ul=0.
[2026-04-18T17:38:59Z] INFO Coupled control gating complete: slot=2 frame=1 pbch_attempts=0 prach_attempts=0 srs_attempts=0 trs_attempts=0 acquired=200/200 access=0/200 valid_srs=0/200 valid_trs_cells=21/21 tracked_serving_users=200/200 eligible=0/200.
[2026-04-18T17:39:04Z] INFO DL coupled publish: sweep 1/1 snr=12.000 ue=0/200 dlFrames=0/100 ulFrames=0/100 dlRows=0 ulRows=0.
[2026-04-18T17:39:10Z] INFO Coupled DL schedule complete: sweep=1/1 slot=2/100 active=0 granted=0 grants=0.
[2026-04-18T17:39:10Z] INFO Coupled DL PDCCH qualification complete: sweep=1/1 slot=2/100 executable_grants=0.
[2026-04-18T17:39:10Z] INFO Preparing coupled DL batches: sweep=1/1 slot=2/100 candidate_grants=0 batch_size=16.
[2026-04-18T17:39:10Z] INFO Coupled canonical slot prepared: sweep=1/1 slot=3/100 duplex=DL allow_dl=1 allow_ul=0.
[2026-04-18T17:39:12Z] INFO Coupled control gating complete: slot=3 frame=1 pbch_attempts=0 prach_attempts=0 srs_attempts=0 trs_attempts=0 acquired=200/200 access=0/200 valid_srs=0/200 valid_trs_cells=21/21 tracked_serving_users=200/200 eligible=0/200.
[2026-04-18T17:39:17Z] INFO DL coupled publish: sweep 1/1 snr=12.000 ue=0/200 dlFrames=0/100 ulFrames=0/100 dlRows=0 ulRows=0.
[2026-04-18T17:39:26Z] INFO Coupled DL schedule complete: sweep=1/1 slot=3/100 active=0 granted=0 grants=0.
[2026-04-18T17:39:26Z] INFO Coupled DL PDCCH qualification complete: sweep=1/1 slot=3/100 executable_grants=0.
[2026-04-18T17:39:26Z] INFO Preparing coupled DL batches: sweep=1/1 slot=3/100 candidate_grants=0 batch_size=16.
[2026-04-18T17:39:26Z] INFO Coupled canonical slot prepared: sweep=1/1 slot=4/100 duplex=S allow_dl=1 allow_ul=1.
[2026-04-18T17:39:29Z] INFO Coupled control gating complete: slot=4 frame=1 pbch_attempts=0 prach_attempts=0 srs_attempts=0 trs_attempts=0 acquired=200/200 access=0/200 valid_srs=0/200 valid_trs_cells=21/21 tracked_serving_users=200/200 eligible=0/200.
[2026-04-18T17:39:33Z] INFO DL coupled publish: sweep 1/1 snr=12.000 ue=0/200 dlFrames=0/100 ulFrames=0/100 dlRows=0 ulRows=0.
[2026-04-18T17:39:39Z] INFO Coupled DL schedule complete: sweep=1/1 slot=4/100 active=0 granted=0 grants=0.
[2026-04-18T17:39:39Z] INFO Coupled DL PDCCH qualification complete: sweep=1/1 slot=4/100 executable_grants=0.
[2026-04-18T17:39:39Z] INFO Preparing coupled DL batches: sweep=1/1 slot=4/100 candidate_grants=0 batch_size=16.
[2026-04-18T17:39:45Z] INFO Coupled UL schedule complete: sweep=1/1 slot=4/100 active=0 granted=0 grants=0.
[2026-04-18T17:39:45Z] INFO Coupled UL PDCCH qualification complete: sweep=1/1 slot=4/100 executable_grants=0.
[2026-04-18T17:39:45Z] INFO Preparing coupled UL batches: sweep=1/1 slot=4/100 candidate_grants=0 batch_size=16.
[2026-04-18T17:39:46Z] INFO Coupled canonical slot prepared: sweep=1/1 slot=5/100 duplex=UL allow_dl=0 allow_ul=1.
[2026-04-18T17:39:54Z] INFO Coupled control gating complete: slot=5 frame=1 pbch_attempts=0 prach_attempts=0 srs_attempts=0 trs_attempts=21 acquired=200/200 access=0/200 valid_srs=0/200 valid_trs_cells=21/21 tracked_serving_users=200/200 eligible=0/200.
[2026-04-18T17:39:59Z] INFO UL coupled publish: sweep 1/1 snr=12.000 ue=0/200 dlFrames=0/100 ulFrames=0/100 dlRows=0 ulRows=0.
[2026-04-18T17:40:05Z] INFO Coupled UL schedule complete: sweep=1/1 slot=5/100 active=0 granted=0 grants=0.
[2026-04-18T17:40:05Z] INFO Coupled UL PDCCH qualification complete: sweep=1/1 slot=5/100 executable_grants=0.
[2026-04-18T17:40:05Z] INFO Preparing coupled UL batches: sweep=1/1 slot=5/100 candidate_grants=0 batch_size=16.
[2026-04-18T17:40:05Z] INFO Coupled canonical slot prepared: sweep=1/1 slot=6/100 duplex=DL allow_dl=1 allow_ul=0.
[2026-04-18T17:40:08Z] INFO Coupled control gating complete: slot=6 frame=1 pbch_attempts=0 prach_attempts=0 srs_attempts=0 trs_attempts=0 acquired=200/200 access=0/200 valid_srs=0/200 valid_trs_cells=21/21 tracked_serving_users=200/200 eligible=0/200.
[2026-04-18T17:40:13Z] INFO DL coupled publish: sweep 1/1 snr=12.000 ue=0/200 dlFrames=0/100 ulFrames=0/100 dlRows=0 ulRows=0.
[2026-04-18T17:40:21Z] INFO Coupled DL schedule complete: sweep=1/1 slot=6/100 active=0 granted=0 grants=0.
[2026-04-18T17:40:21Z] INFO Coupled DL PDCCH qualification complete: sweep=1/1 slot=6/100 executable_grants=0.
[2026-04-18T17:40:21Z] INFO Preparing coupled DL batches: sweep=1/1 slot=6/100 candidate_grants=0 batch_size=16.
[2026-04-18T17:40:21Z] INFO Coupled canonical slot prepared: sweep=1/1 slot=7/100 duplex=DL allow_dl=1 allow_ul=0.
[2026-04-18T17:40:45Z] INFO Coupled control gating complete: slot=7 frame=1 pbch_attempts=0 prach_attempts=200 srs_attempts=0 trs_attempts=0 acquired=200/200 access=200/200 valid_srs=0/200 valid_trs_cells=21/21 tracked_serving_users=200/200 eligible=200/200.
[2026-04-18T17:40:52Z] INFO DL coupled publish: sweep 1/1 snr=12.000 ue=0/200 dlFrames=0/100 ulFrames=0/100 dlRows=0 ulRows=0.
[2026-04-18T17:41:06Z] INFO Coupled DL schedule complete: sweep=1/1 slot=7/100 active=200 granted=200 grants=200.
[2026-04-18T17:41:41Z] INFO Coupled DL PDCCH qualification complete: sweep=1/1 slot=7/100 executable_grants=200.
[2026-04-18T17:41:41Z] INFO Preparing coupled DL batches: sweep=1/1 slot=7/100 candidate_grants=200 batch_size=16.
[2026-04-18T17:41:41Z] INFO Preparing coupled DL resolved grant cache: candidate_grants=200.
[2026-04-18T17:42:12Z] INFO Prepared coupled DL resolved grant cache entries: 25/200.
[2026-04-18T17:42:38Z] INFO Prepared coupled DL resolved grant cache entries: 50/200.
[2026-04-18T17:43:10Z] INFO Prepared coupled DL resolved grant cache entries: 75/200.
[2026-04-18T17:43:37Z] INFO Prepared coupled DL resolved grant cache entries: 100/200.
[2026-04-18T17:44:11Z] INFO Prepared coupled DL resolved grant cache entries: 125/200.
[2026-04-18T17:44:45Z] INFO Prepared coupled DL resolved grant cache entries: 150/200.
[2026-04-18T17:45:13Z] INFO Prepared coupled DL resolved grant cache entries: 175/200.
[2026-04-18T17:45:50Z] INFO Prepared coupled DL resolved grant cache entries: 200/200.
[2026-04-18T17:45:50Z] INFO Prepared coupled DL resolved grant cache complete: entries=200 elapsed_s=248.981.
[2026-04-18T17:46:07Z] INFO Prepared coupled DL chunk: sweep=1/1 slot=7/100 executable_plans=16 chunk=1-16 of 200.
[2026-04-18T17:46:07Z] INFO Executing coupled DL chunk: sweep=1/1 slot=7/100 chunk=1-16 of 200.
[2026-04-18T17:46:58Z] INFO Publishing coupled DL chunk results: sweep=1/1 slot=7/100 committed_rows=16 current_primary_rows=16.
[2026-04-18T17:47:09Z] INFO DL coupled publish: sweep 1/1 snr=12.000 ue=87/200 dlFrames=1/100 ulFrames=0/100 dlRows=16 ulRows=0.
[2026-04-18T17:47:29Z] INFO Prepared coupled DL chunk: sweep=1/1 slot=7/100 executable_plans=16 chunk=17-32 of 200.
[2026-04-18T17:47:29Z] INFO Executing coupled DL chunk: sweep=1/1 slot=7/100 chunk=17-32 of 200.
[2026-04-18T17:48:17Z] INFO Publishing coupled DL chunk results: sweep=1/1 slot=7/100 committed_rows=16 current_primary_rows=32.
[2026-04-18T17:48:27Z] INFO DL coupled publish: sweep 1/1 snr=12.000 ue=57/200 dlFrames=1/100 ulFrames=0/100 dlRows=32 ulRows=0.
[2026-04-18T17:48:44Z] INFO Prepared coupled DL chunk: sweep=1/1 slot=7/100 executable_plans=16 chunk=33-48 of 200.
[2026-04-18T17:48:44Z] INFO Executing coupled DL chunk: sweep=1/1 slot=7/100 chunk=33-48 of 200.
[2026-04-18T17:49:32Z] INFO Publishing coupled DL chunk results: sweep=1/1 slot=7/100 committed_rows=16 current_primary_rows=48.
[2026-04-18T17:49:42Z] INFO DL coupled publish: sweep 1/1 snr=12.000 ue=116/200 dlFrames=1/100 ulFrames=0/100 dlRows=48 ulRows=0.
[2026-04-18T17:50:02Z] INFO Prepared coupled DL chunk: sweep=1/1 slot=7/100 executable_plans=16 chunk=49-64 of 200.
[2026-04-18T17:50:02Z] INFO Executing coupled DL chunk: sweep=1/1 slot=7/100 chunk=49-64 of 200.
[2026-04-18T17:50:55Z] INFO Publishing coupled DL chunk results: sweep=1/1 slot=7/100 committed_rows=16 current_primary_rows=64.
[2026-04-18T17:51:05Z] INFO DL coupled publish: sweep 1/1 snr=12.000 ue=81/200 dlFrames=1/100 ulFrames=0/100 dlRows=64 ulRows=0.
[2026-04-18T17:51:23Z] INFO Prepared coupled DL chunk: sweep=1/1 slot=7/100 executable_plans=16 chunk=65-80 of 200.
[2026-04-18T17:51:23Z] INFO Executing coupled DL chunk: sweep=1/1 slot=7/100 chunk=65-80 of 200.
[2026-04-18T17:52:11Z] INFO Publishing coupled DL chunk results: sweep=1/1 slot=7/100 committed_rows=16 current_primary_rows=80.
[2026-04-18T17:52:21Z] INFO DL coupled publish: sweep 1/1 snr=12.000 ue=29/200 dlFrames=1/100 ulFrames=0/100 dlRows=80 ulRows=0.
[2026-04-18T17:52:37Z] INFO Prepared coupled DL chunk: sweep=1/1 slot=7/100 executable_plans=16 chunk=81-96 of 200.
[2026-04-18T17:52:37Z] INFO Executing coupled DL chunk: sweep=1/1 slot=7/100 chunk=81-96 of 200.
[2026-04-18T17:53:20Z] INFO Publishing coupled DL chunk results: sweep=1/1 slot=7/100 committed_rows=16 current_primary_rows=96.
[2026-04-18T17:53:32Z] INFO DL coupled publish: sweep 1/1 snr=12.000 ue=102/200 dlFrames=1/100 ulFrames=0/100 dlRows=96 ulRows=0.
[2026-04-18T17:53:51Z] INFO Prepared coupled DL chunk: sweep=1/1 slot=7/100 executable_plans=16 chunk=97-112 of 200.
[2026-04-18T17:53:51Z] INFO Executing coupled DL chunk: sweep=1/1 slot=7/100 chunk=97-112 of 200.
[2026-04-18T17:54:43Z] INFO Publishing coupled DL chunk results: sweep=1/1 slot=7/100 committed_rows=16 current_primary_rows=112.
[2026-04-18T17:54:55Z] INFO DL coupled publish: sweep 1/1 snr=12.000 ue=24/200 dlFrames=1/100 ulFrames=0/100 dlRows=112 ulRows=0.
[2026-04-18T17:55:14Z] INFO Prepared coupled DL chunk: sweep=1/1 slot=7/100 executable_plans=16 chunk=113-128 of 200.
[2026-04-18T17:55:14Z] INFO Executing coupled DL chunk: sweep=1/1 slot=7/100 chunk=113-128 of 200.
[2026-04-18T17:56:06Z] INFO Publishing coupled DL chunk results: sweep=1/1 slot=7/100 committed_rows=16 current_primary_rows=128.
[2026-04-18T17:56:19Z] INFO DL coupled publish: sweep 1/1 snr=12.000 ue=174/200 dlFrames=1/100 ulFrames=0/100 dlRows=128 ulRows=0.
[2026-04-18T17:56:39Z] INFO Prepared coupled DL chunk: sweep=1/1 slot=7/100 executable_plans=16 chunk=129-144 of 200.
[2026-04-18T17:56:39Z] INFO Executing coupled DL chunk: sweep=1/1 slot=7/100 chunk=129-144 of 200.
[2026-04-18T17:57:29Z] INFO Publishing coupled DL chunk results: sweep=1/1 slot=7/100 committed_rows=16 current_primary_rows=144.
[2026-04-18T17:57:42Z] INFO DL coupled publish: sweep 1/1 snr=12.000 ue=134/200 dlFrames=1/100 ulFrames=0/100 dlRows=144 ulRows=0.
[2026-04-18T17:58:02Z] INFO Prepared coupled DL chunk: sweep=1/1 slot=7/100 executable_plans=16 chunk=145-160 of 200.
[2026-04-18T17:58:02Z] INFO Executing coupled DL chunk: sweep=1/1 slot=7/100 chunk=145-160 of 200.
[2026-04-18T17:58:49Z] INFO Publishing coupled DL chunk results: sweep=1/1 slot=7/100 committed_rows=16 current_primary_rows=160.
[2026-04-18T17:59:03Z] INFO DL coupled publish: sweep 1/1 snr=12.000 ue=83/200 dlFrames=1/100 ulFrames=0/100 dlRows=160 ulRows=0.
[2026-04-18T17:59:20Z] INFO Prepared coupled DL chunk: sweep=1/1 slot=7/100 executable_plans=16 chunk=161-176 of 200.
[2026-04-18T17:59:20Z] INFO Executing coupled DL chunk: sweep=1/1 slot=7/100 chunk=161-176 of 200.
[2026-04-18T18:00:05Z] INFO Publishing coupled DL chunk results: sweep=1/1 slot=7/100 committed_rows=16 current_primary_rows=176.
[2026-04-18T18:00:19Z] INFO DL coupled publish: sweep 1/1 snr=12.000 ue=23/200 dlFrames=1/100 ulFrames=0/100 dlRows=176 ulRows=0.
[2026-04-18T18:00:41Z] INFO Prepared coupled DL chunk: sweep=1/1 slot=7/100 executable_plans=16 chunk=177-192 of 200.
[2026-04-18T18:00:41Z] INFO Executing coupled DL chunk: sweep=1/1 slot=7/100 chunk=177-192 of 200.
[2026-04-18T18:01:32Z] INFO Publishing coupled DL chunk results: sweep=1/1 slot=7/100 committed_rows=16 current_primary_rows=192.
[2026-04-18T18:01:47Z] INFO DL coupled publish: sweep 1/1 snr=12.000 ue=190/200 dlFrames=1/100 ulFrames=0/100 dlRows=192 ulRows=0.
[2026-04-18T18:01:58Z] INFO Prepared coupled DL chunk: sweep=1/1 slot=7/100 executable_plans=8 chunk=193-200 of 200.
[2026-04-18T18:01:58Z] INFO Executing coupled DL chunk: sweep=1/1 slot=7/100 chunk=193-200 of 200.
[2026-04-18T18:02:26Z] INFO Publishing coupled DL chunk results: sweep=1/1 slot=7/100 committed_rows=8 current_primary_rows=200.
[2026-04-18T18:02:41Z] INFO DL coupled publish: sweep 1/1 snr=12.000 ue=194/200 dlFrames=1/100 ulFrames=0/100 dlRows=200 ulRows=0.
[2026-04-18T18:02:41Z] INFO Coupled canonical slot prepared: sweep=1/1 slot=8/100 duplex=DL allow_dl=1 allow_ul=0.
[2026-04-18T18:02:48Z] INFO Coupled control gating complete: slot=8 frame=1 pbch_attempts=0 prach_attempts=0 srs_attempts=50 trs_attempts=0 acquired=200/200 access=200/200 valid_srs=50/200 valid_trs_cells=21/21 tracked_serving_users=200/200 eligible=200/200.
[2026-04-18T18:03:02Z] INFO DL coupled publish: sweep 1/1 snr=12.000 ue=0/200 dlFrames=1/100 ulFrames=0/100 dlRows=200 ulRows=0.
[2026-04-18T18:03:12Z] INFO Coupled DL schedule complete: sweep=1/1 slot=8/100 active=200 granted=200 grants=200.
[2026-04-18T18:03:43Z] INFO Coupled DL PDCCH qualification complete: sweep=1/1 slot=8/100 executable_grants=200.
[2026-04-18T18:03:43Z] INFO Preparing coupled DL batches: sweep=1/1 slot=8/100 candidate_grants=200 batch_size=16.
[2026-04-18T18:03:43Z] INFO Preparing coupled DL resolved grant cache: candidate_grants=200.
[2026-04-18T18:04:12Z] INFO Prepared coupled DL resolved grant cache entries: 25/200.
[2026-04-18T18:04:36Z] INFO Prepared coupled DL resolved grant cache entries: 50/200.
[2026-04-18T18:05:07Z] INFO Prepared coupled DL resolved grant cache entries: 75/200.
[2026-04-18T18:05:34Z] INFO Prepared coupled DL resolved grant cache entries: 100/200.
[2026-04-18T18:06:06Z] INFO Prepared coupled DL resolved grant cache entries: 125/200.
[2026-04-18T18:06:36Z] INFO Prepared coupled DL resolved grant cache entries: 150/200.
[2026-04-18T18:07:02Z] INFO Prepared coupled DL resolved grant cache entries: 175/200.
[2026-04-18T18:07:34Z] INFO Prepared coupled DL resolved grant cache entries: 200/200.
[2026-04-18T18:07:34Z] INFO Prepared coupled DL resolved grant cache complete: entries=200 elapsed_s=231.127.
[2026-04-18T18:07:53Z] INFO Prepared coupled DL chunk: sweep=1/1 slot=8/100 executable_plans=16 chunk=1-16 of 200.
[2026-04-18T18:07:53Z] INFO Executing coupled DL chunk: sweep=1/1 slot=8/100 chunk=1-16 of 200.
[2026-04-18T18:08:56Z] INFO Publishing coupled DL chunk results: sweep=1/1 slot=8/100 committed_rows=16 current_primary_rows=216.
[2026-04-18T18:09:13Z] INFO DL coupled publish: sweep 1/1 snr=12.000 ue=53/200 dlFrames=1/100 ulFrames=0/100 dlRows=216 ulRows=0.
[2026-04-18T18:09:32Z] INFO Prepared coupled DL chunk: sweep=1/1 slot=8/100 executable_plans=16 chunk=17-32 of 200.
[2026-04-18T18:09:32Z] INFO Executing coupled DL chunk: sweep=1/1 slot=8/100 chunk=17-32 of 200.
[2026-04-18T18:10:22Z] INFO Publishing coupled DL chunk results: sweep=1/1 slot=8/100 committed_rows=16 current_primary_rows=232.
[2026-04-18T18:10:38Z] INFO DL coupled publish: sweep 1/1 snr=12.000 ue=90/200 dlFrames=1/100 ulFrames=0/100 dlRows=232 ulRows=0.
[2026-04-18T18:10:53Z] INFO Prepared coupled DL chunk: sweep=1/1 slot=8/100 executable_plans=16 chunk=33-48 of 200.
[2026-04-18T18:10:53Z] INFO Executing coupled DL chunk: sweep=1/1 slot=8/100 chunk=33-48 of 200.
[2026-04-18T18:11:41Z] INFO Publishing coupled DL chunk results: sweep=1/1 slot=8/100 committed_rows=16 current_primary_rows=248.
[2026-04-18T18:11:59Z] INFO DL coupled publish: sweep 1/1 snr=12.000 ue=95/200 dlFrames=1/100 ulFrames=0/100 dlRows=248 ulRows=0.
[2026-04-18T18:12:19Z] INFO Prepared coupled DL chunk: sweep=1/1 slot=8/100 executable_plans=16 chunk=49-64 of 200.
[2026-04-18T18:12:19Z] INFO Executing coupled DL chunk: sweep=1/1 slot=8/100 chunk=49-64 of 200.
[2026-04-18T18:13:14Z] INFO Publishing coupled DL chunk results: sweep=1/1 slot=8/100 committed_rows=16 current_primary_rows=264.
[2026-04-18T18:13:30Z] INFO DL coupled publish: sweep 1/1 snr=12.000 ue=55/200 dlFrames=1/100 ulFrames=0/100 dlRows=264 ulRows=0.
[2026-04-18T18:13:48Z] INFO Prepared coupled DL chunk: sweep=1/1 slot=8/100 executable_plans=16 chunk=65-80 of 200.
[2026-04-18T18:13:48Z] INFO Executing coupled DL chunk: sweep=1/1 slot=8/100 chunk=65-80 of 200.
[2026-04-18T18:14:38Z] INFO Publishing coupled DL chunk results: sweep=1/1 slot=8/100 committed_rows=16 current_primary_rows=280.
[2026-04-18T18:14:55Z] INFO DL coupled publish: sweep 1/1 snr=12.000 ue=70/200 dlFrames=1/100 ulFrames=0/100 dlRows=280 ulRows=0.
[2026-04-18T18:15:10Z] INFO Prepared coupled DL chunk: sweep=1/1 slot=8/100 executable_plans=16 chunk=81-96 of 200.
[2026-04-18T18:15:10Z] INFO Executing coupled DL chunk: sweep=1/1 slot=8/100 chunk=81-96 of 200.
[2026-04-18T18:15:57Z] INFO Publishing coupled DL chunk results: sweep=1/1 slot=8/100 committed_rows=16 current_primary_rows=296.
[2026-04-18T18:16:15Z] INFO DL coupled publish: sweep 1/1 snr=12.000 ue=126/200 dlFrames=1/100 ulFrames=0/100 dlRows=296 ulRows=0.
[2026-04-18T18:16:34Z] INFO Prepared coupled DL chunk: sweep=1/1 slot=8/100 executable_plans=16 chunk=97-112 of 200.
[2026-04-18T18:16:34Z] INFO Executing coupled DL chunk: sweep=1/1 slot=8/100 chunk=97-112 of 200.
[2026-04-18T18:17:25Z] INFO Publishing coupled DL chunk results: sweep=1/1 slot=8/100 committed_rows=16 current_primary_rows=312.
[2026-04-18T18:17:42Z] INFO DL coupled publish: sweep 1/1 snr=12.000 ue=7/200 dlFrames=1/100 ulFrames=0/100 dlRows=312 ulRows=0.
[2026-04-18T18:18:00Z] INFO Prepared coupled DL chunk: sweep=1/1 slot=8/100 executable_plans=16 chunk=113-128 of 200.
[2026-04-18T18:18:00Z] INFO Executing coupled DL chunk: sweep=1/1 slot=8/100 chunk=113-128 of 200.
[2026-04-18T18:18:54Z] INFO Publishing coupled DL chunk results: sweep=1/1 slot=8/100 committed_rows=16 current_primary_rows=328.
[2026-04-18T18:19:12Z] INFO DL coupled publish: sweep 1/1 snr=12.000 ue=160/200 dlFrames=1/100 ulFrames=0/100 dlRows=328 ulRows=0.
[2026-04-18T18:19:33Z] INFO Prepared coupled DL chunk: sweep=1/1 slot=8/100 executable_plans=16 chunk=129-144 of 200.
[2026-04-18T18:19:33Z] INFO Executing coupled DL chunk: sweep=1/1 slot=8/100 chunk=129-144 of 200.
[2026-04-18T18:20:26Z] INFO Publishing coupled DL chunk results: sweep=1/1 slot=8/100 committed_rows=16 current_primary_rows=344.
[2026-04-18T18:20:44Z] INFO DL coupled publish: sweep 1/1 snr=12.000 ue=109/200 dlFrames=1/100 ulFrames=0/100 dlRows=344 ulRows=0.
[2026-04-18T18:21:03Z] INFO Prepared coupled DL chunk: sweep=1/1 slot=8/100 executable_plans=16 chunk=145-160 of 200.
[2026-04-18T18:21:03Z] INFO Executing coupled DL chunk: sweep=1/1 slot=8/100 chunk=145-160 of 200.
[2026-04-18T18:21:54Z] INFO Publishing coupled DL chunk results: sweep=1/1 slot=8/100 committed_rows=16 current_primary_rows=360.
[2026-04-18T18:22:13Z] INFO DL coupled publish: sweep 1/1 snr=12.000 ue=118/200 dlFrames=1/100 ulFrames=0/100 dlRows=360 ulRows=0.
[2026-04-18T18:22:29Z] INFO Prepared coupled DL chunk: sweep=1/1 slot=8/100 executable_plans=16 chunk=161-176 of 200.
[2026-04-18T18:22:29Z] INFO Executing coupled DL chunk: sweep=1/1 slot=8/100 chunk=161-176 of 200.
[2026-04-18T18:23:15Z] INFO Publishing coupled DL chunk results: sweep=1/1 slot=8/100 committed_rows=16 current_primary_rows=376.
[2026-04-18T18:23:33Z] INFO DL coupled publish: sweep 1/1 snr=12.000 ue=38/200 dlFrames=1/100 ulFrames=0/100 dlRows=376 ulRows=0.
[2026-04-18T18:23:53Z] INFO Prepared coupled DL chunk: sweep=1/1 slot=8/100 executable_plans=16 chunk=177-192 of 200.
[2026-04-18T18:23:53Z] INFO Executing coupled DL chunk: sweep=1/1 slot=8/100 chunk=177-192 of 200.
[2026-04-18T18:24:47Z] INFO Publishing coupled DL chunk results: sweep=1/1 slot=8/100 committed_rows=16 current_primary_rows=392.
[2026-04-18T18:25:05Z] INFO DL coupled publish: sweep 1/1 snr=12.000 ue=183/200 dlFrames=1/100 ulFrames=0/100 dlRows=392 ulRows=0.
[2026-04-18T18:25:16Z] INFO Prepared coupled DL chunk: sweep=1/1 slot=8/100 executable_plans=8 chunk=193-200 of 200.
[2026-04-18T18:25:16Z] INFO Executing coupled DL chunk: sweep=1/1 slot=8/100 chunk=193-200 of 200.
[2026-04-18T18:25:44Z] INFO Publishing coupled DL chunk results: sweep=1/1 slot=8/100 committed_rows=8 current_primary_rows=400.
[2026-04-18T18:26:04Z] INFO DL coupled publish: sweep 1/1 snr=12.000 ue=133/200 dlFrames=1/100 ulFrames=0/100 dlRows=400 ulRows=0.
[2026-04-18T18:26:04Z] INFO Coupled canonical slot prepared: sweep=1/1 slot=9/100 duplex=S allow_dl=1 allow_ul=1.
[2026-04-18T18:26:17Z] INFO Coupled control gating complete: slot=9 frame=1 pbch_attempts=0 prach_attempts=0 srs_attempts=50 trs_attempts=21 acquired=200/200 access=200/200 valid_srs=100/200 valid_trs_cells=21/21 tracked_serving_users=200/200 eligible=200/200.
[2026-04-18T18:26:37Z] INFO DL coupled publish: sweep 1/1 snr=12.000 ue=0/200 dlFrames=1/100 ulFrames=0/100 dlRows=400 ulRows=0.
[2026-04-18T18:26:46Z] INFO Coupled DL schedule complete: sweep=1/1 slot=9/100 active=200 granted=200 grants=200.
[2026-04-18T18:27:17Z] INFO Coupled DL PDCCH qualification complete: sweep=1/1 slot=9/100 executable_grants=200.
[2026-04-18T18:27:17Z] INFO Preparing coupled DL batches: sweep=1/1 slot=9/100 candidate_grants=200 batch_size=16.
[2026-04-18T18:27:17Z] INFO Preparing coupled DL resolved grant cache: candidate_grants=200.
[2026-04-18T18:27:28Z] INFO Prepared coupled DL resolved grant cache entries: 25/200.
[2026-04-18T18:27:41Z] INFO Prepared coupled DL resolved grant cache entries: 50/200.
[2026-04-18T18:27:56Z] INFO Prepared coupled DL resolved grant cache entries: 75/200.
[2026-04-18T18:28:10Z] INFO Prepared coupled DL resolved grant cache entries: 100/200.
[2026-04-18T18:28:27Z] INFO Prepared coupled DL resolved grant cache entries: 125/200.
[2026-04-18T18:28:41Z] INFO Prepared coupled DL resolved grant cache entries: 150/200.
[2026-04-18T18:28:56Z] INFO Prepared coupled DL resolved grant cache entries: 175/200.
[2026-04-18T18:29:10Z] INFO Prepared coupled DL resolved grant cache entries: 200/200.
[2026-04-18T18:29:10Z] INFO Prepared coupled DL resolved grant cache complete: entries=200 elapsed_s=113.490.
[2026-04-18T18:29:17Z] INFO Prepared coupled DL chunk: sweep=1/1 slot=9/100 executable_plans=16 chunk=1-16 of 200.
[2026-04-18T18:29:17Z] INFO Executing coupled DL chunk: sweep=1/1 slot=9/100 chunk=1-16 of 200.
[2026-04-18T18:30:06Z] INFO Publishing coupled DL chunk results: sweep=1/1 slot=9/100 committed_rows=16 current_primary_rows=416.
[2026-04-18T18:30:27Z] INFO DL coupled publish: sweep 1/1 snr=12.000 ue=158/200 dlFrames=1/100 ulFrames=0/100 dlRows=416 ulRows=0.
[2026-04-18T18:30:35Z] INFO Prepared coupled DL chunk: sweep=1/1 slot=9/100 executable_plans=16 chunk=17-32 of 200.
[2026-04-18T18:30:35Z] INFO Executing coupled DL chunk: sweep=1/1 slot=9/100 chunk=17-32 of 200.
[2026-04-18T18:31:22Z] INFO Publishing coupled DL chunk results: sweep=1/1 slot=9/100 committed_rows=16 current_primary_rows=432.
[2026-04-18T18:31:44Z] INFO DL coupled publish: sweep 1/1 snr=12.000 ue=164/200 dlFrames=1/100 ulFrames=0/100 dlRows=432 ulRows=0.
[2026-04-18T18:31:51Z] INFO Prepared coupled DL chunk: sweep=1/1 slot=9/100 executable_plans=16 chunk=33-48 of 200.
[2026-04-18T18:31:51Z] INFO Executing coupled DL chunk: sweep=1/1 slot=9/100 chunk=33-48 of 200.
[2026-04-18T18:32:41Z] INFO Publishing coupled DL chunk results: sweep=1/1 slot=9/100 committed_rows=16 current_primary_rows=448.
[2026-04-18T18:33:03Z] INFO DL coupled publish: sweep 1/1 snr=12.000 ue=95/200 dlFrames=1/100 ulFrames=0/100 dlRows=448 ulRows=0.
[2026-04-18T18:33:12Z] INFO Prepared coupled DL chunk: sweep=1/1 slot=9/100 executable_plans=16 chunk=49-64 of 200.
[2026-04-18T18:33:12Z] INFO Executing coupled DL chunk: sweep=1/1 slot=9/100 chunk=49-64 of 200.
[2026-04-18T18:34:01Z] INFO Publishing coupled DL chunk results: sweep=1/1 slot=9/100 committed_rows=16 current_primary_rows=464.
[2026-04-18T18:34:22Z] INFO DL coupled publish: sweep 1/1 snr=12.000 ue=121/200 dlFrames=1/100 ulFrames=0/100 dlRows=464 ulRows=0.
[2026-04-18T18:34:32Z] INFO Prepared coupled DL chunk: sweep=1/1 slot=9/100 executable_plans=16 chunk=65-80 of 200.
[2026-04-18T18:34:32Z] INFO Executing coupled DL chunk: sweep=1/1 slot=9/100 chunk=65-80 of 200.
[2026-04-18T18:35:26Z] INFO Publishing coupled DL chunk results: sweep=1/1 slot=9/100 committed_rows=16 current_primary_rows=480.
[2026-04-18T18:35:48Z] INFO DL coupled publish: sweep 1/1 snr=12.000 ue=96/200 dlFrames=1/100 ulFrames=0/100 dlRows=480 ulRows=0.
[2026-04-18T18:35:58Z] INFO Prepared coupled DL chunk: sweep=1/1 slot=9/100 executable_plans=16 chunk=81-96 of 200.
[2026-04-18T18:35:58Z] INFO Executing coupled DL chunk: sweep=1/1 slot=9/100 chunk=81-96 of 200.
[2026-04-18T18:36:49Z] INFO Publishing coupled DL chunk results: sweep=1/1 slot=9/100 committed_rows=16 current_primary_rows=496.
[2026-04-18T18:37:12Z] INFO DL coupled publish: sweep 1/1 snr=12.000 ue=97/200 dlFrames=1/100 ulFrames=0/100 dlRows=496 ulRows=0.
[2026-04-18T18:37:22Z] INFO Prepared coupled DL chunk: sweep=1/1 slot=9/100 executable_plans=16 chunk=97-112 of 200.
[2026-04-18T18:37:22Z] INFO Executing coupled DL chunk: sweep=1/1 slot=9/100 chunk=97-112 of 200.
[2026-04-18T18:38:17Z] INFO Publishing coupled DL chunk results: sweep=1/1 slot=9/100 committed_rows=16 current_primary_rows=512.
[2026-04-18T18:38:40Z] INFO DL coupled publish: sweep 1/1 snr=12.000 ue=123/200 dlFrames=1/100 ulFrames=0/100 dlRows=512 ulRows=0.
[2026-04-18T18:38:52Z] INFO Prepared coupled DL chunk: sweep=1/1 slot=9/100 executable_plans=16 chunk=113-128 of 200.
[2026-04-18T18:38:52Z] INFO Executing coupled DL chunk: sweep=1/1 slot=9/100 chunk=113-128 of 200.
[2026-04-18T18:39:48Z] INFO Publishing coupled DL chunk results: sweep=1/1 slot=9/100 committed_rows=16 current_primary_rows=528.
[2026-04-18T18:40:11Z] INFO DL coupled publish: sweep 1/1 snr=12.000 ue=191/200 dlFrames=1/100 ulFrames=0/100 dlRows=528 ulRows=0.
[2026-04-18T18:40:21Z] INFO Prepared coupled DL chunk: sweep=1/1 slot=9/100 executable_plans=16 chunk=129-144 of 200.
[2026-04-18T18:40:21Z] INFO Executing coupled DL chunk: sweep=1/1 slot=9/100 chunk=129-144 of 200.
[2026-04-18T18:41:14Z] INFO Publishing coupled DL chunk results: sweep=1/1 slot=9/100 committed_rows=16 current_primary_rows=544.
[2026-04-18T18:41:38Z] INFO DL coupled publish: sweep 1/1 snr=12.000 ue=108/200 dlFrames=1/100 ulFrames=0/100 dlRows=544 ulRows=0.
[2026-04-18T18:41:48Z] INFO Prepared coupled DL chunk: sweep=1/1 slot=9/100 executable_plans=16 chunk=145-160 of 200.
[2026-04-18T18:41:48Z] INFO Executing coupled DL chunk: sweep=1/1 slot=9/100 chunk=145-160 of 200.
[2026-04-18T18:42:39Z] INFO Publishing coupled DL chunk results: sweep=1/1 slot=9/100 committed_rows=16 current_primary_rows=560.
[2026-04-18T18:43:03Z] INFO DL coupled publish: sweep 1/1 snr=12.000 ue=118/200 dlFrames=1/100 ulFrames=0/100 dlRows=560 ulRows=0.
[2026-04-18T18:43:14Z] INFO Prepared coupled DL chunk: sweep=1/1 slot=9/100 executable_plans=16 chunk=161-176 of 200.
[2026-04-18T18:43:14Z] INFO Executing coupled DL chunk: sweep=1/1 slot=9/100 chunk=161-176 of 200.
[2026-04-18T18:44:06Z] INFO Publishing coupled DL chunk results: sweep=1/1 slot=9/100 committed_rows=16 current_primary_rows=576.
[2026-04-18T18:44:30Z] INFO DL coupled publish: sweep 1/1 snr=12.000 ue=68/200 dlFrames=1/100 ulFrames=0/100 dlRows=576 ulRows=0.
[2026-04-18T18:44:41Z] INFO Prepared coupled DL chunk: sweep=1/1 slot=9/100 executable_plans=16 chunk=177-192 of 200.
[2026-04-18T18:44:41Z] INFO Executing coupled DL chunk: sweep=1/1 slot=9/100 chunk=177-192 of 200.
[2026-04-18T18:45:32Z] INFO Publishing coupled DL chunk results: sweep=1/1 slot=9/100 committed_rows=16 current_primary_rows=592.
[2026-04-18T18:45:55Z] INFO DL coupled publish: sweep 1/1 snr=12.000 ue=17/200 dlFrames=1/100 ulFrames=0/100 dlRows=592 ulRows=0.
[2026-04-18T18:45:59Z] INFO Prepared coupled DL chunk: sweep=1/1 slot=9/100 executable_plans=8 chunk=193-200 of 200.
[2026-04-18T18:45:59Z] INFO Executing coupled DL chunk: sweep=1/1 slot=9/100 chunk=193-200 of 200.
[2026-04-18T18:46:21Z] INFO Publishing coupled DL chunk results: sweep=1/1 slot=9/100 committed_rows=8 current_primary_rows=600.
[2026-04-18T18:46:46Z] INFO DL coupled publish: sweep 1/1 snr=12.000 ue=192/200 dlFrames=1/100 ulFrames=0/100 dlRows=600 ulRows=0.
[2026-04-18T18:47:03Z] INFO Coupled UL schedule complete: sweep=1/1 slot=9/100 active=200 granted=199 grants=199.
[2026-04-18T18:47:36Z] INFO Coupled UL PDCCH qualification complete: sweep=1/1 slot=9/100 executable_grants=199.
[2026-04-18T18:47:36Z] INFO Preparing coupled UL batches: sweep=1/1 slot=9/100 candidate_grants=199 batch_size=16.
[2026-04-18T18:47:36Z] INFO Preparing coupled UL resolved grant cache: candidate_grants=199.
[2026-04-18T18:47:40Z] INFO Prepared coupled UL resolved grant cache entries: 25/199.
[2026-04-18T18:47:45Z] INFO Prepared coupled UL resolved grant cache entries: 50/199.
[2026-04-18T18:47:51Z] INFO Prepared coupled UL resolved grant cache entries: 75/199.
[2026-04-18T18:47:56Z] INFO Prepared coupled UL resolved grant cache entries: 100/199.
[2026-04-18T18:48:02Z] INFO Prepared coupled UL resolved grant cache entries: 125/199.
[2026-04-18T18:48:07Z] INFO Prepared coupled UL resolved grant cache entries: 150/199.
[2026-04-18T18:48:13Z] INFO Prepared coupled UL resolved grant cache entries: 175/199.
[2026-04-18T18:48:17Z] INFO Prepared coupled UL resolved grant cache entries: 199/199.
[2026-04-18T18:48:17Z] INFO Prepared coupled UL resolved grant cache complete: entries=199 elapsed_s=41.702.
[2026-04-18T18:48:20Z] INFO Prepared coupled UL chunk: sweep=1/1 slot=9/100 executable_plans=16 chunk=1-16 of 199.
[2026-04-18T18:48:20Z] INFO Executing coupled UL chunk: sweep=1/1 slot=9/100 chunk=1-16 of 199.
[2026-04-18T18:57:52Z] INFO Publishing coupled UL chunk results: sweep=1/1 slot=9/100 committed_rows=16 current_primary_rows=16.
[2026-04-18T18:58:18Z] INFO UL coupled publish: sweep 1/1 snr=12.000 ue=75/200 dlFrames=1/100 ulFrames=1/100 dlRows=600 ulRows=16.
[2026-04-18T18:58:21Z] INFO Prepared coupled UL chunk: sweep=1/1 slot=9/100 executable_plans=16 chunk=17-32 of 199.
[2026-04-18T18:58:21Z] INFO Executing coupled UL chunk: sweep=1/1 slot=9/100 chunk=17-32 of 199.
[2026-04-18T19:07:55Z] INFO Publishing coupled UL chunk results: sweep=1/1 slot=9/100 committed_rows=16 current_primary_rows=32.
[2026-04-18T19:08:23Z] INFO UL coupled publish: sweep 1/1 snr=12.000 ue=164/200 dlFrames=1/100 ulFrames=1/100 dlRows=600 ulRows=32.
[2026-04-18T19:08:26Z] INFO Prepared coupled UL chunk: sweep=1/1 slot=9/100 executable_plans=16 chunk=33-48 of 199.
[2026-04-18T19:08:26Z] INFO Executing coupled UL chunk: sweep=1/1 slot=9/100 chunk=33-48 of 199.
[2026-04-18T19:17:50Z] INFO Publishing coupled UL chunk results: sweep=1/1 slot=9/100 committed_rows=16 current_primary_rows=48.
[2026-04-18T19:18:18Z] INFO UL coupled publish: sweep 1/1 snr=12.000 ue=32/200 dlFrames=1/100 ulFrames=1/100 dlRows=600 ulRows=48.
[2026-04-18T19:18:22Z] INFO Prepared coupled UL chunk: sweep=1/1 slot=9/100 executable_plans=16 chunk=49-64 of 199.
[2026-04-18T19:18:22Z] INFO Executing coupled UL chunk: sweep=1/1 slot=9/100 chunk=49-64 of 199.
[2026-04-18T19:28:23Z] INFO Publishing coupled UL chunk results: sweep=1/1 slot=9/100 committed_rows=16 current_primary_rows=64.
[2026-04-18T19:28:51Z] INFO UL coupled publish: sweep 1/1 snr=12.000 ue=187/200 dlFrames=1/100 ulFrames=1/100 dlRows=600 ulRows=64.
[2026-04-18T19:28:54Z] INFO Prepared coupled UL chunk: sweep=1/1 slot=9/100 executable_plans=16 chunk=65-80 of 199.
[2026-04-18T19:28:54Z] INFO Executing coupled UL chunk: sweep=1/1 slot=9/100 chunk=65-80 of 199.
[2026-04-18T19:39:20Z] INFO Publishing coupled UL chunk results: sweep=1/1 slot=9/100 committed_rows=16 current_primary_rows=80.
[2026-04-18T19:39:49Z] INFO UL coupled publish: sweep 1/1 snr=12.000 ue=145/200 dlFrames=1/100 ulFrames=1/100 dlRows=600 ulRows=80.
[2026-04-18T19:39:53Z] INFO Prepared coupled UL chunk: sweep=1/1 slot=9/100 executable_plans=16 chunk=81-96 of 199.
[2026-04-18T19:39:53Z] INFO Executing coupled UL chunk: sweep=1/1 slot=9/100 chunk=81-96 of 199.
[2026-04-18T19:50:21Z] INFO Publishing coupled UL chunk results: sweep=1/1 slot=9/100 committed_rows=16 current_primary_rows=96.
[2026-04-18T19:50:52Z] INFO UL coupled publish: sweep 1/1 snr=12.000 ue=104/200 dlFrames=1/100 ulFrames=1/100 dlRows=600 ulRows=96.
[2026-04-18T19:50:55Z] INFO Prepared coupled UL chunk: sweep=1/1 slot=9/100 executable_plans=16 chunk=97-112 of 199.
[2026-04-18T19:50:55Z] INFO Executing coupled UL chunk: sweep=1/1 slot=9/100 chunk=97-112 of 199.
[2026-04-18T20:01:36Z] INFO Publishing coupled UL chunk results: sweep=1/1 slot=9/100 committed_rows=16 current_primary_rows=112.
[2026-04-18T20:02:06Z] INFO UL coupled publish: sweep 1/1 snr=12.000 ue=24/200 dlFrames=1/100 ulFrames=1/100 dlRows=600 ulRows=112.
[2026-04-18T20:02:10Z] INFO Prepared coupled UL chunk: sweep=1/1 slot=9/100 executable_plans=16 chunk=113-128 of 199.
[2026-04-18T20:02:10Z] INFO Executing coupled UL chunk: sweep=1/1 slot=9/100 chunk=113-128 of 199.
[2026-04-18T20:13:55Z] INFO Publishing coupled UL chunk results: sweep=1/1 slot=9/100 committed_rows=16 current_primary_rows=128.
[2026-04-18T20:14:25Z] INFO UL coupled publish: sweep 1/1 snr=12.000 ue=115/200 dlFrames=1/100 ulFrames=1/100 dlRows=600 ulRows=128.
[2026-04-18T20:14:29Z] INFO Prepared coupled UL chunk: sweep=1/1 slot=9/100 executable_plans=16 chunk=129-144 of 199.
[2026-04-18T20:14:29Z] INFO Executing coupled UL chunk: sweep=1/1 slot=9/100 chunk=129-144 of 199.
[2026-04-18T20:24:24Z] INFO Publishing coupled UL chunk results: sweep=1/1 slot=9/100 committed_rows=16 current_primary_rows=144.
[2026-04-18T20:24:56Z] INFO UL coupled publish: sweep 1/1 snr=12.000 ue=151/200 dlFrames=1/100 ulFrames=1/100 dlRows=600 ulRows=144.
[2026-04-18T20:25:00Z] INFO Prepared coupled UL chunk: sweep=1/1 slot=9/100 executable_plans=16 chunk=145-160 of 199.
[2026-04-18T20:25:00Z] INFO Executing coupled UL chunk: sweep=1/1 slot=9/100 chunk=145-160 of 199.
[2026-04-18T20:35:19Z] INFO Publishing coupled UL chunk results: sweep=1/1 slot=9/100 committed_rows=16 current_primary_rows=160.
[2026-04-18T20:35:50Z] INFO UL coupled publish: sweep 1/1 snr=12.000 ue=83/200 dlFrames=1/100 ulFrames=1/100 dlRows=600 ulRows=160.
[2026-04-18T20:35:54Z] INFO Prepared coupled UL chunk: sweep=1/1 slot=9/100 executable_plans=16 chunk=161-176 of 199.
[2026-04-18T20:35:54Z] INFO Executing coupled UL chunk: sweep=1/1 slot=9/100 chunk=161-176 of 199.
[2026-04-18T20:46:28Z] INFO Publishing coupled UL chunk results: sweep=1/1 slot=9/100 committed_rows=16 current_primary_rows=176.
[2026-04-18T20:47:00Z] INFO UL coupled publish: sweep 1/1 snr=12.000 ue=84/200 dlFrames=1/100 ulFrames=1/100 dlRows=600 ulRows=176.
[2026-04-18T20:47:04Z] INFO Prepared coupled UL chunk: sweep=1/1 slot=9/100 executable_plans=16 chunk=177-192 of 199.
[2026-04-18T20:47:04Z] INFO Executing coupled UL chunk: sweep=1/1 slot=9/100 chunk=177-192 of 199.
[2026-04-18T20:57:16Z] INFO Publishing coupled UL chunk results: sweep=1/1 slot=9/100 committed_rows=16 current_primary_rows=192.
[2026-04-18T20:57:48Z] INFO UL coupled publish: sweep 1/1 snr=12.000 ue=40/200 dlFrames=1/100 ulFrames=1/100 dlRows=600 ulRows=192.
[2026-04-18T20:57:50Z] INFO Prepared coupled UL chunk: sweep=1/1 slot=9/100 executable_plans=7 chunk=193-199 of 199.
[2026-04-18T20:57:50Z] INFO Executing coupled UL chunk: sweep=1/1 slot=9/100 chunk=193-199 of 199.
[2026-04-18T21:02:01Z] INFO Publishing coupled UL chunk results: sweep=1/1 slot=9/100 committed_rows=7 current_primary_rows=199.
[2026-04-18T21:02:33Z] INFO UL coupled publish: sweep 1/1 snr=12.000 ue=182/200 dlFrames=1/100 ulFrames=1/100 dlRows=600 ulRows=199.
[2026-04-18T21:02:33Z] INFO Coupled canonical slot prepared: sweep=1/1 slot=10/100 duplex=UL allow_dl=0 allow_ul=1.
[2026-04-18T21:02:40Z] INFO Coupled control gating complete: slot=10 frame=1 pbch_attempts=0 prach_attempts=0 srs_attempts=50 trs_attempts=0 acquired=200/200 access=200/200 valid_srs=150/200 valid_trs_cells=21/21 tracked_serving_users=200/200 eligible=200/200.
[2026-04-18T21:03:13Z] INFO UL coupled publish: sweep 1/1 snr=12.000 ue=0/200 dlFrames=1/100 ulFrames=1/100 dlRows=600 ulRows=199.
[2026-04-18T21:03:24Z] INFO Coupled UL schedule complete: sweep=1/1 slot=10/100 active=200 granted=199 grants=199.
[2026-04-18T21:03:56Z] INFO Coupled UL PDCCH qualification complete: sweep=1/1 slot=10/100 executable_grants=199.
[2026-04-18T21:03:56Z] INFO Preparing coupled UL batches: sweep=1/1 slot=10/100 candidate_grants=199 batch_size=16.
[2026-04-18T21:03:56Z] INFO Preparing coupled UL resolved grant cache: candidate_grants=199.
[2026-04-18T21:04:02Z] INFO Prepared coupled UL resolved grant cache entries: 25/199.
[2026-04-18T21:04:10Z] INFO Prepared coupled UL resolved grant cache entries: 50/199.
[2026-04-18T21:04:18Z] INFO Prepared coupled UL resolved grant cache entries: 75/199.
[2026-04-18T21:04:25Z] INFO Prepared coupled UL resolved grant cache entries: 100/199.
[2026-04-18T21:04:34Z] INFO Prepared coupled UL resolved grant cache entries: 125/199.
[2026-04-18T21:04:42Z] INFO Prepared coupled UL resolved grant cache entries: 150/199.
[2026-04-18T21:04:51Z] INFO Prepared coupled UL resolved grant cache entries: 175/199.
[2026-04-18T21:04:58Z] INFO Prepared coupled UL resolved grant cache entries: 199/199.
[2026-04-18T21:04:58Z] INFO Prepared coupled UL resolved grant cache complete: entries=199 elapsed_s=62.284.
[2026-04-18T21:05:02Z] INFO Prepared coupled UL chunk: sweep=1/1 slot=10/100 executable_plans=16 chunk=1-16 of 199.
[2026-04-18T21:05:02Z] INFO Executing coupled UL chunk: sweep=1/1 slot=10/100 chunk=1-16 of 199.
[2026-04-18T21:15:22Z] INFO Publishing coupled UL chunk results: sweep=1/1 slot=10/100 committed_rows=16 current_primary_rows=215.
[2026-04-18T21:15:57Z] INFO UL coupled publish: sweep 1/1 snr=12.000 ue=75/200 dlFrames=1/100 ulFrames=1/100 dlRows=600 ulRows=215.
[2026-04-18T21:16:01Z] INFO Prepared coupled UL chunk: sweep=1/1 slot=10/100 executable_plans=16 chunk=17-32 of 199.
[2026-04-18T21:16:01Z] INFO Executing coupled UL chunk: sweep=1/1 slot=10/100 chunk=17-32 of 199.
[2026-04-18T21:26:26Z] INFO Publishing coupled UL chunk results: sweep=1/1 slot=10/100 committed_rows=16 current_primary_rows=231.
[2026-04-18T21:27:00Z] INFO UL coupled publish: sweep 1/1 snr=12.000 ue=164/200 dlFrames=1/100 ulFrames=1/100 dlRows=600 ulRows=231.
[2026-04-18T21:27:05Z] INFO Prepared coupled UL chunk: sweep=1/1 slot=10/100 executable_plans=16 chunk=33-48 of 199.
[2026-04-18T21:27:05Z] INFO Executing coupled UL chunk: sweep=1/1 slot=10/100 chunk=33-48 of 199.
[2026-04-18T21:37:25Z] INFO Publishing coupled UL chunk results: sweep=1/1 slot=10/100 committed_rows=16 current_primary_rows=247.
[2026-04-18T21:38:01Z] INFO UL coupled publish: sweep 1/1 snr=12.000 ue=32/200 dlFrames=1/100 ulFrames=1/100 dlRows=600 ulRows=247.
[2026-04-18T21:38:06Z] INFO Prepared coupled UL chunk: sweep=1/1 slot=10/100 executable_plans=16 chunk=49-64 of 199.
[2026-04-18T21:38:06Z] INFO Executing coupled UL chunk: sweep=1/1 slot=10/100 chunk=49-64 of 199.
[2026-04-18T21:49:05Z] INFO Publishing coupled UL chunk results: sweep=1/1 slot=10/100 committed_rows=16 current_primary_rows=263.
[2026-04-18T21:49:40Z] INFO UL coupled publish: sweep 1/1 snr=12.000 ue=187/200 dlFrames=1/100 ulFrames=1/100 dlRows=600 ulRows=263.
[2026-04-18T21:49:46Z] INFO Prepared coupled UL chunk: sweep=1/1 slot=10/100 executable_plans=16 chunk=65-80 of 199.
[2026-04-18T21:49:46Z] INFO Executing coupled UL chunk: sweep=1/1 slot=10/100 chunk=65-80 of 199.
[2026-04-18T22:01:16Z] INFO Publishing coupled UL chunk results: sweep=1/1 slot=10/100 committed_rows=16 current_primary_rows=279.
[2026-04-18T22:01:51Z] INFO UL coupled publish: sweep 1/1 snr=12.000 ue=145/200 dlFrames=1/100 ulFrames=1/100 dlRows=600 ulRows=279.
[2026-04-18T22:01:56Z] INFO Prepared coupled UL chunk: sweep=1/1 slot=10/100 executable_plans=16 chunk=81-96 of 199.
[2026-04-18T22:01:56Z] INFO Executing coupled UL chunk: sweep=1/1 slot=10/100 chunk=81-96 of 199.
[2026-04-18T22:13:25Z] INFO Publishing coupled UL chunk results: sweep=1/1 slot=10/100 committed_rows=16 current_primary_rows=295.
[2026-04-18T22:14:01Z] INFO UL coupled publish: sweep 1/1 snr=12.000 ue=104/200 dlFrames=1/100 ulFrames=1/100 dlRows=600 ulRows=295.
[2026-04-18T22:14:06Z] INFO Prepared coupled UL chunk: sweep=1/1 slot=10/100 executable_plans=16 chunk=97-112 of 199.
[2026-04-18T22:14:06Z] INFO Executing coupled UL chunk: sweep=1/1 slot=10/100 chunk=97-112 of 199.
[2026-04-18T22:25:41Z] INFO Publishing coupled UL chunk results: sweep=1/1 slot=10/100 committed_rows=16 current_primary_rows=311.
[2026-04-18T22:26:18Z] INFO UL coupled publish: sweep 1/1 snr=12.000 ue=24/200 dlFrames=1/100 ulFrames=1/100 dlRows=600 ulRows=311.
[2026-04-18T22:26:24Z] INFO Prepared coupled UL chunk: sweep=1/1 slot=10/100 executable_plans=16 chunk=113-128 of 199.
[2026-04-18T22:26:24Z] INFO Executing coupled UL chunk: sweep=1/1 slot=10/100 chunk=113-128 of 199.
[2026-04-18T22:39:47Z] INFO Publishing coupled UL chunk results: sweep=1/1 slot=10/100 committed_rows=16 current_primary_rows=327.
[2026-04-18T22:40:24Z] INFO UL coupled publish: sweep 1/1 snr=12.000 ue=115/200 dlFrames=1/100 ulFrames=1/100 dlRows=600 ulRows=327.
[2026-04-18T22:40:29Z] INFO Prepared coupled UL chunk: sweep=1/1 slot=10/100 executable_plans=16 chunk=129-144 of 199.
[2026-04-18T22:40:29Z] INFO Executing coupled UL chunk: sweep=1/1 slot=10/100 chunk=129-144 of 199.
[2026-04-18T22:51:22Z] INFO Publishing coupled UL chunk results: sweep=1/1 slot=10/100 committed_rows=16 current_primary_rows=343.
[2026-04-18T22:51:59Z] INFO UL coupled publish: sweep 1/1 snr=12.000 ue=151/200 dlFrames=1/100 ulFrames=1/100 dlRows=600 ulRows=343.
[2026-04-18T22:52:04Z] INFO Prepared coupled UL chunk: sweep=1/1 slot=10/100 executable_plans=16 chunk=145-160 of 199.
[2026-04-18T22:52:04Z] INFO Executing coupled UL chunk: sweep=1/1 slot=10/100 chunk=145-160 of 199.
[2026-04-18T23:03:28Z] INFO Publishing coupled UL chunk results: sweep=1/1 slot=10/100 committed_rows=16 current_primary_rows=359.
[2026-04-18T23:04:05Z] INFO UL coupled publish: sweep 1/1 snr=12.000 ue=83/200 dlFrames=1/100 ulFrames=1/100 dlRows=600 ulRows=359.
[2026-04-18T23:04:11Z] INFO Prepared coupled UL chunk: sweep=1/1 slot=10/100 executable_plans=16 chunk=161-176 of 199.
[2026-04-18T23:04:11Z] INFO Executing coupled UL chunk: sweep=1/1 slot=10/100 chunk=161-176 of 199.
[2026-04-18T23:15:52Z] INFO Publishing coupled UL chunk results: sweep=1/1 slot=10/100 committed_rows=16 current_primary_rows=375.
[2026-04-18T23:16:30Z] INFO UL coupled publish: sweep 1/1 snr=12.000 ue=84/200 dlFrames=1/100 ulFrames=1/100 dlRows=600 ulRows=375.
[2026-04-18T23:16:35Z] INFO Prepared coupled UL chunk: sweep=1/1 slot=10/100 executable_plans=16 chunk=177-192 of 199.
[2026-04-18T23:16:35Z] INFO Executing coupled UL chunk: sweep=1/1 slot=10/100 chunk=177-192 of 199.
[2026-04-18T23:27:51Z] INFO Publishing coupled UL chunk results: sweep=1/1 slot=10/100 committed_rows=16 current_primary_rows=391.
[2026-04-18T23:28:28Z] INFO UL coupled publish: sweep 1/1 snr=12.000 ue=40/200 dlFrames=1/100 ulFrames=1/100 dlRows=600 ulRows=391.
[2026-04-18T23:28:30Z] INFO Prepared coupled UL chunk: sweep=1/1 slot=10/100 executable_plans=7 chunk=193-199 of 199.
[2026-04-18T23:28:30Z] INFO Executing coupled UL chunk: sweep=1/1 slot=10/100 chunk=193-199 of 199.
[2026-04-18T23:33:06Z] INFO Publishing coupled UL chunk results: sweep=1/1 slot=10/100 committed_rows=7 current_primary_rows=398.
[2026-04-18T23:33:45Z] INFO UL coupled publish: sweep 1/1 snr=12.000 ue=182/200 dlFrames=1/100 ulFrames=1/100 dlRows=600 ulRows=398.
[2026-04-18T23:33:45Z] INFO Coupled canonical slot prepared: sweep=1/1 slot=11/100 duplex=DL allow_dl=1 allow_ul=0.
[2026-04-18T23:36:58Z] INFO Coupled control gating complete: slot=11 frame=1 pbch_attempts=0 prach_attempts=0 srs_attempts=50 trs_attempts=0 acquired=200/200 access=200/200 valid_srs=200/200 valid_trs_cells=21/21 tracked_serving_users=200/200 eligible=200/200.
[2026-04-18T23:37:37Z] INFO DL coupled publish: sweep 1/1 snr=12.000 ue=0/200 dlFrames=1/100 ulFrames=1/100 dlRows=600 ulRows=398.
[2026-04-18T23:37:46Z] INFO Coupled DL schedule complete: sweep=1/1 slot=11/100 active=200 granted=182 grants=182.
[2026-04-18T23:38:15Z] INFO Coupled DL PDCCH qualification complete: sweep=1/1 slot=11/100 executable_grants=182.
[2026-04-18T23:38:15Z] INFO Preparing coupled DL batches: sweep=1/1 slot=11/100 candidate_grants=182 batch_size=16.
[2026-04-18T23:38:15Z] INFO Preparing coupled DL resolved grant cache: candidate_grants=182.
[2026-04-18T23:38:15Z] INFO Prepared coupled DL resolved grant cache entries: 25/182.
[2026-04-18T23:38:16Z] INFO Prepared coupled DL resolved grant cache entries: 50/182.
[2026-04-18T23:38:16Z] INFO Prepared coupled DL resolved grant cache entries: 75/182.
[2026-04-18T23:38:16Z] INFO Prepared coupled DL resolved grant cache entries: 100/182.
[2026-04-18T23:38:16Z] INFO Prepared coupled DL resolved grant cache entries: 125/182.
[2026-04-18T23:38:16Z] INFO Prepared coupled DL resolved grant cache entries: 150/182.
[2026-04-18T23:38:16Z] INFO Prepared coupled DL resolved grant cache entries: 175/182.
[2026-04-18T23:38:17Z] INFO Prepared coupled DL resolved grant cache entries: 182/182.
[2026-04-18T23:38:17Z] INFO Prepared coupled DL resolved grant cache complete: entries=182 elapsed_s=1.300.
[2026-04-18T23:38:17Z] INFO Prepared coupled DL chunk: sweep=1/1 slot=11/100 executable_plans=16 chunk=1-16 of 182.
[2026-04-18T23:38:17Z] INFO Executing coupled DL chunk: sweep=1/1 slot=11/100 chunk=1-16 of 182.
[2026-04-18T23:39:09Z] INFO Publishing coupled DL chunk results: sweep=1/1 slot=11/100 committed_rows=16 current_primary_rows=616.
[2026-04-18T23:39:50Z] INFO DL coupled publish: sweep 1/1 snr=12.000 ue=112/200 dlFrames=1/100 ulFrames=1/100 dlRows=616 ulRows=398.
[2026-04-18T23:39:50Z] INFO Prepared coupled DL chunk: sweep=1/1 slot=11/100 executable_plans=16 chunk=17-32 of 182.
[2026-04-18T23:39:50Z] INFO Executing coupled DL chunk: sweep=1/1 slot=11/100 chunk=17-32 of 182.
[2026-04-18T23:40:42Z] INFO Publishing coupled DL chunk results: sweep=1/1 slot=11/100 committed_rows=16 current_primary_rows=632.
[2026-04-18T23:41:23Z] INFO DL coupled publish: sweep 1/1 snr=12.000 ue=57/200 dlFrames=1/100 ulFrames=1/100 dlRows=632 ulRows=398.
[2026-04-18T23:41:23Z] INFO Prepared coupled DL chunk: sweep=1/1 slot=11/100 executable_plans=16 chunk=33-48 of 182.
[2026-04-18T23:41:23Z] INFO Executing coupled DL chunk: sweep=1/1 slot=11/100 chunk=33-48 of 182.
[2026-04-18T23:42:13Z] INFO Publishing coupled DL chunk results: sweep=1/1 slot=11/100 committed_rows=16 current_primary_rows=648.
[2026-04-18T23:42:54Z] INFO DL coupled publish: sweep 1/1 snr=12.000 ue=3/200 dlFrames=1/100 ulFrames=1/100 dlRows=648 ulRows=398.
[2026-04-18T23:42:55Z] INFO Prepared coupled DL chunk: sweep=1/1 slot=11/100 executable_plans=16 chunk=49-64 of 182.
[2026-04-18T23:42:55Z] INFO Executing coupled DL chunk: sweep=1/1 slot=11/100 chunk=49-64 of 182.
[2026-04-18T23:43:49Z] INFO Publishing coupled DL chunk results: sweep=1/1 slot=11/100 committed_rows=16 current_primary_rows=664.
[2026-04-18T23:44:30Z] INFO DL coupled publish: sweep 1/1 snr=12.000 ue=122/200 dlFrames=1/100 ulFrames=1/100 dlRows=664 ulRows=398.
[2026-04-18T23:44:30Z] INFO Prepared coupled DL chunk: sweep=1/1 slot=11/100 executable_plans=16 chunk=65-80 of 182.
[2026-04-18T23:44:30Z] INFO Executing coupled DL chunk: sweep=1/1 slot=11/100 chunk=65-80 of 182.
[2026-04-18T23:45:22Z] INFO Publishing coupled DL chunk results: sweep=1/1 slot=11/100 committed_rows=16 current_primary_rows=680.
[2026-04-18T23:46:03Z] INFO DL coupled publish: sweep 1/1 snr=12.000 ue=89/200 dlFrames=1/100 ulFrames=1/100 dlRows=680 ulRows=398.
[2026-04-18T23:46:03Z] INFO Prepared coupled DL chunk: sweep=1/1 slot=11/100 executable_plans=16 chunk=81-96 of 182.
[2026-04-18T23:46:03Z] INFO Executing coupled DL chunk: sweep=1/1 slot=11/100 chunk=81-96 of 182.
[2026-04-18T23:46:55Z] INFO Publishing coupled DL chunk results: sweep=1/1 slot=11/100 committed_rows=16 current_primary_rows=696.
[2026-04-18T23:47:37Z] INFO DL coupled publish: sweep 1/1 snr=12.000 ue=105/200 dlFrames=1/100 ulFrames=1/100 dlRows=696 ulRows=398.
[2026-04-18T23:47:37Z] INFO Prepared coupled DL chunk: sweep=1/1 slot=11/100 executable_plans=16 chunk=97-112 of 182.
[2026-04-18T23:47:37Z] INFO Executing coupled DL chunk: sweep=1/1 slot=11/100 chunk=97-112 of 182.
[2026-04-18T23:48:33Z] INFO Publishing coupled DL chunk results: sweep=1/1 slot=11/100 committed_rows=16 current_primary_rows=712.
[2026-04-18T23:49:16Z] INFO DL coupled publish: sweep 1/1 snr=12.000 ue=59/200 dlFrames=1/100 ulFrames=1/100 dlRows=712 ulRows=398.
[2026-04-18T23:49:17Z] INFO Prepared coupled DL chunk: sweep=1/1 slot=11/100 executable_plans=16 chunk=113-128 of 182.
[2026-04-18T23:49:17Z] INFO Executing coupled DL chunk: sweep=1/1 slot=11/100 chunk=113-128 of 182.
[2026-04-18T23:50:11Z] INFO Publishing coupled DL chunk results: sweep=1/1 slot=11/100 committed_rows=16 current_primary_rows=728.
[2026-04-18T23:50:55Z] INFO DL coupled publish: sweep 1/1 snr=12.000 ue=93/200 dlFrames=1/100 ulFrames=1/100 dlRows=728 ulRows=398.
[2026-04-18T23:50:55Z] INFO Prepared coupled DL chunk: sweep=1/1 slot=11/100 executable_plans=16 chunk=129-144 of 182.
[2026-04-18T23:50:55Z] INFO Executing coupled DL chunk: sweep=1/1 slot=11/100 chunk=129-144 of 182.
[2026-04-18T23:51:48Z] INFO Publishing coupled DL chunk results: sweep=1/1 slot=11/100 committed_rows=16 current_primary_rows=744.
[2026-04-18T23:52:32Z] INFO DL coupled publish: sweep 1/1 snr=12.000 ue=14/200 dlFrames=1/100 ulFrames=1/100 dlRows=744 ulRows=398.
[2026-04-18T23:52:32Z] INFO Prepared coupled DL chunk: sweep=1/1 slot=11/100 executable_plans=16 chunk=145-160 of 182.
[2026-04-18T23:52:32Z] INFO Executing coupled DL chunk: sweep=1/1 slot=11/100 chunk=145-160 of 182.
[2026-04-18T23:53:26Z] INFO Publishing coupled DL chunk results: sweep=1/1 slot=11/100 committed_rows=16 current_primary_rows=760.
[2026-04-18T23:54:10Z] INFO DL coupled publish: sweep 1/1 snr=12.000 ue=38/200 dlFrames=1/100 ulFrames=1/100 dlRows=760 ulRows=398.
[2026-04-18T23:54:10Z] INFO Prepared coupled DL chunk: sweep=1/1 slot=11/100 executable_plans=16 chunk=161-176 of 182.
[2026-04-18T23:54:10Z] INFO Executing coupled DL chunk: sweep=1/1 slot=11/100 chunk=161-176 of 182.
[2026-04-18T23:55:07Z] INFO Publishing coupled DL chunk results: sweep=1/1 slot=11/100 committed_rows=16 current_primary_rows=776.
[2026-04-18T23:55:50Z] INFO DL coupled publish: sweep 1/1 snr=12.000 ue=28/200 dlFrames=1/100 ulFrames=1/100 dlRows=776 ulRows=398.
[2026-04-18T23:55:51Z] INFO Prepared coupled DL chunk: sweep=1/1 slot=11/100 executable_plans=6 chunk=177-182 of 182.
[2026-04-18T23:55:51Z] INFO Executing coupled DL chunk: sweep=1/1 slot=11/100 chunk=177-182 of 182.
[2026-04-18T23:56:10Z] INFO Publishing coupled DL chunk results: sweep=1/1 slot=11/100 committed_rows=6 current_primary_rows=782.
[2026-04-18T23:56:55Z] INFO DL coupled publish: sweep 1/1 snr=12.000 ue=81/200 dlFrames=1/100 ulFrames=1/100 dlRows=782 ulRows=398.
[2026-04-18T23:56:55Z] INFO Coupled canonical slot prepared: sweep=1/1 slot=12/100 duplex=DL allow_dl=1 allow_ul=0.
[2026-04-19T00:00:06Z] INFO Coupled control gating complete: slot=12 frame=1 pbch_attempts=0 prach_attempts=0 srs_attempts=50 trs_attempts=0 acquired=200/200 access=200/200 valid_srs=200/200 valid_trs_cells=21/21 tracked_serving_users=200/200 eligible=200/200.
[2026-04-19T00:00:51Z] INFO DL coupled publish: sweep 1/1 snr=12.000 ue=0/200 dlFrames=1/100 ulFrames=1/100 dlRows=782 ulRows=398.
[2026-04-19T00:01:00Z] INFO Coupled DL schedule complete: sweep=1/1 slot=12/100 active=200 granted=182 grants=182.
[2026-04-19T00:01:29Z] INFO Coupled DL PDCCH qualification complete: sweep=1/1 slot=12/100 executable_grants=182.
[2026-04-19T00:01:29Z] INFO Preparing coupled DL batches: sweep=1/1 slot=12/100 candidate_grants=182 batch_size=16.
[2026-04-19T00:01:29Z] INFO Preparing coupled DL resolved grant cache: candidate_grants=182.
[2026-04-19T00:01:29Z] INFO Prepared coupled DL resolved grant cache entries: 25/182.
[2026-04-19T00:01:30Z] INFO Prepared coupled DL resolved grant cache entries: 50/182.
[2026-04-19T00:01:30Z] INFO Prepared coupled DL resolved grant cache entries: 75/182.
[2026-04-19T00:01:30Z] INFO Prepared coupled DL resolved grant cache entries: 100/182.
[2026-04-19T00:01:30Z] INFO Prepared coupled DL resolved grant cache entries: 125/182.
[2026-04-19T00:01:30Z] INFO Prepared coupled DL resolved grant cache entries: 150/182.
[2026-04-19T00:01:30Z] INFO Prepared coupled DL resolved grant cache entries: 175/182.
[2026-04-19T00:01:30Z] INFO Prepared coupled DL resolved grant cache entries: 182/182.
[2026-04-19T00:01:30Z] INFO Prepared coupled DL resolved grant cache complete: entries=182 elapsed_s=1.262.
[2026-04-19T00:01:30Z] INFO Prepared coupled DL chunk: sweep=1/1 slot=12/100 executable_plans=16 chunk=1-16 of 182.
[2026-04-19T00:01:30Z] INFO Executing coupled DL chunk: sweep=1/1 slot=12/100 chunk=1-16 of 182.
[2026-04-19T00:02:25Z] INFO Publishing coupled DL chunk results: sweep=1/1 slot=12/100 committed_rows=16 current_primary_rows=798.
[2026-04-19T00:03:12Z] INFO DL coupled publish: sweep 1/1 snr=12.000 ue=112/200 dlFrames=1/100 ulFrames=1/100 dlRows=798 ulRows=398.
[2026-04-19T00:03:12Z] INFO Prepared coupled DL chunk: sweep=1/1 slot=12/100 executable_plans=16 chunk=17-32 of 182.
[2026-04-19T00:03:12Z] INFO Executing coupled DL chunk: sweep=1/1 slot=12/100 chunk=17-32 of 182.
[2026-04-19T00:04:05Z] INFO Publishing coupled DL chunk results: sweep=1/1 slot=12/100 committed_rows=16 current_primary_rows=814.
[2026-04-19T00:04:52Z] INFO DL coupled publish: sweep 1/1 snr=12.000 ue=57/200 dlFrames=1/100 ulFrames=1/100 dlRows=814 ulRows=398.
[2026-04-19T00:04:52Z] INFO Prepared coupled DL chunk: sweep=1/1 slot=12/100 executable_plans=16 chunk=33-48 of 182.
[2026-04-19T00:04:52Z] INFO Executing coupled DL chunk: sweep=1/1 slot=12/100 chunk=33-48 of 182.
[2026-04-19T00:05:43Z] INFO Publishing coupled DL chunk results: sweep=1/1 slot=12/100 committed_rows=16 current_primary_rows=830.
[2026-04-19T00:06:30Z] INFO DL coupled publish: sweep 1/1 snr=12.000 ue=3/200 dlFrames=1/100 ulFrames=1/100 dlRows=830 ulRows=398.
[2026-04-19T00:06:30Z] INFO Prepared coupled DL chunk: sweep=1/1 slot=12/100 executable_plans=16 chunk=49-64 of 182.
[2026-04-19T00:06:30Z] INFO Executing coupled DL chunk: sweep=1/1 slot=12/100 chunk=49-64 of 182.
[2026-04-19T00:07:27Z] INFO Publishing coupled DL chunk results: sweep=1/1 slot=12/100 committed_rows=16 current_primary_rows=846.
[2026-04-19T00:08:15Z] INFO DL coupled publish: sweep 1/1 snr=12.000 ue=122/200 dlFrames=1/100 ulFrames=1/100 dlRows=846 ulRows=398.
[2026-04-19T00:08:15Z] INFO Prepared coupled DL chunk: sweep=1/1 slot=12/100 executable_plans=16 chunk=65-80 of 182.
[2026-04-19T00:08:15Z] INFO Executing coupled DL chunk: sweep=1/1 slot=12/100 chunk=65-80 of 182.
[2026-04-19T00:09:06Z] INFO Publishing coupled DL chunk results: sweep=1/1 slot=12/100 committed_rows=16 current_primary_rows=862.
[2026-04-19T00:09:54Z] INFO DL coupled publish: sweep 1/1 snr=12.000 ue=89/200 dlFrames=1/100 ulFrames=1/100 dlRows=862 ulRows=398.
[2026-04-19T00:09:55Z] INFO Prepared coupled DL chunk: sweep=1/1 slot=12/100 executable_plans=16 chunk=81-96 of 182.
[2026-04-19T00:09:55Z] INFO Executing coupled DL chunk: sweep=1/1 slot=12/100 chunk=81-96 of 182.
[2026-04-19T00:10:47Z] INFO Publishing coupled DL chunk results: sweep=1/1 slot=12/100 committed_rows=16 current_primary_rows=878.
[2026-04-19T00:11:34Z] INFO DL coupled publish: sweep 1/1 snr=12.000 ue=105/200 dlFrames=1/100 ulFrames=1/100 dlRows=878 ulRows=398.
[2026-04-19T00:11:34Z] INFO Prepared coupled DL chunk: sweep=1/1 slot=12/100 executable_plans=16 chunk=97-112 of 182.
[2026-04-19T00:11:34Z] INFO Executing coupled DL chunk: sweep=1/1 slot=12/100 chunk=97-112 of 182.
[2026-04-19T00:12:33Z] INFO Publishing coupled DL chunk results: sweep=1/1 slot=12/100 committed_rows=16 current_primary_rows=894.
[2026-04-19T00:13:23Z] INFO DL coupled publish: sweep 1/1 snr=12.000 ue=59/200 dlFrames=1/100 ulFrames=1/100 dlRows=894 ulRows=398.
[2026-04-19T00:13:23Z] INFO Prepared coupled DL chunk: sweep=1/1 slot=12/100 executable_plans=16 chunk=113-128 of 182.
[2026-04-19T00:13:23Z] INFO Executing coupled DL chunk: sweep=1/1 slot=12/100 chunk=113-128 of 182.
[2026-04-19T00:14:19Z] INFO Publishing coupled DL chunk results: sweep=1/1 slot=12/100 committed_rows=16 current_primary_rows=910.
[2026-04-19T00:15:08Z] INFO DL coupled publish: sweep 1/1 snr=12.000 ue=93/200 dlFrames=1/100 ulFrames=1/100 dlRows=910 ulRows=398.
[2026-04-19T00:15:08Z] INFO Prepared coupled DL chunk: sweep=1/1 slot=12/100 executable_plans=16 chunk=129-144 of 182.
[2026-04-19T00:15:08Z] INFO Executing coupled DL chunk: sweep=1/1 slot=12/100 chunk=129-144 of 182.
[2026-04-19T00:16:03Z] INFO Publishing coupled DL chunk results: sweep=1/1 slot=12/100 committed_rows=16 current_primary_rows=926.
[2026-04-19T00:16:52Z] INFO DL coupled publish: sweep 1/1 snr=12.000 ue=14/200 dlFrames=1/100 ulFrames=1/100 dlRows=926 ulRows=398.
[2026-04-19T00:16:52Z] INFO Prepared coupled DL chunk: sweep=1/1 slot=12/100 executable_plans=16 chunk=145-160 of 182.
[2026-04-19T00:16:52Z] INFO Executing coupled DL chunk: sweep=1/1 slot=12/100 chunk=145-160 of 182.
[2026-04-19T00:17:47Z] INFO Publishing coupled DL chunk results: sweep=1/1 slot=12/100 committed_rows=16 current_primary_rows=942.
[2026-04-19T00:18:37Z] INFO DL coupled publish: sweep 1/1 snr=12.000 ue=38/200 dlFrames=1/100 ulFrames=1/100 dlRows=942 ulRows=398.
[2026-04-19T00:18:37Z] INFO Prepared coupled DL chunk: sweep=1/1 slot=12/100 executable_plans=16 chunk=161-176 of 182.
[2026-04-19T00:18:37Z] INFO Executing coupled DL chunk: sweep=1/1 slot=12/100 chunk=161-176 of 182.
[2026-04-19T00:19:34Z] INFO Publishing coupled DL chunk results: sweep=1/1 slot=12/100 committed_rows=16 current_primary_rows=958.
[2026-04-19T00:20:25Z] INFO DL coupled publish: sweep 1/1 snr=12.000 ue=28/200 dlFrames=1/100 ulFrames=1/100 dlRows=958 ulRows=398.
[2026-04-19T00:20:25Z] INFO Prepared coupled DL chunk: sweep=1/1 slot=12/100 executable_plans=6 chunk=177-182 of 182.
[2026-04-19T00:20:25Z] INFO Executing coupled DL chunk: sweep=1/1 slot=12/100 chunk=177-182 of 182.
[2026-04-19T00:20:45Z] INFO Publishing coupled DL chunk results: sweep=1/1 slot=12/100 committed_rows=6 current_primary_rows=964.
[2026-04-19T00:21:35Z] INFO DL coupled publish: sweep 1/1 snr=12.000 ue=81/200 dlFrames=1/100 ulFrames=1/100 dlRows=964 ulRows=398.
[2026-04-19T00:21:35Z] INFO Coupled canonical slot prepared: sweep=1/1 slot=13/100 duplex=DL allow_dl=1 allow_ul=0.
[2026-04-19T00:32:33Z] INFO Coupled control gating complete: slot=13 frame=1 pbch_attempts=0 prach_attempts=0 srs_attempts=50 trs_attempts=21 acquired=200/200 access=200/200 valid_srs=200/200 valid_trs_cells=21/21 tracked_serving_users=200/200 eligible=200/200.
[2026-04-19T00:33:25Z] INFO DL coupled publish: sweep 1/1 snr=12.000 ue=0/200 dlFrames=1/100 ulFrames=1/100 dlRows=964 ulRows=398.
[2026-04-19T00:33:34Z] INFO Coupled DL schedule complete: sweep=1/1 slot=13/100 active=200 granted=200 grants=200.
[2026-04-19T00:34:06Z] INFO Coupled DL PDCCH qualification complete: sweep=1/1 slot=13/100 executable_grants=199.
[2026-04-19T00:34:06Z] INFO Preparing coupled DL batches: sweep=1/1 slot=13/100 candidate_grants=199 batch_size=16.
[2026-04-19T00:34:06Z] INFO Preparing coupled DL resolved grant cache: candidate_grants=199.
[2026-04-19T00:34:06Z] INFO Prepared coupled DL resolved grant cache entries: 25/199.
[2026-04-19T00:34:07Z] INFO Prepared coupled DL resolved grant cache entries: 50/199.
[2026-04-19T00:34:07Z] INFO Prepared coupled DL resolved grant cache entries: 75/199.
[2026-04-19T00:34:07Z] INFO Prepared coupled DL resolved grant cache entries: 100/199.
[2026-04-19T00:34:07Z] INFO Prepared coupled DL resolved grant cache entries: 125/199.
[2026-04-19T00:34:07Z] INFO Prepared coupled DL resolved grant cache entries: 150/199.
[2026-04-19T00:34:07Z] INFO Prepared coupled DL resolved grant cache entries: 175/199.
[2026-04-19T00:34:08Z] INFO Prepared coupled DL resolved grant cache entries: 199/199.
[2026-04-19T00:34:08Z] INFO Prepared coupled DL resolved grant cache complete: entries=199 elapsed_s=1.507.
[2026-04-19T00:34:08Z] INFO Prepared coupled DL chunk: sweep=1/1 slot=13/100 executable_plans=16 chunk=1-16 of 199.
[2026-04-19T00:34:08Z] INFO Executing coupled DL chunk: sweep=1/1 slot=13/100 chunk=1-16 of 199.
[2026-04-19T00:35:00Z] INFO Publishing coupled DL chunk results: sweep=1/1 slot=13/100 committed_rows=16 current_primary_rows=980.
[2026-04-19T00:35:53Z] INFO DL coupled publish: sweep 1/1 snr=12.000 ue=133/200 dlFrames=1/100 ulFrames=1/100 dlRows=980 ulRows=398.
[2026-04-19T00:35:53Z] INFO Prepared coupled DL chunk: sweep=1/1 slot=13/100 executable_plans=16 chunk=17-32 of 199.
[2026-04-19T00:35:53Z] INFO Executing coupled DL chunk: sweep=1/1 slot=13/100 chunk=17-32 of 199.
[2026-04-19T00:36:44Z] INFO Publishing coupled DL chunk results: sweep=1/1 slot=13/100 committed_rows=16 current_primary_rows=996.
[2026-04-19T00:37:38Z] INFO DL coupled publish: sweep 1/1 snr=12.000 ue=49/200 dlFrames=1/100 ulFrames=1/100 dlRows=996 ulRows=398.
[2026-04-19T00:37:38Z] INFO Prepared coupled DL chunk: sweep=1/1 slot=13/100 executable_plans=16 chunk=33-48 of 199.
[2026-04-19T00:37:38Z] INFO Executing coupled DL chunk: sweep=1/1 slot=13/100 chunk=33-48 of 199.
[2026-04-19T00:38:30Z] INFO Publishing coupled DL chunk results: sweep=1/1 slot=13/100 committed_rows=16 current_primary_rows=1012.
[2026-04-19T00:39:25Z] INFO DL coupled publish: sweep 1/1 snr=12.000 ue=195/200 dlFrames=1/100 ulFrames=1/100 dlRows=1012 ulRows=398.
[2026-04-19T00:39:25Z] INFO Prepared coupled DL chunk: sweep=1/1 slot=13/100 executable_plans=16 chunk=49-64 of 199.
[2026-04-19T00:39:25Z] INFO Executing coupled DL chunk: sweep=1/1 slot=13/100 chunk=49-64 of 199.
[2026-04-19T00:40:14Z] INFO Publishing coupled DL chunk results: sweep=1/1 slot=13/100 committed_rows=16 current_primary_rows=1028.
[2026-04-19T00:41:09Z] INFO DL coupled publish: sweep 1/1 snr=12.000 ue=55/200 dlFrames=1/100 ulFrames=1/100 dlRows=1028 ulRows=398.
[2026-04-19T00:41:09Z] INFO Prepared coupled DL chunk: sweep=1/1 slot=13/100 executable_plans=16 chunk=65-80 of 199.
[2026-04-19T00:41:09Z] INFO Executing coupled DL chunk: sweep=1/1 slot=13/100 chunk=65-80 of 199.
[2026-04-19T00:41:59Z] INFO Publishing coupled DL chunk results: sweep=1/1 slot=13/100 committed_rows=16 current_primary_rows=1044.
[2026-04-19T00:42:53Z] INFO DL coupled publish: sweep 1/1 snr=12.000 ue=199/200 dlFrames=1/100 ulFrames=1/100 dlRows=1044 ulRows=398.
[2026-04-19T00:42:53Z] INFO Prepared coupled DL chunk: sweep=1/1 slot=13/100 executable_plans=16 chunk=81-96 of 199.
[2026-04-19T00:42:53Z] INFO Executing coupled DL chunk: sweep=1/1 slot=13/100 chunk=81-96 of 199.
[2026-04-19T00:43:46Z] INFO Publishing coupled DL chunk results: sweep=1/1 slot=13/100 committed_rows=16 current_primary_rows=1060.
[2026-04-19T00:44:39Z] INFO DL coupled publish: sweep 1/1 snr=12.000 ue=104/200 dlFrames=1/100 ulFrames=1/100 dlRows=1060 ulRows=398.
[2026-04-19T00:44:40Z] INFO Prepared coupled DL chunk: sweep=1/1 slot=13/100 executable_plans=16 chunk=97-112 of 199.
[2026-04-19T00:44:40Z] INFO Executing coupled DL chunk: sweep=1/1 slot=13/100 chunk=97-112 of 199.
[2026-04-19T00:45:27Z] INFO Publishing coupled DL chunk results: sweep=1/1 slot=13/100 committed_rows=16 current_primary_rows=1076.
[2026-04-19T00:46:23Z] INFO DL coupled publish: sweep 1/1 snr=12.000 ue=2/200 dlFrames=1/100 ulFrames=1/100 dlRows=1076 ulRows=398.
[2026-04-19T00:46:23Z] INFO Prepared coupled DL chunk: sweep=1/1 slot=13/100 executable_plans=16 chunk=113-128 of 199.
[2026-04-19T00:46:23Z] INFO Executing coupled DL chunk: sweep=1/1 slot=13/100 chunk=113-128 of 199.
[2026-04-19T00:47:18Z] INFO Publishing coupled DL chunk results: sweep=1/1 slot=13/100 committed_rows=16 current_primary_rows=1092.
[2026-04-19T00:48:15Z] INFO DL coupled publish: sweep 1/1 snr=12.000 ue=78/200 dlFrames=1/100 ulFrames=1/100 dlRows=1092 ulRows=398.
[2026-04-19T00:48:15Z] INFO Prepared coupled DL chunk: sweep=1/1 slot=13/100 executable_plans=16 chunk=129-144 of 199.
[2026-04-19T00:48:15Z] INFO Executing coupled DL chunk: sweep=1/1 slot=13/100 chunk=129-144 of 199.
[2026-04-19T00:49:01Z] INFO Publishing coupled DL chunk results: sweep=1/1 slot=13/100 committed_rows=16 current_primary_rows=1108.
[2026-04-19T00:49:58Z] INFO DL coupled publish: sweep 1/1 snr=12.000 ue=77/200 dlFrames=1/100 ulFrames=1/100 dlRows=1108 ulRows=398.
[2026-04-19T00:49:58Z] INFO Prepared coupled DL chunk: sweep=1/1 slot=13/100 executable_plans=16 chunk=145-160 of 199.
[2026-04-19T00:49:58Z] INFO Executing coupled DL chunk: sweep=1/1 slot=13/100 chunk=145-160 of 199.
[2026-04-19T00:50:51Z] INFO Publishing coupled DL chunk results: sweep=1/1 slot=13/100 committed_rows=16 current_primary_rows=1124.
[2026-04-19T00:51:47Z] INFO DL coupled publish: sweep 1/1 snr=12.000 ue=45/200 dlFrames=1/100 ulFrames=1/100 dlRows=1124 ulRows=398.
[2026-04-19T00:51:47Z] INFO Prepared coupled DL chunk: sweep=1/1 slot=13/100 executable_plans=16 chunk=161-176 of 199.
[2026-04-19T00:51:47Z] INFO Executing coupled DL chunk: sweep=1/1 slot=13/100 chunk=161-176 of 199.
[2026-04-19T00:52:43Z] INFO Publishing coupled DL chunk results: sweep=1/1 slot=13/100 committed_rows=16 current_primary_rows=1140.
[2026-04-19T00:53:41Z] INFO DL coupled publish: sweep 1/1 snr=12.000 ue=36/200 dlFrames=1/100 ulFrames=1/100 dlRows=1140 ulRows=398.
[2026-04-19T00:53:41Z] INFO Prepared coupled DL chunk: sweep=1/1 slot=13/100 executable_plans=16 chunk=177-192 of 199.
[2026-04-19T00:53:41Z] INFO Executing coupled DL chunk: sweep=1/1 slot=13/100 chunk=177-192 of 199.
[2026-04-19T00:54:33Z] INFO Publishing coupled DL chunk results: sweep=1/1 slot=13/100 committed_rows=16 current_primary_rows=1156.
[2026-04-19T00:55:30Z] INFO DL coupled publish: sweep 1/1 snr=12.000 ue=190/200 dlFrames=1/100 ulFrames=1/100 dlRows=1156 ulRows=398.
[2026-04-19T00:55:30Z] INFO Prepared coupled DL chunk: sweep=1/1 slot=13/100 executable_plans=7 chunk=193-199 of 199.
[2026-04-19T00:55:30Z] INFO Executing coupled DL chunk: sweep=1/1 slot=13/100 chunk=193-199 of 199.
[2026-04-19T00:55:55Z] INFO Publishing coupled DL chunk results: sweep=1/1 slot=13/100 committed_rows=7 current_primary_rows=1163.
[2026-04-19T00:56:52Z] INFO DL coupled publish: sweep 1/1 snr=12.000 ue=194/200 dlFrames=1/100 ulFrames=1/100 dlRows=1163 ulRows=398.
[2026-04-19T00:56:52Z] INFO Coupled canonical slot prepared: sweep=1/1 slot=14/100 duplex=S allow_dl=1 allow_ul=1.
[2026-04-19T01:00:04Z] INFO Coupled control gating complete: slot=14 frame=1 pbch_attempts=0 prach_attempts=0 srs_attempts=50 trs_attempts=0 acquired=200/200 access=200/200 valid_srs=200/200 valid_trs_cells=21/21 tracked_serving_users=200/200 eligible=200/200.
[2026-04-19T01:01:01Z] INFO DL coupled publish: sweep 1/1 snr=12.000 ue=0/200 dlFrames=1/100 ulFrames=1/100 dlRows=1163 ulRows=398.
[2026-04-19T01:01:11Z] INFO Coupled DL schedule complete: sweep=1/1 slot=14/100 active=200 granted=200 grants=200.
[2026-04-19T01:01:44Z] INFO Coupled DL PDCCH qualification complete: sweep=1/1 slot=14/100 executable_grants=200.
[2026-04-19T01:01:44Z] INFO Preparing coupled DL batches: sweep=1/1 slot=14/100 candidate_grants=200 batch_size=16.
[2026-04-19T01:01:44Z] INFO Preparing coupled DL resolved grant cache: candidate_grants=200.
[2026-04-19T01:01:50Z] INFO Prepared coupled DL resolved grant cache entries: 25/200.
[2026-04-19T01:02:02Z] INFO Prepared coupled DL resolved grant cache entries: 50/200.
[2026-04-19T01:02:11Z] INFO Prepared coupled DL resolved grant cache entries: 75/200.
[2026-04-19T01:02:23Z] INFO Prepared coupled DL resolved grant cache entries: 100/200.
[2026-04-19T01:02:27Z] INFO Prepared coupled DL resolved grant cache entries: 125/200.
[2026-04-19T01:02:39Z] INFO Prepared coupled DL resolved grant cache entries: 150/200.
[2026-04-19T01:02:54Z] INFO Prepared coupled DL resolved grant cache entries: 175/200.
[2026-04-19T01:03:05Z] INFO Prepared coupled DL resolved grant cache entries: 200/200.
[2026-04-19T01:03:05Z] INFO Prepared coupled DL resolved grant cache complete: entries=200 elapsed_s=81.437.
[2026-04-19T01:03:11Z] INFO Prepared coupled DL chunk: sweep=1/1 slot=14/100 executable_plans=16 chunk=1-16 of 200.
[2026-04-19T01:03:11Z] INFO Executing coupled DL chunk: sweep=1/1 slot=14/100 chunk=1-16 of 200.
[2026-04-19T01:04:05Z] INFO Publishing coupled DL chunk results: sweep=1/1 slot=14/100 committed_rows=16 current_primary_rows=1179.
[2026-04-19T01:05:05Z] INFO DL coupled publish: sweep 1/1 snr=12.000 ue=99/200 dlFrames=1/100 ulFrames=1/100 dlRows=1179 ulRows=398.
[2026-04-19T01:05:09Z] INFO Prepared coupled DL chunk: sweep=1/1 slot=14/100 executable_plans=16 chunk=17-32 of 200.
[2026-04-19T01:05:09Z] INFO Executing coupled DL chunk: sweep=1/1 slot=14/100 chunk=17-32 of 200.
[2026-04-19T01:05:58Z] INFO Publishing coupled DL chunk results: sweep=1/1 slot=14/100 committed_rows=16 current_primary_rows=1195.
[2026-04-19T01:06:57Z] INFO DL coupled publish: sweep 1/1 snr=12.000 ue=30/200 dlFrames=1/100 ulFrames=1/100 dlRows=1195 ulRows=398.
[2026-04-19T01:07:06Z] INFO Prepared coupled DL chunk: sweep=1/1 slot=14/100 executable_plans=16 chunk=33-48 of 200.
[2026-04-19T01:07:06Z] INFO Executing coupled DL chunk: sweep=1/1 slot=14/100 chunk=33-48 of 200.
[2026-04-19T01:08:00Z] INFO Publishing coupled DL chunk results: sweep=1/1 slot=14/100 committed_rows=16 current_primary_rows=1211.
[2026-04-19T01:09:01Z] INFO DL coupled publish: sweep 1/1 snr=12.000 ue=195/200 dlFrames=1/100 ulFrames=1/100 dlRows=1211 ulRows=398.
[2026-04-19T01:09:06Z] INFO Prepared coupled DL chunk: sweep=1/1 slot=14/100 executable_plans=16 chunk=49-64 of 200.
[2026-04-19T01:09:06Z] INFO Executing coupled DL chunk: sweep=1/1 slot=14/100 chunk=49-64 of 200.
[2026-04-19T01:09:55Z] INFO Publishing coupled DL chunk results: sweep=1/1 slot=14/100 committed_rows=16 current_primary_rows=1227.
[2026-04-19T01:10:55Z] INFO DL coupled publish: sweep 1/1 snr=12.000 ue=27/200 dlFrames=1/100 ulFrames=1/100 dlRows=1227 ulRows=398.
[2026-04-19T01:11:03Z] INFO Prepared coupled DL chunk: sweep=1/1 slot=14/100 executable_plans=16 chunk=65-80 of 200.
[2026-04-19T01:11:03Z] INFO Executing coupled DL chunk: sweep=1/1 slot=14/100 chunk=65-80 of 200.
[2026-04-19T01:11:57Z] INFO Publishing coupled DL chunk results: sweep=1/1 slot=14/100 committed_rows=16 current_primary_rows=1243.
[2026-04-19T01:12:57Z] INFO DL coupled publish: sweep 1/1 snr=12.000 ue=199/200 dlFrames=1/100 ulFrames=1/100 dlRows=1243 ulRows=398.
[2026-04-19T01:13:05Z] INFO Prepared coupled DL chunk: sweep=1/1 slot=14/100 executable_plans=16 chunk=81-96 of 200.
[2026-04-19T01:13:05Z] INFO Executing coupled DL chunk: sweep=1/1 slot=14/100 chunk=81-96 of 200.
[2026-04-19T01:13:56Z] INFO Publishing coupled DL chunk results: sweep=1/1 slot=14/100 committed_rows=16 current_primary_rows=1259.
[2026-04-19T01:14:58Z] INFO DL coupled publish: sweep 1/1 snr=12.000 ue=96/200 dlFrames=1/100 ulFrames=1/100 dlRows=1259 ulRows=398.
[2026-04-19T01:15:02Z] INFO Prepared coupled DL chunk: sweep=1/1 slot=14/100 executable_plans=16 chunk=97-112 of 200.
[2026-04-19T01:15:02Z] INFO Executing coupled DL chunk: sweep=1/1 slot=14/100 chunk=97-112 of 200.
[2026-04-19T01:15:54Z] INFO Publishing coupled DL chunk results: sweep=1/1 slot=14/100 committed_rows=16 current_primary_rows=1275.
[2026-04-19T01:16:58Z] INFO DL coupled publish: sweep 1/1 snr=12.000 ue=185/200 dlFrames=1/100 ulFrames=1/100 dlRows=1275 ulRows=398.
[2026-04-19T01:17:01Z] INFO Prepared coupled DL chunk: sweep=1/1 slot=14/100 executable_plans=16 chunk=113-128 of 200.
[2026-04-19T01:17:01Z] INFO Executing coupled DL chunk: sweep=1/1 slot=14/100 chunk=113-128 of 200.
[2026-04-19T01:17:54Z] INFO Publishing coupled DL chunk results: sweep=1/1 slot=14/100 committed_rows=16 current_primary_rows=1291.
[2026-04-19T01:18:58Z] INFO DL coupled publish: sweep 1/1 snr=12.000 ue=59/200 dlFrames=1/100 ulFrames=1/100 dlRows=1291 ulRows=398.
[2026-04-19T01:19:08Z] INFO Prepared coupled DL chunk: sweep=1/1 slot=14/100 executable_plans=16 chunk=129-144 of 200.
[2026-04-19T01:19:08Z] INFO Executing coupled DL chunk: sweep=1/1 slot=14/100 chunk=129-144 of 200.
[2026-04-19T01:20:04Z] INFO Publishing coupled DL chunk results: sweep=1/1 slot=14/100 committed_rows=16 current_primary_rows=1307.
[2026-04-19T01:21:08Z] INFO DL coupled publish: sweep 1/1 snr=12.000 ue=77/200 dlFrames=1/100 ulFrames=1/100 dlRows=1307 ulRows=398.
[2026-04-19T01:21:17Z] INFO Prepared coupled DL chunk: sweep=1/1 slot=14/100 executable_plans=16 chunk=145-160 of 200.
[2026-04-19T01:21:17Z] INFO Executing coupled DL chunk: sweep=1/1 slot=14/100 chunk=145-160 of 200.
[2026-04-19T01:22:14Z] INFO Publishing coupled DL chunk results: sweep=1/1 slot=14/100 committed_rows=16 current_primary_rows=1323.
[2026-04-19T01:23:17Z] INFO DL coupled publish: sweep 1/1 snr=12.000 ue=118/200 dlFrames=1/100 ulFrames=1/100 dlRows=1323 ulRows=398.
[2026-04-19T01:23:27Z] INFO Prepared coupled DL chunk: sweep=1/1 slot=14/100 executable_plans=16 chunk=161-176 of 200.
[2026-04-19T01:23:27Z] INFO Executing coupled DL chunk: sweep=1/1 slot=14/100 chunk=161-176 of 200.
[2026-04-19T01:24:26Z] INFO Publishing coupled DL chunk results: sweep=1/1 slot=14/100 committed_rows=16 current_primary_rows=1339.
[2026-04-19T01:25:31Z] INFO DL coupled publish: sweep 1/1 snr=12.000 ue=23/200 dlFrames=1/100 ulFrames=1/100 dlRows=1339 ulRows=398.
[2026-04-19T01:25:40Z] INFO Prepared coupled DL chunk: sweep=1/1 slot=14/100 executable_plans=16 chunk=177-192 of 200.
[2026-04-19T01:25:40Z] INFO Executing coupled DL chunk: sweep=1/1 slot=14/100 chunk=177-192 of 200.
[2026-04-19T01:26:37Z] INFO Publishing coupled DL chunk results: sweep=1/1 slot=14/100 committed_rows=16 current_primary_rows=1355.
[2026-04-19T01:27:41Z] INFO DL coupled publish: sweep 1/1 snr=12.000 ue=41/200 dlFrames=1/100 ulFrames=1/100 dlRows=1355 ulRows=398.
[2026-04-19T01:27:44Z] INFO Prepared coupled DL chunk: sweep=1/1 slot=14/100 executable_plans=8 chunk=193-200 of 200.
[2026-04-19T01:27:44Z] INFO Executing coupled DL chunk: sweep=1/1 slot=14/100 chunk=193-200 of 200.
[2026-04-19T01:28:13Z] INFO Publishing coupled DL chunk results: sweep=1/1 slot=14/100 committed_rows=8 current_primary_rows=1363.
[2026-04-19T01:29:17Z] INFO DL coupled publish: sweep 1/1 snr=12.000 ue=162/200 dlFrames=1/100 ulFrames=1/100 dlRows=1363 ulRows=398.
[2026-04-19T01:29:25Z] INFO Coupled UL schedule complete: sweep=1/1 slot=14/100 active=200 granted=181 grants=181.
[2026-04-19T01:29:55Z] INFO Coupled UL PDCCH qualification complete: sweep=1/1 slot=14/100 executable_grants=181.
[2026-04-19T01:29:55Z] INFO Preparing coupled UL batches: sweep=1/1 slot=14/100 candidate_grants=181 batch_size=16.
[2026-04-19T01:29:55Z] INFO Preparing coupled UL resolved grant cache: candidate_grants=181.
[2026-04-19T01:29:55Z] INFO Prepared coupled UL resolved grant cache entries: 25/181.
[2026-04-19T01:29:56Z] INFO Prepared coupled UL resolved grant cache entries: 50/181.
[2026-04-19T01:29:56Z] INFO Prepared coupled UL resolved grant cache entries: 75/181.
[2026-04-19T01:29:56Z] INFO Prepared coupled UL resolved grant cache entries: 100/181.
[2026-04-19T01:29:56Z] INFO Prepared coupled UL resolved grant cache entries: 125/181.
[2026-04-19T01:29:56Z] INFO Prepared coupled UL resolved grant cache entries: 150/181.
[2026-04-19T01:29:57Z] INFO Prepared coupled UL resolved grant cache entries: 175/181.
[2026-04-19T01:29:57Z] INFO Prepared coupled UL resolved grant cache entries: 181/181.
[2026-04-19T01:29:57Z] INFO Prepared coupled UL resolved grant cache complete: entries=181 elapsed_s=1.245.
[2026-04-19T01:29:57Z] INFO Prepared coupled UL chunk: sweep=1/1 slot=14/100 executable_plans=16 chunk=1-16 of 181.
[2026-04-19T01:29:57Z] INFO Executing coupled UL chunk: sweep=1/1 slot=14/100 chunk=1-16 of 181.
[2026-04-19T01:39:50Z] INFO Publishing coupled UL chunk results: sweep=1/1 slot=14/100 committed_rows=16 current_primary_rows=414.
[2026-04-19T01:40:55Z] INFO UL coupled publish: sweep 1/1 snr=12.000 ue=133/200 dlFrames=1/100 ulFrames=1/100 dlRows=1363 ulRows=414.
[2026-04-19T01:40:56Z] INFO Prepared coupled UL chunk: sweep=1/1 slot=14/100 executable_plans=16 chunk=17-32 of 181.
[2026-04-19T01:40:56Z] INFO Executing coupled UL chunk: sweep=1/1 slot=14/100 chunk=17-32 of 181.
[2026-04-19T01:50:29Z] INFO Publishing coupled UL chunk results: sweep=1/1 slot=14/100 committed_rows=16 current_primary_rows=430.
[2026-04-19T01:51:34Z] INFO UL coupled publish: sweep 1/1 snr=12.000 ue=30/200 dlFrames=1/100 ulFrames=1/100 dlRows=1363 ulRows=430.
[2026-04-19T01:51:34Z] INFO Prepared coupled UL chunk: sweep=1/1 slot=14/100 executable_plans=16 chunk=33-48 of 181.
[2026-04-19T01:51:34Z] INFO Executing coupled UL chunk: sweep=1/1 slot=14/100 chunk=33-48 of 181.
[2026-04-19T02:01:31Z] INFO Publishing coupled UL chunk results: sweep=1/1 slot=14/100 committed_rows=16 current_primary_rows=446.
[2026-04-19T02:02:39Z] INFO UL coupled publish: sweep 1/1 snr=12.000 ue=125/200 dlFrames=1/100 ulFrames=1/100 dlRows=1363 ulRows=446.
[2026-04-19T02:02:39Z] INFO Prepared coupled UL chunk: sweep=1/1 slot=14/100 executable_plans=16 chunk=49-64 of 181.
[2026-04-19T02:02:39Z] INFO Executing coupled UL chunk: sweep=1/1 slot=14/100 chunk=49-64 of 181.
[2026-04-19T02:13:13Z] INFO Publishing coupled UL chunk results: sweep=1/1 slot=14/100 committed_rows=16 current_primary_rows=462.
[2026-04-19T02:14:21Z] INFO UL coupled publish: sweep 1/1 snr=12.000 ue=122/200 dlFrames=1/100 ulFrames=1/100 dlRows=1363 ulRows=462.
[2026-04-19T02:14:21Z] INFO Prepared coupled UL chunk: sweep=1/1 slot=14/100 executable_plans=16 chunk=65-80 of 181.
[2026-04-19T02:14:21Z] INFO Executing coupled UL chunk: sweep=1/1 slot=14/100 chunk=65-80 of 181.
[2026-04-19T02:24:23Z] INFO Publishing coupled UL chunk results: sweep=1/1 slot=14/100 committed_rows=16 current_primary_rows=478.
[2026-04-19T02:25:31Z] INFO UL coupled publish: sweep 1/1 snr=12.000 ue=80/200 dlFrames=1/100 ulFrames=1/100 dlRows=1363 ulRows=478.
[2026-04-19T02:25:31Z] INFO Prepared coupled UL chunk: sweep=1/1 slot=14/100 executable_plans=16 chunk=81-96 of 181.
[2026-04-19T02:25:31Z] INFO Executing coupled UL chunk: sweep=1/1 slot=14/100 chunk=81-96 of 181.
[2026-04-19T02:35:38Z] INFO Publishing coupled UL chunk results: sweep=1/1 slot=14/100 committed_rows=16 current_primary_rows=494.
[2026-04-19T02:36:46Z] INFO UL coupled publish: sweep 1/1 snr=12.000 ue=101/200 dlFrames=1/100 ulFrames=1/100 dlRows=1363 ulRows=494.
[2026-04-19T02:36:46Z] INFO Prepared coupled UL chunk: sweep=1/1 slot=14/100 executable_plans=16 chunk=97-112 of 181.
[2026-04-19T02:36:46Z] INFO Executing coupled UL chunk: sweep=1/1 slot=14/100 chunk=97-112 of 181.
[2026-04-19T02:47:37Z] INFO Publishing coupled UL chunk results: sweep=1/1 slot=14/100 committed_rows=16 current_primary_rows=510.
[2026-04-19T02:48:43Z] INFO UL coupled publish: sweep 1/1 snr=12.000 ue=13/200 dlFrames=1/100 ulFrames=1/100 dlRows=1363 ulRows=510.
[2026-04-19T02:48:44Z] INFO Prepared coupled UL chunk: sweep=1/1 slot=14/100 executable_plans=16 chunk=113-128 of 181.
[2026-04-19T02:48:44Z] INFO Executing coupled UL chunk: sweep=1/1 slot=14/100 chunk=113-128 of 181.
[2026-04-19T02:59:19Z] INFO Publishing coupled UL chunk results: sweep=1/1 slot=14/100 committed_rows=16 current_primary_rows=526.
[2026-04-19T03:00:26Z] INFO UL coupled publish: sweep 1/1 snr=12.000 ue=26/200 dlFrames=1/100 ulFrames=1/100 dlRows=1363 ulRows=526.
[2026-04-19T03:00:26Z] INFO Prepared coupled UL chunk: sweep=1/1 slot=14/100 executable_plans=16 chunk=129-144 of 181.
[2026-04-19T03:00:26Z] INFO Executing coupled UL chunk: sweep=1/1 slot=14/100 chunk=129-144 of 181.
[2026-04-19T03:10:57Z] INFO Publishing coupled UL chunk results: sweep=1/1 slot=14/100 committed_rows=16 current_primary_rows=542.
[2026-04-19T03:12:06Z] INFO UL coupled publish: sweep 1/1 snr=12.000 ue=186/200 dlFrames=1/100 ulFrames=1/100 dlRows=1363 ulRows=542.
[2026-04-19T03:12:06Z] INFO Prepared coupled UL chunk: sweep=1/1 slot=14/100 executable_plans=16 chunk=145-160 of 181.
[2026-04-19T03:12:06Z] INFO Executing coupled UL chunk: sweep=1/1 slot=14/100 chunk=145-160 of 181.
[2026-04-19T03:23:02Z] INFO Publishing coupled UL chunk results: sweep=1/1 slot=14/100 committed_rows=16 current_primary_rows=558.
[2026-04-19T03:24:08Z] INFO UL coupled publish: sweep 1/1 snr=12.000 ue=23/200 dlFrames=1/100 ulFrames=1/100 dlRows=1363 ulRows=558.
[2026-04-19T03:24:08Z] INFO Prepared coupled UL chunk: sweep=1/1 slot=14/100 executable_plans=16 chunk=161-176 of 181.
[2026-04-19T03:24:08Z] INFO Executing coupled UL chunk: sweep=1/1 slot=14/100 chunk=161-176 of 181.
[2026-04-19T03:34:39Z] INFO Publishing coupled UL chunk results: sweep=1/1 slot=14/100 committed_rows=16 current_primary_rows=574.
[2026-04-19T03:35:45Z] INFO UL coupled publish: sweep 1/1 snr=12.000 ue=25/200 dlFrames=1/100 ulFrames=1/100 dlRows=1363 ulRows=574.
[2026-04-19T03:35:45Z] INFO Prepared coupled UL chunk: sweep=1/1 slot=14/100 executable_plans=5 chunk=177-181 of 181.
[2026-04-19T03:35:45Z] INFO Executing coupled UL chunk: sweep=1/1 slot=14/100 chunk=177-181 of 181.
[2026-04-19T03:39:12Z] INFO Publishing coupled UL chunk results: sweep=1/1 slot=14/100 committed_rows=5 current_primary_rows=579.
[2026-04-19T03:40:20Z] INFO UL coupled publish: sweep 1/1 snr=12.000 ue=194/200 dlFrames=1/100 ulFrames=1/100 dlRows=1363 ulRows=579.
[2026-04-19T03:40:20Z] INFO Coupled canonical slot prepared: sweep=1/1 slot=15/100 duplex=UL allow_dl=0 allow_ul=1.
[2026-04-19T03:43:05Z] INFO Coupled control gating complete: slot=15 frame=1 pbch_attempts=0 prach_attempts=0 srs_attempts=50 trs_attempts=0 acquired=200/200 access=200/200 valid_srs=200/200 valid_trs_cells=21/21 tracked_serving_users=200/200 eligible=200/200.
[2026-04-19T03:44:15Z] INFO UL coupled publish: sweep 1/1 snr=12.000 ue=0/200 dlFrames=1/100 ulFrames=1/100 dlRows=1363 ulRows=579.
[2026-04-19T03:44:24Z] INFO Coupled UL schedule complete: sweep=1/1 slot=15/100 active=200 granted=187 grants=187.
[2026-04-19T03:44:54Z] INFO Coupled UL PDCCH qualification complete: sweep=1/1 slot=15/100 executable_grants=187.
[2026-04-19T03:44:54Z] INFO Preparing coupled UL batches: sweep=1/1 slot=15/100 candidate_grants=187 batch_size=16.
[2026-04-19T03:44:54Z] INFO Preparing coupled UL resolved grant cache: candidate_grants=187.
[2026-04-19T03:44:54Z] INFO Prepared coupled UL resolved grant cache entries: 25/187.
[2026-04-19T03:44:54Z] INFO Prepared coupled UL resolved grant cache entries: 50/187.
[2026-04-19T03:44:54Z] INFO Prepared coupled UL resolved grant cache entries: 75/187.
[2026-04-19T03:44:54Z] INFO Prepared coupled UL resolved grant cache entries: 100/187.
[2026-04-19T03:44:54Z] INFO Prepared coupled UL resolved grant cache entries: 125/187.
[2026-04-19T03:44:55Z] INFO Prepared coupled UL resolved grant cache entries: 150/187.
[2026-04-19T03:44:55Z] INFO Prepared coupled UL resolved grant cache entries: 175/187.
[2026-04-19T03:44:55Z] INFO Prepared coupled UL resolved grant cache entries: 187/187.
[2026-04-19T03:44:55Z] INFO Prepared coupled UL resolved grant cache complete: entries=187 elapsed_s=1.323.
[2026-04-19T03:44:55Z] INFO Prepared coupled UL chunk: sweep=1/1 slot=15/100 executable_plans=16 chunk=1-16 of 187.
[2026-04-19T03:44:55Z] INFO Executing coupled UL chunk: sweep=1/1 slot=15/100 chunk=1-16 of 187.
[2026-04-19T03:55:56Z] INFO Publishing coupled UL chunk results: sweep=1/1 slot=15/100 committed_rows=16 current_primary_rows=595.
[2026-04-19T03:57:09Z] INFO UL coupled publish: sweep 1/1 snr=12.000 ue=133/200 dlFrames=1/100 ulFrames=1/100 dlRows=1363 ulRows=595.
[2026-04-19T03:57:09Z] INFO Prepared coupled UL chunk: sweep=1/1 slot=15/100 executable_plans=16 chunk=17-32 of 187.
[2026-04-19T03:57:09Z] INFO Executing coupled UL chunk: sweep=1/1 slot=15/100 chunk=17-32 of 187.
