[2026-04-17T10:41:48Z] INFO Preparing LLS run: scenario=lls_3gpp_rel20_anchor_4ghz_100mhz_waveform_honest_5gnb_50ue_10slot runTag=webgui_rel20_4ghz_100mhz_5gnb_50ue_10slot_20260417_161247 runFolder=C:\Users\Administrator\AppData\Local\Temp\2\sixgr_mysql_web_runs\lls_3gpp_rel20_anchor_4ghz_100mhz_waveform_honest_5gnb_50ue_10slot\webgui_rel20_4ghz_100mhz_5gnb_50ue_10slot_20260417_161247
[2026-04-17T10:41:50Z] INFO Artifact store active=1 backend=mysql_web schema=sixgr_results
[2026-04-17T10:41:50Z] INFO Writing resolved snapshots.
[2026-04-17T10:41:51Z] INFO Exporting live geometry artifacts.
[2026-04-17T10:41:52Z] INFO Executing runner profile=waveform_bundle.
[2026-04-17T10:41:52Z] INFO Waveform bundle starting: snr=12.000 dB sweepPoints=1 canonicalSlots=10 monteCarlo=1 slotDuration_s=0.000500
[TR38901Plus] Resolved config: Scenario=UMa Fc_Hz=4000000000 PathlossModel=nrPathLoss ShadowSigma_dB=6 PathlossEnabled=1 ShadowEnabled=1 LOSEnabled=1
[2026-04-17T10:41:59Z] INFO Coupled canonical slot prepared: sweep=1/1 slot=1/10 duplex=DL allow_dl=1 allow_ul=0.
[2026-04-17T10:42:10Z] INFO Coupled control gating complete: slot=1 frame=1 pbch_attempts=50 prach_attempts=0 srs_attempts=0 trs_attempts=5 acquired=50/50 access=0/50 valid_srs=0/50 valid_trs_cells=5/5 tracked_serving_users=50/50 eligible=0/50.
[2026-04-17T10:42:14Z] INFO DL coupled publish: sweep 1/1 snr=12.000 ue=0/50 dlFrames=0/10 ulFrames=0/10 dlRows=0 ulRows=0.
[2026-04-17T10:42:15Z] INFO Coupled DL schedule complete: sweep=1/1 slot=1/10 active=0 granted=0 grants=0.
[2026-04-17T10:42:15Z] INFO Coupled DL PDCCH qualification complete: sweep=1/1 slot=1/10 executable_grants=0.
[2026-04-17T10:42:16Z] INFO Preparing coupled DL batches: sweep=1/1 slot=1/10 candidate_grants=0 batch_size=1.
[2026-04-17T10:42:16Z] INFO Coupled canonical slot prepared: sweep=1/1 slot=2/10 duplex=DL allow_dl=1 allow_ul=0.
[2026-04-17T10:42:16Z] INFO Coupled control gating complete: slot=2 frame=1 pbch_attempts=0 prach_attempts=0 srs_attempts=0 trs_attempts=0 acquired=50/50 access=0/50 valid_srs=0/50 valid_trs_cells=5/5 tracked_serving_users=50/50 eligible=0/50.
[2026-04-17T10:42:19Z] INFO DL coupled publish: sweep 1/1 snr=12.000 ue=0/50 dlFrames=0/10 ulFrames=0/10 dlRows=0 ulRows=0.
[2026-04-17T10:42:20Z] INFO Coupled DL schedule complete: sweep=1/1 slot=2/10 active=0 granted=0 grants=0.
[2026-04-17T10:42:21Z] INFO Coupled DL PDCCH qualification complete: sweep=1/1 slot=2/10 executable_grants=0.
[2026-04-17T10:42:21Z] INFO Preparing coupled DL batches: sweep=1/1 slot=2/10 candidate_grants=0 batch_size=1.
[2026-04-17T10:42:21Z] INFO Coupled canonical slot prepared: sweep=1/1 slot=3/10 duplex=DL allow_dl=1 allow_ul=0.
[2026-04-17T10:42:21Z] INFO Coupled control gating complete: slot=3 frame=1 pbch_attempts=0 prach_attempts=0 srs_attempts=0 trs_attempts=0 acquired=50/50 access=0/50 valid_srs=0/50 valid_trs_cells=5/5 tracked_serving_users=50/50 eligible=0/50.
[2026-04-17T10:42:24Z] INFO DL coupled publish: sweep 1/1 snr=12.000 ue=0/50 dlFrames=0/10 ulFrames=0/10 dlRows=0 ulRows=0.
[2026-04-17T10:42:26Z] INFO Coupled DL schedule complete: sweep=1/1 slot=3/10 active=0 granted=0 grants=0.
[2026-04-17T10:42:26Z] INFO Coupled DL PDCCH qualification complete: sweep=1/1 slot=3/10 executable_grants=0.
[2026-04-17T10:42:26Z] INFO Preparing coupled DL batches: sweep=1/1 slot=3/10 candidate_grants=0 batch_size=1.
[2026-04-17T10:42:26Z] INFO Coupled canonical slot prepared: sweep=1/1 slot=4/10 duplex=S allow_dl=1 allow_ul=1.
[2026-04-17T10:42:26Z] INFO Coupled control gating complete: slot=4 frame=1 pbch_attempts=0 prach_attempts=0 srs_attempts=0 trs_attempts=0 acquired=50/50 access=0/50 valid_srs=0/50 valid_trs_cells=5/5 tracked_serving_users=50/50 eligible=0/50.
[2026-04-17T10:42:29Z] INFO DL coupled publish: sweep 1/1 snr=12.000 ue=0/50 dlFrames=0/10 ulFrames=0/10 dlRows=0 ulRows=0.
[2026-04-17T10:42:30Z] INFO Coupled DL schedule complete: sweep=1/1 slot=4/10 active=0 granted=0 grants=0.
[2026-04-17T10:42:30Z] INFO Coupled DL PDCCH qualification complete: sweep=1/1 slot=4/10 executable_grants=0.
[2026-04-17T10:42:30Z] INFO Preparing coupled DL batches: sweep=1/1 slot=4/10 candidate_grants=0 batch_size=1.
[2026-04-17T10:42:31Z] INFO Coupled UL schedule complete: sweep=1/1 slot=4/10 active=0 granted=0 grants=0.
[2026-04-17T10:42:31Z] INFO Coupled UL PDCCH qualification complete: sweep=1/1 slot=4/10 executable_grants=0.
[2026-04-17T10:42:31Z] INFO Preparing coupled UL batches: sweep=1/1 slot=4/10 candidate_grants=0 batch_size=1.
[2026-04-17T10:42:31Z] INFO Coupled canonical slot prepared: sweep=1/1 slot=5/10 duplex=UL allow_dl=0 allow_ul=1.
[2026-04-17T10:42:33Z] INFO Coupled control gating complete: slot=5 frame=1 pbch_attempts=0 prach_attempts=0 srs_attempts=0 trs_attempts=5 acquired=50/50 access=0/50 valid_srs=0/50 valid_trs_cells=5/5 tracked_serving_users=50/50 eligible=0/50.
[2026-04-17T10:42:36Z] INFO UL coupled publish: sweep 1/1 snr=12.000 ue=0/50 dlFrames=0/10 ulFrames=0/10 dlRows=0 ulRows=0.
[2026-04-17T10:42:37Z] INFO Coupled UL schedule complete: sweep=1/1 slot=5/10 active=0 granted=0 grants=0.
[2026-04-17T10:42:37Z] INFO Coupled UL PDCCH qualification complete: sweep=1/1 slot=5/10 executable_grants=0.
[2026-04-17T10:42:37Z] INFO Preparing coupled UL batches: sweep=1/1 slot=5/10 candidate_grants=0 batch_size=1.
[2026-04-17T10:42:37Z] INFO Coupled canonical slot prepared: sweep=1/1 slot=6/10 duplex=DL allow_dl=1 allow_ul=0.
[2026-04-17T10:42:38Z] INFO Coupled control gating complete: slot=6 frame=1 pbch_attempts=0 prach_attempts=0 srs_attempts=0 trs_attempts=0 acquired=50/50 access=0/50 valid_srs=0/50 valid_trs_cells=5/5 tracked_serving_users=50/50 eligible=0/50.
[2026-04-17T10:42:41Z] INFO DL coupled publish: sweep 1/1 snr=12.000 ue=0/50 dlFrames=0/10 ulFrames=0/10 dlRows=0 ulRows=0.
[2026-04-17T10:42:42Z] INFO Coupled DL schedule complete: sweep=1/1 slot=6/10 active=0 granted=0 grants=0.
[2026-04-17T10:42:42Z] INFO Coupled DL PDCCH qualification complete: sweep=1/1 slot=6/10 executable_grants=0.
[2026-04-17T10:42:42Z] INFO Preparing coupled DL batches: sweep=1/1 slot=6/10 candidate_grants=0 batch_size=1.
[2026-04-17T10:42:42Z] INFO Coupled canonical slot prepared: sweep=1/1 slot=7/10 duplex=DL allow_dl=1 allow_ul=0.
[2026-04-17T10:42:48Z] INFO Coupled control gating complete: slot=7 frame=1 pbch_attempts=0 prach_attempts=50 srs_attempts=0 trs_attempts=0 acquired=50/50 access=50/50 valid_srs=0/50 valid_trs_cells=5/5 tracked_serving_users=50/50 eligible=50/50.
[2026-04-17T10:42:52Z] INFO DL coupled publish: sweep 1/1 snr=12.000 ue=0/50 dlFrames=0/10 ulFrames=0/10 dlRows=0 ulRows=0.
[2026-04-17T10:42:55Z] INFO Coupled DL schedule complete: sweep=1/1 slot=7/10 active=50 granted=50 grants=50.
[2026-04-17T10:43:05Z] INFO Coupled DL PDCCH qualification complete: sweep=1/1 slot=7/10 executable_grants=50.
[2026-04-17T10:43:05Z] INFO Preparing coupled DL batches: sweep=1/1 slot=7/10 candidate_grants=50 batch_size=1.
[2026-04-17T10:43:07Z] INFO Prepared coupled DL chunk: sweep=1/1 slot=7/10 executable_plans=1 chunk=1-1 of 50.
[2026-04-17T10:43:07Z] INFO Executing coupled DL chunk: sweep=1/1 slot=7/10 chunk=1-1 of 50.
[2026-04-17T10:43:21Z] INFO Publishing coupled DL chunk results: sweep=1/1 slot=7/10 committed_rows=1 current_primary_rows=1.
[2026-04-17T10:43:27Z] INFO DL coupled publish: sweep 1/1 snr=12.000 ue=3/50 dlFrames=1/10 ulFrames=0/10 dlRows=1 ulRows=0.
[2026-04-17T10:43:28Z] INFO Prepared coupled DL chunk: sweep=1/1 slot=7/10 executable_plans=1 chunk=2-2 of 50.
[2026-04-17T10:43:28Z] INFO Executing coupled DL chunk: sweep=1/1 slot=7/10 chunk=2-2 of 50.
[2026-04-17T10:43:40Z] INFO Publishing coupled DL chunk results: sweep=1/1 slot=7/10 committed_rows=1 current_primary_rows=2.
[2026-04-17T10:43:45Z] INFO DL coupled publish: sweep 1/1 snr=12.000 ue=5/50 dlFrames=1/10 ulFrames=0/10 dlRows=2 ulRows=0.
[2026-04-17T10:43:46Z] INFO Prepared coupled DL chunk: sweep=1/1 slot=7/10 executable_plans=1 chunk=3-3 of 50.
[2026-04-17T10:43:46Z] INFO Executing coupled DL chunk: sweep=1/1 slot=7/10 chunk=3-3 of 50.
[2026-04-17T10:43:58Z] INFO Publishing coupled DL chunk results: sweep=1/1 slot=7/10 committed_rows=1 current_primary_rows=3.
[2026-04-17T10:44:03Z] INFO DL coupled publish: sweep 1/1 snr=12.000 ue=7/50 dlFrames=1/10 ulFrames=0/10 dlRows=3 ulRows=0.
[2026-04-17T10:44:04Z] INFO Prepared coupled DL chunk: sweep=1/1 slot=7/10 executable_plans=1 chunk=4-4 of 50.
[2026-04-17T10:44:04Z] INFO Executing coupled DL chunk: sweep=1/1 slot=7/10 chunk=4-4 of 50.
[2026-04-17T10:44:16Z] INFO Publishing coupled DL chunk results: sweep=1/1 slot=7/10 committed_rows=1 current_primary_rows=4.
[2026-04-17T10:44:21Z] INFO DL coupled publish: sweep 1/1 snr=12.000 ue=9/50 dlFrames=1/10 ulFrames=0/10 dlRows=4 ulRows=0.
[2026-04-17T10:44:22Z] INFO Prepared coupled DL chunk: sweep=1/1 slot=7/10 executable_plans=1 chunk=5-5 of 50.
[2026-04-17T10:44:22Z] INFO Executing coupled DL chunk: sweep=1/1 slot=7/10 chunk=5-5 of 50.
[2026-04-17T10:44:32Z] INFO Publishing coupled DL chunk results: sweep=1/1 slot=7/10 committed_rows=1 current_primary_rows=5.
[2026-04-17T10:44:37Z] INFO DL coupled publish: sweep 1/1 snr=12.000 ue=14/50 dlFrames=1/10 ulFrames=0/10 dlRows=5 ulRows=0.
[2026-04-17T10:44:38Z] INFO Prepared coupled DL chunk: sweep=1/1 slot=7/10 executable_plans=1 chunk=6-6 of 50.
[2026-04-17T10:44:38Z] INFO Executing coupled DL chunk: sweep=1/1 slot=7/10 chunk=6-6 of 50.
[2026-04-17T10:44:48Z] INFO Publishing coupled DL chunk results: sweep=1/1 slot=7/10 committed_rows=1 current_primary_rows=6.
[2026-04-17T10:44:52Z] INFO DL coupled publish: sweep 1/1 snr=12.000 ue=19/50 dlFrames=1/10 ulFrames=0/10 dlRows=6 ulRows=0.
[2026-04-17T10:44:54Z] INFO Prepared coupled DL chunk: sweep=1/1 slot=7/10 executable_plans=1 chunk=7-7 of 50.
[2026-04-17T10:44:54Z] INFO Executing coupled DL chunk: sweep=1/1 slot=7/10 chunk=7-7 of 50.
[2026-04-17T10:45:05Z] INFO Publishing coupled DL chunk results: sweep=1/1 slot=7/10 committed_rows=1 current_primary_rows=7.
[2026-04-17T10:45:10Z] INFO DL coupled publish: sweep 1/1 snr=12.000 ue=26/50 dlFrames=1/10 ulFrames=0/10 dlRows=7 ulRows=0.
[2026-04-17T10:45:11Z] INFO Prepared coupled DL chunk: sweep=1/1 slot=7/10 executable_plans=1 chunk=8-8 of 50.
[2026-04-17T10:45:11Z] INFO Executing coupled DL chunk: sweep=1/1 slot=7/10 chunk=8-8 of 50.
[2026-04-17T10:45:22Z] INFO Publishing coupled DL chunk results: sweep=1/1 slot=7/10 committed_rows=1 current_primary_rows=8.
[2026-04-17T10:45:26Z] INFO DL coupled publish: sweep 1/1 snr=12.000 ue=27/50 dlFrames=1/10 ulFrames=0/10 dlRows=8 ulRows=0.
[2026-04-17T10:45:27Z] INFO Prepared coupled DL chunk: sweep=1/1 slot=7/10 executable_plans=1 chunk=9-9 of 50.
[2026-04-17T10:45:27Z] INFO Executing coupled DL chunk: sweep=1/1 slot=7/10 chunk=9-9 of 50.
[2026-04-17T10:45:38Z] INFO Publishing coupled DL chunk results: sweep=1/1 slot=7/10 committed_rows=1 current_primary_rows=9.
[2026-04-17T10:45:42Z] INFO DL coupled publish: sweep 1/1 snr=12.000 ue=43/50 dlFrames=1/10 ulFrames=0/10 dlRows=9 ulRows=0.
[2026-04-17T10:45:43Z] INFO Prepared coupled DL chunk: sweep=1/1 slot=7/10 executable_plans=1 chunk=10-10 of 50.
[2026-04-17T10:45:43Z] INFO Executing coupled DL chunk: sweep=1/1 slot=7/10 chunk=10-10 of 50.
[2026-04-17T10:45:51Z] INFO Publishing coupled DL chunk results: sweep=1/1 slot=7/10 committed_rows=1 current_primary_rows=10.
[2026-04-17T10:45:56Z] INFO DL coupled publish: sweep 1/1 snr=12.000 ue=47/50 dlFrames=1/10 ulFrames=0/10 dlRows=10 ulRows=0.
[2026-04-17T10:45:57Z] INFO Prepared coupled DL chunk: sweep=1/1 slot=7/10 executable_plans=1 chunk=11-11 of 50.
[2026-04-17T10:45:57Z] INFO Executing coupled DL chunk: sweep=1/1 slot=7/10 chunk=11-11 of 50.
[2026-04-17T10:46:10Z] INFO Publishing coupled DL chunk results: sweep=1/1 slot=7/10 committed_rows=1 current_primary_rows=11.
[2026-04-17T10:46:14Z] INFO DL coupled publish: sweep 1/1 snr=12.000 ue=4/50 dlFrames=1/10 ulFrames=0/10 dlRows=11 ulRows=0.
[2026-04-17T10:46:16Z] INFO Prepared coupled DL chunk: sweep=1/1 slot=7/10 executable_plans=1 chunk=12-12 of 50.
[2026-04-17T10:46:16Z] INFO Executing coupled DL chunk: sweep=1/1 slot=7/10 chunk=12-12 of 50.
[2026-04-17T10:46:27Z] INFO Publishing coupled DL chunk results: sweep=1/1 slot=7/10 committed_rows=1 current_primary_rows=12.
[2026-04-17T10:46:31Z] INFO DL coupled publish: sweep 1/1 snr=12.000 ue=6/50 dlFrames=1/10 ulFrames=0/10 dlRows=12 ulRows=0.
[2026-04-17T10:46:33Z] INFO Prepared coupled DL chunk: sweep=1/1 slot=7/10 executable_plans=1 chunk=13-13 of 50.
[2026-04-17T10:46:33Z] INFO Executing coupled DL chunk: sweep=1/1 slot=7/10 chunk=13-13 of 50.
[2026-04-17T10:46:44Z] INFO Publishing coupled DL chunk results: sweep=1/1 slot=7/10 committed_rows=1 current_primary_rows=13.
[2026-04-17T10:46:49Z] INFO DL coupled publish: sweep 1/1 snr=12.000 ue=10/50 dlFrames=1/10 ulFrames=0/10 dlRows=13 ulRows=0.
[2026-04-17T10:46:50Z] INFO Prepared coupled DL chunk: sweep=1/1 slot=7/10 executable_plans=1 chunk=14-14 of 50.
[2026-04-17T10:46:50Z] INFO Executing coupled DL chunk: sweep=1/1 slot=7/10 chunk=14-14 of 50.
[2026-04-17T10:47:03Z] INFO Publishing coupled DL chunk results: sweep=1/1 slot=7/10 committed_rows=1 current_primary_rows=14.
[2026-04-17T10:47:08Z] INFO DL coupled publish: sweep 1/1 snr=12.000 ue=29/50 dlFrames=1/10 ulFrames=0/10 dlRows=14 ulRows=0.
[2026-04-17T10:47:09Z] INFO Prepared coupled DL chunk: sweep=1/1 slot=7/10 executable_plans=1 chunk=15-15 of 50.
[2026-04-17T10:47:09Z] INFO Executing coupled DL chunk: sweep=1/1 slot=7/10 chunk=15-15 of 50.
[2026-04-17T10:47:22Z] INFO Publishing coupled DL chunk results: sweep=1/1 slot=7/10 committed_rows=1 current_primary_rows=15.
[2026-04-17T10:47:27Z] INFO DL coupled publish: sweep 1/1 snr=12.000 ue=35/50 dlFrames=1/10 ulFrames=0/10 dlRows=15 ulRows=0.
[2026-04-17T10:47:28Z] INFO Prepared coupled DL chunk: sweep=1/1 slot=7/10 executable_plans=1 chunk=16-16 of 50.
[2026-04-17T10:47:28Z] INFO Executing coupled DL chunk: sweep=1/1 slot=7/10 chunk=16-16 of 50.
[2026-04-17T10:47:38Z] INFO Publishing coupled DL chunk results: sweep=1/1 slot=7/10 committed_rows=1 current_primary_rows=16.
[2026-04-17T10:47:43Z] INFO DL coupled publish: sweep 1/1 snr=12.000 ue=41/50 dlFrames=1/10 ulFrames=0/10 dlRows=16 ulRows=0.
[2026-04-17T10:47:44Z] INFO Prepared coupled DL chunk: sweep=1/1 slot=7/10 executable_plans=1 chunk=17-17 of 50.
[2026-04-17T10:47:44Z] INFO Executing coupled DL chunk: sweep=1/1 slot=7/10 chunk=17-17 of 50.
[2026-04-17T10:47:56Z] INFO Publishing coupled DL chunk results: sweep=1/1 slot=7/10 committed_rows=1 current_primary_rows=17.
[2026-04-17T10:48:00Z] INFO DL coupled publish: sweep 1/1 snr=12.000 ue=45/50 dlFrames=1/10 ulFrames=0/10 dlRows=17 ulRows=0.
[2026-04-17T10:48:02Z] INFO Prepared coupled DL chunk: sweep=1/1 slot=7/10 executable_plans=1 chunk=18-18 of 50.
[2026-04-17T10:48:02Z] INFO Executing coupled DL chunk: sweep=1/1 slot=7/10 chunk=18-18 of 50.
[2026-04-17T10:48:13Z] INFO Publishing coupled DL chunk results: sweep=1/1 slot=7/10 committed_rows=1 current_primary_rows=18.
[2026-04-17T10:48:18Z] INFO DL coupled publish: sweep 1/1 snr=12.000 ue=50/50 dlFrames=1/10 ulFrames=0/10 dlRows=18 ulRows=0.
[2026-04-17T10:48:19Z] INFO Prepared coupled DL chunk: sweep=1/1 slot=7/10 executable_plans=1 chunk=19-19 of 50.
[2026-04-17T10:48:19Z] INFO Executing coupled DL chunk: sweep=1/1 slot=7/10 chunk=19-19 of 50.
[2026-04-17T10:48:27Z] INFO Publishing coupled DL chunk results: sweep=1/1 slot=7/10 committed_rows=1 current_primary_rows=19.
[2026-04-17T10:48:32Z] INFO DL coupled publish: sweep 1/1 snr=12.000 ue=2/50 dlFrames=1/10 ulFrames=0/10 dlRows=19 ulRows=0.
[2026-04-17T10:48:33Z] INFO Prepared coupled DL chunk: sweep=1/1 slot=7/10 executable_plans=1 chunk=20-20 of 50.
[2026-04-17T10:48:33Z] INFO Executing coupled DL chunk: sweep=1/1 slot=7/10 chunk=20-20 of 50.
[2026-04-17T10:48:43Z] INFO Publishing coupled DL chunk results: sweep=1/1 slot=7/10 committed_rows=1 current_primary_rows=20.
[2026-04-17T10:48:48Z] INFO DL coupled publish: sweep 1/1 snr=12.000 ue=12/50 dlFrames=1/10 ulFrames=0/10 dlRows=20 ulRows=0.
[2026-04-17T10:48:49Z] INFO Prepared coupled DL chunk: sweep=1/1 slot=7/10 executable_plans=1 chunk=21-21 of 50.
[2026-04-17T10:48:49Z] INFO Executing coupled DL chunk: sweep=1/1 slot=7/10 chunk=21-21 of 50.
[2026-04-17T10:48:59Z] INFO Publishing coupled DL chunk results: sweep=1/1 slot=7/10 committed_rows=1 current_primary_rows=21.
[2026-04-17T10:49:04Z] INFO DL coupled publish: sweep 1/1 snr=12.000 ue=13/50 dlFrames=1/10 ulFrames=0/10 dlRows=21 ulRows=0.
[2026-04-17T10:49:05Z] INFO Prepared coupled DL chunk: sweep=1/1 slot=7/10 executable_plans=1 chunk=22-22 of 50.
[2026-04-17T10:49:05Z] INFO Executing coupled DL chunk: sweep=1/1 slot=7/10 chunk=22-22 of 50.
[2026-04-17T10:49:16Z] INFO Publishing coupled DL chunk results: sweep=1/1 slot=7/10 committed_rows=1 current_primary_rows=22.
[2026-04-17T10:49:21Z] INFO DL coupled publish: sweep 1/1 snr=12.000 ue=15/50 dlFrames=1/10 ulFrames=0/10 dlRows=22 ulRows=0.
[2026-04-17T10:49:22Z] INFO Prepared coupled DL chunk: sweep=1/1 slot=7/10 executable_plans=1 chunk=23-23 of 50.
[2026-04-17T10:49:22Z] INFO Executing coupled DL chunk: sweep=1/1 slot=7/10 chunk=23-23 of 50.
[2026-04-17T10:49:31Z] INFO Publishing coupled DL chunk results: sweep=1/1 slot=7/10 committed_rows=1 current_primary_rows=23.
[2026-04-17T10:49:36Z] INFO DL coupled publish: sweep 1/1 snr=12.000 ue=16/50 dlFrames=1/10 ulFrames=0/10 dlRows=23 ulRows=0.
[2026-04-17T10:49:37Z] INFO Prepared coupled DL chunk: sweep=1/1 slot=7/10 executable_plans=1 chunk=24-24 of 50.
[2026-04-17T10:49:37Z] INFO Executing coupled DL chunk: sweep=1/1 slot=7/10 chunk=24-24 of 50.
[2026-04-17T10:49:48Z] INFO Publishing coupled DL chunk results: sweep=1/1 slot=7/10 committed_rows=1 current_primary_rows=24.
[2026-04-17T10:49:53Z] INFO DL coupled publish: sweep 1/1 snr=12.000 ue=18/50 dlFrames=1/10 ulFrames=0/10 dlRows=24 ulRows=0.
[2026-04-17T10:49:54Z] INFO Prepared coupled DL chunk: sweep=1/1 slot=7/10 executable_plans=1 chunk=25-25 of 50.
[2026-04-17T10:49:54Z] INFO Executing coupled DL chunk: sweep=1/1 slot=7/10 chunk=25-25 of 50.
[2026-04-17T10:50:04Z] INFO Publishing coupled DL chunk results: sweep=1/1 slot=7/10 committed_rows=1 current_primary_rows=25.
[2026-04-17T10:50:09Z] INFO DL coupled publish: sweep 1/1 snr=12.000 ue=23/50 dlFrames=1/10 ulFrames=0/10 dlRows=25 ulRows=0.
[2026-04-17T10:50:10Z] INFO Prepared coupled DL chunk: sweep=1/1 slot=7/10 executable_plans=1 chunk=26-26 of 50.
[2026-04-17T10:50:10Z] INFO Executing coupled DL chunk: sweep=1/1 slot=7/10 chunk=26-26 of 50.
[2026-04-17T10:50:20Z] INFO Publishing coupled DL chunk results: sweep=1/1 slot=7/10 committed_rows=1 current_primary_rows=26.
[2026-04-17T10:50:25Z] INFO DL coupled publish: sweep 1/1 snr=12.000 ue=24/50 dlFrames=1/10 ulFrames=0/10 dlRows=26 ulRows=0.
[2026-04-17T10:50:26Z] INFO Prepared coupled DL chunk: sweep=1/1 slot=7/10 executable_plans=1 chunk=27-27 of 50.
[2026-04-17T10:50:26Z] INFO Executing coupled DL chunk: sweep=1/1 slot=7/10 chunk=27-27 of 50.
[2026-04-17T10:50:36Z] INFO Publishing coupled DL chunk results: sweep=1/1 slot=7/10 committed_rows=1 current_primary_rows=27.
[2026-04-17T10:50:41Z] INFO DL coupled publish: sweep 1/1 snr=12.000 ue=33/50 dlFrames=1/10 ulFrames=0/10 dlRows=27 ulRows=0.
[2026-04-17T10:50:42Z] INFO Prepared coupled DL chunk: sweep=1/1 slot=7/10 executable_plans=1 chunk=28-28 of 50.
[2026-04-17T10:50:42Z] INFO Executing coupled DL chunk: sweep=1/1 slot=7/10 chunk=28-28 of 50.
[2026-04-17T10:50:49Z] INFO Publishing coupled DL chunk results: sweep=1/1 slot=7/10 committed_rows=1 current_primary_rows=28.
[2026-04-17T10:50:54Z] INFO DL coupled publish: sweep 1/1 snr=12.000 ue=34/50 dlFrames=1/10 ulFrames=0/10 dlRows=28 ulRows=0.
[2026-04-17T10:50:56Z] INFO Prepared coupled DL chunk: sweep=1/1 slot=7/10 executable_plans=1 chunk=29-29 of 50.
[2026-04-17T10:50:56Z] INFO Executing coupled DL chunk: sweep=1/1 slot=7/10 chunk=29-29 of 50.
[2026-04-17T10:51:08Z] INFO Publishing coupled DL chunk results: sweep=1/1 slot=7/10 committed_rows=1 current_primary_rows=29.
[2026-04-17T10:51:13Z] INFO DL coupled publish: sweep 1/1 snr=12.000 ue=20/50 dlFrames=1/10 ulFrames=0/10 dlRows=29 ulRows=0.
[2026-04-17T10:51:14Z] INFO Prepared coupled DL chunk: sweep=1/1 slot=7/10 executable_plans=1 chunk=30-30 of 50.
[2026-04-17T10:51:14Z] INFO Executing coupled DL chunk: sweep=1/1 slot=7/10 chunk=30-30 of 50.
[2026-04-17T10:51:25Z] INFO Publishing coupled DL chunk results: sweep=1/1 slot=7/10 committed_rows=1 current_primary_rows=30.
[2026-04-17T10:51:30Z] INFO DL coupled publish: sweep 1/1 snr=12.000 ue=22/50 dlFrames=1/10 ulFrames=0/10 dlRows=30 ulRows=0.
[2026-04-17T10:51:31Z] INFO Prepared coupled DL chunk: sweep=1/1 slot=7/10 executable_plans=1 chunk=31-31 of 50.
[2026-04-17T10:51:31Z] INFO Executing coupled DL chunk: sweep=1/1 slot=7/10 chunk=31-31 of 50.
[2026-04-17T10:51:43Z] INFO Publishing coupled DL chunk results: sweep=1/1 slot=7/10 committed_rows=1 current_primary_rows=31.
[2026-04-17T10:51:48Z] INFO DL coupled publish: sweep 1/1 snr=12.000 ue=32/50 dlFrames=1/10 ulFrames=0/10 dlRows=31 ulRows=0.
[2026-04-17T10:51:49Z] INFO Prepared coupled DL chunk: sweep=1/1 slot=7/10 executable_plans=1 chunk=32-32 of 50.
[2026-04-17T10:51:49Z] INFO Executing coupled DL chunk: sweep=1/1 slot=7/10 chunk=32-32 of 50.
[2026-04-17T10:52:00Z] INFO Publishing coupled DL chunk results: sweep=1/1 slot=7/10 committed_rows=1 current_primary_rows=32.
[2026-04-17T10:52:05Z] INFO DL coupled publish: sweep 1/1 snr=12.000 ue=37/50 dlFrames=1/10 ulFrames=0/10 dlRows=32 ulRows=0.
[2026-04-17T10:52:06Z] INFO Prepared coupled DL chunk: sweep=1/1 slot=7/10 executable_plans=1 chunk=33-33 of 50.
[2026-04-17T10:52:06Z] INFO Executing coupled DL chunk: sweep=1/1 slot=7/10 chunk=33-33 of 50.
[2026-04-17T10:52:19Z] INFO Publishing coupled DL chunk results: sweep=1/1 slot=7/10 committed_rows=1 current_primary_rows=33.
[2026-04-17T10:52:24Z] INFO DL coupled publish: sweep 1/1 snr=12.000 ue=38/50 dlFrames=1/10 ulFrames=0/10 dlRows=33 ulRows=0.
[2026-04-17T10:52:26Z] INFO Prepared coupled DL chunk: sweep=1/1 slot=7/10 executable_plans=1 chunk=34-34 of 50.
[2026-04-17T10:52:26Z] INFO Executing coupled DL chunk: sweep=1/1 slot=7/10 chunk=34-34 of 50.
[2026-04-17T10:52:38Z] INFO Publishing coupled DL chunk results: sweep=1/1 slot=7/10 committed_rows=1 current_primary_rows=34.
[2026-04-17T10:52:43Z] INFO DL coupled publish: sweep 1/1 snr=12.000 ue=40/50 dlFrames=1/10 ulFrames=0/10 dlRows=34 ulRows=0.
[2026-04-17T10:52:44Z] INFO Prepared coupled DL chunk: sweep=1/1 slot=7/10 executable_plans=1 chunk=35-35 of 50.
[2026-04-17T10:52:44Z] INFO Executing coupled DL chunk: sweep=1/1 slot=7/10 chunk=35-35 of 50.
[2026-04-17T10:52:55Z] INFO Publishing coupled DL chunk results: sweep=1/1 slot=7/10 committed_rows=1 current_primary_rows=35.
[2026-04-17T10:53:01Z] INFO DL coupled publish: sweep 1/1 snr=12.000 ue=42/50 dlFrames=1/10 ulFrames=0/10 dlRows=35 ulRows=0.
[2026-04-17T10:53:02Z] INFO Prepared coupled DL chunk: sweep=1/1 slot=7/10 executable_plans=1 chunk=36-36 of 50.
[2026-04-17T10:53:02Z] INFO Executing coupled DL chunk: sweep=1/1 slot=7/10 chunk=36-36 of 50.
[2026-04-17T10:53:15Z] INFO Publishing coupled DL chunk results: sweep=1/1 slot=7/10 committed_rows=1 current_primary_rows=36.
[2026-04-17T10:53:20Z] INFO DL coupled publish: sweep 1/1 snr=12.000 ue=44/50 dlFrames=1/10 ulFrames=0/10 dlRows=36 ulRows=0.
[2026-04-17T10:53:21Z] INFO Prepared coupled DL chunk: sweep=1/1 slot=7/10 executable_plans=1 chunk=37-37 of 50.
[2026-04-17T10:53:21Z] INFO Executing coupled DL chunk: sweep=1/1 slot=7/10 chunk=37-37 of 50.
[2026-04-17T10:53:30Z] INFO Publishing coupled DL chunk results: sweep=1/1 slot=7/10 committed_rows=1 current_primary_rows=37.
[2026-04-17T10:53:36Z] INFO DL coupled publish: sweep 1/1 snr=12.000 ue=49/50 dlFrames=1/10 ulFrames=0/10 dlRows=37 ulRows=0.
[2026-04-17T10:53:36Z] INFO Prepared coupled DL chunk: sweep=1/1 slot=7/10 executable_plans=1 chunk=38-38 of 50.
[2026-04-17T10:53:36Z] INFO Executing coupled DL chunk: sweep=1/1 slot=7/10 chunk=38-38 of 50.
[2026-04-17T10:53:45Z] INFO Publishing coupled DL chunk results: sweep=1/1 slot=7/10 committed_rows=1 current_primary_rows=38.
[2026-04-17T10:53:50Z] INFO DL coupled publish: sweep 1/1 snr=12.000 ue=1/50 dlFrames=1/10 ulFrames=0/10 dlRows=38 ulRows=0.
[2026-04-17T10:53:51Z] INFO Prepared coupled DL chunk: sweep=1/1 slot=7/10 executable_plans=1 chunk=39-39 of 50.
[2026-04-17T10:53:51Z] INFO Executing coupled DL chunk: sweep=1/1 slot=7/10 chunk=39-39 of 50.
[2026-04-17T10:54:04Z] INFO Publishing coupled DL chunk results: sweep=1/1 slot=7/10 committed_rows=1 current_primary_rows=39.
[2026-04-17T10:54:09Z] INFO DL coupled publish: sweep 1/1 snr=12.000 ue=8/50 dlFrames=1/10 ulFrames=0/10 dlRows=39 ulRows=0.
[2026-04-17T10:54:10Z] INFO Prepared coupled DL chunk: sweep=1/1 slot=7/10 executable_plans=1 chunk=40-40 of 50.
[2026-04-17T10:54:10Z] INFO Executing coupled DL chunk: sweep=1/1 slot=7/10 chunk=40-40 of 50.
[2026-04-17T10:54:20Z] INFO Publishing coupled DL chunk results: sweep=1/1 slot=7/10 committed_rows=1 current_primary_rows=40.
[2026-04-17T10:54:25Z] INFO DL coupled publish: sweep 1/1 snr=12.000 ue=11/50 dlFrames=1/10 ulFrames=0/10 dlRows=40 ulRows=0.
[2026-04-17T10:54:26Z] INFO Prepared coupled DL chunk: sweep=1/1 slot=7/10 executable_plans=1 chunk=41-41 of 50.
[2026-04-17T10:54:26Z] INFO Executing coupled DL chunk: sweep=1/1 slot=7/10 chunk=41-41 of 50.
[2026-04-17T10:54:36Z] INFO Publishing coupled DL chunk results: sweep=1/1 slot=7/10 committed_rows=1 current_primary_rows=41.
[2026-04-17T10:54:41Z] INFO DL coupled publish: sweep 1/1 snr=12.000 ue=17/50 dlFrames=1/10 ulFrames=0/10 dlRows=41 ulRows=0.
[2026-04-17T10:54:42Z] INFO Prepared coupled DL chunk: sweep=1/1 slot=7/10 executable_plans=1 chunk=42-42 of 50.
[2026-04-17T10:54:42Z] INFO Executing coupled DL chunk: sweep=1/1 slot=7/10 chunk=42-42 of 50.
[2026-04-17T10:54:53Z] INFO Publishing coupled DL chunk results: sweep=1/1 slot=7/10 committed_rows=1 current_primary_rows=42.
[2026-04-17T10:54:58Z] INFO DL coupled publish: sweep 1/1 snr=12.000 ue=21/50 dlFrames=1/10 ulFrames=0/10 dlRows=42 ulRows=0.
[2026-04-17T10:54:59Z] INFO Prepared coupled DL chunk: sweep=1/1 slot=7/10 executable_plans=1 chunk=43-43 of 50.
[2026-04-17T10:54:59Z] INFO Executing coupled DL chunk: sweep=1/1 slot=7/10 chunk=43-43 of 50.
[2026-04-17T10:55:08Z] INFO Publishing coupled DL chunk results: sweep=1/1 slot=7/10 committed_rows=1 current_primary_rows=43.
[2026-04-17T10:55:14Z] INFO DL coupled publish: sweep 1/1 snr=12.000 ue=25/50 dlFrames=1/10 ulFrames=0/10 dlRows=43 ulRows=0.
[2026-04-17T10:55:15Z] INFO Prepared coupled DL chunk: sweep=1/1 slot=7/10 executable_plans=1 chunk=44-44 of 50.
[2026-04-17T10:55:15Z] INFO Executing coupled DL chunk: sweep=1/1 slot=7/10 chunk=44-44 of 50.
[2026-04-17T10:55:25Z] INFO Publishing coupled DL chunk results: sweep=1/1 slot=7/10 committed_rows=1 current_primary_rows=44.
[2026-04-17T10:55:30Z] INFO DL coupled publish: sweep 1/1 snr=12.000 ue=28/50 dlFrames=1/10 ulFrames=0/10 dlRows=44 ulRows=0.
[2026-04-17T10:55:31Z] INFO Prepared coupled DL chunk: sweep=1/1 slot=7/10 executable_plans=1 chunk=45-45 of 50.
[2026-04-17T10:55:31Z] INFO Executing coupled DL chunk: sweep=1/1 slot=7/10 chunk=45-45 of 50.
[2026-04-17T10:55:41Z] INFO Publishing coupled DL chunk results: sweep=1/1 slot=7/10 committed_rows=1 current_primary_rows=45.
[2026-04-17T10:55:47Z] INFO DL coupled publish: sweep 1/1 snr=12.000 ue=30/50 dlFrames=1/10 ulFrames=0/10 dlRows=45 ulRows=0.
[2026-04-17T10:55:48Z] INFO Prepared coupled DL chunk: sweep=1/1 slot=7/10 executable_plans=1 chunk=46-46 of 50.
[2026-04-17T10:55:48Z] INFO Executing coupled DL chunk: sweep=1/1 slot=7/10 chunk=46-46 of 50.
[2026-04-17T10:55:57Z] INFO Publishing coupled DL chunk results: sweep=1/1 slot=7/10 committed_rows=1 current_primary_rows=46.
[2026-04-17T10:56:03Z] INFO DL coupled publish: sweep 1/1 snr=12.000 ue=31/50 dlFrames=1/10 ulFrames=0/10 dlRows=46 ulRows=0.
[2026-04-17T10:56:03Z] INFO Prepared coupled DL chunk: sweep=1/1 slot=7/10 executable_plans=1 chunk=47-47 of 50.
[2026-04-17T10:56:03Z] INFO Executing coupled DL chunk: sweep=1/1 slot=7/10 chunk=47-47 of 50.
[2026-04-17T10:56:13Z] INFO Publishing coupled DL chunk results: sweep=1/1 slot=7/10 committed_rows=1 current_primary_rows=47.
[2026-04-17T10:56:19Z] INFO DL coupled publish: sweep 1/1 snr=12.000 ue=36/50 dlFrames=1/10 ulFrames=0/10 dlRows=47 ulRows=0.
[2026-04-17T10:56:20Z] INFO Prepared coupled DL chunk: sweep=1/1 slot=7/10 executable_plans=1 chunk=48-48 of 50.
[2026-04-17T10:56:20Z] INFO Executing coupled DL chunk: sweep=1/1 slot=7/10 chunk=48-48 of 50.
[2026-04-17T10:56:30Z] INFO Publishing coupled DL chunk results: sweep=1/1 slot=7/10 committed_rows=1 current_primary_rows=48.
[2026-04-17T10:56:35Z] INFO DL coupled publish: sweep 1/1 snr=12.000 ue=39/50 dlFrames=1/10 ulFrames=0/10 dlRows=48 ulRows=0.
[2026-04-17T10:56:36Z] INFO Prepared coupled DL chunk: sweep=1/1 slot=7/10 executable_plans=1 chunk=49-49 of 50.
[2026-04-17T10:56:36Z] INFO Executing coupled DL chunk: sweep=1/1 slot=7/10 chunk=49-49 of 50.
[2026-04-17T10:56:47Z] INFO Publishing coupled DL chunk results: sweep=1/1 slot=7/10 committed_rows=1 current_primary_rows=49.
[2026-04-17T10:56:52Z] INFO DL coupled publish: sweep 1/1 snr=12.000 ue=46/50 dlFrames=1/10 ulFrames=0/10 dlRows=49 ulRows=0.
[2026-04-17T10:56:53Z] INFO Prepared coupled DL chunk: sweep=1/1 slot=7/10 executable_plans=1 chunk=50-50 of 50.
[2026-04-17T10:56:53Z] INFO Executing coupled DL chunk: sweep=1/1 slot=7/10 chunk=50-50 of 50.
[2026-04-17T10:56:59Z] INFO Publishing coupled DL chunk results: sweep=1/1 slot=7/10 committed_rows=1 current_primary_rows=50.
[2026-04-17T10:57:04Z] INFO DL coupled publish: sweep 1/1 snr=12.000 ue=48/50 dlFrames=1/10 ulFrames=0/10 dlRows=50 ulRows=0.
[2026-04-17T10:57:04Z] INFO Coupled canonical slot prepared: sweep=1/1 slot=8/10 duplex=DL allow_dl=1 allow_ul=0.
[2026-04-17T10:57:07Z] INFO Coupled control gating complete: slot=8 frame=1 pbch_attempts=0 prach_attempts=0 srs_attempts=13 trs_attempts=0 acquired=50/50 access=50/50 valid_srs=13/50 valid_trs_cells=5/5 tracked_serving_users=50/50 eligible=50/50.
[2026-04-17T10:57:12Z] INFO DL coupled publish: sweep 1/1 snr=12.000 ue=0/50 dlFrames=1/10 ulFrames=0/10 dlRows=50 ulRows=0.
[2026-04-17T10:57:13Z] INFO Coupled DL schedule complete: sweep=1/1 slot=8/10 active=50 granted=50 grants=50.
[2026-04-17T10:57:21Z] INFO Coupled DL PDCCH qualification complete: sweep=1/1 slot=8/10 executable_grants=50.
[2026-04-17T10:57:21Z] INFO Preparing coupled DL batches: sweep=1/1 slot=8/10 candidate_grants=50 batch_size=1.
[2026-04-17T10:57:22Z] INFO Prepared coupled DL chunk: sweep=1/1 slot=8/10 executable_plans=1 chunk=1-1 of 50.
[2026-04-17T10:57:22Z] INFO Executing coupled DL chunk: sweep=1/1 slot=8/10 chunk=1-1 of 50.
[2026-04-17T10:57:33Z] INFO Publishing coupled DL chunk results: sweep=1/1 slot=8/10 committed_rows=1 current_primary_rows=51.
[2026-04-17T10:57:39Z] INFO DL coupled publish: sweep 1/1 snr=12.000 ue=26/50 dlFrames=1/10 ulFrames=0/10 dlRows=51 ulRows=0.
[2026-04-17T10:57:40Z] INFO Prepared coupled DL chunk: sweep=1/1 slot=8/10 executable_plans=1 chunk=2-2 of 50.
[2026-04-17T10:57:40Z] INFO Executing coupled DL chunk: sweep=1/1 slot=8/10 chunk=2-2 of 50.
[2026-04-17T10:57:54Z] INFO Publishing coupled DL chunk results: sweep=1/1 slot=8/10 committed_rows=1 current_primary_rows=52.
[2026-04-17T10:58:00Z] INFO DL coupled publish: sweep 1/1 snr=12.000 ue=14/50 dlFrames=1/10 ulFrames=0/10 dlRows=52 ulRows=0.
[2026-04-17T10:58:01Z] INFO Prepared coupled DL chunk: sweep=1/1 slot=8/10 executable_plans=1 chunk=3-3 of 50.
[2026-04-17T10:58:01Z] INFO Executing coupled DL chunk: sweep=1/1 slot=8/10 chunk=3-3 of 50.
[2026-04-17T10:58:12Z] INFO Publishing coupled DL chunk results: sweep=1/1 slot=8/10 committed_rows=1 current_primary_rows=53.
[2026-04-17T10:58:17Z] INFO DL coupled publish: sweep 1/1 snr=12.000 ue=3/50 dlFrames=1/10 ulFrames=0/10 dlRows=53 ulRows=0.
[2026-04-17T10:58:18Z] INFO Prepared coupled DL chunk: sweep=1/1 slot=8/10 executable_plans=1 chunk=4-4 of 50.
[2026-04-17T10:58:18Z] INFO Executing coupled DL chunk: sweep=1/1 slot=8/10 chunk=4-4 of 50.
[2026-04-17T10:58:28Z] INFO Publishing coupled DL chunk results: sweep=1/1 slot=8/10 committed_rows=1 current_primary_rows=54.
[2026-04-17T10:58:34Z] INFO DL coupled publish: sweep 1/1 snr=12.000 ue=5/50 dlFrames=1/10 ulFrames=0/10 dlRows=54 ulRows=0.
[2026-04-17T10:58:35Z] INFO Prepared coupled DL chunk: sweep=1/1 slot=8/10 executable_plans=1 chunk=5-5 of 50.
[2026-04-17T10:58:35Z] INFO Executing coupled DL chunk: sweep=1/1 slot=8/10 chunk=5-5 of 50.
[2026-04-17T10:58:44Z] INFO Publishing coupled DL chunk results: sweep=1/1 slot=8/10 committed_rows=1 current_primary_rows=55.
[2026-04-17T10:58:49Z] INFO DL coupled publish: sweep 1/1 snr=12.000 ue=7/50 dlFrames=1/10 ulFrames=0/10 dlRows=55 ulRows=0.
[2026-04-17T10:58:50Z] INFO Prepared coupled DL chunk: sweep=1/1 slot=8/10 executable_plans=1 chunk=6-6 of 50.
[2026-04-17T10:58:50Z] INFO Executing coupled DL chunk: sweep=1/1 slot=8/10 chunk=6-6 of 50.
[2026-04-17T10:59:00Z] INFO Publishing coupled DL chunk results: sweep=1/1 slot=8/10 committed_rows=1 current_primary_rows=56.
[2026-04-17T10:59:05Z] INFO DL coupled publish: sweep 1/1 snr=12.000 ue=9/50 dlFrames=1/10 ulFrames=0/10 dlRows=56 ulRows=0.
[2026-04-17T10:59:06Z] INFO Prepared coupled DL chunk: sweep=1/1 slot=8/10 executable_plans=1 chunk=7-7 of 50.
[2026-04-17T10:59:06Z] INFO Executing coupled DL chunk: sweep=1/1 slot=8/10 chunk=7-7 of 50.
[2026-04-17T10:59:16Z] INFO Publishing coupled DL chunk results: sweep=1/1 slot=8/10 committed_rows=1 current_primary_rows=57.
[2026-04-17T10:59:22Z] INFO DL coupled publish: sweep 1/1 snr=12.000 ue=19/50 dlFrames=1/10 ulFrames=0/10 dlRows=57 ulRows=0.
[2026-04-17T10:59:22Z] INFO Prepared coupled DL chunk: sweep=1/1 slot=8/10 executable_plans=1 chunk=8-8 of 50.
[2026-04-17T10:59:23Z] INFO Executing coupled DL chunk: sweep=1/1 slot=8/10 chunk=8-8 of 50.
[2026-04-17T10:59:32Z] INFO Publishing coupled DL chunk results: sweep=1/1 slot=8/10 committed_rows=1 current_primary_rows=58.
[2026-04-17T10:59:37Z] INFO DL coupled publish: sweep 1/1 snr=12.000 ue=27/50 dlFrames=1/10 ulFrames=0/10 dlRows=58 ulRows=0.
[2026-04-17T10:59:38Z] INFO Prepared coupled DL chunk: sweep=1/1 slot=8/10 executable_plans=1 chunk=9-9 of 50.
[2026-04-17T10:59:38Z] INFO Executing coupled DL chunk: sweep=1/1 slot=8/10 chunk=9-9 of 50.
[2026-04-17T10:59:49Z] INFO Publishing coupled DL chunk results: sweep=1/1 slot=8/10 committed_rows=1 current_primary_rows=59.
[2026-04-17T10:59:54Z] INFO DL coupled publish: sweep 1/1 snr=12.000 ue=43/50 dlFrames=1/10 ulFrames=0/10 dlRows=59 ulRows=0.
[2026-04-17T10:59:55Z] INFO Prepared coupled DL chunk: sweep=1/1 slot=8/10 executable_plans=1 chunk=10-10 of 50.
[2026-04-17T10:59:55Z] INFO Executing coupled DL chunk: sweep=1/1 slot=8/10 chunk=10-10 of 50.
[2026-04-17T11:00:02Z] INFO Publishing coupled DL chunk results: sweep=1/1 slot=8/10 committed_rows=1 current_primary_rows=60.
[2026-04-17T11:00:08Z] INFO DL coupled publish: sweep 1/1 snr=12.000 ue=47/50 dlFrames=1/10 ulFrames=0/10 dlRows=60 ulRows=0.
[2026-04-17T11:00:09Z] INFO Prepared coupled DL chunk: sweep=1/1 slot=8/10 executable_plans=1 chunk=11-11 of 50.
[2026-04-17T11:00:09Z] INFO Executing coupled DL chunk: sweep=1/1 slot=8/10 chunk=11-11 of 50.
[2026-04-17T11:00:19Z] INFO Publishing coupled DL chunk results: sweep=1/1 slot=8/10 committed_rows=1 current_primary_rows=61.
[2026-04-17T11:00:25Z] INFO DL coupled publish: sweep 1/1 snr=12.000 ue=10/50 dlFrames=1/10 ulFrames=0/10 dlRows=61 ulRows=0.
[2026-04-17T11:00:26Z] INFO Prepared coupled DL chunk: sweep=1/1 slot=8/10 executable_plans=1 chunk=12-12 of 50.
[2026-04-17T11:00:26Z] INFO Executing coupled DL chunk: sweep=1/1 slot=8/10 chunk=12-12 of 50.
[2026-04-17T11:00:36Z] INFO Publishing coupled DL chunk results: sweep=1/1 slot=8/10 committed_rows=1 current_primary_rows=62.
[2026-04-17T11:00:42Z] INFO DL coupled publish: sweep 1/1 snr=12.000 ue=50/50 dlFrames=1/10 ulFrames=0/10 dlRows=62 ulRows=0.
[2026-04-17T11:00:43Z] INFO Prepared coupled DL chunk: sweep=1/1 slot=8/10 executable_plans=1 chunk=13-13 of 50.
[2026-04-17T11:00:43Z] INFO Executing coupled DL chunk: sweep=1/1 slot=8/10 chunk=13-13 of 50.
[2026-04-17T11:00:53Z] INFO Publishing coupled DL chunk results: sweep=1/1 slot=8/10 committed_rows=1 current_primary_rows=63.
[2026-04-17T11:00:59Z] INFO DL coupled publish: sweep 1/1 snr=12.000 ue=6/50 dlFrames=1/10 ulFrames=0/10 dlRows=63 ulRows=0.
[2026-04-17T11:01:00Z] INFO Prepared coupled DL chunk: sweep=1/1 slot=8/10 executable_plans=1 chunk=14-14 of 50.
[2026-04-17T11:01:00Z] INFO Executing coupled DL chunk: sweep=1/1 slot=8/10 chunk=14-14 of 50.
[2026-04-17T11:01:14Z] INFO Publishing coupled DL chunk results: sweep=1/1 slot=8/10 committed_rows=1 current_primary_rows=64.
[2026-04-17T11:01:20Z] INFO DL coupled publish: sweep 1/1 snr=12.000 ue=4/50 dlFrames=1/10 ulFrames=0/10 dlRows=64 ulRows=0.
[2026-04-17T11:01:21Z] INFO Prepared coupled DL chunk: sweep=1/1 slot=8/10 executable_plans=1 chunk=15-15 of 50.
[2026-04-17T11:01:21Z] INFO Executing coupled DL chunk: sweep=1/1 slot=8/10 chunk=15-15 of 50.
[2026-04-17T11:01:31Z] INFO Publishing coupled DL chunk results: sweep=1/1 slot=8/10 committed_rows=1 current_primary_rows=65.
[2026-04-17T11:01:37Z] INFO DL coupled publish: sweep 1/1 snr=12.000 ue=29/50 dlFrames=1/10 ulFrames=0/10 dlRows=65 ulRows=0.
[2026-04-17T11:01:38Z] INFO Prepared coupled DL chunk: sweep=1/1 slot=8/10 executable_plans=1 chunk=16-16 of 50.
[2026-04-17T11:01:39Z] INFO Executing coupled DL chunk: sweep=1/1 slot=8/10 chunk=16-16 of 50.
[2026-04-17T11:01:48Z] INFO Publishing coupled DL chunk results: sweep=1/1 slot=8/10 committed_rows=1 current_primary_rows=66.
[2026-04-17T11:01:54Z] INFO DL coupled publish: sweep 1/1 snr=12.000 ue=35/50 dlFrames=1/10 ulFrames=0/10 dlRows=66 ulRows=0.
[2026-04-17T11:01:56Z] INFO Prepared coupled DL chunk: sweep=1/1 slot=8/10 executable_plans=1 chunk=17-17 of 50.
[2026-04-17T11:01:56Z] INFO Executing coupled DL chunk: sweep=1/1 slot=8/10 chunk=17-17 of 50.
[2026-04-17T11:02:08Z] INFO Publishing coupled DL chunk results: sweep=1/1 slot=8/10 committed_rows=1 current_primary_rows=67.
[2026-04-17T11:02:14Z] INFO DL coupled publish: sweep 1/1 snr=12.000 ue=41/50 dlFrames=1/10 ulFrames=0/10 dlRows=67 ulRows=0.
[2026-04-17T11:02:15Z] INFO Prepared coupled DL chunk: sweep=1/1 slot=8/10 executable_plans=1 chunk=18-18 of 50.
[2026-04-17T11:02:15Z] INFO Executing coupled DL chunk: sweep=1/1 slot=8/10 chunk=18-18 of 50.
[2026-04-17T11:02:24Z] INFO Publishing coupled DL chunk results: sweep=1/1 slot=8/10 committed_rows=1 current_primary_rows=68.
[2026-04-17T11:02:30Z] INFO DL coupled publish: sweep 1/1 snr=12.000 ue=45/50 dlFrames=1/10 ulFrames=0/10 dlRows=68 ulRows=0.
[2026-04-17T11:02:31Z] INFO Prepared coupled DL chunk: sweep=1/1 slot=8/10 executable_plans=1 chunk=19-19 of 50.
[2026-04-17T11:02:31Z] INFO Executing coupled DL chunk: sweep=1/1 slot=8/10 chunk=19-19 of 50.
[2026-04-17T11:02:39Z] INFO Publishing coupled DL chunk results: sweep=1/1 slot=8/10 committed_rows=1 current_primary_rows=69.
[2026-04-17T11:02:46Z] INFO DL coupled publish: sweep 1/1 snr=12.000 ue=2/50 dlFrames=1/10 ulFrames=0/10 dlRows=69 ulRows=0.
[2026-04-17T11:02:47Z] INFO Prepared coupled DL chunk: sweep=1/1 slot=8/10 executable_plans=1 chunk=20-20 of 50.
[2026-04-17T11:02:47Z] INFO Executing coupled DL chunk: sweep=1/1 slot=8/10 chunk=20-20 of 50.
[2026-04-17T11:02:56Z] INFO Publishing coupled DL chunk results: sweep=1/1 slot=8/10 committed_rows=1 current_primary_rows=70.
[2026-04-17T11:03:02Z] INFO DL coupled publish: sweep 1/1 snr=12.000 ue=18/50 dlFrames=1/10 ulFrames=0/10 dlRows=70 ulRows=0.
[2026-04-17T11:03:03Z] INFO Prepared coupled DL chunk: sweep=1/1 slot=8/10 executable_plans=1 chunk=21-21 of 50.
[2026-04-17T11:03:03Z] INFO Executing coupled DL chunk: sweep=1/1 slot=8/10 chunk=21-21 of 50.
[2026-04-17T11:03:12Z] INFO Publishing coupled DL chunk results: sweep=1/1 slot=8/10 committed_rows=1 current_primary_rows=71.
[2026-04-17T11:03:18Z] INFO DL coupled publish: sweep 1/1 snr=12.000 ue=34/50 dlFrames=1/10 ulFrames=0/10 dlRows=71 ulRows=0.
[2026-04-17T11:03:20Z] INFO Prepared coupled DL chunk: sweep=1/1 slot=8/10 executable_plans=1 chunk=22-22 of 50.
[2026-04-17T11:03:20Z] INFO Executing coupled DL chunk: sweep=1/1 slot=8/10 chunk=22-22 of 50.
[2026-04-17T11:03:31Z] INFO Publishing coupled DL chunk results: sweep=1/1 slot=8/10 committed_rows=1 current_primary_rows=72.
[2026-04-17T11:03:38Z] INFO DL coupled publish: sweep 1/1 snr=12.000 ue=12/50 dlFrames=1/10 ulFrames=0/10 dlRows=72 ulRows=0.
[2026-04-17T11:03:39Z] INFO Prepared coupled DL chunk: sweep=1/1 slot=8/10 executable_plans=1 chunk=23-23 of 50.
[2026-04-17T11:03:39Z] INFO Executing coupled DL chunk: sweep=1/1 slot=8/10 chunk=23-23 of 50.
[2026-04-17T11:03:47Z] INFO Publishing coupled DL chunk results: sweep=1/1 slot=8/10 committed_rows=1 current_primary_rows=73.
[2026-04-17T11:03:53Z] INFO DL coupled publish: sweep 1/1 snr=12.000 ue=13/50 dlFrames=1/10 ulFrames=0/10 dlRows=73 ulRows=0.
[2026-04-17T11:03:55Z] INFO Prepared coupled DL chunk: sweep=1/1 slot=8/10 executable_plans=1 chunk=24-24 of 50.
[2026-04-17T11:03:55Z] INFO Executing coupled DL chunk: sweep=1/1 slot=8/10 chunk=24-24 of 50.
[2026-04-17T11:04:05Z] INFO Publishing coupled DL chunk results: sweep=1/1 slot=8/10 committed_rows=1 current_primary_rows=74.
[2026-04-17T11:04:12Z] INFO DL coupled publish: sweep 1/1 snr=12.000 ue=15/50 dlFrames=1/10 ulFrames=0/10 dlRows=74 ulRows=0.
[2026-04-17T11:04:13Z] INFO Prepared coupled DL chunk: sweep=1/1 slot=8/10 executable_plans=1 chunk=25-25 of 50.
[2026-04-17T11:04:13Z] INFO Executing coupled DL chunk: sweep=1/1 slot=8/10 chunk=25-25 of 50.
[2026-04-17T11:04:23Z] INFO Publishing coupled DL chunk results: sweep=1/1 slot=8/10 committed_rows=1 current_primary_rows=75.
[2026-04-17T11:04:30Z] INFO DL coupled publish: sweep 1/1 snr=12.000 ue=16/50 dlFrames=1/10 ulFrames=0/10 dlRows=75 ulRows=0.
[2026-04-17T11:04:31Z] INFO Prepared coupled DL chunk: sweep=1/1 slot=8/10 executable_plans=1 chunk=26-26 of 50.
[2026-04-17T11:04:31Z] INFO Executing coupled DL chunk: sweep=1/1 slot=8/10 chunk=26-26 of 50.
[2026-04-17T11:04:42Z] INFO Publishing coupled DL chunk results: sweep=1/1 slot=8/10 committed_rows=1 current_primary_rows=76.
[2026-04-17T11:04:48Z] INFO DL coupled publish: sweep 1/1 snr=12.000 ue=23/50 dlFrames=1/10 ulFrames=0/10 dlRows=76 ulRows=0.
[2026-04-17T11:04:49Z] INFO Prepared coupled DL chunk: sweep=1/1 slot=8/10 executable_plans=1 chunk=27-27 of 50.
[2026-04-17T11:04:49Z] INFO Executing coupled DL chunk: sweep=1/1 slot=8/10 chunk=27-27 of 50.
[2026-04-17T11:05:00Z] INFO Publishing coupled DL chunk results: sweep=1/1 slot=8/10 committed_rows=1 current_primary_rows=77.
[2026-04-17T11:05:07Z] INFO DL coupled publish: sweep 1/1 snr=12.000 ue=24/50 dlFrames=1/10 ulFrames=0/10 dlRows=77 ulRows=0.
[2026-04-17T11:05:08Z] INFO Prepared coupled DL chunk: sweep=1/1 slot=8/10 executable_plans=1 chunk=28-28 of 50.
[2026-04-17T11:05:08Z] INFO Executing coupled DL chunk: sweep=1/1 slot=8/10 chunk=28-28 of 50.
[2026-04-17T11:05:16Z] INFO Publishing coupled DL chunk results: sweep=1/1 slot=8/10 committed_rows=1 current_primary_rows=78.
[2026-04-17T11:05:22Z] INFO DL coupled publish: sweep 1/1 snr=12.000 ue=33/50 dlFrames=1/10 ulFrames=0/10 dlRows=78 ulRows=0.
[2026-04-17T11:05:23Z] INFO Prepared coupled DL chunk: sweep=1/1 slot=8/10 executable_plans=1 chunk=29-29 of 50.
[2026-04-17T11:05:23Z] INFO Executing coupled DL chunk: sweep=1/1 slot=8/10 chunk=29-29 of 50.
[2026-04-17T11:05:33Z] INFO Publishing coupled DL chunk results: sweep=1/1 slot=8/10 committed_rows=1 current_primary_rows=79.
[2026-04-17T11:05:39Z] INFO DL coupled publish: sweep 1/1 snr=12.000 ue=22/50 dlFrames=1/10 ulFrames=0/10 dlRows=79 ulRows=0.
[2026-04-17T11:05:40Z] INFO Prepared coupled DL chunk: sweep=1/1 slot=8/10 executable_plans=1 chunk=30-30 of 50.
[2026-04-17T11:05:40Z] INFO Executing coupled DL chunk: sweep=1/1 slot=8/10 chunk=30-30 of 50.
[2026-04-17T11:05:51Z] INFO Publishing coupled DL chunk results: sweep=1/1 slot=8/10 committed_rows=1 current_primary_rows=80.
[2026-04-17T11:05:57Z] INFO DL coupled publish: sweep 1/1 snr=12.000 ue=38/50 dlFrames=1/10 ulFrames=0/10 dlRows=80 ulRows=0.
[2026-04-17T11:05:58Z] INFO Prepared coupled DL chunk: sweep=1/1 slot=8/10 executable_plans=1 chunk=31-31 of 50.
[2026-04-17T11:05:58Z] INFO Executing coupled DL chunk: sweep=1/1 slot=8/10 chunk=31-31 of 50.
[2026-04-17T11:06:10Z] INFO Publishing coupled DL chunk results: sweep=1/1 slot=8/10 committed_rows=1 current_primary_rows=81.
[2026-04-17T11:06:16Z] INFO DL coupled publish: sweep 1/1 snr=12.000 ue=42/50 dlFrames=1/10 ulFrames=0/10 dlRows=81 ulRows=0.
[2026-04-17T11:06:17Z] INFO Prepared coupled DL chunk: sweep=1/1 slot=8/10 executable_plans=1 chunk=32-32 of 50.
[2026-04-17T11:06:17Z] INFO Executing coupled DL chunk: sweep=1/1 slot=8/10 chunk=32-32 of 50.
[2026-04-17T11:06:27Z] INFO Publishing coupled DL chunk results: sweep=1/1 slot=8/10 committed_rows=1 current_primary_rows=82.
[2026-04-17T11:06:33Z] INFO DL coupled publish: sweep 1/1 snr=12.000 ue=20/50 dlFrames=1/10 ulFrames=0/10 dlRows=82 ulRows=0.
[2026-04-17T11:06:34Z] INFO Prepared coupled DL chunk: sweep=1/1 slot=8/10 executable_plans=1 chunk=33-33 of 50.
[2026-04-17T11:06:34Z] INFO Executing coupled DL chunk: sweep=1/1 slot=8/10 chunk=33-33 of 50.
[2026-04-17T11:06:45Z] INFO Publishing coupled DL chunk results: sweep=1/1 slot=8/10 committed_rows=1 current_primary_rows=83.
[2026-04-17T11:06:51Z] INFO DL coupled publish: sweep 1/1 snr=12.000 ue=32/50 dlFrames=1/10 ulFrames=0/10 dlRows=83 ulRows=0.
[2026-04-17T11:06:52Z] INFO Prepared coupled DL chunk: sweep=1/1 slot=8/10 executable_plans=1 chunk=34-34 of 50.
[2026-04-17T11:06:52Z] INFO Executing coupled DL chunk: sweep=1/1 slot=8/10 chunk=34-34 of 50.
[2026-04-17T11:07:02Z] INFO Publishing coupled DL chunk results: sweep=1/1 slot=8/10 committed_rows=1 current_primary_rows=84.
[2026-04-17T11:07:08Z] INFO DL coupled publish: sweep 1/1 snr=12.000 ue=37/50 dlFrames=1/10 ulFrames=0/10 dlRows=84 ulRows=0.
[2026-04-17T11:07:09Z] INFO Prepared coupled DL chunk: sweep=1/1 slot=8/10 executable_plans=1 chunk=35-35 of 50.
[2026-04-17T11:07:09Z] INFO Executing coupled DL chunk: sweep=1/1 slot=8/10 chunk=35-35 of 50.
[2026-04-17T11:07:20Z] INFO Publishing coupled DL chunk results: sweep=1/1 slot=8/10 committed_rows=1 current_primary_rows=85.
[2026-04-17T11:07:26Z] INFO DL coupled publish: sweep 1/1 snr=12.000 ue=40/50 dlFrames=1/10 ulFrames=0/10 dlRows=85 ulRows=0.
[2026-04-17T11:07:27Z] INFO Prepared coupled DL chunk: sweep=1/1 slot=8/10 executable_plans=1 chunk=36-36 of 50.
[2026-04-17T11:07:27Z] INFO Executing coupled DL chunk: sweep=1/1 slot=8/10 chunk=36-36 of 50.
[2026-04-17T11:07:37Z] INFO Publishing coupled DL chunk results: sweep=1/1 slot=8/10 committed_rows=1 current_primary_rows=86.
[2026-04-17T11:07:43Z] INFO DL coupled publish: sweep 1/1 snr=12.000 ue=44/50 dlFrames=1/10 ulFrames=0/10 dlRows=86 ulRows=0.
[2026-04-17T11:07:44Z] INFO Prepared coupled DL chunk: sweep=1/1 slot=8/10 executable_plans=1 chunk=37-37 of 50.
[2026-04-17T11:07:44Z] INFO Executing coupled DL chunk: sweep=1/1 slot=8/10 chunk=37-37 of 50.
[2026-04-17T11:07:53Z] INFO Publishing coupled DL chunk results: sweep=1/1 slot=8/10 committed_rows=1 current_primary_rows=87.
[2026-04-17T11:07:59Z] INFO DL coupled publish: sweep 1/1 snr=12.000 ue=49/50 dlFrames=1/10 ulFrames=0/10 dlRows=87 ulRows=0.
[2026-04-17T11:08:00Z] INFO Prepared coupled DL chunk: sweep=1/1 slot=8/10 executable_plans=1 chunk=38-38 of 50.
[2026-04-17T11:08:00Z] INFO Executing coupled DL chunk: sweep=1/1 slot=8/10 chunk=38-38 of 50.
[2026-04-17T11:08:10Z] INFO Publishing coupled DL chunk results: sweep=1/1 slot=8/10 committed_rows=1 current_primary_rows=88.
[2026-04-17T11:08:16Z] INFO DL coupled publish: sweep 1/1 snr=12.000 ue=30/50 dlFrames=1/10 ulFrames=0/10 dlRows=88 ulRows=0.
[2026-04-17T11:08:17Z] INFO Prepared coupled DL chunk: sweep=1/1 slot=8/10 executable_plans=1 chunk=39-39 of 50.
[2026-04-17T11:08:17Z] INFO Executing coupled DL chunk: sweep=1/1 slot=8/10 chunk=39-39 of 50.
[2026-04-17T11:08:27Z] INFO Publishing coupled DL chunk results: sweep=1/1 slot=8/10 committed_rows=1 current_primary_rows=89.
[2026-04-17T11:08:33Z] INFO DL coupled publish: sweep 1/1 snr=12.000 ue=46/50 dlFrames=1/10 ulFrames=0/10 dlRows=89 ulRows=0.
[2026-04-17T11:08:34Z] INFO Prepared coupled DL chunk: sweep=1/1 slot=8/10 executable_plans=1 chunk=40-40 of 50.
[2026-04-17T11:08:34Z] INFO Executing coupled DL chunk: sweep=1/1 slot=8/10 chunk=40-40 of 50.
[2026-04-17T11:08:43Z] INFO Publishing coupled DL chunk results: sweep=1/1 slot=8/10 committed_rows=1 current_primary_rows=90.
[2026-04-17T11:08:49Z] INFO DL coupled publish: sweep 1/1 snr=12.000 ue=1/50 dlFrames=1/10 ulFrames=0/10 dlRows=90 ulRows=0.
[2026-04-17T11:08:50Z] INFO Prepared coupled DL chunk: sweep=1/1 slot=8/10 executable_plans=1 chunk=41-41 of 50.
[2026-04-17T11:08:50Z] INFO Executing coupled DL chunk: sweep=1/1 slot=8/10 chunk=41-41 of 50.
[2026-04-17T11:09:00Z] INFO Publishing coupled DL chunk results: sweep=1/1 slot=8/10 committed_rows=1 current_primary_rows=91.
[2026-04-17T11:09:06Z] INFO DL coupled publish: sweep 1/1 snr=12.000 ue=8/50 dlFrames=1/10 ulFrames=0/10 dlRows=91 ulRows=0.
[2026-04-17T11:09:06Z] INFO Prepared coupled DL chunk: sweep=1/1 slot=8/10 executable_plans=1 chunk=42-42 of 50.
[2026-04-17T11:09:06Z] INFO Executing coupled DL chunk: sweep=1/1 slot=8/10 chunk=42-42 of 50.
[2026-04-17T11:09:15Z] INFO Publishing coupled DL chunk results: sweep=1/1 slot=8/10 committed_rows=1 current_primary_rows=92.
[2026-04-17T11:09:21Z] INFO DL coupled publish: sweep 1/1 snr=12.000 ue=11/50 dlFrames=1/10 ulFrames=0/10 dlRows=92 ulRows=0.
[2026-04-17T11:09:22Z] INFO Prepared coupled DL chunk: sweep=1/1 slot=8/10 executable_plans=1 chunk=43-43 of 50.
[2026-04-17T11:09:22Z] INFO Executing coupled DL chunk: sweep=1/1 slot=8/10 chunk=43-43 of 50.
[2026-04-17T11:09:31Z] INFO Publishing coupled DL chunk results: sweep=1/1 slot=8/10 committed_rows=1 current_primary_rows=93.
[2026-04-17T11:09:37Z] INFO DL coupled publish: sweep 1/1 snr=12.000 ue=17/50 dlFrames=1/10 ulFrames=0/10 dlRows=93 ulRows=0.
[2026-04-17T11:09:38Z] INFO Prepared coupled DL chunk: sweep=1/1 slot=8/10 executable_plans=1 chunk=44-44 of 50.
[2026-04-17T11:09:38Z] INFO Executing coupled DL chunk: sweep=1/1 slot=8/10 chunk=44-44 of 50.
[2026-04-17T11:09:48Z] INFO Publishing coupled DL chunk results: sweep=1/1 slot=8/10 committed_rows=1 current_primary_rows=94.
[2026-04-17T11:09:54Z] INFO DL coupled publish: sweep 1/1 snr=12.000 ue=21/50 dlFrames=1/10 ulFrames=0/10 dlRows=94 ulRows=0.
[2026-04-17T11:09:55Z] INFO Prepared coupled DL chunk: sweep=1/1 slot=8/10 executable_plans=1 chunk=45-45 of 50.
[2026-04-17T11:09:55Z] INFO Executing coupled DL chunk: sweep=1/1 slot=8/10 chunk=45-45 of 50.
[2026-04-17T11:10:05Z] INFO Publishing coupled DL chunk results: sweep=1/1 slot=8/10 committed_rows=1 current_primary_rows=95.
[2026-04-17T11:10:12Z] INFO DL coupled publish: sweep 1/1 snr=12.000 ue=25/50 dlFrames=1/10 ulFrames=0/10 dlRows=95 ulRows=0.
[2026-04-17T11:10:12Z] INFO Prepared coupled DL chunk: sweep=1/1 slot=8/10 executable_plans=1 chunk=46-46 of 50.
[2026-04-17T11:10:12Z] INFO Executing coupled DL chunk: sweep=1/1 slot=8/10 chunk=46-46 of 50.
[2026-04-17T11:10:21Z] INFO Publishing coupled DL chunk results: sweep=1/1 slot=8/10 committed_rows=1 current_primary_rows=96.
[2026-04-17T11:10:28Z] INFO DL coupled publish: sweep 1/1 snr=12.000 ue=28/50 dlFrames=1/10 ulFrames=0/10 dlRows=96 ulRows=0.
[2026-04-17T11:10:29Z] INFO Prepared coupled DL chunk: sweep=1/1 slot=8/10 executable_plans=1 chunk=47-47 of 50.
[2026-04-17T11:10:29Z] INFO Executing coupled DL chunk: sweep=1/1 slot=8/10 chunk=47-47 of 50.
[2026-04-17T11:10:36Z] INFO Publishing coupled DL chunk results: sweep=1/1 slot=8/10 committed_rows=1 current_primary_rows=97.
[2026-04-17T11:10:42Z] INFO DL coupled publish: sweep 1/1 snr=12.000 ue=31/50 dlFrames=1/10 ulFrames=0/10 dlRows=97 ulRows=0.
[2026-04-17T11:10:43Z] INFO Prepared coupled DL chunk: sweep=1/1 slot=8/10 executable_plans=1 chunk=48-48 of 50.
[2026-04-17T11:10:43Z] INFO Executing coupled DL chunk: sweep=1/1 slot=8/10 chunk=48-48 of 50.
[2026-04-17T11:10:51Z] INFO Publishing coupled DL chunk results: sweep=1/1 slot=8/10 committed_rows=1 current_primary_rows=98.
[2026-04-17T11:10:57Z] INFO DL coupled publish: sweep 1/1 snr=12.000 ue=36/50 dlFrames=1/10 ulFrames=0/10 dlRows=98 ulRows=0.
[2026-04-17T11:10:58Z] INFO Prepared coupled DL chunk: sweep=1/1 slot=8/10 executable_plans=1 chunk=49-49 of 50.
[2026-04-17T11:10:58Z] INFO Executing coupled DL chunk: sweep=1/1 slot=8/10 chunk=49-49 of 50.
[2026-04-17T11:11:09Z] INFO Publishing coupled DL chunk results: sweep=1/1 slot=8/10 committed_rows=1 current_primary_rows=99.
[2026-04-17T11:11:15Z] INFO DL coupled publish: sweep 1/1 snr=12.000 ue=39/50 dlFrames=1/10 ulFrames=0/10 dlRows=99 ulRows=0.
[2026-04-17T11:11:16Z] INFO Prepared coupled DL chunk: sweep=1/1 slot=8/10 executable_plans=1 chunk=50-50 of 50.
[2026-04-17T11:11:16Z] INFO Executing coupled DL chunk: sweep=1/1 slot=8/10 chunk=50-50 of 50.
[2026-04-17T11:11:23Z] INFO Publishing coupled DL chunk results: sweep=1/1 slot=8/10 committed_rows=1 current_primary_rows=100.
[2026-04-17T11:11:29Z] INFO DL coupled publish: sweep 1/1 snr=12.000 ue=48/50 dlFrames=1/10 ulFrames=0/10 dlRows=100 ulRows=0.
[2026-04-17T11:11:29Z] INFO Coupled canonical slot prepared: sweep=1/1 slot=9/10 duplex=S allow_dl=1 allow_ul=1.
[2026-04-17T11:11:31Z] INFO Coupled control gating complete: slot=9 frame=1 pbch_attempts=0 prach_attempts=0 srs_attempts=12 trs_attempts=5 acquired=50/50 access=50/50 valid_srs=25/50 valid_trs_cells=5/5 tracked_serving_users=50/50 eligible=50/50.
[2026-04-17T11:11:37Z] INFO DL coupled publish: sweep 1/1 snr=12.000 ue=0/50 dlFrames=1/10 ulFrames=0/10 dlRows=100 ulRows=0.
[2026-04-17T11:11:39Z] INFO Coupled DL schedule complete: sweep=1/1 slot=9/10 active=50 granted=50 grants=50.
[2026-04-17T11:11:46Z] INFO Coupled DL PDCCH qualification complete: sweep=1/1 slot=9/10 executable_grants=50.
[2026-04-17T11:11:46Z] INFO Preparing coupled DL batches: sweep=1/1 slot=9/10 candidate_grants=50 batch_size=1.
[2026-04-17T11:11:47Z] INFO Prepared coupled DL chunk: sweep=1/1 slot=9/10 executable_plans=1 chunk=1-1 of 50.
[2026-04-17T11:11:47Z] INFO Executing coupled DL chunk: sweep=1/1 slot=9/10 chunk=1-1 of 50.
[2026-04-17T11:11:54Z] INFO Publishing coupled DL chunk results: sweep=1/1 slot=9/10 committed_rows=1 current_primary_rows=101.
[2026-04-17T11:12:01Z] INFO DL coupled publish: sweep 1/1 snr=12.000 ue=3/50 dlFrames=1/10 ulFrames=0/10 dlRows=101 ulRows=0.
[2026-04-17T11:12:01Z] INFO Prepared coupled DL chunk: sweep=1/1 slot=9/10 executable_plans=1 chunk=2-2 of 50.
[2026-04-17T11:12:01Z] INFO Executing coupled DL chunk: sweep=1/1 slot=9/10 chunk=2-2 of 50.
[2026-04-17T11:12:08Z] INFO Publishing coupled DL chunk results: sweep=1/1 slot=9/10 committed_rows=1 current_primary_rows=102.
[2026-04-17T11:12:14Z] INFO DL coupled publish: sweep 1/1 snr=12.000 ue=26/50 dlFrames=1/10 ulFrames=0/10 dlRows=102 ulRows=0.
[2026-04-17T11:12:15Z] INFO Prepared coupled DL chunk: sweep=1/1 slot=9/10 executable_plans=1 chunk=3-3 of 50.
[2026-04-17T11:12:15Z] INFO Executing coupled DL chunk: sweep=1/1 slot=9/10 chunk=3-3 of 50.
[2026-04-17T11:12:21Z] INFO Publishing coupled DL chunk results: sweep=1/1 slot=9/10 committed_rows=1 current_primary_rows=103.
[2026-04-17T11:12:27Z] INFO DL coupled publish: sweep 1/1 snr=12.000 ue=43/50 dlFrames=1/10 ulFrames=0/10 dlRows=103 ulRows=0.
[2026-04-17T11:12:28Z] INFO Prepared coupled DL chunk: sweep=1/1 slot=9/10 executable_plans=1 chunk=4-4 of 50.
[2026-04-17T11:12:28Z] INFO Executing coupled DL chunk: sweep=1/1 slot=9/10 chunk=4-4 of 50.
[2026-04-17T11:12:33Z] INFO Publishing coupled DL chunk results: sweep=1/1 slot=9/10 committed_rows=1 current_primary_rows=104.
[2026-04-17T11:12:40Z] INFO DL coupled publish: sweep 1/1 snr=12.000 ue=47/50 dlFrames=1/10 ulFrames=0/10 dlRows=104 ulRows=0.
[2026-04-17T11:12:40Z] INFO Prepared coupled DL chunk: sweep=1/1 slot=9/10 executable_plans=1 chunk=5-5 of 50.
[2026-04-17T11:12:40Z] INFO Executing coupled DL chunk: sweep=1/1 slot=9/10 chunk=5-5 of 50.
[2026-04-17T11:12:48Z] INFO Publishing coupled DL chunk results: sweep=1/1 slot=9/10 committed_rows=1 current_primary_rows=105.
[2026-04-17T11:12:55Z] INFO DL coupled publish: sweep 1/1 snr=12.000 ue=19/50 dlFrames=1/10 ulFrames=0/10 dlRows=105 ulRows=0.
[2026-04-17T11:12:55Z] INFO Prepared coupled DL chunk: sweep=1/1 slot=9/10 executable_plans=1 chunk=6-6 of 50.
[2026-04-17T11:12:55Z] INFO Executing coupled DL chunk: sweep=1/1 slot=9/10 chunk=6-6 of 50.
[2026-04-17T11:13:03Z] INFO Publishing coupled DL chunk results: sweep=1/1 slot=9/10 committed_rows=1 current_primary_rows=106.
[2026-04-17T11:13:10Z] INFO DL coupled publish: sweep 1/1 snr=12.000 ue=14/50 dlFrames=1/10 ulFrames=0/10 dlRows=106 ulRows=0.
[2026-04-17T11:13:11Z] INFO Prepared coupled DL chunk: sweep=1/1 slot=9/10 executable_plans=1 chunk=7-7 of 50.
[2026-04-17T11:13:11Z] INFO Executing coupled DL chunk: sweep=1/1 slot=9/10 chunk=7-7 of 50.
[2026-04-17T11:13:17Z] INFO Publishing coupled DL chunk results: sweep=1/1 slot=9/10 committed_rows=1 current_primary_rows=107.
[2026-04-17T11:13:24Z] INFO DL coupled publish: sweep 1/1 snr=12.000 ue=5/50 dlFrames=1/10 ulFrames=0/10 dlRows=107 ulRows=0.
[2026-04-17T11:13:24Z] INFO Prepared coupled DL chunk: sweep=1/1 slot=9/10 executable_plans=1 chunk=8-8 of 50.
[2026-04-17T11:13:24Z] INFO Executing coupled DL chunk: sweep=1/1 slot=9/10 chunk=8-8 of 50.
[2026-04-17T11:13:30Z] INFO Publishing coupled DL chunk results: sweep=1/1 slot=9/10 committed_rows=1 current_primary_rows=108.
[2026-04-17T11:13:37Z] INFO DL coupled publish: sweep 1/1 snr=12.000 ue=9/50 dlFrames=1/10 ulFrames=0/10 dlRows=108 ulRows=0.
[2026-04-17T11:13:37Z] INFO Prepared coupled DL chunk: sweep=1/1 slot=9/10 executable_plans=1 chunk=9-9 of 50.
[2026-04-17T11:13:37Z] INFO Executing coupled DL chunk: sweep=1/1 slot=9/10 chunk=9-9 of 50.
[2026-04-17T11:13:42Z] INFO Publishing coupled DL chunk results: sweep=1/1 slot=9/10 committed_rows=1 current_primary_rows=109.
[2026-04-17T11:13:48Z] INFO DL coupled publish: sweep 1/1 snr=12.000 ue=40/50 dlFrames=1/10 ulFrames=0/10 dlRows=109 ulRows=0.
[2026-04-17T11:13:49Z] INFO Prepared coupled DL chunk: sweep=1/1 slot=9/10 executable_plans=1 chunk=10-10 of 50.
[2026-04-17T11:13:49Z] INFO Executing coupled DL chunk: sweep=1/1 slot=9/10 chunk=10-10 of 50.
[2026-04-17T11:13:58Z] INFO Publishing coupled DL chunk results: sweep=1/1 slot=9/10 committed_rows=1 current_primary_rows=110.
[2026-04-17T11:14:04Z] INFO DL coupled publish: sweep 1/1 snr=12.000 ue=10/50 dlFrames=1/10 ulFrames=0/10 dlRows=110 ulRows=0.
[2026-04-17T11:14:05Z] INFO Prepared coupled DL chunk: sweep=1/1 slot=9/10 executable_plans=1 chunk=11-11 of 50.
[2026-04-17T11:14:05Z] INFO Executing coupled DL chunk: sweep=1/1 slot=9/10 chunk=11-11 of 50.
[2026-04-17T11:14:11Z] INFO Publishing coupled DL chunk results: sweep=1/1 slot=9/10 committed_rows=1 current_primary_rows=111.
[2026-04-17T11:14:18Z] INFO DL coupled publish: sweep 1/1 snr=12.000 ue=35/50 dlFrames=1/10 ulFrames=0/10 dlRows=111 ulRows=0.
[2026-04-17T11:14:18Z] INFO Prepared coupled DL chunk: sweep=1/1 slot=9/10 executable_plans=1 chunk=12-12 of 50.
[2026-04-17T11:14:18Z] INFO Executing coupled DL chunk: sweep=1/1 slot=9/10 chunk=12-12 of 50.
[2026-04-17T11:14:26Z] INFO Publishing coupled DL chunk results: sweep=1/1 slot=9/10 committed_rows=1 current_primary_rows=112.
[2026-04-17T11:14:33Z] INFO DL coupled publish: sweep 1/1 snr=12.000 ue=50/50 dlFrames=1/10 ulFrames=0/10 dlRows=112 ulRows=0.
[2026-04-17T11:14:33Z] INFO Prepared coupled DL chunk: sweep=1/1 slot=9/10 executable_plans=1 chunk=13-13 of 50.
[2026-04-17T11:14:33Z] INFO Executing coupled DL chunk: sweep=1/1 slot=9/10 chunk=13-13 of 50.
[2026-04-17T11:14:40Z] INFO Publishing coupled DL chunk results: sweep=1/1 slot=9/10 committed_rows=1 current_primary_rows=113.
[2026-04-17T11:14:47Z] INFO DL coupled publish: sweep 1/1 snr=12.000 ue=4/50 dlFrames=1/10 ulFrames=0/10 dlRows=113 ulRows=0.
[2026-04-17T11:14:47Z] INFO Prepared coupled DL chunk: sweep=1/1 slot=9/10 executable_plans=1 chunk=14-14 of 50.
[2026-04-17T11:14:47Z] INFO Executing coupled DL chunk: sweep=1/1 slot=9/10 chunk=14-14 of 50.
[2026-04-17T11:14:53Z] INFO Publishing coupled DL chunk results: sweep=1/1 slot=9/10 committed_rows=1 current_primary_rows=114.
[2026-04-17T11:15:00Z] INFO DL coupled publish: sweep 1/1 snr=12.000 ue=6/50 dlFrames=1/10 ulFrames=0/10 dlRows=114 ulRows=0.
[2026-04-17T11:15:01Z] INFO Prepared coupled DL chunk: sweep=1/1 slot=9/10 executable_plans=1 chunk=15-15 of 50.
[2026-04-17T11:15:01Z] INFO Executing coupled DL chunk: sweep=1/1 slot=9/10 chunk=15-15 of 50.
[2026-04-17T11:15:07Z] INFO Publishing coupled DL chunk results: sweep=1/1 slot=9/10 committed_rows=1 current_primary_rows=115.
[2026-04-17T11:15:14Z] INFO DL coupled publish: sweep 1/1 snr=12.000 ue=29/50 dlFrames=1/10 ulFrames=0/10 dlRows=115 ulRows=0.
[2026-04-17T11:15:14Z] INFO Prepared coupled DL chunk: sweep=1/1 slot=9/10 executable_plans=1 chunk=16-16 of 50.
[2026-04-17T11:15:14Z] INFO Executing coupled DL chunk: sweep=1/1 slot=9/10 chunk=16-16 of 50.
[2026-04-17T11:15:21Z] INFO Publishing coupled DL chunk results: sweep=1/1 slot=9/10 committed_rows=1 current_primary_rows=116.
[2026-04-17T11:15:28Z] INFO DL coupled publish: sweep 1/1 snr=12.000 ue=41/50 dlFrames=1/10 ulFrames=0/10 dlRows=116 ulRows=0.
[2026-04-17T11:15:28Z] INFO Prepared coupled DL chunk: sweep=1/1 slot=9/10 executable_plans=1 chunk=17-17 of 50.
[2026-04-17T11:15:28Z] INFO Executing coupled DL chunk: sweep=1/1 slot=9/10 chunk=17-17 of 50.
[2026-04-17T11:15:34Z] INFO Publishing coupled DL chunk results: sweep=1/1 slot=9/10 committed_rows=1 current_primary_rows=117.
[2026-04-17T11:15:40Z] INFO DL coupled publish: sweep 1/1 snr=12.000 ue=45/50 dlFrames=1/10 ulFrames=0/10 dlRows=117 ulRows=0.
[2026-04-17T11:15:41Z] INFO Prepared coupled DL chunk: sweep=1/1 slot=9/10 executable_plans=1 chunk=18-18 of 50.
[2026-04-17T11:15:41Z] INFO Executing coupled DL chunk: sweep=1/1 slot=9/10 chunk=18-18 of 50.
[2026-04-17T11:15:46Z] INFO Publishing coupled DL chunk results: sweep=1/1 slot=9/10 committed_rows=1 current_primary_rows=118.
[2026-04-17T11:15:53Z] INFO DL coupled publish: sweep 1/1 snr=12.000 ue=2/50 dlFrames=1/10 ulFrames=0/10 dlRows=118 ulRows=0.
[2026-04-17T11:15:54Z] INFO Prepared coupled DL chunk: sweep=1/1 slot=9/10 executable_plans=1 chunk=19-19 of 50.
[2026-04-17T11:15:54Z] INFO Executing coupled DL chunk: sweep=1/1 slot=9/10 chunk=19-19 of 50.
[2026-04-17T11:16:00Z] INFO Publishing coupled DL chunk results: sweep=1/1 slot=9/10 committed_rows=1 current_primary_rows=119.
[2026-04-17T11:16:06Z] INFO DL coupled publish: sweep 1/1 snr=12.000 ue=15/50 dlFrames=1/10 ulFrames=0/10 dlRows=119 ulRows=0.
[2026-04-17T11:16:07Z] INFO Prepared coupled DL chunk: sweep=1/1 slot=9/10 executable_plans=1 chunk=20-20 of 50.
[2026-04-17T11:16:07Z] INFO Executing coupled DL chunk: sweep=1/1 slot=9/10 chunk=20-20 of 50.
[2026-04-17T11:16:13Z] INFO Publishing coupled DL chunk results: sweep=1/1 slot=9/10 committed_rows=1 current_primary_rows=120.
[2026-04-17T11:16:19Z] INFO DL coupled publish: sweep 1/1 snr=12.000 ue=23/50 dlFrames=1/10 ulFrames=0/10 dlRows=120 ulRows=0.
[2026-04-17T11:16:20Z] INFO Prepared coupled DL chunk: sweep=1/1 slot=9/10 executable_plans=1 chunk=21-21 of 50.
[2026-04-17T11:16:20Z] INFO Executing coupled DL chunk: sweep=1/1 slot=9/10 chunk=21-21 of 50.
[2026-04-17T11:16:26Z] INFO Publishing coupled DL chunk results: sweep=1/1 slot=9/10 committed_rows=1 current_primary_rows=121.
[2026-04-17T11:16:33Z] INFO DL coupled publish: sweep 1/1 snr=12.000 ue=18/50 dlFrames=1/10 ulFrames=0/10 dlRows=121 ulRows=0.
[2026-04-17T11:16:34Z] INFO Prepared coupled DL chunk: sweep=1/1 slot=9/10 executable_plans=1 chunk=22-22 of 50.
[2026-04-17T11:16:34Z] INFO Executing coupled DL chunk: sweep=1/1 slot=9/10 chunk=22-22 of 50.
[2026-04-17T11:16:40Z] INFO Publishing coupled DL chunk results: sweep=1/1 slot=9/10 committed_rows=1 current_primary_rows=122.
[2026-04-17T11:16:47Z] INFO DL coupled publish: sweep 1/1 snr=12.000 ue=12/50 dlFrames=1/10 ulFrames=0/10 dlRows=122 ulRows=0.
[2026-04-17T11:16:47Z] INFO Prepared coupled DL chunk: sweep=1/1 slot=9/10 executable_plans=1 chunk=23-23 of 50.
[2026-04-17T11:16:47Z] INFO Executing coupled DL chunk: sweep=1/1 slot=9/10 chunk=23-23 of 50.
[2026-04-17T11:16:53Z] INFO Publishing coupled DL chunk results: sweep=1/1 slot=9/10 committed_rows=1 current_primary_rows=123.
[2026-04-17T11:17:00Z] INFO DL coupled publish: sweep 1/1 snr=12.000 ue=13/50 dlFrames=1/10 ulFrames=0/10 dlRows=123 ulRows=0.
[2026-04-17T11:17:00Z] INFO Prepared coupled DL chunk: sweep=1/1 slot=9/10 executable_plans=1 chunk=24-24 of 50.
[2026-04-17T11:17:00Z] INFO Executing coupled DL chunk: sweep=1/1 slot=9/10 chunk=24-24 of 50.
[2026-04-17T11:17:07Z] INFO Publishing coupled DL chunk results: sweep=1/1 slot=9/10 committed_rows=1 current_primary_rows=124.
[2026-04-17T11:17:14Z] INFO DL coupled publish: sweep 1/1 snr=12.000 ue=16/50 dlFrames=1/10 ulFrames=0/10 dlRows=124 ulRows=0.
[2026-04-17T11:17:15Z] INFO Prepared coupled DL chunk: sweep=1/1 slot=9/10 executable_plans=1 chunk=25-25 of 50.
[2026-04-17T11:17:15Z] INFO Executing coupled DL chunk: sweep=1/1 slot=9/10 chunk=25-25 of 50.
[2026-04-17T11:17:22Z] INFO Publishing coupled DL chunk results: sweep=1/1 slot=9/10 committed_rows=1 current_primary_rows=125.
[2026-04-17T11:17:28Z] INFO DL coupled publish: sweep 1/1 snr=12.000 ue=24/50 dlFrames=1/10 ulFrames=0/10 dlRows=125 ulRows=0.
[2026-04-17T11:17:29Z] INFO Prepared coupled DL chunk: sweep=1/1 slot=9/10 executable_plans=1 chunk=26-26 of 50.
[2026-04-17T11:17:29Z] INFO Executing coupled DL chunk: sweep=1/1 slot=9/10 chunk=26-26 of 50.
[2026-04-17T11:17:33Z] INFO Publishing coupled DL chunk results: sweep=1/1 slot=9/10 committed_rows=1 current_primary_rows=126.
[2026-04-17T11:17:40Z] INFO DL coupled publish: sweep 1/1 snr=12.000 ue=33/50 dlFrames=1/10 ulFrames=0/10 dlRows=126 ulRows=0.
[2026-04-17T11:17:40Z] INFO Prepared coupled DL chunk: sweep=1/1 slot=9/10 executable_plans=1 chunk=27-27 of 50.
[2026-04-17T11:17:40Z] INFO Executing coupled DL chunk: sweep=1/1 slot=9/10 chunk=27-27 of 50.
[2026-04-17T11:17:47Z] INFO Publishing coupled DL chunk results: sweep=1/1 slot=9/10 committed_rows=1 current_primary_rows=127.
[2026-04-17T11:17:54Z] INFO DL coupled publish: sweep 1/1 snr=12.000 ue=22/50 dlFrames=1/10 ulFrames=0/10 dlRows=127 ulRows=0.
[2026-04-17T11:17:55Z] INFO Prepared coupled DL chunk: sweep=1/1 slot=9/10 executable_plans=1 chunk=28-28 of 50.
[2026-04-17T11:17:55Z] INFO Executing coupled DL chunk: sweep=1/1 slot=9/10 chunk=28-28 of 50.
[2026-04-17T11:18:02Z] INFO Publishing coupled DL chunk results: sweep=1/1 slot=9/10 committed_rows=1 current_primary_rows=128.
[2026-04-17T11:18:08Z] INFO DL coupled publish: sweep 1/1 snr=12.000 ue=34/50 dlFrames=1/10 ulFrames=0/10 dlRows=128 ulRows=0.
[2026-04-17T11:18:09Z] INFO Prepared coupled DL chunk: sweep=1/1 slot=9/10 executable_plans=1 chunk=29-29 of 50.
[2026-04-17T11:18:09Z] INFO Executing coupled DL chunk: sweep=1/1 slot=9/10 chunk=29-29 of 50.
[2026-04-17T11:18:15Z] INFO Publishing coupled DL chunk results: sweep=1/1 slot=9/10 committed_rows=1 current_primary_rows=129.
[2026-04-17T11:18:22Z] INFO DL coupled publish: sweep 1/1 snr=12.000 ue=42/50 dlFrames=1/10 ulFrames=0/10 dlRows=129 ulRows=0.
[2026-04-17T11:18:23Z] INFO Prepared coupled DL chunk: sweep=1/1 slot=9/10 executable_plans=1 chunk=30-30 of 50.
[2026-04-17T11:18:23Z] INFO Executing coupled DL chunk: sweep=1/1 slot=9/10 chunk=30-30 of 50.
[2026-04-17T11:18:30Z] INFO Publishing coupled DL chunk results: sweep=1/1 slot=9/10 committed_rows=1 current_primary_rows=130.
[2026-04-17T11:18:37Z] INFO DL coupled publish: sweep 1/1 snr=12.000 ue=38/50 dlFrames=1/10 ulFrames=0/10 dlRows=130 ulRows=0.
[2026-04-17T11:18:37Z] INFO Prepared coupled DL chunk: sweep=1/1 slot=9/10 executable_plans=1 chunk=31-31 of 50.
[2026-04-17T11:18:37Z] INFO Executing coupled DL chunk: sweep=1/1 slot=9/10 chunk=31-31 of 50.
[2026-04-17T11:18:43Z] INFO Publishing coupled DL chunk results: sweep=1/1 slot=9/10 committed_rows=1 current_primary_rows=131.
[2026-04-17T11:18:50Z] INFO DL coupled publish: sweep 1/1 snr=12.000 ue=8/50 dlFrames=1/10 ulFrames=0/10 dlRows=131 ulRows=0.
[2026-04-17T11:18:51Z] INFO Prepared coupled DL chunk: sweep=1/1 slot=9/10 executable_plans=1 chunk=32-32 of 50.
[2026-04-17T11:18:51Z] INFO Executing coupled DL chunk: sweep=1/1 slot=9/10 chunk=32-32 of 50.
[2026-04-17T11:18:57Z] INFO Publishing coupled DL chunk results: sweep=1/1 slot=9/10 committed_rows=1 current_primary_rows=132.
[2026-04-17T11:19:04Z] INFO DL coupled publish: sweep 1/1 snr=12.000 ue=20/50 dlFrames=1/10 ulFrames=0/10 dlRows=132 ulRows=0.
[2026-04-17T11:19:04Z] INFO Prepared coupled DL chunk: sweep=1/1 slot=9/10 executable_plans=1 chunk=33-33 of 50.
[2026-04-17T11:19:04Z] INFO Executing coupled DL chunk: sweep=1/1 slot=9/10 chunk=33-33 of 50.
[2026-04-17T11:19:12Z] INFO Publishing coupled DL chunk results: sweep=1/1 slot=9/10 committed_rows=1 current_primary_rows=133.
[2026-04-17T11:19:18Z] INFO DL coupled publish: sweep 1/1 snr=12.000 ue=32/50 dlFrames=1/10 ulFrames=0/10 dlRows=133 ulRows=0.
[2026-04-17T11:19:19Z] INFO Prepared coupled DL chunk: sweep=1/1 slot=9/10 executable_plans=1 chunk=34-34 of 50.
[2026-04-17T11:19:19Z] INFO Executing coupled DL chunk: sweep=1/1 slot=9/10 chunk=34-34 of 50.
[2026-04-17T11:19:24Z] INFO Publishing coupled DL chunk results: sweep=1/1 slot=9/10 committed_rows=1 current_primary_rows=134.
[2026-04-17T11:19:31Z] INFO DL coupled publish: sweep 1/1 snr=12.000 ue=37/50 dlFrames=1/10 ulFrames=0/10 dlRows=134 ulRows=0.
[2026-04-17T11:19:31Z] INFO Prepared coupled DL chunk: sweep=1/1 slot=9/10 executable_plans=1 chunk=35-35 of 50.
[2026-04-17T11:19:31Z] INFO Executing coupled DL chunk: sweep=1/1 slot=9/10 chunk=35-35 of 50.
[2026-04-17T11:19:37Z] INFO Publishing coupled DL chunk results: sweep=1/1 slot=9/10 committed_rows=1 current_primary_rows=135.
[2026-04-17T11:19:44Z] INFO DL coupled publish: sweep 1/1 snr=12.000 ue=44/50 dlFrames=1/10 ulFrames=0/10 dlRows=135 ulRows=0.
[2026-04-17T11:19:44Z] INFO Prepared coupled DL chunk: sweep=1/1 slot=9/10 executable_plans=1 chunk=36-36 of 50.
[2026-04-17T11:19:44Z] INFO Executing coupled DL chunk: sweep=1/1 slot=9/10 chunk=36-36 of 50.
[2026-04-17T11:19:50Z] INFO Publishing coupled DL chunk results: sweep=1/1 slot=9/10 committed_rows=1 current_primary_rows=136.
[2026-04-17T11:19:57Z] INFO DL coupled publish: sweep 1/1 snr=12.000 ue=49/50 dlFrames=1/10 ulFrames=0/10 dlRows=136 ulRows=0.
[2026-04-17T11:19:57Z] INFO Prepared coupled DL chunk: sweep=1/1 slot=9/10 executable_plans=1 chunk=37-37 of 50.
[2026-04-17T11:19:57Z] INFO Executing coupled DL chunk: sweep=1/1 slot=9/10 chunk=37-37 of 50.
[2026-04-17T11:20:02Z] INFO Publishing coupled DL chunk results: sweep=1/1 slot=9/10 committed_rows=1 current_primary_rows=137.
[2026-04-17T11:20:08Z] INFO DL coupled publish: sweep 1/1 snr=12.000 ue=30/50 dlFrames=1/10 ulFrames=0/10 dlRows=137 ulRows=0.
[2026-04-17T11:20:09Z] INFO Prepared coupled DL chunk: sweep=1/1 slot=9/10 executable_plans=1 chunk=38-38 of 50.
[2026-04-17T11:20:09Z] INFO Executing coupled DL chunk: sweep=1/1 slot=9/10 chunk=38-38 of 50.
[2026-04-17T11:20:15Z] INFO Publishing coupled DL chunk results: sweep=1/1 slot=9/10 committed_rows=1 current_primary_rows=138.
[2026-04-17T11:20:22Z] INFO DL coupled publish: sweep 1/1 snr=12.000 ue=39/50 dlFrames=1/10 ulFrames=0/10 dlRows=138 ulRows=0.
[2026-04-17T11:20:22Z] INFO Prepared coupled DL chunk: sweep=1/1 slot=9/10 executable_plans=1 chunk=39-39 of 50.
[2026-04-17T11:20:22Z] INFO Executing coupled DL chunk: sweep=1/1 slot=9/10 chunk=39-39 of 50.
[2026-04-17T11:20:29Z] INFO Publishing coupled DL chunk results: sweep=1/1 slot=9/10 committed_rows=1 current_primary_rows=139.
[2026-04-17T11:20:36Z] INFO DL coupled publish: sweep 1/1 snr=12.000 ue=7/50 dlFrames=1/10 ulFrames=0/10 dlRows=139 ulRows=0.
[2026-04-17T11:20:36Z] INFO Prepared coupled DL chunk: sweep=1/1 slot=9/10 executable_plans=1 chunk=40-40 of 50.
[2026-04-17T11:20:36Z] INFO Executing coupled DL chunk: sweep=1/1 slot=9/10 chunk=40-40 of 50.
[2026-04-17T11:20:44Z] INFO Publishing coupled DL chunk results: sweep=1/1 slot=9/10 committed_rows=1 current_primary_rows=140.
[2026-04-17T11:20:51Z] INFO DL coupled publish: sweep 1/1 snr=12.000 ue=46/50 dlFrames=1/10 ulFrames=0/10 dlRows=140 ulRows=0.
[2026-04-17T11:20:51Z] INFO Prepared coupled DL chunk: sweep=1/1 slot=9/10 executable_plans=1 chunk=41-41 of 50.
[2026-04-17T11:20:51Z] INFO Executing coupled DL chunk: sweep=1/1 slot=9/10 chunk=41-41 of 50.
[2026-04-17T11:20:57Z] INFO Publishing coupled DL chunk results: sweep=1/1 slot=9/10 committed_rows=1 current_primary_rows=141.
[2026-04-17T11:21:04Z] INFO DL coupled publish: sweep 1/1 snr=12.000 ue=27/50 dlFrames=1/10 ulFrames=0/10 dlRows=141 ulRows=0.
[2026-04-17T11:21:04Z] INFO Prepared coupled DL chunk: sweep=1/1 slot=9/10 executable_plans=1 chunk=42-42 of 50.
[2026-04-17T11:21:04Z] INFO Executing coupled DL chunk: sweep=1/1 slot=9/10 chunk=42-42 of 50.
[2026-04-17T11:21:10Z] INFO Publishing coupled DL chunk results: sweep=1/1 slot=9/10 committed_rows=1 current_primary_rows=142.
[2026-04-17T11:21:17Z] INFO DL coupled publish: sweep 1/1 snr=12.000 ue=11/50 dlFrames=1/10 ulFrames=0/10 dlRows=142 ulRows=0.
[2026-04-17T11:21:17Z] INFO Prepared coupled DL chunk: sweep=1/1 slot=9/10 executable_plans=1 chunk=43-43 of 50.
[2026-04-17T11:21:17Z] INFO Executing coupled DL chunk: sweep=1/1 slot=9/10 chunk=43-43 of 50.
[2026-04-17T11:21:23Z] INFO Publishing coupled DL chunk results: sweep=1/1 slot=9/10 committed_rows=1 current_primary_rows=143.
[2026-04-17T11:21:30Z] INFO DL coupled publish: sweep 1/1 snr=12.000 ue=1/50 dlFrames=1/10 ulFrames=0/10 dlRows=143 ulRows=0.
[2026-04-17T11:21:30Z] INFO Prepared coupled DL chunk: sweep=1/1 slot=9/10 executable_plans=1 chunk=44-44 of 50.
[2026-04-17T11:21:30Z] INFO Executing coupled DL chunk: sweep=1/1 slot=9/10 chunk=44-44 of 50.
[2026-04-17T11:21:35Z] INFO Publishing coupled DL chunk results: sweep=1/1 slot=9/10 committed_rows=1 current_primary_rows=144.
[2026-04-17T11:21:42Z] INFO DL coupled publish: sweep 1/1 snr=12.000 ue=17/50 dlFrames=1/10 ulFrames=0/10 dlRows=144 ulRows=0.
[2026-04-17T11:21:43Z] INFO Prepared coupled DL chunk: sweep=1/1 slot=9/10 executable_plans=1 chunk=45-45 of 50.
[2026-04-17T11:21:43Z] INFO Executing coupled DL chunk: sweep=1/1 slot=9/10 chunk=45-45 of 50.
[2026-04-17T11:21:49Z] INFO Publishing coupled DL chunk results: sweep=1/1 slot=9/10 committed_rows=1 current_primary_rows=145.
[2026-04-17T11:21:56Z] INFO DL coupled publish: sweep 1/1 snr=12.000 ue=21/50 dlFrames=1/10 ulFrames=0/10 dlRows=145 ulRows=0.
[2026-04-17T11:21:56Z] INFO Prepared coupled DL chunk: sweep=1/1 slot=9/10 executable_plans=1 chunk=46-46 of 50.
[2026-04-17T11:21:56Z] INFO Executing coupled DL chunk: sweep=1/1 slot=9/10 chunk=46-46 of 50.
[2026-04-17T11:22:02Z] INFO Publishing coupled DL chunk results: sweep=1/1 slot=9/10 committed_rows=1 current_primary_rows=146.
[2026-04-17T11:22:09Z] INFO DL coupled publish: sweep 1/1 snr=12.000 ue=25/50 dlFrames=1/10 ulFrames=0/10 dlRows=146 ulRows=0.
[2026-04-17T11:22:09Z] INFO Prepared coupled DL chunk: sweep=1/1 slot=9/10 executable_plans=1 chunk=47-47 of 50.
[2026-04-17T11:22:09Z] INFO Executing coupled DL chunk: sweep=1/1 slot=9/10 chunk=47-47 of 50.
[2026-04-17T11:22:14Z] INFO Publishing coupled DL chunk results: sweep=1/1 slot=9/10 committed_rows=1 current_primary_rows=147.
[2026-04-17T11:22:21Z] INFO DL coupled publish: sweep 1/1 snr=12.000 ue=28/50 dlFrames=1/10 ulFrames=0/10 dlRows=147 ulRows=0.
[2026-04-17T11:22:21Z] INFO Prepared coupled DL chunk: sweep=1/1 slot=9/10 executable_plans=1 chunk=48-48 of 50.
[2026-04-17T11:22:21Z] INFO Executing coupled DL chunk: sweep=1/1 slot=9/10 chunk=48-48 of 50.
[2026-04-17T11:22:28Z] INFO Publishing coupled DL chunk results: sweep=1/1 slot=9/10 committed_rows=1 current_primary_rows=148.
[2026-04-17T11:22:35Z] INFO DL coupled publish: sweep 1/1 snr=12.000 ue=31/50 dlFrames=1/10 ulFrames=0/10 dlRows=148 ulRows=0.
[2026-04-17T11:22:35Z] INFO Prepared coupled DL chunk: sweep=1/1 slot=9/10 executable_plans=1 chunk=49-49 of 50.
[2026-04-17T11:22:35Z] INFO Executing coupled DL chunk: sweep=1/1 slot=9/10 chunk=49-49 of 50.
[2026-04-17T11:22:40Z] INFO Publishing coupled DL chunk results: sweep=1/1 slot=9/10 committed_rows=1 current_primary_rows=149.
[2026-04-17T11:22:47Z] INFO DL coupled publish: sweep 1/1 snr=12.000 ue=36/50 dlFrames=1/10 ulFrames=0/10 dlRows=149 ulRows=0.
[2026-04-17T11:22:48Z] INFO Prepared coupled DL chunk: sweep=1/1 slot=9/10 executable_plans=1 chunk=50-50 of 50.
[2026-04-17T11:22:48Z] INFO Executing coupled DL chunk: sweep=1/1 slot=9/10 chunk=50-50 of 50.
[2026-04-17T11:22:54Z] INFO Publishing coupled DL chunk results: sweep=1/1 slot=9/10 committed_rows=1 current_primary_rows=150.
[2026-04-17T11:23:01Z] INFO DL coupled publish: sweep 1/1 snr=12.000 ue=48/50 dlFrames=1/10 ulFrames=0/10 dlRows=150 ulRows=0.
[2026-04-17T11:23:03Z] INFO Coupled UL schedule complete: sweep=1/1 slot=9/10 active=50 granted=48 grants=48.
[2026-04-17T11:23:10Z] INFO Coupled UL PDCCH qualification complete: sweep=1/1 slot=9/10 executable_grants=48.
[2026-04-17T11:23:10Z] INFO Preparing coupled UL batches: sweep=1/1 slot=9/10 candidate_grants=48 batch_size=1.
[2026-04-17T11:23:11Z] INFO Prepared coupled UL chunk: sweep=1/1 slot=9/10 executable_plans=1 chunk=1-1 of 48.
[2026-04-17T11:23:11Z] INFO Executing coupled UL chunk: sweep=1/1 slot=9/10 chunk=1-1 of 48.
[2026-04-17T11:23:14Z] ERROR Run failed: sixgr:link:StrictCoverageUnsupported | Strict mode forbids skipping PUSCH coverage because every frame crashed: The number of columns of the signal input (64) must be equal to the number of antenna elements or subarrays defined in TransmitAntennaArray (4).
{Error using sixgr.link.failIfStrictCoverageGap
Strict mode forbids skipping PUSCH coverage because every frame crashed: The number of columns of the signal input (64) must be equal to the number of antenna elements or
subarrays defined in TransmitAntennaArray (4).

Error in sixgr.link.runULPUSCHThroughput (line 764)
    sixgr.link.failIfStrictCoverageGap(cfg, "sixgr:link:StrictCoverageUnsupported", ...

Error in sixgr.truth.executeGrantPHYJob (line 32)
    res = sixgr.link.runULPUSCHThroughput(cfg, args{:});

Error in sixgr.truth.runWaveformLinkBundle>localRunSingleFrameDirectionTrial (line 2164)
    jobResult = sixgr.truth.executeGrantPHYJob(job);

Error in sixgr.truth.runWaveformLinkBundle>localExecuteCoupledGrantBatchPlan (line 2358)
[userT, userConst, waveT, laStateOut, res] = localRunSingleFrameDirectionTrial( ...

Error in sixgr.truth.runWaveformLinkBundle>localRunCoupledGrantBatch (line 2325)
        batch(bi) = localExecuteCoupledGrantBatchPlan(batch(bi), multiUser, direction, snr_dB, absoluteFrame);

Error in sixgr.truth.runWaveformLinkBundle>localExecuteCoupledDirectionBatch (line 2203)
    chunk = localRunCoupledGrantBatch(chunk, multiUser, direction, snr_dB, absoluteFrame);

Error in sixgr.truth.runWaveformLinkBundle>localCollectCoupledTruthMultiUserLinkTrialsAcrossSweep (line 2128)
            [runtimeState, ulTrials, ulConstT, ulStates] = localExecuteCoupledDirectionBatch( ...

Error in sixgr.truth.runWaveformLinkBundle>localExportLinkRawTrialTables (line 737)
        localCollectCoupledTruthMultiUserLinkTrialsAcrossSweep(cfg, runFolder, multiUser, nTrials, snrGrid, ...

Error in sixgr.truth.runWaveformLinkBundle (line 110)
rawTrials = localExportLinkRawTrialTables(cfgExec, runFolder, res, sweepPlan.PrimaryTrialsPerSNR, snrGrid(:), multiUser, saveFigures, liveMobilityArtifacts);

Error in sixgr.lls6g.runners.runSingle>localRunWaveformBundleScenario (line 67)
link = sixgr.truth.runWaveformLinkBundle(cfg, fullfile(runFolder, "air_interface"), opt);

Error in sixgr.lls6g.runners.runSingle>localExecutePreparedScenario (line 663)
            result = localRunWaveformBundleScenario(cfg, scfg, runFolder);

Error in sixgr.lls6g.runners.runSingle (line 30)
execOut = localExecutePreparedScenario(scfg, runFolder, leaf, logicalRunFolder);

Error in run_6g_phy_lls_single (line 14)
out = sixgr.lls6g.runners.runSingle(configPath, outputDir, runTag);
} 
ERROR: MATLAB error Exit Status: 0x00000001
