[2026-04-20T15:55:50Z] INFO Preparing LLS run: scenario=lls_3gpp_rel20_anchor_4ghz_100mhz_waveform_honest_200ue_1frame runTag=webgui_rel20_4ghz_100mhz_200ue_1frame_rootfix6_srsdoppler_20260420_201500 runFolder=C:\Users\Administrator\AppData\Local\Temp\2\sixgr_mysql_web_runs\lls_3gpp_rel20_anchor_4ghz_100mhz_waveform_honest_200ue_1frame\webgui_rel20_4ghz_100mhz_200ue_1frame_rootfix6_srsdoppler_20260420_201500
[2026-04-20T15:55:51Z] INFO Artifact store active=1 backend=mysql_web schema=sixgr_results
[2026-04-20T15:55:51Z] INFO Writing resolved snapshots.
[2026-04-20T15:55:52Z] INFO Exporting live geometry artifacts.
[2026-04-20T15:55:53Z] INFO Executing runner profile=waveform_bundle.
[2026-04-20T15:55:53Z] INFO Waveform bundle starting: snr=12.000 dB sweepPoints=1 canonicalSlots=20 monteCarlo=1 slotDuration_s=0.000500
[TR38901Plus] Resolved config: Scenario=UMa Fc_Hz=4000000000 PathlossModel=nrPathLoss ShadowSigma_dB=6 PathlossEnabled=1 ShadowEnabled=1 LOSEnabled=1
[2026-04-20T15:56:02Z] INFO Coupled canonical slot prepared: sweep=1/1 slot=1/20 duplex=DL allow_dl=1 allow_ul=0.
[2026-04-20T16:02:09Z] INFO Coupled control gating complete: slot=1 frame=1 pbch_attempts=200 prach_attempts=0 srs_attempts=0 trs_attempts=21 acquired=200/200 access=0/200 valid_srs=0/200 valid_trs_cells=21/21 tracked_serving_users=200/200 eligible=0/200.
[2026-04-20T16:02:15Z] INFO DL coupled publish: sweep 1/1 snr=12.000 ue=0/200 dlFrames=0/20 ulFrames=0/20 dlRows=0 ulRows=0.
[2026-04-20T16:02:21Z] INFO Coupled DL schedule complete: sweep=1/1 slot=1/20 active=0 granted=0 grants=0.
[2026-04-20T16:02:21Z] INFO Coupled DL PDCCH qualification complete: sweep=1/1 slot=1/20 executable_grants=0.
[2026-04-20T16:02:21Z] INFO Preparing coupled DL batches: sweep=1/1 slot=1/20 candidate_grants=0 batch_size=16.
[2026-04-20T16:02:21Z] INFO Coupled canonical slot prepared: sweep=1/1 slot=2/20 duplex=DL allow_dl=1 allow_ul=0.
[2026-04-20T16:02:24Z] INFO Coupled control gating complete: slot=2 frame=1 pbch_attempts=0 prach_attempts=0 srs_attempts=0 trs_attempts=0 acquired=200/200 access=0/200 valid_srs=0/200 valid_trs_cells=21/21 tracked_serving_users=200/200 eligible=0/200.
[2026-04-20T16:02:29Z] INFO DL coupled publish: sweep 1/1 snr=12.000 ue=0/200 dlFrames=0/20 ulFrames=0/20 dlRows=0 ulRows=0.
[2026-04-20T16:02:35Z] INFO Coupled DL schedule complete: sweep=1/1 slot=2/20 active=0 granted=0 grants=0.
[2026-04-20T16:02:35Z] INFO Coupled DL PDCCH qualification complete: sweep=1/1 slot=2/20 executable_grants=0.
[2026-04-20T16:02:35Z] INFO Preparing coupled DL batches: sweep=1/1 slot=2/20 candidate_grants=0 batch_size=16.
[2026-04-20T16:02:35Z] INFO Coupled canonical slot prepared: sweep=1/1 slot=3/20 duplex=DL allow_dl=1 allow_ul=0.
[2026-04-20T16:02:38Z] INFO Coupled control gating complete: slot=3 frame=1 pbch_attempts=0 prach_attempts=0 srs_attempts=0 trs_attempts=0 acquired=200/200 access=0/200 valid_srs=0/200 valid_trs_cells=21/21 tracked_serving_users=200/200 eligible=0/200.
[2026-04-20T16:02:43Z] INFO DL coupled publish: sweep 1/1 snr=12.000 ue=0/200 dlFrames=0/20 ulFrames=0/20 dlRows=0 ulRows=0.
[2026-04-20T16:02:50Z] INFO Coupled DL schedule complete: sweep=1/1 slot=3/20 active=0 granted=0 grants=0.
[2026-04-20T16:02:50Z] INFO Coupled DL PDCCH qualification complete: sweep=1/1 slot=3/20 executable_grants=0.
[2026-04-20T16:02:50Z] INFO Preparing coupled DL batches: sweep=1/1 slot=3/20 candidate_grants=0 batch_size=16.
[2026-04-20T16:02:50Z] INFO Coupled canonical slot prepared: sweep=1/1 slot=4/20 duplex=S allow_dl=1 allow_ul=1.
[2026-04-20T16:02:52Z] INFO Coupled control gating complete: slot=4 frame=1 pbch_attempts=0 prach_attempts=0 srs_attempts=0 trs_attempts=0 acquired=200/200 access=0/200 valid_srs=0/200 valid_trs_cells=21/21 tracked_serving_users=200/200 eligible=0/200.
[2026-04-20T16:02:57Z] INFO DL coupled publish: sweep 1/1 snr=12.000 ue=0/200 dlFrames=0/20 ulFrames=0/20 dlRows=0 ulRows=0.
[2026-04-20T16:03:04Z] INFO Coupled DL schedule complete: sweep=1/1 slot=4/20 active=0 granted=0 grants=0.
[2026-04-20T16:03:04Z] INFO Coupled DL PDCCH qualification complete: sweep=1/1 slot=4/20 executable_grants=0.
[2026-04-20T16:03:04Z] INFO Preparing coupled DL batches: sweep=1/1 slot=4/20 candidate_grants=0 batch_size=16.
[2026-04-20T16:03:10Z] INFO Coupled UL schedule complete: sweep=1/1 slot=4/20 active=0 granted=0 grants=0.
[2026-04-20T16:03:10Z] INFO Coupled UL PDCCH qualification complete: sweep=1/1 slot=4/20 executable_grants=0.
[2026-04-20T16:03:10Z] INFO Preparing coupled UL batches: sweep=1/1 slot=4/20 candidate_grants=0 batch_size=16.
[2026-04-20T16:03:11Z] INFO Coupled canonical slot prepared: sweep=1/1 slot=5/20 duplex=UL allow_dl=0 allow_ul=1.
[2026-04-20T16:03:19Z] INFO Coupled control gating complete: slot=5 frame=1 pbch_attempts=0 prach_attempts=0 srs_attempts=0 trs_attempts=21 acquired=200/200 access=0/200 valid_srs=0/200 valid_trs_cells=21/21 tracked_serving_users=200/200 eligible=0/200.
[2026-04-20T16:03:24Z] INFO UL coupled publish: sweep 1/1 snr=12.000 ue=0/200 dlFrames=0/20 ulFrames=0/20 dlRows=0 ulRows=0.
[2026-04-20T16:03:31Z] INFO Coupled UL schedule complete: sweep=1/1 slot=5/20 active=0 granted=0 grants=0.
[2026-04-20T16:03:31Z] INFO Coupled UL PDCCH qualification complete: sweep=1/1 slot=5/20 executable_grants=0.
[2026-04-20T16:03:31Z] INFO Preparing coupled UL batches: sweep=1/1 slot=5/20 candidate_grants=0 batch_size=16.
[2026-04-20T16:03:31Z] INFO Coupled canonical slot prepared: sweep=1/1 slot=6/20 duplex=DL allow_dl=1 allow_ul=0.
[2026-04-20T16:03:34Z] INFO Coupled control gating complete: slot=6 frame=1 pbch_attempts=0 prach_attempts=0 srs_attempts=0 trs_attempts=0 acquired=200/200 access=0/200 valid_srs=0/200 valid_trs_cells=21/21 tracked_serving_users=200/200 eligible=0/200.
[2026-04-20T16:03:38Z] INFO DL coupled publish: sweep 1/1 snr=12.000 ue=0/200 dlFrames=0/20 ulFrames=0/20 dlRows=0 ulRows=0.
[2026-04-20T16:03:48Z] INFO Coupled DL schedule complete: sweep=1/1 slot=6/20 active=0 granted=0 grants=0.
[2026-04-20T16:03:48Z] INFO Coupled DL PDCCH qualification complete: sweep=1/1 slot=6/20 executable_grants=0.
[2026-04-20T16:03:48Z] INFO Preparing coupled DL batches: sweep=1/1 slot=6/20 candidate_grants=0 batch_size=16.
[2026-04-20T16:03:48Z] INFO Coupled canonical slot prepared: sweep=1/1 slot=7/20 duplex=DL allow_dl=1 allow_ul=0.
[2026-04-20T16:04:13Z] INFO Coupled control gating complete: slot=7 frame=1 pbch_attempts=0 prach_attempts=200 srs_attempts=0 trs_attempts=0 acquired=200/200 access=200/200 valid_srs=0/200 valid_trs_cells=21/21 tracked_serving_users=200/200 eligible=0/200.
[2026-04-20T16:04:20Z] INFO DL coupled publish: sweep 1/1 snr=12.000 ue=0/200 dlFrames=0/20 ulFrames=0/20 dlRows=0 ulRows=0.
[2026-04-20T16:04:30Z] INFO Coupled DL schedule complete: sweep=1/1 slot=7/20 active=200 granted=21 grants=21.
[2026-04-20T16:04:35Z] INFO Coupled DL PDCCH qualification complete: sweep=1/1 slot=7/20 executable_grants=21.
[2026-04-20T16:04:35Z] INFO Preparing coupled DL batches: sweep=1/1 slot=7/20 candidate_grants=21 batch_size=16.
[2026-04-20T16:04:35Z] INFO Preparing coupled DL resolved grant cache: candidate_grants=21.
[2026-04-20T16:08:24Z] INFO Prepared coupled DL resolved grant cache entries: 21/21.
[2026-04-20T16:08:24Z] INFO Prepared coupled DL resolved grant cache complete: entries=21 elapsed_s=229.271.
[2026-04-20T16:11:24Z] INFO Prepared coupled DL chunk: sweep=1/1 slot=7/20 executable_plans=16 chunk=1-16 of 21.
[2026-04-20T16:11:24Z] INFO Executing coupled DL chunk: sweep=1/1 slot=7/20 chunk=1-16 of 21.
[2026-04-20T16:12:54Z] INFO Publishing coupled DL chunk results: sweep=1/1 slot=7/20 committed_rows=16 current_primary_rows=16.
[2026-04-20T16:13:05Z] INFO DL coupled publish: sweep 1/1 snr=12.000 ue=1/200 dlFrames=1/20 ulFrames=0/20 dlRows=16 ulRows=0.
[2026-04-20T16:14:04Z] INFO Prepared coupled DL chunk: sweep=1/1 slot=7/20 executable_plans=5 chunk=17-21 of 21.
[2026-04-20T16:14:04Z] INFO Executing coupled DL chunk: sweep=1/1 slot=7/20 chunk=17-21 of 21.
[2026-04-20T16:14:29Z] INFO Publishing coupled DL chunk results: sweep=1/1 slot=7/20 committed_rows=5 current_primary_rows=21.
[2026-04-20T16:14:37Z] INFO DL coupled publish: sweep 1/1 snr=12.000 ue=27/200 dlFrames=1/20 ulFrames=0/20 dlRows=21 ulRows=0.
[2026-04-20T16:14:37Z] INFO Coupled canonical slot prepared: sweep=1/1 slot=8/20 duplex=DL allow_dl=1 allow_ul=0.
[2026-04-20T16:14:47Z] INFO Coupled control gating complete: slot=8 frame=1 pbch_attempts=0 prach_attempts=0 srs_attempts=50 trs_attempts=0 acquired=200/200 access=200/200 valid_srs=50/200 valid_trs_cells=21/21 tracked_serving_users=200/200 eligible=50/200.
[2026-04-20T16:14:56Z] INFO DL coupled publish: sweep 1/1 snr=12.000 ue=0/200 dlFrames=1/20 ulFrames=0/20 dlRows=21 ulRows=0.
[2026-04-20T16:15:06Z] INFO Coupled DL schedule complete: sweep=1/1 slot=8/20 active=200 granted=21 grants=21.
[2026-04-20T16:15:09Z] INFO Coupled DL PDCCH qualification complete: sweep=1/1 slot=8/20 executable_grants=21.
[2026-04-20T16:15:09Z] INFO Preparing coupled DL batches: sweep=1/1 slot=8/20 candidate_grants=21 batch_size=16.
[2026-04-20T16:15:09Z] INFO Preparing coupled DL resolved grant cache: candidate_grants=21.
[2026-04-20T16:18:58Z] INFO Prepared coupled DL resolved grant cache entries: 21/21.
[2026-04-20T16:18:58Z] INFO Prepared coupled DL resolved grant cache complete: entries=21 elapsed_s=229.084.
[2026-04-20T16:22:09Z] INFO Prepared coupled DL chunk: sweep=1/1 slot=8/20 executable_plans=16 chunk=1-16 of 21.
[2026-04-20T16:22:09Z] INFO Executing coupled DL chunk: sweep=1/1 slot=8/20 chunk=1-16 of 21.
[2026-04-20T16:23:28Z] INFO Publishing coupled DL chunk results: sweep=1/1 slot=8/20 committed_rows=16 current_primary_rows=37.
[2026-04-20T16:23:38Z] INFO DL coupled publish: sweep 1/1 snr=12.000 ue=2/200 dlFrames=1/20 ulFrames=0/20 dlRows=37 ulRows=0.
[2026-04-20T16:24:38Z] INFO Prepared coupled DL chunk: sweep=1/1 slot=8/20 executable_plans=5 chunk=17-21 of 21.
[2026-04-20T16:24:38Z] INFO Executing coupled DL chunk: sweep=1/1 slot=8/20 chunk=17-21 of 21.
[2026-04-20T16:25:03Z] INFO Publishing coupled DL chunk results: sweep=1/1 slot=8/20 committed_rows=5 current_primary_rows=42.
[2026-04-20T16:25:13Z] INFO DL coupled publish: sweep 1/1 snr=12.000 ue=47/200 dlFrames=1/20 ulFrames=0/20 dlRows=42 ulRows=0.
[2026-04-20T16:25:14Z] INFO Coupled canonical slot prepared: sweep=1/1 slot=9/20 duplex=S allow_dl=1 allow_ul=1.
[2026-04-20T16:25:29Z] INFO Coupled control gating complete: slot=9 frame=1 pbch_attempts=0 prach_attempts=0 srs_attempts=50 trs_attempts=21 acquired=200/200 access=200/200 valid_srs=100/200 valid_trs_cells=21/21 tracked_serving_users=200/200 eligible=100/200.
[2026-04-20T16:25:40Z] INFO DL coupled publish: sweep 1/1 snr=12.000 ue=0/200 dlFrames=1/20 ulFrames=0/20 dlRows=42 ulRows=0.
[2026-04-20T16:25:49Z] INFO Coupled DL schedule complete: sweep=1/1 slot=9/20 active=200 granted=21 grants=21.
[2026-04-20T16:25:53Z] INFO Coupled DL PDCCH qualification complete: sweep=1/1 slot=9/20 executable_grants=21.
[2026-04-20T16:25:53Z] INFO Preparing coupled DL batches: sweep=1/1 slot=9/20 candidate_grants=21 batch_size=16.
[2026-04-20T16:25:53Z] INFO Preparing coupled DL resolved grant cache: candidate_grants=21.
[2026-04-20T16:27:53Z] INFO Prepared coupled DL resolved grant cache entries: 21/21.
[2026-04-20T16:27:53Z] INFO Prepared coupled DL resolved grant cache complete: entries=21 elapsed_s=120.291.
[2026-04-20T16:29:29Z] INFO Prepared coupled DL chunk: sweep=1/1 slot=9/20 executable_plans=16 chunk=1-16 of 21.
[2026-04-20T16:29:29Z] INFO Executing coupled DL chunk: sweep=1/1 slot=9/20 chunk=1-16 of 21.
[2026-04-20T16:30:21Z] INFO Publishing coupled DL chunk results: sweep=1/1 slot=9/20 committed_rows=16 current_primary_rows=58.
[2026-04-20T16:30:32Z] INFO DL coupled publish: sweep 1/1 snr=12.000 ue=22/200 dlFrames=1/20 ulFrames=0/20 dlRows=58 ulRows=0.
[2026-04-20T16:31:03Z] INFO Prepared coupled DL chunk: sweep=1/1 slot=9/20 executable_plans=5 chunk=17-21 of 21.
[2026-04-20T16:31:03Z] INFO Executing coupled DL chunk: sweep=1/1 slot=9/20 chunk=17-21 of 21.
[2026-04-20T16:31:18Z] INFO Publishing coupled DL chunk results: sweep=1/1 slot=9/20 committed_rows=5 current_primary_rows=63.
[2026-04-20T16:31:29Z] INFO DL coupled publish: sweep 1/1 snr=12.000 ue=52/200 dlFrames=1/20 ulFrames=0/20 dlRows=63 ulRows=0.
[2026-04-20T16:31:38Z] INFO Coupled UL schedule complete: sweep=1/1 slot=9/20 active=100 granted=21 grants=21.
[2026-04-20T16:31:42Z] INFO Coupled UL PDCCH qualification complete: sweep=1/1 slot=9/20 executable_grants=21.
[2026-04-20T16:31:42Z] INFO Preparing coupled UL batches: sweep=1/1 slot=9/20 candidate_grants=21 batch_size=16.
[2026-04-20T16:31:42Z] INFO Preparing coupled UL resolved grant cache: candidate_grants=21.
[2026-04-20T16:32:19Z] INFO Prepared coupled UL resolved grant cache entries: 21/21.
[2026-04-20T16:32:19Z] INFO Prepared coupled UL resolved grant cache complete: entries=21 elapsed_s=36.850.
[2026-04-20T16:32:45Z] INFO Prepared coupled UL chunk: sweep=1/1 slot=9/20 executable_plans=16 chunk=1-16 of 21.
[2026-04-20T16:32:45Z] INFO Executing coupled UL chunk: sweep=1/1 slot=9/20 chunk=1-16 of 21.
[2026-04-20T16:42:11Z] INFO Publishing coupled UL chunk results: sweep=1/1 slot=9/20 committed_rows=16 current_primary_rows=16.
[2026-04-20T16:42:24Z] INFO UL coupled publish: sweep 1/1 snr=12.000 ue=22/200 dlFrames=1/20 ulFrames=1/20 dlRows=63 ulRows=16.
[2026-04-20T16:42:33Z] INFO Prepared coupled UL chunk: sweep=1/1 slot=9/20 executable_plans=5 chunk=17-21 of 21.
[2026-04-20T16:42:33Z] INFO Executing coupled UL chunk: sweep=1/1 slot=9/20 chunk=17-21 of 21.
[2026-04-20T16:45:28Z] INFO Publishing coupled UL chunk results: sweep=1/1 slot=9/20 committed_rows=5 current_primary_rows=21.
[2026-04-20T16:45:41Z] INFO UL coupled publish: sweep 1/1 snr=12.000 ue=26/200 dlFrames=1/20 ulFrames=1/20 dlRows=63 ulRows=21.
[2026-04-20T16:45:42Z] INFO Coupled canonical slot prepared: sweep=1/1 slot=10/20 duplex=UL allow_dl=0 allow_ul=1.
[2026-04-20T16:45:50Z] INFO Coupled control gating complete: slot=10 frame=1 pbch_attempts=0 prach_attempts=0 srs_attempts=50 trs_attempts=0 acquired=200/200 access=200/200 valid_srs=150/200 valid_trs_cells=21/21 tracked_serving_users=200/200 eligible=150/200.
[2026-04-20T16:46:04Z] INFO UL coupled publish: sweep 1/1 snr=12.000 ue=0/200 dlFrames=1/20 ulFrames=1/20 dlRows=63 ulRows=21.
[2026-04-20T16:46:14Z] INFO Coupled UL schedule complete: sweep=1/1 slot=10/20 active=150 granted=21 grants=21.
[2026-04-20T16:46:17Z] INFO Coupled UL PDCCH qualification complete: sweep=1/1 slot=10/20 executable_grants=21.
[2026-04-20T16:46:17Z] INFO Preparing coupled UL batches: sweep=1/1 slot=10/20 candidate_grants=21 batch_size=16.
[2026-04-20T16:46:17Z] INFO Preparing coupled UL resolved grant cache: candidate_grants=21.
[2026-04-20T16:47:25Z] INFO Prepared coupled UL resolved grant cache entries: 21/21.
[2026-04-20T16:47:25Z] INFO Prepared coupled UL resolved grant cache complete: entries=21 elapsed_s=67.606.
[2026-04-20T16:48:14Z] INFO Prepared coupled UL chunk: sweep=1/1 slot=10/20 executable_plans=16 chunk=1-16 of 21.
[2026-04-20T16:48:14Z] INFO Executing coupled UL chunk: sweep=1/1 slot=10/20 chunk=1-16 of 21.
[2026-04-20T17:01:16Z] INFO Publishing coupled UL chunk results: sweep=1/1 slot=10/20 committed_rows=16 current_primary_rows=37.
[2026-04-20T17:01:30Z] INFO UL coupled publish: sweep 1/1 snr=12.000 ue=22/200 dlFrames=1/20 ulFrames=1/20 dlRows=63 ulRows=37.
[2026-04-20T17:01:45Z] INFO Prepared coupled UL chunk: sweep=1/1 slot=10/20 executable_plans=5 chunk=17-21 of 21.
[2026-04-20T17:01:45Z] INFO Executing coupled UL chunk: sweep=1/1 slot=10/20 chunk=17-21 of 21.
[2026-04-20T17:05:51Z] INFO Publishing coupled UL chunk results: sweep=1/1 slot=10/20 committed_rows=5 current_primary_rows=42.
[2026-04-20T17:06:05Z] INFO UL coupled publish: sweep 1/1 snr=12.000 ue=26/200 dlFrames=1/20 ulFrames=1/20 dlRows=63 ulRows=42.
[2026-04-20T17:06:05Z] INFO Coupled canonical slot prepared: sweep=1/1 slot=11/20 duplex=DL allow_dl=1 allow_ul=0.
[2026-04-20T17:06:47Z] INFO Coupled control gating complete: slot=11 frame=1 pbch_attempts=0 prach_attempts=0 srs_attempts=50 trs_attempts=0 acquired=200/200 access=200/200 valid_srs=200/200 valid_trs_cells=21/21 tracked_serving_users=200/200 eligible=200/200.
[2026-04-20T17:07:02Z] INFO DL coupled publish: sweep 1/1 snr=12.000 ue=0/200 dlFrames=1/20 ulFrames=1/20 dlRows=63 ulRows=42.
[2026-04-20T17:07:10Z] INFO Coupled DL schedule complete: sweep=1/1 slot=11/20 active=200 granted=37 grants=37.
[2026-04-20T17:07:16Z] INFO Coupled DL PDCCH qualification complete: sweep=1/1 slot=11/20 executable_grants=37.
[2026-04-20T17:07:16Z] INFO Preparing coupled DL batches: sweep=1/1 slot=11/20 candidate_grants=37 batch_size=16.
[2026-04-20T17:07:16Z] INFO Preparing coupled DL resolved grant cache: candidate_grants=37.
[2026-04-20T17:07:43Z] INFO Prepared coupled DL resolved grant cache entries: 25/37.
[2026-04-20T17:08:21Z] INFO Prepared coupled DL resolved grant cache entries: 37/37.
[2026-04-20T17:08:21Z] INFO Prepared coupled DL resolved grant cache complete: entries=37 elapsed_s=64.141.
[2026-04-20T17:08:46Z] INFO Prepared coupled DL chunk: sweep=1/1 slot=11/20 executable_plans=16 chunk=1-16 of 37.
[2026-04-20T17:08:46Z] INFO Executing coupled DL chunk: sweep=1/1 slot=11/20 chunk=1-16 of 37.
[2026-04-20T17:09:42Z] INFO Publishing coupled DL chunk results: sweep=1/1 slot=11/20 committed_rows=16 current_primary_rows=79.
[2026-04-20T17:09:58Z] INFO DL coupled publish: sweep 1/1 snr=12.000 ue=66/200 dlFrames=1/20 ulFrames=1/20 dlRows=79 ulRows=42.
[2026-04-20T17:10:11Z] INFO Prepared coupled DL chunk: sweep=1/1 slot=11/20 executable_plans=16 chunk=17-32 of 37.
[2026-04-20T17:10:11Z] INFO Executing coupled DL chunk: sweep=1/1 slot=11/20 chunk=17-32 of 37.
