[2026-04-21T06:51:15Z] INFO Preparing LLS run: scenario=lls_3gpp_rel20_anchor_4ghz_100mhz_waveform_honest_200ue_1frame runTag=webgui_rel20_4ghz_100mhz_200ue_1frame_20260421_122105 runFolder=C:\Users\Administrator\AppData\Local\Temp\2\sixgr_mysql_web_runs\lls_3gpp_rel20_anchor_4ghz_100mhz_waveform_honest_200ue_1frame\webgui_rel20_4ghz_100mhz_200ue_1frame_20260421_122105
[2026-04-21T06:51:17Z] INFO Artifact store active=1 backend=mysql_web schema=sixgr_results
[2026-04-21T06:51:17Z] INFO Writing resolved snapshots.
[2026-04-21T06:51:18Z] INFO Exporting live geometry artifacts.
[2026-04-21T06:51:18Z] INFO Executing runner profile=waveform_bundle.
[2026-04-21T06:51:19Z] INFO Waveform bundle starting: snr=12.000 dB sweepPoints=1 canonicalSlots=20 monteCarlo=1 slotDuration_s=0.000500
[TR38901Plus] Resolved config: Scenario=UMa Fc_Hz=4000000000 PathlossModel=nrPathLoss ShadowSigma_dB=6 PathlossEnabled=1 ShadowEnabled=1 LOSEnabled=1
[2026-04-21T06:51:27Z] INFO Coupled canonical slot prepared: sweep=1/1 slot=1/20 duplex=DL allow_dl=1 allow_ul=0.
[2026-04-21T06:51:28Z] INFO Starting coupled pre-scheduling control gating for slot 1/20 with 200 UEs.
[2026-04-21T06:51:34Z] INFO Coupled control gating progress for slot 1/20: UE 1/200, PBCH=1 PRACH=0 SRS=0 TRS=1.
[2026-04-21T06:51:48Z] INFO Coupled control gating progress for slot 1/20: UE 10/200, PBCH=10 PRACH=0 SRS=0 TRS=8.
[2026-04-21T06:52:01Z] INFO Coupled control gating progress for slot 1/20: UE 20/200, PBCH=20 PRACH=0 SRS=0 TRS=14.
[2026-04-21T06:52:12Z] INFO Coupled control gating progress for slot 1/20: UE 30/200, PBCH=30 PRACH=0 SRS=0 TRS=18.
[2026-04-21T06:52:24Z] INFO Coupled control gating progress for slot 1/20: UE 40/200, PBCH=40 PRACH=0 SRS=0 TRS=20.
[2026-04-21T06:52:34Z] INFO Coupled control gating progress for slot 1/20: UE 50/200, PBCH=50 PRACH=0 SRS=0 TRS=20.
[2026-04-21T06:52:45Z] INFO Coupled control gating progress for slot 1/20: UE 60/200, PBCH=60 PRACH=0 SRS=0 TRS=20.
[2026-04-21T06:52:55Z] INFO Coupled control gating progress for slot 1/20: UE 70/200, PBCH=70 PRACH=0 SRS=0 TRS=20.
[2026-04-21T06:53:05Z] INFO Coupled control gating progress for slot 1/20: UE 80/200, PBCH=80 PRACH=0 SRS=0 TRS=20.
[2026-04-21T06:53:15Z] INFO Coupled control gating progress for slot 1/20: UE 90/200, PBCH=90 PRACH=0 SRS=0 TRS=20.
[2026-04-21T06:53:26Z] INFO Coupled control gating progress for slot 1/20: UE 100/200, PBCH=100 PRACH=0 SRS=0 TRS=20.
[2026-04-21T06:53:37Z] INFO Coupled control gating progress for slot 1/20: UE 110/200, PBCH=110 PRACH=0 SRS=0 TRS=21.
[2026-04-21T06:53:48Z] INFO Coupled control gating progress for slot 1/20: UE 120/200, PBCH=120 PRACH=0 SRS=0 TRS=21.
[2026-04-21T06:53:58Z] INFO Coupled control gating progress for slot 1/20: UE 130/200, PBCH=130 PRACH=0 SRS=0 TRS=21.
[2026-04-21T06:54:09Z] INFO Coupled control gating progress for slot 1/20: UE 140/200, PBCH=140 PRACH=0 SRS=0 TRS=21.
[2026-04-21T06:54:20Z] INFO Coupled control gating progress for slot 1/20: UE 150/200, PBCH=150 PRACH=0 SRS=0 TRS=21.
[2026-04-21T06:54:30Z] INFO Coupled control gating progress for slot 1/20: UE 160/200, PBCH=160 PRACH=0 SRS=0 TRS=21.
[2026-04-21T06:54:40Z] INFO Coupled control gating progress for slot 1/20: UE 170/200, PBCH=170 PRACH=0 SRS=0 TRS=21.
[2026-04-21T06:54:51Z] INFO Coupled control gating progress for slot 1/20: UE 180/200, PBCH=180 PRACH=0 SRS=0 TRS=21.
[2026-04-21T06:55:01Z] INFO Coupled control gating progress for slot 1/20: UE 190/200, PBCH=190 PRACH=0 SRS=0 TRS=21.
[2026-04-21T06:55:12Z] INFO Coupled control gating progress for slot 1/20: UE 200/200, PBCH=200 PRACH=0 SRS=0 TRS=21.
[2026-04-21T06:55:12Z] INFO Coupled control gating complete: slot=1 frame=1 pbch_attempts=200 prach_attempts=0 srs_attempts=0 trs_attempts=21 acquired=200/200 access=0/200 valid_srs=0/200 valid_trs_cells=21/21 tracked_serving_users=200/200 eligible=0/200.
[2026-04-21T06:55:12Z] INFO Coupled control gating complete for slot 1/20: acquired=200/200 access=0/200 valid_srs=0/200 valid_trs_cells=21/21 tracked_serving_users=200/200 eligible=0/200.
[2026-04-21T06:55:18Z] INFO DL coupled publish: sweep 1/1 snr=12.000 ue=0/200 dlFrames=0/20 ulFrames=0/20 dlRows=0 ulRows=0.
[2026-04-21T06:55:28Z] INFO Coupled DL schedule complete: sweep=1/1 slot=1/20 active=0 granted=0 grants=0.
[2026-04-21T06:55:28Z] INFO Coupled DL PDCCH qualification complete: sweep=1/1 slot=1/20 executable_grants=0.
[2026-04-21T06:55:28Z] INFO Preparing coupled DL batches: sweep=1/1 slot=1/20 candidate_grants=0 batch_size=32.
[2026-04-21T06:55:28Z] INFO Coupled canonical slot prepared: sweep=1/1 slot=2/20 duplex=DL allow_dl=1 allow_ul=0.
[2026-04-21T06:55:28Z] INFO Starting coupled pre-scheduling control gating for slot 2/20 with 200 UEs.
[2026-04-21T06:55:28Z] INFO Coupled control gating progress for slot 2/20: UE 1/200, PBCH=0 PRACH=0 SRS=0 TRS=0.
[2026-04-21T06:55:29Z] INFO Coupled control gating progress for slot 2/20: UE 10/200, PBCH=0 PRACH=0 SRS=0 TRS=0.
[2026-04-21T06:55:29Z] INFO Coupled control gating progress for slot 2/20: UE 20/200, PBCH=0 PRACH=0 SRS=0 TRS=0.
[2026-04-21T06:55:29Z] INFO Coupled control gating progress for slot 2/20: UE 30/200, PBCH=0 PRACH=0 SRS=0 TRS=0.
[2026-04-21T06:55:29Z] INFO Coupled control gating progress for slot 2/20: UE 40/200, PBCH=0 PRACH=0 SRS=0 TRS=0.
[2026-04-21T06:55:30Z] INFO Coupled control gating progress for slot 2/20: UE 50/200, PBCH=0 PRACH=0 SRS=0 TRS=0.
[2026-04-21T06:55:30Z] INFO Coupled control gating progress for slot 2/20: UE 60/200, PBCH=0 PRACH=0 SRS=0 TRS=0.
[2026-04-21T06:55:30Z] INFO Coupled control gating progress for slot 2/20: UE 70/200, PBCH=0 PRACH=0 SRS=0 TRS=0.
[2026-04-21T06:55:30Z] INFO Coupled control gating progress for slot 2/20: UE 80/200, PBCH=0 PRACH=0 SRS=0 TRS=0.
[2026-04-21T06:55:31Z] INFO Coupled control gating progress for slot 2/20: UE 90/200, PBCH=0 PRACH=0 SRS=0 TRS=0.
[2026-04-21T06:55:31Z] INFO Coupled control gating progress for slot 2/20: UE 100/200, PBCH=0 PRACH=0 SRS=0 TRS=0.
[2026-04-21T06:55:31Z] INFO Coupled control gating progress for slot 2/20: UE 110/200, PBCH=0 PRACH=0 SRS=0 TRS=0.
[2026-04-21T06:55:31Z] INFO Coupled control gating progress for slot 2/20: UE 120/200, PBCH=0 PRACH=0 SRS=0 TRS=0.
[2026-04-21T06:55:32Z] INFO Coupled control gating progress for slot 2/20: UE 130/200, PBCH=0 PRACH=0 SRS=0 TRS=0.
[2026-04-21T06:55:32Z] INFO Coupled control gating progress for slot 2/20: UE 140/200, PBCH=0 PRACH=0 SRS=0 TRS=0.
[2026-04-21T06:55:32Z] INFO Coupled control gating progress for slot 2/20: UE 150/200, PBCH=0 PRACH=0 SRS=0 TRS=0.
[2026-04-21T06:55:32Z] INFO Coupled control gating progress for slot 2/20: UE 160/200, PBCH=0 PRACH=0 SRS=0 TRS=0.
[2026-04-21T06:55:33Z] INFO Coupled control gating progress for slot 2/20: UE 170/200, PBCH=0 PRACH=0 SRS=0 TRS=0.
[2026-04-21T06:55:33Z] INFO Coupled control gating progress for slot 2/20: UE 180/200, PBCH=0 PRACH=0 SRS=0 TRS=0.
[2026-04-21T06:55:33Z] INFO Coupled control gating progress for slot 2/20: UE 190/200, PBCH=0 PRACH=0 SRS=0 TRS=0.
[2026-04-21T06:55:33Z] INFO Coupled control gating progress for slot 2/20: UE 200/200, PBCH=0 PRACH=0 SRS=0 TRS=0.
[2026-04-21T06:55:34Z] INFO Coupled control gating complete: slot=2 frame=1 pbch_attempts=0 prach_attempts=0 srs_attempts=0 trs_attempts=0 acquired=200/200 access=0/200 valid_srs=0/200 valid_trs_cells=21/21 tracked_serving_users=200/200 eligible=0/200.
[2026-04-21T06:55:34Z] INFO Coupled control gating complete for slot 2/20: acquired=200/200 access=0/200 valid_srs=0/200 valid_trs_cells=21/21 tracked_serving_users=200/200 eligible=0/200.
[2026-04-21T06:55:39Z] INFO DL coupled publish: sweep 1/1 snr=12.000 ue=0/200 dlFrames=0/20 ulFrames=0/20 dlRows=0 ulRows=0.
[2026-04-21T06:55:46Z] INFO Coupled DL schedule complete: sweep=1/1 slot=2/20 active=0 granted=0 grants=0.
[2026-04-21T06:55:46Z] INFO Coupled DL PDCCH qualification complete: sweep=1/1 slot=2/20 executable_grants=0.
[2026-04-21T06:55:46Z] INFO Preparing coupled DL batches: sweep=1/1 slot=2/20 candidate_grants=0 batch_size=32.
[2026-04-21T06:55:46Z] INFO Coupled canonical slot prepared: sweep=1/1 slot=3/20 duplex=DL allow_dl=1 allow_ul=0.
[2026-04-21T06:55:46Z] INFO Starting coupled pre-scheduling control gating for slot 3/20 with 200 UEs.
[2026-04-21T06:55:46Z] INFO Coupled control gating progress for slot 3/20: UE 1/200, PBCH=0 PRACH=0 SRS=0 TRS=0.
[2026-04-21T06:55:46Z] INFO Coupled control gating progress for slot 3/20: UE 10/200, PBCH=0 PRACH=0 SRS=0 TRS=0.
[2026-04-21T06:55:46Z] INFO Coupled control gating progress for slot 3/20: UE 20/200, PBCH=0 PRACH=0 SRS=0 TRS=0.
[2026-04-21T06:55:47Z] INFO Coupled control gating progress for slot 3/20: UE 30/200, PBCH=0 PRACH=0 SRS=0 TRS=0.
[2026-04-21T06:55:47Z] INFO Coupled control gating progress for slot 3/20: UE 40/200, PBCH=0 PRACH=0 SRS=0 TRS=0.
[2026-04-21T06:55:47Z] INFO Coupled control gating progress for slot 3/20: UE 50/200, PBCH=0 PRACH=0 SRS=0 TRS=0.
[2026-04-21T06:55:47Z] INFO Coupled control gating progress for slot 3/20: UE 60/200, PBCH=0 PRACH=0 SRS=0 TRS=0.
[2026-04-21T06:55:48Z] INFO Coupled control gating progress for slot 3/20: UE 70/200, PBCH=0 PRACH=0 SRS=0 TRS=0.
[2026-04-21T06:55:48Z] INFO Coupled control gating progress for slot 3/20: UE 80/200, PBCH=0 PRACH=0 SRS=0 TRS=0.
[2026-04-21T06:55:48Z] INFO Coupled control gating progress for slot 3/20: UE 90/200, PBCH=0 PRACH=0 SRS=0 TRS=0.
[2026-04-21T06:55:48Z] INFO Coupled control gating progress for slot 3/20: UE 100/200, PBCH=0 PRACH=0 SRS=0 TRS=0.
[2026-04-21T06:55:49Z] INFO Coupled control gating progress for slot 3/20: UE 110/200, PBCH=0 PRACH=0 SRS=0 TRS=0.
[2026-04-21T06:55:49Z] INFO Coupled control gating progress for slot 3/20: UE 120/200, PBCH=0 PRACH=0 SRS=0 TRS=0.
[2026-04-21T06:55:49Z] INFO Coupled control gating progress for slot 3/20: UE 130/200, PBCH=0 PRACH=0 SRS=0 TRS=0.
[2026-04-21T06:55:49Z] INFO Coupled control gating progress for slot 3/20: UE 140/200, PBCH=0 PRACH=0 SRS=0 TRS=0.
[2026-04-21T06:55:50Z] INFO Coupled control gating progress for slot 3/20: UE 150/200, PBCH=0 PRACH=0 SRS=0 TRS=0.
[2026-04-21T06:55:50Z] INFO Coupled control gating progress for slot 3/20: UE 160/200, PBCH=0 PRACH=0 SRS=0 TRS=0.
[2026-04-21T06:55:50Z] INFO Coupled control gating progress for slot 3/20: UE 170/200, PBCH=0 PRACH=0 SRS=0 TRS=0.
[2026-04-21T06:55:51Z] INFO Coupled control gating progress for slot 3/20: UE 180/200, PBCH=0 PRACH=0 SRS=0 TRS=0.
[2026-04-21T06:55:51Z] INFO Coupled control gating progress for slot 3/20: UE 190/200, PBCH=0 PRACH=0 SRS=0 TRS=0.
[2026-04-21T06:55:51Z] INFO Coupled control gating progress for slot 3/20: UE 200/200, PBCH=0 PRACH=0 SRS=0 TRS=0.
[2026-04-21T06:55:51Z] INFO Coupled control gating complete: slot=3 frame=1 pbch_attempts=0 prach_attempts=0 srs_attempts=0 trs_attempts=0 acquired=200/200 access=0/200 valid_srs=0/200 valid_trs_cells=21/21 tracked_serving_users=200/200 eligible=0/200.
[2026-04-21T06:55:51Z] INFO Coupled control gating complete for slot 3/20: acquired=200/200 access=0/200 valid_srs=0/200 valid_trs_cells=21/21 tracked_serving_users=200/200 eligible=0/200.
[2026-04-21T06:55:56Z] INFO DL coupled publish: sweep 1/1 snr=12.000 ue=0/200 dlFrames=0/20 ulFrames=0/20 dlRows=0 ulRows=0.
[2026-04-21T06:56:03Z] INFO Coupled DL schedule complete: sweep=1/1 slot=3/20 active=0 granted=0 grants=0.
[2026-04-21T06:56:03Z] INFO Coupled DL PDCCH qualification complete: sweep=1/1 slot=3/20 executable_grants=0.
[2026-04-21T06:56:03Z] INFO Preparing coupled DL batches: sweep=1/1 slot=3/20 candidate_grants=0 batch_size=32.
[2026-04-21T06:56:03Z] INFO Coupled canonical slot prepared: sweep=1/1 slot=4/20 duplex=S allow_dl=1 allow_ul=1.
[2026-04-21T06:56:03Z] INFO Starting coupled pre-scheduling control gating for slot 4/20 with 200 UEs.
[2026-04-21T06:56:03Z] INFO Coupled control gating progress for slot 4/20: UE 1/200, PBCH=0 PRACH=0 SRS=0 TRS=0.
[2026-04-21T06:56:03Z] INFO Coupled control gating progress for slot 4/20: UE 10/200, PBCH=0 PRACH=0 SRS=0 TRS=0.
[2026-04-21T06:56:04Z] INFO Coupled control gating progress for slot 4/20: UE 20/200, PBCH=0 PRACH=0 SRS=0 TRS=0.
[2026-04-21T06:56:04Z] INFO Coupled control gating progress for slot 4/20: UE 30/200, PBCH=0 PRACH=0 SRS=0 TRS=0.
[2026-04-21T06:56:04Z] INFO Coupled control gating progress for slot 4/20: UE 40/200, PBCH=0 PRACH=0 SRS=0 TRS=0.
[2026-04-21T06:56:04Z] INFO Coupled control gating progress for slot 4/20: UE 50/200, PBCH=0 PRACH=0 SRS=0 TRS=0.
[2026-04-21T06:56:05Z] INFO Coupled control gating progress for slot 4/20: UE 60/200, PBCH=0 PRACH=0 SRS=0 TRS=0.
[2026-04-21T06:56:05Z] INFO Coupled control gating progress for slot 4/20: UE 70/200, PBCH=0 PRACH=0 SRS=0 TRS=0.
[2026-04-21T06:56:05Z] INFO Coupled control gating progress for slot 4/20: UE 80/200, PBCH=0 PRACH=0 SRS=0 TRS=0.
[2026-04-21T06:56:05Z] INFO Coupled control gating progress for slot 4/20: UE 90/200, PBCH=0 PRACH=0 SRS=0 TRS=0.
[2026-04-21T06:56:06Z] INFO Coupled control gating progress for slot 4/20: UE 100/200, PBCH=0 PRACH=0 SRS=0 TRS=0.
[2026-04-21T06:56:06Z] INFO Coupled control gating progress for slot 4/20: UE 110/200, PBCH=0 PRACH=0 SRS=0 TRS=0.
[2026-04-21T06:56:06Z] INFO Coupled control gating progress for slot 4/20: UE 120/200, PBCH=0 PRACH=0 SRS=0 TRS=0.
[2026-04-21T06:56:07Z] INFO Coupled control gating progress for slot 4/20: UE 130/200, PBCH=0 PRACH=0 SRS=0 TRS=0.
[2026-04-21T06:56:07Z] INFO Coupled control gating progress for slot 4/20: UE 140/200, PBCH=0 PRACH=0 SRS=0 TRS=0.
[2026-04-21T06:56:07Z] INFO Coupled control gating progress for slot 4/20: UE 150/200, PBCH=0 PRACH=0 SRS=0 TRS=0.
[2026-04-21T06:56:07Z] INFO Coupled control gating progress for slot 4/20: UE 160/200, PBCH=0 PRACH=0 SRS=0 TRS=0.
[2026-04-21T06:56:08Z] INFO Coupled control gating progress for slot 4/20: UE 170/200, PBCH=0 PRACH=0 SRS=0 TRS=0.
[2026-04-21T06:56:08Z] INFO Coupled control gating progress for slot 4/20: UE 180/200, PBCH=0 PRACH=0 SRS=0 TRS=0.
[2026-04-21T06:56:08Z] INFO Coupled control gating progress for slot 4/20: UE 190/200, PBCH=0 PRACH=0 SRS=0 TRS=0.
[2026-04-21T06:56:08Z] INFO Coupled control gating progress for slot 4/20: UE 200/200, PBCH=0 PRACH=0 SRS=0 TRS=0.
[2026-04-21T06:56:08Z] INFO Coupled control gating complete: slot=4 frame=1 pbch_attempts=0 prach_attempts=0 srs_attempts=0 trs_attempts=0 acquired=200/200 access=0/200 valid_srs=0/200 valid_trs_cells=21/21 tracked_serving_users=200/200 eligible=0/200.
[2026-04-21T06:56:08Z] INFO Coupled control gating complete for slot 4/20: acquired=200/200 access=0/200 valid_srs=0/200 valid_trs_cells=21/21 tracked_serving_users=200/200 eligible=0/200.
[2026-04-21T06:56:13Z] INFO DL coupled publish: sweep 1/1 snr=12.000 ue=0/200 dlFrames=0/20 ulFrames=0/20 dlRows=0 ulRows=0.
[2026-04-21T06:56:23Z] INFO Coupled DL schedule complete: sweep=1/1 slot=4/20 active=0 granted=0 grants=0.
[2026-04-21T06:56:23Z] INFO Coupled DL PDCCH qualification complete: sweep=1/1 slot=4/20 executable_grants=0.
[2026-04-21T06:56:23Z] INFO Preparing coupled DL batches: sweep=1/1 slot=4/20 candidate_grants=0 batch_size=32.
[2026-04-21T06:56:30Z] INFO Coupled UL schedule complete: sweep=1/1 slot=4/20 active=0 granted=0 grants=0.
[2026-04-21T06:56:30Z] INFO Coupled UL PDCCH qualification complete: sweep=1/1 slot=4/20 executable_grants=0.
[2026-04-21T06:56:30Z] INFO Preparing coupled UL batches: sweep=1/1 slot=4/20 candidate_grants=0 batch_size=32.
[2026-04-21T06:56:31Z] INFO Coupled canonical slot prepared: sweep=1/1 slot=5/20 duplex=UL allow_dl=0 allow_ul=1.
[2026-04-21T06:56:31Z] INFO Starting coupled pre-scheduling control gating for slot 5/20 with 200 UEs.
[2026-04-21T06:56:31Z] INFO Coupled control gating progress for slot 5/20: UE 1/200, PBCH=0 PRACH=0 SRS=0 TRS=1.
[2026-04-21T06:56:33Z] INFO Coupled control gating progress for slot 5/20: UE 10/200, PBCH=0 PRACH=0 SRS=0 TRS=7.
[2026-04-21T06:56:34Z] INFO Coupled control gating progress for slot 5/20: UE 20/200, PBCH=0 PRACH=0 SRS=0 TRS=11.
[2026-04-21T06:56:35Z] INFO Coupled control gating progress for slot 5/20: UE 30/200, PBCH=0 PRACH=0 SRS=0 TRS=14.
[2026-04-21T06:56:36Z] INFO Coupled control gating progress for slot 5/20: UE 40/200, PBCH=0 PRACH=0 SRS=0 TRS=16.
[2026-04-21T06:56:37Z] INFO Coupled control gating progress for slot 5/20: UE 50/200, PBCH=0 PRACH=0 SRS=0 TRS=18.
[2026-04-21T06:56:38Z] INFO Coupled control gating progress for slot 5/20: UE 60/200, PBCH=0 PRACH=0 SRS=0 TRS=19.
[2026-04-21T06:56:38Z] INFO Coupled control gating progress for slot 5/20: UE 70/200, PBCH=0 PRACH=0 SRS=0 TRS=20.
[2026-04-21T06:56:39Z] INFO Coupled control gating progress for slot 5/20: UE 80/200, PBCH=0 PRACH=0 SRS=0 TRS=21.
[2026-04-21T06:56:39Z] INFO Coupled control gating progress for slot 5/20: UE 90/200, PBCH=0 PRACH=0 SRS=0 TRS=21.
[2026-04-21T06:56:39Z] INFO Coupled control gating progress for slot 5/20: UE 100/200, PBCH=0 PRACH=0 SRS=0 TRS=21.
[2026-04-21T06:56:39Z] INFO Coupled control gating progress for slot 5/20: UE 110/200, PBCH=0 PRACH=0 SRS=0 TRS=21.
[2026-04-21T06:56:40Z] INFO Coupled control gating progress for slot 5/20: UE 120/200, PBCH=0 PRACH=0 SRS=0 TRS=21.
[2026-04-21T06:56:40Z] INFO Coupled control gating progress for slot 5/20: UE 130/200, PBCH=0 PRACH=0 SRS=0 TRS=21.
[2026-04-21T06:56:40Z] INFO Coupled control gating progress for slot 5/20: UE 140/200, PBCH=0 PRACH=0 SRS=0 TRS=21.
[2026-04-21T06:56:40Z] INFO Coupled control gating progress for slot 5/20: UE 150/200, PBCH=0 PRACH=0 SRS=0 TRS=21.
[2026-04-21T06:56:41Z] INFO Coupled control gating progress for slot 5/20: UE 160/200, PBCH=0 PRACH=0 SRS=0 TRS=21.
[2026-04-21T06:56:41Z] INFO Coupled control gating progress for slot 5/20: UE 170/200, PBCH=0 PRACH=0 SRS=0 TRS=21.
[2026-04-21T06:56:41Z] INFO Coupled control gating progress for slot 5/20: UE 180/200, PBCH=0 PRACH=0 SRS=0 TRS=21.
[2026-04-21T06:56:41Z] INFO Coupled control gating progress for slot 5/20: UE 190/200, PBCH=0 PRACH=0 SRS=0 TRS=21.
[2026-04-21T06:56:42Z] INFO Coupled control gating progress for slot 5/20: UE 200/200, PBCH=0 PRACH=0 SRS=0 TRS=21.
[2026-04-21T06:56:42Z] INFO Coupled control gating complete: slot=5 frame=1 pbch_attempts=0 prach_attempts=0 srs_attempts=0 trs_attempts=21 acquired=200/200 access=0/200 valid_srs=0/200 valid_trs_cells=21/21 tracked_serving_users=200/200 eligible=0/200.
[2026-04-21T06:56:42Z] INFO Coupled control gating complete for slot 5/20: acquired=200/200 access=0/200 valid_srs=0/200 valid_trs_cells=21/21 tracked_serving_users=200/200 eligible=0/200.
[2026-04-21T06:56:47Z] INFO UL coupled publish: sweep 1/1 snr=12.000 ue=0/200 dlFrames=0/20 ulFrames=0/20 dlRows=0 ulRows=0.
[2026-04-21T06:56:54Z] INFO Coupled UL schedule complete: sweep=1/1 slot=5/20 active=0 granted=0 grants=0.
[2026-04-21T06:56:54Z] INFO Coupled UL PDCCH qualification complete: sweep=1/1 slot=5/20 executable_grants=0.
[2026-04-21T06:56:54Z] INFO Preparing coupled UL batches: sweep=1/1 slot=5/20 candidate_grants=0 batch_size=32.
[2026-04-21T06:56:54Z] INFO Coupled canonical slot prepared: sweep=1/1 slot=6/20 duplex=DL allow_dl=1 allow_ul=0.
[2026-04-21T06:56:54Z] INFO Starting coupled pre-scheduling control gating for slot 6/20 with 200 UEs.
[2026-04-21T06:56:54Z] INFO Coupled control gating progress for slot 6/20: UE 1/200, PBCH=0 PRACH=0 SRS=0 TRS=0.
[2026-04-21T06:56:54Z] INFO Coupled control gating progress for slot 6/20: UE 10/200, PBCH=0 PRACH=0 SRS=0 TRS=0.
[2026-04-21T06:56:54Z] INFO Coupled control gating progress for slot 6/20: UE 20/200, PBCH=0 PRACH=0 SRS=0 TRS=0.
[2026-04-21T06:56:55Z] INFO Coupled control gating progress for slot 6/20: UE 30/200, PBCH=0 PRACH=0 SRS=0 TRS=0.
[2026-04-21T06:56:55Z] INFO Coupled control gating progress for slot 6/20: UE 40/200, PBCH=0 PRACH=0 SRS=0 TRS=0.
[2026-04-21T06:56:55Z] INFO Coupled control gating progress for slot 6/20: UE 50/200, PBCH=0 PRACH=0 SRS=0 TRS=0.
[2026-04-21T06:56:56Z] INFO Coupled control gating progress for slot 6/20: UE 60/200, PBCH=0 PRACH=0 SRS=0 TRS=0.
[2026-04-21T06:56:56Z] INFO Coupled control gating progress for slot 6/20: UE 70/200, PBCH=0 PRACH=0 SRS=0 TRS=0.
[2026-04-21T06:56:56Z] INFO Coupled control gating progress for slot 6/20: UE 80/200, PBCH=0 PRACH=0 SRS=0 TRS=0.
[2026-04-21T06:56:56Z] INFO Coupled control gating progress for slot 6/20: UE 90/200, PBCH=0 PRACH=0 SRS=0 TRS=0.
[2026-04-21T06:56:57Z] INFO Coupled control gating progress for slot 6/20: UE 100/200, PBCH=0 PRACH=0 SRS=0 TRS=0.
[2026-04-21T06:56:57Z] INFO Coupled control gating progress for slot 6/20: UE 110/200, PBCH=0 PRACH=0 SRS=0 TRS=0.
[2026-04-21T06:56:57Z] INFO Coupled control gating progress for slot 6/20: UE 120/200, PBCH=0 PRACH=0 SRS=0 TRS=0.
[2026-04-21T06:56:57Z] INFO Coupled control gating progress for slot 6/20: UE 130/200, PBCH=0 PRACH=0 SRS=0 TRS=0.
[2026-04-21T06:56:58Z] INFO Coupled control gating progress for slot 6/20: UE 140/200, PBCH=0 PRACH=0 SRS=0 TRS=0.
[2026-04-21T06:56:58Z] INFO Coupled control gating progress for slot 6/20: UE 150/200, PBCH=0 PRACH=0 SRS=0 TRS=0.
[2026-04-21T06:56:58Z] INFO Coupled control gating progress for slot 6/20: UE 160/200, PBCH=0 PRACH=0 SRS=0 TRS=0.
[2026-04-21T06:56:58Z] INFO Coupled control gating progress for slot 6/20: UE 170/200, PBCH=0 PRACH=0 SRS=0 TRS=0.
[2026-04-21T06:56:59Z] INFO Coupled control gating progress for slot 6/20: UE 180/200, PBCH=0 PRACH=0 SRS=0 TRS=0.
[2026-04-21T06:56:59Z] INFO Coupled control gating progress for slot 6/20: UE 190/200, PBCH=0 PRACH=0 SRS=0 TRS=0.
[2026-04-21T06:56:59Z] INFO Coupled control gating progress for slot 6/20: UE 200/200, PBCH=0 PRACH=0 SRS=0 TRS=0.
[2026-04-21T06:56:59Z] INFO Coupled control gating complete: slot=6 frame=1 pbch_attempts=0 prach_attempts=0 srs_attempts=0 trs_attempts=0 acquired=200/200 access=0/200 valid_srs=0/200 valid_trs_cells=21/21 tracked_serving_users=200/200 eligible=0/200.
[2026-04-21T06:56:59Z] INFO Coupled control gating complete for slot 6/20: acquired=200/200 access=0/200 valid_srs=0/200 valid_trs_cells=21/21 tracked_serving_users=200/200 eligible=0/200.
[2026-04-21T06:57:04Z] INFO DL coupled publish: sweep 1/1 snr=12.000 ue=0/200 dlFrames=0/20 ulFrames=0/20 dlRows=0 ulRows=0.
[2026-04-21T06:57:12Z] INFO Coupled DL schedule complete: sweep=1/1 slot=6/20 active=0 granted=0 grants=0.
[2026-04-21T06:57:12Z] INFO Coupled DL PDCCH qualification complete: sweep=1/1 slot=6/20 executable_grants=0.
[2026-04-21T06:57:12Z] INFO Preparing coupled DL batches: sweep=1/1 slot=6/20 candidate_grants=0 batch_size=32.
[2026-04-21T06:57:12Z] INFO Coupled canonical slot prepared: sweep=1/1 slot=7/20 duplex=DL allow_dl=1 allow_ul=0.
[2026-04-21T06:57:12Z] INFO Starting coupled pre-scheduling control gating for slot 7/20 with 200 UEs.
[2026-04-21T06:57:13Z] INFO Coupled control gating progress for slot 7/20: UE 1/200, PBCH=0 PRACH=1 SRS=0 TRS=0.
[2026-04-21T06:57:14Z] INFO Coupled control gating progress for slot 7/20: UE 10/200, PBCH=0 PRACH=10 SRS=0 TRS=0.
[2026-04-21T06:57:16Z] INFO Coupled control gating progress for slot 7/20: UE 20/200, PBCH=0 PRACH=20 SRS=0 TRS=0.
[2026-04-21T06:57:18Z] INFO Coupled control gating progress for slot 7/20: UE 30/200, PBCH=0 PRACH=30 SRS=0 TRS=0.
[2026-04-21T06:57:19Z] INFO Coupled control gating progress for slot 7/20: UE 40/200, PBCH=0 PRACH=40 SRS=0 TRS=0.
[2026-04-21T06:57:21Z] INFO Coupled control gating progress for slot 7/20: UE 50/200, PBCH=0 PRACH=50 SRS=0 TRS=0.
[2026-04-21T06:57:23Z] INFO Coupled control gating progress for slot 7/20: UE 60/200, PBCH=0 PRACH=60 SRS=0 TRS=0.
[2026-04-21T06:57:24Z] INFO Coupled control gating progress for slot 7/20: UE 70/200, PBCH=0 PRACH=70 SRS=0 TRS=0.
[2026-04-21T06:57:26Z] INFO Coupled control gating progress for slot 7/20: UE 80/200, PBCH=0 PRACH=80 SRS=0 TRS=0.
[2026-04-21T06:57:27Z] INFO Coupled control gating progress for slot 7/20: UE 90/200, PBCH=0 PRACH=90 SRS=0 TRS=0.
[2026-04-21T06:57:29Z] INFO Coupled control gating progress for slot 7/20: UE 100/200, PBCH=0 PRACH=100 SRS=0 TRS=0.
[2026-04-21T06:57:31Z] INFO Coupled control gating progress for slot 7/20: UE 110/200, PBCH=0 PRACH=110 SRS=0 TRS=0.
[2026-04-21T06:57:32Z] INFO Coupled control gating progress for slot 7/20: UE 120/200, PBCH=0 PRACH=120 SRS=0 TRS=0.
[2026-04-21T06:57:34Z] INFO Coupled control gating progress for slot 7/20: UE 130/200, PBCH=0 PRACH=130 SRS=0 TRS=0.
[2026-04-21T06:57:36Z] INFO Coupled control gating progress for slot 7/20: UE 140/200, PBCH=0 PRACH=140 SRS=0 TRS=0.
[2026-04-21T06:57:37Z] INFO Coupled control gating progress for slot 7/20: UE 150/200, PBCH=0 PRACH=150 SRS=0 TRS=0.
[2026-04-21T06:57:39Z] INFO Coupled control gating progress for slot 7/20: UE 160/200, PBCH=0 PRACH=160 SRS=0 TRS=0.
[2026-04-21T06:57:41Z] INFO Coupled control gating progress for slot 7/20: UE 170/200, PBCH=0 PRACH=170 SRS=0 TRS=0.
[2026-04-21T06:57:42Z] INFO Coupled control gating progress for slot 7/20: UE 180/200, PBCH=0 PRACH=180 SRS=0 TRS=0.
[2026-04-21T06:57:44Z] INFO Coupled control gating progress for slot 7/20: UE 190/200, PBCH=0 PRACH=190 SRS=0 TRS=0.
[2026-04-21T06:57:46Z] INFO Coupled control gating progress for slot 7/20: UE 200/200, PBCH=0 PRACH=200 SRS=0 TRS=0.
[2026-04-21T06:57:46Z] INFO Coupled control gating complete: slot=7 frame=1 pbch_attempts=0 prach_attempts=200 srs_attempts=0 trs_attempts=0 acquired=200/200 access=200/200 valid_srs=0/200 valid_trs_cells=21/21 tracked_serving_users=200/200 eligible=0/200.
[2026-04-21T06:57:46Z] INFO Coupled control gating complete for slot 7/20: acquired=200/200 access=200/200 valid_srs=0/200 valid_trs_cells=21/21 tracked_serving_users=200/200 eligible=0/200.
[2026-04-21T06:57:52Z] INFO DL coupled publish: sweep 1/1 snr=12.000 ue=0/200 dlFrames=0/20 ulFrames=0/20 dlRows=0 ulRows=0.
[2026-04-21T06:58:09Z] INFO Coupled DL schedule complete: sweep=1/1 slot=7/20 active=200 granted=200 grants=200.
[2026-04-21T06:58:46Z] INFO Coupled DL PDCCH qualification complete: sweep=1/1 slot=7/20 executable_grants=200.
[2026-04-21T06:58:46Z] INFO Preparing coupled DL batches: sweep=1/1 slot=7/20 candidate_grants=200 batch_size=32.
[2026-04-21T06:58:46Z] INFO Preparing coupled DL resolved grant cache: candidate_grants=200.
[2026-04-21T06:59:22Z] INFO Prepared coupled DL resolved grant cache entries: 25/200.
[2026-04-21T06:59:51Z] INFO Prepared coupled DL resolved grant cache entries: 50/200.
[2026-04-21T07:00:16Z] INFO Prepared coupled DL resolved grant cache entries: 75/200.
[2026-04-21T07:00:47Z] INFO Prepared coupled DL resolved grant cache entries: 100/200.
[2026-04-21T07:01:18Z] INFO Prepared coupled DL resolved grant cache entries: 125/200.
[2026-04-21T07:01:46Z] INFO Prepared coupled DL resolved grant cache entries: 150/200.
[2026-04-21T07:02:19Z] INFO Prepared coupled DL resolved grant cache entries: 175/200.
[2026-04-21T07:02:56Z] INFO Prepared coupled DL resolved grant cache entries: 200/200.
[2026-04-21T07:02:56Z] INFO Prepared coupled DL resolved grant cache complete: entries=200 elapsed_s=249.843.
[2026-04-21T07:03:43Z] INFO Prepared coupled DL chunk: sweep=1/1 slot=7/20 executable_plans=32 chunk=1-32 of 200.
[2026-04-21T07:03:43Z] INFO Executing coupled DL chunk: sweep=1/1 slot=7/20 chunk=1-32 of 200.
[2026-04-21T07:06:16Z] INFO Publishing coupled DL chunk results: sweep=1/1 slot=7/20 committed_rows=32 current_primary_rows=32.
[2026-04-21T07:06:28Z] INFO DL coupled publish: sweep 1/1 snr=12.000 ue=16/200 dlFrames=1/20 ulFrames=0/20 dlRows=32 ulRows=0.
[2026-04-21T07:06:57Z] INFO Prepared coupled DL chunk: sweep=1/1 slot=7/20 executable_plans=32 chunk=33-64 of 200.
[2026-04-21T07:06:57Z] INFO Executing coupled DL chunk: sweep=1/1 slot=7/20 chunk=33-64 of 200.
[2026-04-21T07:08:37Z] INFO Publishing coupled DL chunk results: sweep=1/1 slot=7/20 committed_rows=32 current_primary_rows=64.
[2026-04-21T07:08:48Z] INFO DL coupled publish: sweep 1/1 snr=12.000 ue=110/200 dlFrames=1/20 ulFrames=0/20 dlRows=64 ulRows=0.
[2026-04-21T07:09:25Z] INFO Prepared coupled DL chunk: sweep=1/1 slot=7/20 executable_plans=32 chunk=65-96 of 200.
[2026-04-21T07:09:25Z] INFO Executing coupled DL chunk: sweep=1/1 slot=7/20 chunk=65-96 of 200.
[2026-04-21T07:11:11Z] INFO Publishing coupled DL chunk results: sweep=1/1 slot=7/20 committed_rows=32 current_primary_rows=96.
[2026-04-21T07:11:24Z] INFO DL coupled publish: sweep 1/1 snr=12.000 ue=169/200 dlFrames=1/20 ulFrames=0/20 dlRows=96 ulRows=0.
[2026-04-21T07:12:03Z] INFO Prepared coupled DL chunk: sweep=1/1 slot=7/20 executable_plans=32 chunk=97-128 of 200.
[2026-04-21T07:12:03Z] INFO Executing coupled DL chunk: sweep=1/1 slot=7/20 chunk=97-128 of 200.
[2026-04-21T07:13:48Z] INFO Publishing coupled DL chunk results: sweep=1/1 slot=7/20 committed_rows=32 current_primary_rows=128.
[2026-04-21T07:14:03Z] INFO DL coupled publish: sweep 1/1 snr=12.000 ue=56/200 dlFrames=1/20 ulFrames=0/20 dlRows=128 ulRows=0.
[2026-04-21T07:14:43Z] INFO Prepared coupled DL chunk: sweep=1/1 slot=7/20 executable_plans=32 chunk=129-160 of 200.
[2026-04-21T07:14:44Z] INFO Executing coupled DL chunk: sweep=1/1 slot=7/20 chunk=129-160 of 200.
[2026-04-21T07:16:40Z] INFO Publishing coupled DL chunk results: sweep=1/1 slot=7/20 committed_rows=32 current_primary_rows=160.
[2026-04-21T07:16:56Z] INFO DL coupled publish: sweep 1/1 snr=12.000 ue=174/200 dlFrames=1/20 ulFrames=0/20 dlRows=160 ulRows=0.
[2026-04-21T07:17:50Z] INFO Prepared coupled DL chunk: sweep=1/1 slot=7/20 executable_plans=32 chunk=161-192 of 200.
[2026-04-21T07:17:50Z] INFO Executing coupled DL chunk: sweep=1/1 slot=7/20 chunk=161-192 of 200.
[2026-04-21T07:20:04Z] INFO Publishing coupled DL chunk results: sweep=1/1 slot=7/20 committed_rows=32 current_primary_rows=192.
[2026-04-21T07:20:23Z] INFO DL coupled publish: sweep 1/1 snr=12.000 ue=148/200 dlFrames=1/20 ulFrames=0/20 dlRows=192 ulRows=0.
[2026-04-21T07:20:38Z] INFO Prepared coupled DL chunk: sweep=1/1 slot=7/20 executable_plans=8 chunk=193-200 of 200.
[2026-04-21T07:20:38Z] INFO Executing coupled DL chunk: sweep=1/1 slot=7/20 chunk=193-200 of 200.
[2026-04-21T07:21:12Z] INFO Publishing coupled DL chunk results: sweep=1/1 slot=7/20 committed_rows=8 current_primary_rows=200.
[2026-04-21T07:21:31Z] INFO DL coupled publish: sweep 1/1 snr=12.000 ue=192/200 dlFrames=1/20 ulFrames=0/20 dlRows=200 ulRows=0.
[2026-04-21T07:21:31Z] INFO Coupled canonical slot prepared: sweep=1/1 slot=8/20 duplex=DL allow_dl=1 allow_ul=0.
[2026-04-21T07:21:32Z] INFO Starting coupled pre-scheduling control gating for slot 8/20 with 200 UEs.
[2026-04-21T07:21:32Z] INFO Coupled control gating progress for slot 8/20: UE 1/200, PBCH=0 PRACH=0 SRS=0 TRS=0.
[2026-04-21T07:21:33Z] INFO Coupled control gating progress for slot 8/20: UE 10/200, PBCH=0 PRACH=0 SRS=3 TRS=0.
[2026-04-21T07:21:33Z] INFO Coupled control gating progress for slot 8/20: UE 20/200, PBCH=0 PRACH=0 SRS=5 TRS=0.
[2026-04-21T07:21:34Z] INFO Coupled control gating progress for slot 8/20: UE 30/200, PBCH=0 PRACH=0 SRS=8 TRS=0.
[2026-04-21T07:21:34Z] INFO Coupled control gating progress for slot 8/20: UE 40/200, PBCH=0 PRACH=0 SRS=10 TRS=0.
[2026-04-21T07:21:35Z] INFO Coupled control gating progress for slot 8/20: UE 50/200, PBCH=0 PRACH=0 SRS=13 TRS=0.
[2026-04-21T07:21:35Z] INFO Coupled control gating progress for slot 8/20: UE 60/200, PBCH=0 PRACH=0 SRS=15 TRS=0.
[2026-04-21T07:21:36Z] INFO Coupled control gating progress for slot 8/20: UE 70/200, PBCH=0 PRACH=0 SRS=18 TRS=0.
[2026-04-21T07:21:36Z] INFO Coupled control gating progress for slot 8/20: UE 80/200, PBCH=0 PRACH=0 SRS=20 TRS=0.
[2026-04-21T07:21:37Z] INFO Coupled control gating progress for slot 8/20: UE 90/200, PBCH=0 PRACH=0 SRS=23 TRS=0.
[2026-04-21T07:21:37Z] INFO Coupled control gating progress for slot 8/20: UE 100/200, PBCH=0 PRACH=0 SRS=25 TRS=0.
[2026-04-21T07:21:38Z] INFO Coupled control gating progress for slot 8/20: UE 110/200, PBCH=0 PRACH=0 SRS=28 TRS=0.
[2026-04-21T07:21:38Z] INFO Coupled control gating progress for slot 8/20: UE 120/200, PBCH=0 PRACH=0 SRS=30 TRS=0.
[2026-04-21T07:21:38Z] INFO Coupled control gating progress for slot 8/20: UE 130/200, PBCH=0 PRACH=0 SRS=33 TRS=0.
[2026-04-21T07:21:39Z] INFO Coupled control gating progress for slot 8/20: UE 140/200, PBCH=0 PRACH=0 SRS=35 TRS=0.
[2026-04-21T07:21:39Z] INFO Coupled control gating progress for slot 8/20: UE 150/200, PBCH=0 PRACH=0 SRS=38 TRS=0.
[2026-04-21T07:21:40Z] INFO Coupled control gating progress for slot 8/20: UE 160/200, PBCH=0 PRACH=0 SRS=40 TRS=0.
[2026-04-21T07:21:40Z] INFO Coupled control gating progress for slot 8/20: UE 170/200, PBCH=0 PRACH=0 SRS=43 TRS=0.
[2026-04-21T07:21:41Z] INFO Coupled control gating progress for slot 8/20: UE 180/200, PBCH=0 PRACH=0 SRS=45 TRS=0.
[2026-04-21T07:21:41Z] INFO Coupled control gating progress for slot 8/20: UE 190/200, PBCH=0 PRACH=0 SRS=48 TRS=0.
[2026-04-21T07:21:42Z] INFO Coupled control gating progress for slot 8/20: UE 200/200, PBCH=0 PRACH=0 SRS=50 TRS=0.
[2026-04-21T07:21:42Z] INFO Coupled control gating complete: slot=8 frame=1 pbch_attempts=0 prach_attempts=0 srs_attempts=50 trs_attempts=0 acquired=200/200 access=200/200 valid_srs=50/200 valid_trs_cells=21/21 tracked_serving_users=200/200 eligible=50/200.
[2026-04-21T07:21:42Z] INFO Coupled control gating complete for slot 8/20: acquired=200/200 access=200/200 valid_srs=50/200 valid_trs_cells=21/21 tracked_serving_users=200/200 eligible=50/200.
[2026-04-21T07:22:01Z] INFO DL coupled publish: sweep 1/1 snr=12.000 ue=0/200 dlFrames=1/20 ulFrames=0/20 dlRows=200 ulRows=0.
[2026-04-21T07:22:12Z] INFO Coupled DL schedule complete: sweep=1/1 slot=8/20 active=200 granted=200 grants=200.
[2026-04-21T07:22:46Z] INFO Coupled DL PDCCH qualification complete: sweep=1/1 slot=8/20 executable_grants=200.
[2026-04-21T07:22:46Z] INFO Preparing coupled DL batches: sweep=1/1 slot=8/20 candidate_grants=200 batch_size=32.
[2026-04-21T07:22:46Z] INFO Preparing coupled DL resolved grant cache: candidate_grants=200.
[2026-04-21T07:23:24Z] INFO Prepared coupled DL resolved grant cache entries: 25/200.
[2026-04-21T07:23:58Z] INFO Prepared coupled DL resolved grant cache entries: 50/200.
[2026-04-21T07:24:28Z] INFO Prepared coupled DL resolved grant cache entries: 75/200.
[2026-04-21T07:25:03Z] INFO Prepared coupled DL resolved grant cache entries: 100/200.
[2026-04-21T07:25:37Z] INFO Prepared coupled DL resolved grant cache entries: 125/200.
[2026-04-21T07:26:08Z] INFO Prepared coupled DL resolved grant cache entries: 150/200.
[2026-04-21T07:26:45Z] INFO Prepared coupled DL resolved grant cache entries: 175/200.
[2026-04-21T07:27:28Z] INFO Prepared coupled DL resolved grant cache entries: 200/200.
[2026-04-21T07:27:28Z] INFO Prepared coupled DL resolved grant cache complete: entries=200 elapsed_s=282.074.
[2026-04-21T07:28:21Z] INFO Prepared coupled DL chunk: sweep=1/1 slot=8/20 executable_plans=32 chunk=1-32 of 200.
[2026-04-21T07:28:21Z] INFO Executing coupled DL chunk: sweep=1/1 slot=8/20 chunk=1-32 of 200.
[2026-04-21T07:30:31Z] INFO Publishing coupled DL chunk results: sweep=1/1 slot=8/20 committed_rows=32 current_primary_rows=232.
[2026-04-21T07:30:53Z] INFO DL coupled publish: sweep 1/1 snr=12.000 ue=196/200 dlFrames=1/20 ulFrames=0/20 dlRows=232 ulRows=0.
[2026-04-21T07:31:25Z] INFO Prepared coupled DL chunk: sweep=1/1 slot=8/20 executable_plans=32 chunk=33-64 of 200.
[2026-04-21T07:31:25Z] INFO Executing coupled DL chunk: sweep=1/1 slot=8/20 chunk=33-64 of 200.
[2026-04-21T07:33:15Z] INFO Publishing coupled DL chunk results: sweep=1/1 slot=8/20 committed_rows=32 current_primary_rows=264.
[2026-04-21T07:33:37Z] INFO DL coupled publish: sweep 1/1 snr=12.000 ue=69/200 dlFrames=1/20 ulFrames=0/20 dlRows=264 ulRows=0.
[2026-04-21T07:34:20Z] INFO Prepared coupled DL chunk: sweep=1/1 slot=8/20 executable_plans=32 chunk=65-96 of 200.
[2026-04-21T07:34:20Z] INFO Executing coupled DL chunk: sweep=1/1 slot=8/20 chunk=65-96 of 200.
[2026-04-21T07:36:19Z] INFO Publishing coupled DL chunk results: sweep=1/1 slot=8/20 committed_rows=32 current_primary_rows=296.
[2026-04-21T07:36:41Z] INFO DL coupled publish: sweep 1/1 snr=12.000 ue=102/200 dlFrames=1/20 ulFrames=0/20 dlRows=296 ulRows=0.
[2026-04-21T07:37:27Z] INFO Prepared coupled DL chunk: sweep=1/1 slot=8/20 executable_plans=32 chunk=97-128 of 200.
[2026-04-21T07:37:27Z] INFO Executing coupled DL chunk: sweep=1/1 slot=8/20 chunk=97-128 of 200.
[2026-04-21T07:39:29Z] INFO Publishing coupled DL chunk results: sweep=1/1 slot=8/20 committed_rows=32 current_primary_rows=328.
[2026-04-21T07:39:52Z] INFO DL coupled publish: sweep 1/1 snr=12.000 ue=194/200 dlFrames=1/20 ulFrames=0/20 dlRows=328 ulRows=0.
[2026-04-21T07:40:34Z] INFO Prepared coupled DL chunk: sweep=1/1 slot=8/20 executable_plans=32 chunk=129-160 of 200.
[2026-04-21T07:40:34Z] INFO Executing coupled DL chunk: sweep=1/1 slot=8/20 chunk=129-160 of 200.
[2026-04-21T07:42:29Z] INFO Publishing coupled DL chunk results: sweep=1/1 slot=8/20 committed_rows=32 current_primary_rows=360.
[2026-04-21T07:42:53Z] INFO DL coupled publish: sweep 1/1 snr=12.000 ue=174/200 dlFrames=1/20 ulFrames=0/20 dlRows=360 ulRows=0.
[2026-04-21T07:43:43Z] INFO Prepared coupled DL chunk: sweep=1/1 slot=8/20 executable_plans=32 chunk=161-192 of 200.
[2026-04-21T07:43:43Z] INFO Executing coupled DL chunk: sweep=1/1 slot=8/20 chunk=161-192 of 200.
[2026-04-21T07:45:49Z] INFO Publishing coupled DL chunk results: sweep=1/1 slot=8/20 committed_rows=32 current_primary_rows=392.
[2026-04-21T07:46:13Z] INFO DL coupled publish: sweep 1/1 snr=12.000 ue=50/200 dlFrames=1/20 ulFrames=0/20 dlRows=392 ulRows=0.
[2026-04-21T07:46:29Z] INFO Prepared coupled DL chunk: sweep=1/1 slot=8/20 executable_plans=8 chunk=193-200 of 200.
[2026-04-21T07:46:29Z] INFO Executing coupled DL chunk: sweep=1/1 slot=8/20 chunk=193-200 of 200.
[2026-04-21T07:47:03Z] INFO Publishing coupled DL chunk results: sweep=1/1 slot=8/20 committed_rows=8 current_primary_rows=400.
[2026-04-21T07:47:28Z] INFO DL coupled publish: sweep 1/1 snr=12.000 ue=192/200 dlFrames=1/20 ulFrames=0/20 dlRows=400 ulRows=0.
[2026-04-21T07:47:29Z] INFO Coupled canonical slot prepared: sweep=1/1 slot=9/20 duplex=S allow_dl=1 allow_ul=1.
[2026-04-21T07:47:29Z] INFO Starting coupled pre-scheduling control gating for slot 9/20 with 200 UEs.
[2026-04-21T07:47:29Z] INFO Coupled control gating progress for slot 9/20: UE 1/200, PBCH=0 PRACH=0 SRS=0 TRS=1.
[2026-04-21T07:47:32Z] INFO Coupled control gating progress for slot 9/20: UE 10/200, PBCH=0 PRACH=0 SRS=2 TRS=9.
[2026-04-21T07:47:34Z] INFO Coupled control gating progress for slot 9/20: UE 20/200, PBCH=0 PRACH=0 SRS=5 TRS=14.
[2026-04-21T07:47:35Z] INFO Coupled control gating progress for slot 9/20: UE 30/200, PBCH=0 PRACH=0 SRS=7 TRS=18.
[2026-04-21T07:47:36Z] INFO Coupled control gating progress for slot 9/20: UE 40/200, PBCH=0 PRACH=0 SRS=10 TRS=18.
[2026-04-21T07:47:37Z] INFO Coupled control gating progress for slot 9/20: UE 50/200, PBCH=0 PRACH=0 SRS=12 TRS=19.
[2026-04-21T07:47:37Z] INFO Coupled control gating progress for slot 9/20: UE 60/200, PBCH=0 PRACH=0 SRS=15 TRS=20.
[2026-04-21T07:47:38Z] INFO Coupled control gating progress for slot 9/20: UE 70/200, PBCH=0 PRACH=0 SRS=17 TRS=20.
[2026-04-21T07:47:39Z] INFO Coupled control gating progress for slot 9/20: UE 80/200, PBCH=0 PRACH=0 SRS=20 TRS=21.
[2026-04-21T07:47:39Z] INFO Coupled control gating progress for slot 9/20: UE 90/200, PBCH=0 PRACH=0 SRS=22 TRS=21.
[2026-04-21T07:47:40Z] INFO Coupled control gating progress for slot 9/20: UE 100/200, PBCH=0 PRACH=0 SRS=25 TRS=21.
[2026-04-21T07:47:40Z] INFO Coupled control gating progress for slot 9/20: UE 110/200, PBCH=0 PRACH=0 SRS=27 TRS=21.
[2026-04-21T07:47:40Z] INFO Coupled control gating progress for slot 9/20: UE 120/200, PBCH=0 PRACH=0 SRS=30 TRS=21.
[2026-04-21T07:47:41Z] INFO Coupled control gating progress for slot 9/20: UE 130/200, PBCH=0 PRACH=0 SRS=32 TRS=21.
[2026-04-21T07:47:41Z] INFO Coupled control gating progress for slot 9/20: UE 140/200, PBCH=0 PRACH=0 SRS=35 TRS=21.
[2026-04-21T07:47:42Z] INFO Coupled control gating progress for slot 9/20: UE 150/200, PBCH=0 PRACH=0 SRS=37 TRS=21.
[2026-04-21T07:47:42Z] INFO Coupled control gating progress for slot 9/20: UE 160/200, PBCH=0 PRACH=0 SRS=40 TRS=21.
[2026-04-21T07:47:43Z] INFO Coupled control gating progress for slot 9/20: UE 170/200, PBCH=0 PRACH=0 SRS=42 TRS=21.
[2026-04-21T07:47:43Z] INFO Coupled control gating progress for slot 9/20: UE 180/200, PBCH=0 PRACH=0 SRS=45 TRS=21.
[2026-04-21T07:47:44Z] INFO Coupled control gating progress for slot 9/20: UE 190/200, PBCH=0 PRACH=0 SRS=47 TRS=21.
[2026-04-21T07:47:44Z] INFO Coupled control gating progress for slot 9/20: UE 200/200, PBCH=0 PRACH=0 SRS=50 TRS=21.
[2026-04-21T07:47:44Z] INFO Coupled control gating complete: slot=9 frame=1 pbch_attempts=0 prach_attempts=0 srs_attempts=50 trs_attempts=21 acquired=200/200 access=200/200 valid_srs=100/200 valid_trs_cells=21/21 tracked_serving_users=200/200 eligible=100/200.
[2026-04-21T07:47:44Z] INFO Coupled control gating complete for slot 9/20: acquired=200/200 access=200/200 valid_srs=100/200 valid_trs_cells=21/21 tracked_serving_users=200/200 eligible=100/200.
[2026-04-21T07:48:10Z] INFO DL coupled publish: sweep 1/1 snr=12.000 ue=0/200 dlFrames=1/20 ulFrames=0/20 dlRows=400 ulRows=0.
[2026-04-21T07:48:24Z] INFO Coupled DL schedule complete: sweep=1/1 slot=9/20 active=200 granted=200 grants=200.
[2026-04-21T07:48:57Z] INFO Coupled DL PDCCH qualification complete: sweep=1/1 slot=9/20 executable_grants=200.
[2026-04-21T07:48:57Z] INFO Preparing coupled DL batches: sweep=1/1 slot=9/20 candidate_grants=200 batch_size=32.
[2026-04-21T07:48:57Z] INFO Preparing coupled DL resolved grant cache: candidate_grants=200.
[2026-04-21T07:49:08Z] INFO Prepared coupled DL resolved grant cache entries: 25/200.
[2026-04-21T07:49:26Z] INFO Prepared coupled DL resolved grant cache entries: 50/200.
[2026-04-21T07:49:44Z] INFO Prepared coupled DL resolved grant cache entries: 75/200.
[2026-04-21T07:49:59Z] INFO Prepared coupled DL resolved grant cache entries: 100/200.
[2026-04-21T07:50:19Z] INFO Prepared coupled DL resolved grant cache entries: 125/200.
[2026-04-21T07:50:37Z] INFO Prepared coupled DL resolved grant cache entries: 150/200.
[2026-04-21T07:50:55Z] INFO Prepared coupled DL resolved grant cache entries: 175/200.
[2026-04-21T07:51:13Z] INFO Prepared coupled DL resolved grant cache entries: 200/200.
[2026-04-21T07:51:13Z] INFO Prepared coupled DL resolved grant cache complete: entries=200 elapsed_s=135.824.
[2026-04-21T07:51:29Z] INFO Prepared coupled DL chunk: sweep=1/1 slot=9/20 executable_plans=32 chunk=1-32 of 200.
[2026-04-21T07:51:29Z] INFO Executing coupled DL chunk: sweep=1/1 slot=9/20 chunk=1-32 of 200.
[2026-04-21T07:53:11Z] INFO Publishing coupled DL chunk results: sweep=1/1 slot=9/20 committed_rows=32 current_primary_rows=432.
[2026-04-21T07:53:39Z] INFO DL coupled publish: sweep 1/1 snr=12.000 ue=10/200 dlFrames=1/20 ulFrames=0/20 dlRows=432 ulRows=0.
[2026-04-21T07:54:03Z] INFO Prepared coupled DL chunk: sweep=1/1 slot=9/20 executable_plans=32 chunk=33-64 of 200.
[2026-04-21T07:54:03Z] INFO Executing coupled DL chunk: sweep=1/1 slot=9/20 chunk=33-64 of 200.
[2026-04-21T07:55:59Z] INFO Publishing coupled DL chunk results: sweep=1/1 slot=9/20 committed_rows=32 current_primary_rows=464.
[2026-04-21T07:56:28Z] INFO DL coupled publish: sweep 1/1 snr=12.000 ue=139/200 dlFrames=1/20 ulFrames=0/20 dlRows=464 ulRows=0.
[2026-04-21T07:56:49Z] INFO Prepared coupled DL chunk: sweep=1/1 slot=9/20 executable_plans=32 chunk=65-96 of 200.
[2026-04-21T07:56:49Z] INFO Executing coupled DL chunk: sweep=1/1 slot=9/20 chunk=65-96 of 200.
[2026-04-21T07:58:43Z] INFO Publishing coupled DL chunk results: sweep=1/1 slot=9/20 committed_rows=32 current_primary_rows=496.
[2026-04-21T07:59:12Z] INFO DL coupled publish: sweep 1/1 snr=12.000 ue=103/200 dlFrames=1/20 ulFrames=0/20 dlRows=496 ulRows=0.
[2026-04-21T07:59:35Z] INFO Prepared coupled DL chunk: sweep=1/1 slot=9/20 executable_plans=32 chunk=97-128 of 200.
[2026-04-21T07:59:35Z] INFO Executing coupled DL chunk: sweep=1/1 slot=9/20 chunk=97-128 of 200.
[2026-04-21T08:01:36Z] INFO Publishing coupled DL chunk results: sweep=1/1 slot=9/20 committed_rows=32 current_primary_rows=528.
[2026-04-21T08:02:08Z] INFO DL coupled publish: sweep 1/1 snr=12.000 ue=194/200 dlFrames=1/20 ulFrames=0/20 dlRows=528 ulRows=0.
[2026-04-21T08:02:34Z] INFO Prepared coupled DL chunk: sweep=1/1 slot=9/20 executable_plans=32 chunk=129-160 of 200.
[2026-04-21T08:02:34Z] INFO Executing coupled DL chunk: sweep=1/1 slot=9/20 chunk=129-160 of 200.
[2026-04-21T08:04:34Z] INFO Publishing coupled DL chunk results: sweep=1/1 slot=9/20 committed_rows=32 current_primary_rows=560.
[2026-04-21T08:05:04Z] INFO DL coupled publish: sweep 1/1 snr=12.000 ue=172/200 dlFrames=1/20 ulFrames=0/20 dlRows=560 ulRows=0.
[2026-04-21T08:05:28Z] INFO Prepared coupled DL chunk: sweep=1/1 slot=9/20 executable_plans=32 chunk=161-192 of 200.
[2026-04-21T08:05:28Z] INFO Executing coupled DL chunk: sweep=1/1 slot=9/20 chunk=161-192 of 200.
[2026-04-21T08:07:24Z] INFO Publishing coupled DL chunk results: sweep=1/1 slot=9/20 committed_rows=32 current_primary_rows=592.
[2026-04-21T08:07:55Z] INFO DL coupled publish: sweep 1/1 snr=12.000 ue=47/200 dlFrames=1/20 ulFrames=0/20 dlRows=592 ulRows=0.
[2026-04-21T08:08:00Z] INFO Prepared coupled DL chunk: sweep=1/1 slot=9/20 executable_plans=8 chunk=193-200 of 200.
[2026-04-21T08:08:00Z] INFO Executing coupled DL chunk: sweep=1/1 slot=9/20 chunk=193-200 of 200.
[2026-04-21T08:08:28Z] INFO Publishing coupled DL chunk results: sweep=1/1 slot=9/20 committed_rows=8 current_primary_rows=600.
[2026-04-21T08:09:00Z] INFO DL coupled publish: sweep 1/1 snr=12.000 ue=155/200 dlFrames=1/20 ulFrames=0/20 dlRows=600 ulRows=0.
[2026-04-21T08:09:20Z] INFO Coupled UL schedule complete: sweep=1/1 slot=9/20 active=100 granted=100 grants=100.
[2026-04-21T08:09:38Z] INFO Coupled UL PDCCH qualification complete: sweep=1/1 slot=9/20 executable_grants=99.
[2026-04-21T08:09:38Z] INFO Preparing coupled UL batches: sweep=1/1 slot=9/20 candidate_grants=99 batch_size=32.
[2026-04-21T08:09:38Z] INFO Preparing coupled UL resolved grant cache: candidate_grants=99.
[2026-04-21T08:09:52Z] INFO Prepared coupled UL resolved grant cache entries: 25/99.
[2026-04-21T08:10:04Z] INFO Prepared coupled UL resolved grant cache entries: 50/99.
[2026-04-21T08:10:18Z] INFO Prepared coupled UL resolved grant cache entries: 75/99.
[2026-04-21T08:10:31Z] INFO Prepared coupled UL resolved grant cache entries: 99/99.
[2026-04-21T08:10:31Z] INFO Prepared coupled UL resolved grant cache complete: entries=99 elapsed_s=53.099.
[2026-04-21T08:10:46Z] INFO Prepared coupled UL chunk: sweep=1/1 slot=9/20 executable_plans=32 chunk=1-32 of 99.
[2026-04-21T08:10:46Z] INFO Executing coupled UL chunk: sweep=1/1 slot=9/20 chunk=1-32 of 99.
[2026-04-21T08:29:58Z] INFO Publishing coupled UL chunk results: sweep=1/1 slot=9/20 committed_rows=32 current_primary_rows=32.
[2026-04-21T08:30:35Z] INFO UL coupled publish: sweep 1/1 snr=12.000 ue=67/200 dlFrames=1/20 ulFrames=1/20 dlRows=600 ulRows=32.
[2026-04-21T08:30:51Z] INFO Prepared coupled UL chunk: sweep=1/1 slot=9/20 executable_plans=32 chunk=33-64 of 99.
[2026-04-21T08:30:51Z] INFO Executing coupled UL chunk: sweep=1/1 slot=9/20 chunk=33-64 of 99.
[2026-04-21T08:52:26Z] INFO Publishing coupled UL chunk results: sweep=1/1 slot=9/20 committed_rows=32 current_primary_rows=64.
[2026-04-21T08:53:03Z] INFO UL coupled publish: sweep 1/1 snr=12.000 ue=42/200 dlFrames=1/20 ulFrames=1/20 dlRows=600 ulRows=64.
[2026-04-21T08:53:19Z] INFO Prepared coupled UL chunk: sweep=1/1 slot=9/20 executable_plans=32 chunk=65-96 of 99.
[2026-04-21T08:53:19Z] INFO Executing coupled UL chunk: sweep=1/1 slot=9/20 chunk=65-96 of 99.
[2026-04-21T09:14:17Z] INFO Publishing coupled UL chunk results: sweep=1/1 slot=9/20 committed_rows=32 current_primary_rows=96.
[2026-04-21T09:14:56Z] INFO UL coupled publish: sweep 1/1 snr=12.000 ue=155/200 dlFrames=1/20 ulFrames=1/20 dlRows=600 ulRows=96.
[2026-04-21T09:14:58Z] INFO Prepared coupled UL chunk: sweep=1/1 slot=9/20 executable_plans=3 chunk=97-99 of 99.
[2026-04-21T09:14:58Z] INFO Executing coupled UL chunk: sweep=1/1 slot=9/20 chunk=97-99 of 99.
[2026-04-21T09:16:40Z] INFO Publishing coupled UL chunk results: sweep=1/1 slot=9/20 committed_rows=3 current_primary_rows=99.
[2026-04-21T09:17:20Z] INFO UL coupled publish: sweep 1/1 snr=12.000 ue=99/200 dlFrames=1/20 ulFrames=1/20 dlRows=600 ulRows=99.
[2026-04-21T09:17:20Z] INFO Coupled canonical slot prepared: sweep=1/1 slot=10/20 duplex=UL allow_dl=0 allow_ul=1.
[2026-04-21T09:17:20Z] INFO Starting coupled pre-scheduling control gating for slot 10/20 with 200 UEs.
[2026-04-21T09:17:20Z] INFO Coupled control gating progress for slot 10/20: UE 1/200, PBCH=0 PRACH=0 SRS=0 TRS=0.
[2026-04-21T09:17:20Z] INFO Coupled control gating progress for slot 10/20: UE 10/200, PBCH=0 PRACH=0 SRS=2 TRS=0.
[2026-04-21T09:17:21Z] INFO Coupled control gating progress for slot 10/20: UE 20/200, PBCH=0 PRACH=0 SRS=5 TRS=0.
[2026-04-21T09:17:21Z] INFO Coupled control gating progress for slot 10/20: UE 30/200, PBCH=0 PRACH=0 SRS=7 TRS=0.
[2026-04-21T09:17:22Z] INFO Coupled control gating progress for slot 10/20: UE 40/200, PBCH=0 PRACH=0 SRS=10 TRS=0.
[2026-04-21T09:17:22Z] INFO Coupled control gating progress for slot 10/20: UE 50/200, PBCH=0 PRACH=0 SRS=12 TRS=0.
[2026-04-21T09:17:23Z] INFO Coupled control gating progress for slot 10/20: UE 60/200, PBCH=0 PRACH=0 SRS=15 TRS=0.
[2026-04-21T09:17:23Z] INFO Coupled control gating progress for slot 10/20: UE 70/200, PBCH=0 PRACH=0 SRS=17 TRS=0.
[2026-04-21T09:17:24Z] INFO Coupled control gating progress for slot 10/20: UE 80/200, PBCH=0 PRACH=0 SRS=20 TRS=0.
[2026-04-21T09:17:24Z] INFO Coupled control gating progress for slot 10/20: UE 90/200, PBCH=0 PRACH=0 SRS=22 TRS=0.
[2026-04-21T09:17:25Z] INFO Coupled control gating progress for slot 10/20: UE 100/200, PBCH=0 PRACH=0 SRS=25 TRS=0.
[2026-04-21T09:17:25Z] INFO Coupled control gating progress for slot 10/20: UE 110/200, PBCH=0 PRACH=0 SRS=27 TRS=0.
[2026-04-21T09:17:26Z] INFO Coupled control gating progress for slot 10/20: UE 120/200, PBCH=0 PRACH=0 SRS=30 TRS=0.
[2026-04-21T09:17:26Z] INFO Coupled control gating progress for slot 10/20: UE 130/200, PBCH=0 PRACH=0 SRS=32 TRS=0.
[2026-04-21T09:17:27Z] INFO Coupled control gating progress for slot 10/20: UE 140/200, PBCH=0 PRACH=0 SRS=35 TRS=0.
[2026-04-21T09:17:27Z] INFO Coupled control gating progress for slot 10/20: UE 150/200, PBCH=0 PRACH=0 SRS=37 TRS=0.
[2026-04-21T09:17:28Z] INFO Coupled control gating progress for slot 10/20: UE 160/200, PBCH=0 PRACH=0 SRS=40 TRS=0.
[2026-04-21T09:17:28Z] INFO Coupled control gating progress for slot 10/20: UE 170/200, PBCH=0 PRACH=0 SRS=42 TRS=0.
[2026-04-21T09:17:28Z] INFO Coupled control gating progress for slot 10/20: UE 180/200, PBCH=0 PRACH=0 SRS=45 TRS=0.
[2026-04-21T09:17:29Z] INFO Coupled control gating progress for slot 10/20: UE 190/200, PBCH=0 PRACH=0 SRS=47 TRS=0.
[2026-04-21T09:17:29Z] INFO Coupled control gating progress for slot 10/20: UE 200/200, PBCH=0 PRACH=0 SRS=50 TRS=0.
[2026-04-21T09:17:29Z] INFO Coupled control gating complete: slot=10 frame=1 pbch_attempts=0 prach_attempts=0 srs_attempts=50 trs_attempts=0 acquired=200/200 access=200/200 valid_srs=150/200 valid_trs_cells=21/21 tracked_serving_users=200/200 eligible=150/200.
[2026-04-21T09:17:29Z] INFO Coupled control gating complete for slot 10/20: acquired=200/200 access=200/200 valid_srs=150/200 valid_trs_cells=21/21 tracked_serving_users=200/200 eligible=150/200.
[2026-04-21T09:18:09Z] INFO UL coupled publish: sweep 1/1 snr=12.000 ue=0/200 dlFrames=1/20 ulFrames=1/20 dlRows=600 ulRows=99.
[2026-04-21T09:18:25Z] INFO Coupled UL schedule complete: sweep=1/1 slot=10/20 active=150 granted=150 grants=150.
[2026-04-21T09:18:51Z] INFO Coupled UL PDCCH qualification complete: sweep=1/1 slot=10/20 executable_grants=150.
[2026-04-21T09:18:51Z] INFO Preparing coupled UL batches: sweep=1/1 slot=10/20 candidate_grants=150 batch_size=32.
[2026-04-21T09:18:51Z] INFO Preparing coupled UL resolved grant cache: candidate_grants=150.
[2026-04-21T09:19:02Z] INFO Prepared coupled UL resolved grant cache entries: 25/150.
[2026-04-21T09:19:16Z] INFO Prepared coupled UL resolved grant cache entries: 50/150.
[2026-04-21T09:19:30Z] INFO Prepared coupled UL resolved grant cache entries: 75/150.
[2026-04-21T09:19:47Z] INFO Prepared coupled UL resolved grant cache entries: 100/150.
[2026-04-21T09:20:03Z] INFO Prepared coupled UL resolved grant cache entries: 125/150.
[2026-04-21T09:20:18Z] INFO Prepared coupled UL resolved grant cache entries: 150/150.
[2026-04-21T09:20:18Z] INFO Prepared coupled UL resolved grant cache complete: entries=150 elapsed_s=86.939.
[2026-04-21T09:20:30Z] INFO Prepared coupled UL chunk: sweep=1/1 slot=10/20 executable_plans=32 chunk=1-32 of 150.
[2026-04-21T09:20:30Z] INFO Executing coupled UL chunk: sweep=1/1 slot=10/20 chunk=1-32 of 150.
[2026-04-21T09:41:45Z] INFO Publishing coupled UL chunk results: sweep=1/1 slot=10/20 committed_rows=32 current_primary_rows=131.
[2026-04-21T09:42:25Z] INFO UL coupled publish: sweep 1/1 snr=12.000 ue=63/200 dlFrames=1/20 ulFrames=1/20 dlRows=600 ulRows=131.
[2026-04-21T09:42:45Z] INFO Prepared coupled UL chunk: sweep=1/1 slot=10/20 executable_plans=32 chunk=33-64 of 150.
[2026-04-21T09:42:45Z] INFO Executing coupled UL chunk: sweep=1/1 slot=10/20 chunk=33-64 of 150.
[2026-04-21T10:08:15Z] INFO Publishing coupled UL chunk results: sweep=1/1 slot=10/20 committed_rows=32 current_primary_rows=163.
[2026-04-21T10:08:56Z] INFO UL coupled publish: sweep 1/1 snr=12.000 ue=39/200 dlFrames=1/20 ulFrames=1/20 dlRows=600 ulRows=163.
[2026-04-21T10:09:17Z] INFO Prepared coupled UL chunk: sweep=1/1 slot=10/20 executable_plans=32 chunk=65-96 of 150.
[2026-04-21T10:09:17Z] INFO Executing coupled UL chunk: sweep=1/1 slot=10/20 chunk=65-96 of 150.
[2026-04-21T10:34:49Z] INFO Publishing coupled UL chunk results: sweep=1/1 slot=10/20 committed_rows=32 current_primary_rows=195.
[2026-04-21T10:35:31Z] INFO UL coupled publish: sweep 1/1 snr=12.000 ue=28/200 dlFrames=1/20 ulFrames=1/20 dlRows=600 ulRows=195.
[2026-04-21T10:35:49Z] INFO Prepared coupled UL chunk: sweep=1/1 slot=10/20 executable_plans=32 chunk=97-128 of 150.
[2026-04-21T10:35:49Z] INFO Executing coupled UL chunk: sweep=1/1 slot=10/20 chunk=97-128 of 150.
[2026-04-21T11:01:48Z] INFO Publishing coupled UL chunk results: sweep=1/1 slot=10/20 committed_rows=32 current_primary_rows=227.
[2026-04-21T11:02:32Z] INFO UL coupled publish: sweep 1/1 snr=12.000 ue=92/200 dlFrames=1/20 ulFrames=1/20 dlRows=600 ulRows=227.
[2026-04-21T11:02:45Z] INFO Prepared coupled UL chunk: sweep=1/1 slot=10/20 executable_plans=22 chunk=129-150 of 150.
[2026-04-21T11:02:45Z] INFO Executing coupled UL chunk: sweep=1/1 slot=10/20 chunk=129-150 of 150.
[2026-04-21T11:19:28Z] INFO Publishing coupled UL chunk results: sweep=1/1 slot=10/20 committed_rows=22 current_primary_rows=249.
[2026-04-21T11:20:13Z] INFO UL coupled publish: sweep 1/1 snr=12.000 ue=76/200 dlFrames=1/20 ulFrames=1/20 dlRows=600 ulRows=249.
[2026-04-21T11:20:13Z] INFO Coupled canonical slot prepared: sweep=1/1 slot=11/20 duplex=DL allow_dl=1 allow_ul=0.
[2026-04-21T11:59:45Z] INFO Starting coupled pre-scheduling control gating for slot 11/20 with 200 UEs.
[2026-04-21T11:59:45Z] INFO Coupled control gating progress for slot 11/20: UE 1/200, PBCH=0 PRACH=0 SRS=1 TRS=0.
[2026-04-21T11:59:46Z] INFO Coupled control gating progress for slot 11/20: UE 10/200, PBCH=0 PRACH=0 SRS=3 TRS=0.
[2026-04-21T11:59:46Z] INFO Coupled control gating progress for slot 11/20: UE 20/200, PBCH=0 PRACH=0 SRS=5 TRS=0.
[2026-04-21T11:59:47Z] INFO Coupled control gating progress for slot 11/20: UE 30/200, PBCH=0 PRACH=0 SRS=8 TRS=0.
[2026-04-21T11:59:47Z] INFO Coupled control gating progress for slot 11/20: UE 40/200, PBCH=0 PRACH=0 SRS=10 TRS=0.
[2026-04-21T11:59:48Z] INFO Coupled control gating progress for slot 11/20: UE 50/200, PBCH=0 PRACH=0 SRS=13 TRS=0.
[2026-04-21T11:59:48Z] INFO Coupled control gating progress for slot 11/20: UE 60/200, PBCH=0 PRACH=0 SRS=15 TRS=0.
[2026-04-21T11:59:48Z] INFO Coupled control gating progress for slot 11/20: UE 70/200, PBCH=0 PRACH=0 SRS=18 TRS=0.
[2026-04-21T11:59:49Z] INFO Coupled control gating progress for slot 11/20: UE 80/200, PBCH=0 PRACH=0 SRS=20 TRS=0.
[2026-04-21T11:59:49Z] INFO Coupled control gating progress for slot 11/20: UE 90/200, PBCH=0 PRACH=0 SRS=23 TRS=0.
[2026-04-21T11:59:50Z] INFO Coupled control gating progress for slot 11/20: UE 100/200, PBCH=0 PRACH=0 SRS=25 TRS=0.
[2026-04-21T11:59:50Z] INFO Coupled control gating progress for slot 11/20: UE 110/200, PBCH=0 PRACH=0 SRS=28 TRS=0.
[2026-04-21T11:59:51Z] INFO Coupled control gating progress for slot 11/20: UE 120/200, PBCH=0 PRACH=0 SRS=30 TRS=0.
[2026-04-21T11:59:51Z] INFO Coupled control gating progress for slot 11/20: UE 130/200, PBCH=0 PRACH=0 SRS=33 TRS=0.
[2026-04-21T11:59:52Z] INFO Coupled control gating progress for slot 11/20: UE 140/200, PBCH=0 PRACH=0 SRS=35 TRS=0.
[2026-04-21T11:59:52Z] INFO Coupled control gating progress for slot 11/20: UE 150/200, PBCH=0 PRACH=0 SRS=38 TRS=0.
[2026-04-21T11:59:52Z] INFO Coupled control gating progress for slot 11/20: UE 160/200, PBCH=0 PRACH=0 SRS=40 TRS=0.
[2026-04-21T11:59:53Z] INFO Coupled control gating progress for slot 11/20: UE 170/200, PBCH=0 PRACH=0 SRS=43 TRS=0.
[2026-04-21T11:59:53Z] INFO Coupled control gating progress for slot 11/20: UE 180/200, PBCH=0 PRACH=0 SRS=45 TRS=0.
[2026-04-21T11:59:54Z] INFO Coupled control gating progress for slot 11/20: UE 190/200, PBCH=0 PRACH=0 SRS=48 TRS=0.
[2026-04-21T11:59:54Z] INFO Coupled control gating progress for slot 11/20: UE 200/200, PBCH=0 PRACH=0 SRS=50 TRS=0.
[2026-04-21T11:59:54Z] INFO Coupled control gating complete: slot=11 frame=1 pbch_attempts=0 prach_attempts=0 srs_attempts=50 trs_attempts=0 acquired=200/200 access=200/200 valid_srs=200/200 valid_trs_cells=21/21 tracked_serving_users=200/200 eligible=200/200.
[2026-04-21T11:59:54Z] INFO Coupled control gating complete for slot 11/20: acquired=200/200 access=200/200 valid_srs=200/200 valid_trs_cells=21/21 tracked_serving_users=200/200 eligible=200/200.
[2026-04-21T12:00:40Z] INFO DL coupled publish: sweep 1/1 snr=12.000 ue=0/200 dlFrames=1/20 ulFrames=1/20 dlRows=600 ulRows=249.
[2026-04-21T12:00:50Z] INFO Coupled DL schedule complete: sweep=1/1 slot=11/20 active=200 granted=178 grants=178.
[2026-04-21T12:01:19Z] INFO Coupled DL PDCCH qualification complete: sweep=1/1 slot=11/20 executable_grants=178.
[2026-04-21T12:01:19Z] INFO Preparing coupled DL batches: sweep=1/1 slot=11/20 candidate_grants=178 batch_size=32.
[2026-04-21T12:01:19Z] INFO Preparing coupled DL resolved grant cache: candidate_grants=178.
[2026-04-21T12:01:19Z] INFO Prepared coupled DL resolved grant cache entries: 25/178.
[2026-04-21T12:01:20Z] INFO Prepared coupled DL resolved grant cache entries: 50/178.
[2026-04-21T12:01:20Z] INFO Prepared coupled DL resolved grant cache entries: 75/178.
[2026-04-21T12:01:20Z] INFO Prepared coupled DL resolved grant cache entries: 100/178.
[2026-04-21T12:01:20Z] INFO Prepared coupled DL resolved grant cache entries: 125/178.
[2026-04-21T12:01:20Z] INFO Prepared coupled DL resolved grant cache entries: 150/178.
[2026-04-21T12:01:21Z] INFO Prepared coupled DL resolved grant cache entries: 175/178.
[2026-04-21T12:01:21Z] INFO Prepared coupled DL resolved grant cache entries: 178/178.
[2026-04-21T12:01:21Z] INFO Prepared coupled DL resolved grant cache complete: entries=178 elapsed_s=1.621.
[2026-04-21T12:01:21Z] INFO Prepared coupled DL chunk: sweep=1/1 slot=11/20 executable_plans=32 chunk=1-32 of 178.
[2026-04-21T12:01:21Z] INFO Executing coupled DL chunk: sweep=1/1 slot=11/20 chunk=1-32 of 178.
[2026-04-21T12:03:26Z] INFO Publishing coupled DL chunk results: sweep=1/1 slot=11/20 committed_rows=32 current_primary_rows=632.
[2026-04-21T12:04:16Z] INFO DL coupled publish: sweep 1/1 snr=12.000 ue=63/200 dlFrames=1/20 ulFrames=1/20 dlRows=632 ulRows=249.
[2026-04-21T12:04:16Z] INFO Prepared coupled DL chunk: sweep=1/1 slot=11/20 executable_plans=32 chunk=33-64 of 178.
[2026-04-21T12:04:16Z] INFO Executing coupled DL chunk: sweep=1/1 slot=11/20 chunk=33-64 of 178.
[2026-04-21T12:06:13Z] INFO Publishing coupled DL chunk results: sweep=1/1 slot=11/20 committed_rows=32 current_primary_rows=664.
[2026-04-21T12:07:03Z] INFO DL coupled publish: sweep 1/1 snr=12.000 ue=40/200 dlFrames=1/20 ulFrames=1/20 dlRows=664 ulRows=249.
[2026-04-21T12:07:03Z] INFO Prepared coupled DL chunk: sweep=1/1 slot=11/20 executable_plans=32 chunk=65-96 of 178.
[2026-04-21T12:07:03Z] INFO Executing coupled DL chunk: sweep=1/1 slot=11/20 chunk=65-96 of 178.
[2026-04-21T12:09:11Z] INFO Publishing coupled DL chunk results: sweep=1/1 slot=11/20 committed_rows=32 current_primary_rows=696.
[2026-04-21T12:10:02Z] INFO DL coupled publish: sweep 1/1 snr=12.000 ue=133/200 dlFrames=1/20 ulFrames=1/20 dlRows=696 ulRows=249.
[2026-04-21T12:10:02Z] INFO Prepared coupled DL chunk: sweep=1/1 slot=11/20 executable_plans=32 chunk=97-128 of 178.
[2026-04-21T12:10:02Z] INFO Executing coupled DL chunk: sweep=1/1 slot=11/20 chunk=97-128 of 178.
[2026-04-21T12:12:11Z] INFO Publishing coupled DL chunk results: sweep=1/1 slot=11/20 committed_rows=32 current_primary_rows=728.
[2026-04-21T12:13:04Z] INFO DL coupled publish: sweep 1/1 snr=12.000 ue=129/200 dlFrames=1/20 ulFrames=1/20 dlRows=728 ulRows=249.
[2026-04-21T12:13:05Z] INFO Prepared coupled DL chunk: sweep=1/1 slot=11/20 executable_plans=32 chunk=129-160 of 178.
[2026-04-21T12:13:05Z] INFO Executing coupled DL chunk: sweep=1/1 slot=11/20 chunk=129-160 of 178.
[2026-04-21T12:15:19Z] INFO Publishing coupled DL chunk results: sweep=1/1 slot=11/20 committed_rows=32 current_primary_rows=760.
[2026-04-21T12:16:13Z] INFO DL coupled publish: sweep 1/1 snr=12.000 ue=136/200 dlFrames=1/20 ulFrames=1/20 dlRows=760 ulRows=249.
[2026-04-21T12:16:13Z] INFO Prepared coupled DL chunk: sweep=1/1 slot=11/20 executable_plans=18 chunk=161-178 of 178.
[2026-04-21T12:16:13Z] INFO Executing coupled DL chunk: sweep=1/1 slot=11/20 chunk=161-178 of 178.
[2026-04-21T12:17:21Z] INFO Publishing coupled DL chunk results: sweep=1/1 slot=11/20 committed_rows=18 current_primary_rows=778.
[2026-04-21T12:18:15Z] INFO DL coupled publish: sweep 1/1 snr=12.000 ue=182/200 dlFrames=1/20 ulFrames=1/20 dlRows=778 ulRows=249.
[2026-04-21T12:18:15Z] INFO Coupled canonical slot prepared: sweep=1/1 slot=12/20 duplex=DL allow_dl=1 allow_ul=0.
[2026-04-21T12:55:56Z] INFO Starting coupled pre-scheduling control gating for slot 12/20 with 200 UEs.
[2026-04-21T12:55:56Z] INFO Coupled control gating progress for slot 12/20: UE 1/200, PBCH=0 PRACH=0 SRS=0 TRS=0.
[2026-04-21T12:55:56Z] INFO Coupled control gating progress for slot 12/20: UE 10/200, PBCH=0 PRACH=0 SRS=3 TRS=0.
[2026-04-21T12:55:57Z] INFO Coupled control gating progress for slot 12/20: UE 20/200, PBCH=0 PRACH=0 SRS=5 TRS=0.
[2026-04-21T12:55:57Z] INFO Coupled control gating progress for slot 12/20: UE 30/200, PBCH=0 PRACH=0 SRS=8 TRS=0.
[2026-04-21T12:55:58Z] INFO Coupled control gating progress for slot 12/20: UE 40/200, PBCH=0 PRACH=0 SRS=10 TRS=0.
[2026-04-21T12:55:58Z] INFO Coupled control gating progress for slot 12/20: UE 50/200, PBCH=0 PRACH=0 SRS=13 TRS=0.
[2026-04-21T12:55:59Z] INFO Coupled control gating progress for slot 12/20: UE 60/200, PBCH=0 PRACH=0 SRS=15 TRS=0.
[2026-04-21T12:55:59Z] INFO Coupled control gating progress for slot 12/20: UE 70/200, PBCH=0 PRACH=0 SRS=18 TRS=0.
[2026-04-21T12:56:00Z] INFO Coupled control gating progress for slot 12/20: UE 80/200, PBCH=0 PRACH=0 SRS=20 TRS=0.
[2026-04-21T12:56:00Z] INFO Coupled control gating progress for slot 12/20: UE 90/200, PBCH=0 PRACH=0 SRS=23 TRS=0.
[2026-04-21T12:56:01Z] INFO Coupled control gating progress for slot 12/20: UE 100/200, PBCH=0 PRACH=0 SRS=25 TRS=0.
[2026-04-21T12:56:01Z] INFO Coupled control gating progress for slot 12/20: UE 110/200, PBCH=0 PRACH=0 SRS=28 TRS=0.
[2026-04-21T12:56:02Z] INFO Coupled control gating progress for slot 12/20: UE 120/200, PBCH=0 PRACH=0 SRS=30 TRS=0.
[2026-04-21T12:56:02Z] INFO Coupled control gating progress for slot 12/20: UE 130/200, PBCH=0 PRACH=0 SRS=33 TRS=0.
[2026-04-21T12:56:02Z] INFO Coupled control gating progress for slot 12/20: UE 140/200, PBCH=0 PRACH=0 SRS=35 TRS=0.
[2026-04-21T12:56:03Z] INFO Coupled control gating progress for slot 12/20: UE 150/200, PBCH=0 PRACH=0 SRS=38 TRS=0.
[2026-04-21T12:56:03Z] INFO Coupled control gating progress for slot 12/20: UE 160/200, PBCH=0 PRACH=0 SRS=40 TRS=0.
[2026-04-21T12:56:04Z] INFO Coupled control gating progress for slot 12/20: UE 170/200, PBCH=0 PRACH=0 SRS=43 TRS=0.
[2026-04-21T12:56:04Z] INFO Coupled control gating progress for slot 12/20: UE 180/200, PBCH=0 PRACH=0 SRS=45 TRS=0.
[2026-04-21T12:56:05Z] INFO Coupled control gating progress for slot 12/20: UE 190/200, PBCH=0 PRACH=0 SRS=48 TRS=0.
[2026-04-21T12:56:05Z] INFO Coupled control gating progress for slot 12/20: UE 200/200, PBCH=0 PRACH=0 SRS=50 TRS=0.
[2026-04-21T12:56:05Z] INFO Coupled control gating complete: slot=12 frame=1 pbch_attempts=0 prach_attempts=0 srs_attempts=50 trs_attempts=0 acquired=200/200 access=200/200 valid_srs=200/200 valid_trs_cells=21/21 tracked_serving_users=200/200 eligible=200/200.
[2026-04-21T12:56:05Z] INFO Coupled control gating complete for slot 12/20: acquired=200/200 access=200/200 valid_srs=200/200 valid_trs_cells=21/21 tracked_serving_users=200/200 eligible=200/200.
[2026-04-21T12:57:01Z] INFO DL coupled publish: sweep 1/1 snr=12.000 ue=0/200 dlFrames=1/20 ulFrames=1/20 dlRows=778 ulRows=249.
[2026-04-21T12:57:13Z] INFO Coupled DL schedule complete: sweep=1/1 slot=12/20 active=200 granted=178 grants=178.
[2026-04-21T12:57:43Z] INFO Coupled DL PDCCH qualification complete: sweep=1/1 slot=12/20 executable_grants=178.
[2026-04-21T12:57:43Z] INFO Preparing coupled DL batches: sweep=1/1 slot=12/20 candidate_grants=178 batch_size=32.
[2026-04-21T12:57:43Z] INFO Preparing coupled DL resolved grant cache: candidate_grants=178.
[2026-04-21T12:57:43Z] INFO Prepared coupled DL resolved grant cache entries: 25/178.
[2026-04-21T12:57:43Z] INFO Prepared coupled DL resolved grant cache entries: 50/178.
[2026-04-21T12:57:43Z] INFO Prepared coupled DL resolved grant cache entries: 75/178.
[2026-04-21T12:57:44Z] INFO Prepared coupled DL resolved grant cache entries: 100/178.
[2026-04-21T12:57:44Z] INFO Prepared coupled DL resolved grant cache entries: 125/178.
[2026-04-21T12:57:44Z] INFO Prepared coupled DL resolved grant cache entries: 150/178.
[2026-04-21T12:57:44Z] INFO Prepared coupled DL resolved grant cache entries: 175/178.
[2026-04-21T12:57:44Z] INFO Prepared coupled DL resolved grant cache entries: 178/178.
[2026-04-21T12:57:44Z] INFO Prepared coupled DL resolved grant cache complete: entries=178 elapsed_s=1.542.
[2026-04-21T12:57:45Z] INFO Prepared coupled DL chunk: sweep=1/1 slot=12/20 executable_plans=32 chunk=1-32 of 178.
[2026-04-21T12:57:45Z] INFO Executing coupled DL chunk: sweep=1/1 slot=12/20 chunk=1-32 of 178.
[2026-04-21T12:59:46Z] INFO Publishing coupled DL chunk results: sweep=1/1 slot=12/20 committed_rows=32 current_primary_rows=810.
[2026-04-21T13:00:41Z] INFO DL coupled publish: sweep 1/1 snr=12.000 ue=63/200 dlFrames=1/20 ulFrames=1/20 dlRows=810 ulRows=249.
[2026-04-21T13:00:41Z] INFO Prepared coupled DL chunk: sweep=1/1 slot=12/20 executable_plans=32 chunk=33-64 of 178.
[2026-04-21T13:00:41Z] INFO Executing coupled DL chunk: sweep=1/1 slot=12/20 chunk=33-64 of 178.
[2026-04-21T13:02:34Z] INFO Publishing coupled DL chunk results: sweep=1/1 slot=12/20 committed_rows=32 current_primary_rows=842.
[2026-04-21T13:03:31Z] INFO DL coupled publish: sweep 1/1 snr=12.000 ue=40/200 dlFrames=1/20 ulFrames=1/20 dlRows=842 ulRows=249.
[2026-04-21T13:03:32Z] INFO Prepared coupled DL chunk: sweep=1/1 slot=12/20 executable_plans=32 chunk=65-96 of 178.
[2026-04-21T13:03:32Z] INFO Executing coupled DL chunk: sweep=1/1 slot=12/20 chunk=65-96 of 178.
[2026-04-21T13:05:38Z] INFO Publishing coupled DL chunk results: sweep=1/1 slot=12/20 committed_rows=32 current_primary_rows=874.
[2026-04-21T13:06:35Z] INFO DL coupled publish: sweep 1/1 snr=12.000 ue=133/200 dlFrames=1/20 ulFrames=1/20 dlRows=874 ulRows=249.
[2026-04-21T13:06:36Z] INFO Prepared coupled DL chunk: sweep=1/1 slot=12/20 executable_plans=32 chunk=97-128 of 178.
[2026-04-21T13:06:36Z] INFO Executing coupled DL chunk: sweep=1/1 slot=12/20 chunk=97-128 of 178.
[2026-04-21T13:08:37Z] INFO Publishing coupled DL chunk results: sweep=1/1 slot=12/20 committed_rows=32 current_primary_rows=906.
[2026-04-21T13:09:38Z] INFO DL coupled publish: sweep 1/1 snr=12.000 ue=129/200 dlFrames=1/20 ulFrames=1/20 dlRows=906 ulRows=249.
[2026-04-21T13:09:38Z] INFO Prepared coupled DL chunk: sweep=1/1 slot=12/20 executable_plans=32 chunk=129-160 of 178.
[2026-04-21T13:09:38Z] INFO Executing coupled DL chunk: sweep=1/1 slot=12/20 chunk=129-160 of 178.
[2026-04-21T13:11:44Z] INFO Publishing coupled DL chunk results: sweep=1/1 slot=12/20 committed_rows=32 current_primary_rows=938.
[2026-04-21T13:12:45Z] INFO DL coupled publish: sweep 1/1 snr=12.000 ue=136/200 dlFrames=1/20 ulFrames=1/20 dlRows=938 ulRows=249.
[2026-04-21T13:12:46Z] INFO Prepared coupled DL chunk: sweep=1/1 slot=12/20 executable_plans=18 chunk=161-178 of 178.
[2026-04-21T13:12:46Z] INFO Executing coupled DL chunk: sweep=1/1 slot=12/20 chunk=161-178 of 178.
[2026-04-21T13:13:51Z] INFO Publishing coupled DL chunk results: sweep=1/1 slot=12/20 committed_rows=18 current_primary_rows=956.
[2026-04-21T13:14:44Z] INFO DL coupled publish: sweep 1/1 snr=12.000 ue=182/200 dlFrames=1/20 ulFrames=1/20 dlRows=956 ulRows=249.
[2026-04-21T13:14:45Z] INFO Coupled canonical slot prepared: sweep=1/1 slot=13/20 duplex=DL allow_dl=1 allow_ul=0.
[2026-04-21T14:34:52Z] INFO Starting coupled pre-scheduling control gating for slot 13/20 with 200 UEs.
[2026-04-21T14:34:52Z] INFO Coupled control gating progress for slot 13/20: UE 1/200, PBCH=0 PRACH=0 SRS=0 TRS=1.
[2026-04-21T14:34:55Z] INFO Coupled control gating progress for slot 13/20: UE 10/200, PBCH=0 PRACH=0 SRS=2 TRS=9.
[2026-04-21T14:34:56Z] INFO Coupled control gating progress for slot 13/20: UE 20/200, PBCH=0 PRACH=0 SRS=5 TRS=13.
[2026-04-21T14:34:58Z] INFO Coupled control gating progress for slot 13/20: UE 30/200, PBCH=0 PRACH=0 SRS=7 TRS=18.
[2026-04-21T14:34:59Z] INFO Coupled control gating progress for slot 13/20: UE 40/200, PBCH=0 PRACH=0 SRS=10 TRS=20.
[2026-04-21T14:35:00Z] INFO Coupled control gating progress for slot 13/20: UE 50/200, PBCH=0 PRACH=0 SRS=12 TRS=20.
[2026-04-21T14:35:00Z] INFO Coupled control gating progress for slot 13/20: UE 60/200, PBCH=0 PRACH=0 SRS=15 TRS=20.
[2026-04-21T14:35:01Z] INFO Coupled control gating progress for slot 13/20: UE 70/200, PBCH=0 PRACH=0 SRS=17 TRS=20.
[2026-04-21T14:35:01Z] INFO Coupled control gating progress for slot 13/20: UE 80/200, PBCH=0 PRACH=0 SRS=20 TRS=20.
[2026-04-21T14:35:02Z] INFO Coupled control gating progress for slot 13/20: UE 90/200, PBCH=0 PRACH=0 SRS=22 TRS=20.
[2026-04-21T14:35:02Z] INFO Coupled control gating progress for slot 13/20: UE 100/200, PBCH=0 PRACH=0 SRS=25 TRS=20.
[2026-04-21T14:35:03Z] INFO Coupled control gating progress for slot 13/20: UE 110/200, PBCH=0 PRACH=0 SRS=27 TRS=21.
[2026-04-21T14:35:03Z] INFO Coupled control gating progress for slot 13/20: UE 120/200, PBCH=0 PRACH=0 SRS=30 TRS=21.
[2026-04-21T14:35:04Z] INFO Coupled control gating progress for slot 13/20: UE 130/200, PBCH=0 PRACH=0 SRS=32 TRS=21.
[2026-04-21T14:35:04Z] INFO Coupled control gating progress for slot 13/20: UE 140/200, PBCH=0 PRACH=0 SRS=35 TRS=21.
[2026-04-21T14:35:05Z] INFO Coupled control gating progress for slot 13/20: UE 150/200, PBCH=0 PRACH=0 SRS=37 TRS=21.
[2026-04-21T14:35:05Z] INFO Coupled control gating progress for slot 13/20: UE 160/200, PBCH=0 PRACH=0 SRS=40 TRS=21.
[2026-04-21T14:35:06Z] INFO Coupled control gating progress for slot 13/20: UE 170/200, PBCH=0 PRACH=0 SRS=42 TRS=21.
[2026-04-21T14:35:06Z] INFO Coupled control gating progress for slot 13/20: UE 180/200, PBCH=0 PRACH=0 SRS=45 TRS=21.
[2026-04-21T14:35:07Z] INFO Coupled control gating progress for slot 13/20: UE 190/200, PBCH=0 PRACH=0 SRS=47 TRS=21.
[2026-04-21T14:35:07Z] INFO Coupled control gating progress for slot 13/20: UE 200/200, PBCH=0 PRACH=0 SRS=50 TRS=21.
[2026-04-21T14:35:07Z] INFO Coupled control gating complete: slot=13 frame=1 pbch_attempts=0 prach_attempts=0 srs_attempts=50 trs_attempts=21 acquired=200/200 access=200/200 valid_srs=200/200 valid_trs_cells=21/21 tracked_serving_users=200/200 eligible=200/200.
[2026-04-21T14:35:07Z] INFO Coupled control gating complete for slot 13/20: acquired=200/200 access=200/200 valid_srs=200/200 valid_trs_cells=21/21 tracked_serving_users=200/200 eligible=200/200.
[2026-04-21T14:36:10Z] INFO DL coupled publish: sweep 1/1 snr=12.000 ue=0/200 dlFrames=1/20 ulFrames=1/20 dlRows=956 ulRows=249.
[2026-04-21T14:36:21Z] INFO Coupled DL schedule complete: sweep=1/1 slot=13/20 active=200 granted=200 grants=200.
[2026-04-21T14:36:55Z] INFO Coupled DL PDCCH qualification complete: sweep=1/1 slot=13/20 executable_grants=199.
[2026-04-21T14:36:55Z] INFO Preparing coupled DL batches: sweep=1/1 slot=13/20 candidate_grants=199 batch_size=32.
[2026-04-21T14:36:55Z] INFO Preparing coupled DL resolved grant cache: candidate_grants=199.
[2026-04-21T14:36:55Z] INFO Prepared coupled DL resolved grant cache entries: 25/199.
[2026-04-21T14:36:55Z] INFO Prepared coupled DL resolved grant cache entries: 50/199.
[2026-04-21T14:36:55Z] INFO Prepared coupled DL resolved grant cache entries: 75/199.
[2026-04-21T14:36:55Z] INFO Prepared coupled DL resolved grant cache entries: 100/199.
[2026-04-21T14:36:56Z] INFO Prepared coupled DL resolved grant cache entries: 125/199.
[2026-04-21T14:36:56Z] INFO Prepared coupled DL resolved grant cache entries: 150/199.
[2026-04-21T14:36:56Z] INFO Prepared coupled DL resolved grant cache entries: 175/199.
[2026-04-21T14:36:56Z] INFO Prepared coupled DL resolved grant cache entries: 199/199.
[2026-04-21T14:36:56Z] INFO Prepared coupled DL resolved grant cache complete: entries=199 elapsed_s=1.620.
[2026-04-21T14:36:56Z] INFO Prepared coupled DL chunk: sweep=1/1 slot=13/20 executable_plans=32 chunk=1-32 of 199.
[2026-04-21T14:36:56Z] INFO Executing coupled DL chunk: sweep=1/1 slot=13/20 chunk=1-32 of 199.
[2026-04-21T14:39:00Z] INFO Publishing coupled DL chunk results: sweep=1/1 slot=13/20 committed_rows=32 current_primary_rows=988.
[2026-04-21T14:40:05Z] INFO DL coupled publish: sweep 1/1 snr=12.000 ue=144/200 dlFrames=1/20 ulFrames=1/20 dlRows=988 ulRows=249.
[2026-04-21T14:40:05Z] INFO Prepared coupled DL chunk: sweep=1/1 slot=13/20 executable_plans=32 chunk=33-64 of 199.
[2026-04-21T14:40:05Z] INFO Executing coupled DL chunk: sweep=1/1 slot=13/20 chunk=33-64 of 199.
[2026-04-21T14:41:57Z] INFO Publishing coupled DL chunk results: sweep=1/1 slot=13/20 committed_rows=32 current_primary_rows=1020.
[2026-04-21T14:43:02Z] INFO DL coupled publish: sweep 1/1 snr=12.000 ue=110/200 dlFrames=1/20 ulFrames=1/20 dlRows=1020 ulRows=249.
[2026-04-21T14:43:03Z] INFO Prepared coupled DL chunk: sweep=1/1 slot=13/20 executable_plans=32 chunk=65-96 of 199.
[2026-04-21T14:43:03Z] INFO Executing coupled DL chunk: sweep=1/1 slot=13/20 chunk=65-96 of 199.
[2026-04-21T14:44:55Z] INFO Publishing coupled DL chunk results: sweep=1/1 slot=13/20 committed_rows=32 current_primary_rows=1052.
[2026-04-21T14:45:53Z] INFO DL coupled publish: sweep 1/1 snr=12.000 ue=128/200 dlFrames=1/20 ulFrames=1/20 dlRows=1052 ulRows=249.
[2026-04-21T14:45:53Z] INFO Prepared coupled DL chunk: sweep=1/1 slot=13/20 executable_plans=32 chunk=97-128 of 199.
[2026-04-21T14:45:53Z] INFO Executing coupled DL chunk: sweep=1/1 slot=13/20 chunk=97-128 of 199.
[2026-04-21T14:47:29Z] INFO Publishing coupled DL chunk results: sweep=1/1 slot=13/20 committed_rows=32 current_primary_rows=1084.
[2026-04-21T14:48:26Z] INFO DL coupled publish: sweep 1/1 snr=12.000 ue=194/200 dlFrames=1/20 ulFrames=1/20 dlRows=1084 ulRows=249.
[2026-04-21T14:48:26Z] INFO Prepared coupled DL chunk: sweep=1/1 slot=13/20 executable_plans=32 chunk=129-160 of 199.
[2026-04-21T14:48:26Z] INFO Executing coupled DL chunk: sweep=1/1 slot=13/20 chunk=129-160 of 199.
[2026-04-21T14:50:12Z] INFO Publishing coupled DL chunk results: sweep=1/1 slot=13/20 committed_rows=32 current_primary_rows=1116.
[2026-04-21T14:51:11Z] INFO DL coupled publish: sweep 1/1 snr=12.000 ue=147/200 dlFrames=1/20 ulFrames=1/20 dlRows=1116 ulRows=249.
[2026-04-21T14:51:11Z] INFO Prepared coupled DL chunk: sweep=1/1 slot=13/20 executable_plans=32 chunk=161-192 of 199.
[2026-04-21T14:51:11Z] INFO Executing coupled DL chunk: sweep=1/1 slot=13/20 chunk=161-192 of 199.
[2026-04-21T14:53:06Z] INFO Publishing coupled DL chunk results: sweep=1/1 slot=13/20 committed_rows=32 current_primary_rows=1148.
[2026-04-21T14:54:13Z] INFO DL coupled publish: sweep 1/1 snr=12.000 ue=95/200 dlFrames=1/20 ulFrames=1/20 dlRows=1148 ulRows=249.
[2026-04-21T14:54:13Z] INFO Prepared coupled DL chunk: sweep=1/1 slot=13/20 executable_plans=7 chunk=193-199 of 199.
[2026-04-21T14:54:13Z] INFO Executing coupled DL chunk: sweep=1/1 slot=13/20 chunk=193-199 of 199.
[2026-04-21T14:54:35Z] INFO Publishing coupled DL chunk results: sweep=1/1 slot=13/20 committed_rows=7 current_primary_rows=1155.
[2026-04-21T14:55:47Z] INFO DL coupled publish: sweep 1/1 snr=12.000 ue=168/200 dlFrames=1/20 ulFrames=1/20 dlRows=1155 ulRows=249.
[2026-04-21T14:55:47Z] INFO Coupled canonical slot prepared: sweep=1/1 slot=14/20 duplex=S allow_dl=1 allow_ul=1.
