[2026-04-21T01:37:44Z] INFO Preparing LLS run: scenario=lls_3gpp_rel20_anchor_4ghz_100mhz_waveform_honest_200ue_1frame runTag=webgui_rel20_4ghz_100mhz_200ue_1frame_20260421_070608 runFolder=C:\Users\Administrator\AppData\Local\Temp\2\sixgr_mysql_web_runs\lls_3gpp_rel20_anchor_4ghz_100mhz_waveform_honest_200ue_1frame\webgui_rel20_4ghz_100mhz_200ue_1frame_20260421_070608
[2026-04-21T01:37:46Z] INFO Artifact store active=1 backend=mysql_web schema=sixgr_results
[2026-04-21T01:37:46Z] INFO Writing resolved snapshots.
[2026-04-21T01:37:47Z] INFO Exporting live geometry artifacts.
[2026-04-21T01:37:48Z] INFO Executing runner profile=waveform_bundle.
[2026-04-21T01:37:48Z] INFO Waveform bundle starting: snr=12.000 dB sweepPoints=1 canonicalSlots=20 monteCarlo=1 slotDuration_s=0.000500
[TR38901Plus] Resolved config: Scenario=UMa Fc_Hz=4000000000 PathlossModel=nrPathLoss ShadowSigma_dB=6 PathlossEnabled=1 ShadowEnabled=1 LOSEnabled=1
[2026-04-21T01:37:56Z] INFO Coupled canonical slot prepared: sweep=1/1 slot=1/20 duplex=DL allow_dl=1 allow_ul=0.
[2026-04-21T01:37:56Z] INFO Starting coupled pre-scheduling control gating for slot 1/20 with 200 UEs.
[2026-04-21T01:38:03Z] INFO Coupled control gating progress for slot 1/20: UE 1/200, PBCH=1 PRACH=0 SRS=0 TRS=1.
[2026-04-21T01:38:24Z] INFO Coupled control gating progress for slot 1/20: UE 10/200, PBCH=10 PRACH=0 SRS=0 TRS=8.
[2026-04-21T01:38:45Z] INFO Coupled control gating progress for slot 1/20: UE 20/200, PBCH=20 PRACH=0 SRS=0 TRS=14.
[2026-04-21T01:39:04Z] INFO Coupled control gating progress for slot 1/20: UE 30/200, PBCH=30 PRACH=0 SRS=0 TRS=18.
[2026-04-21T01:39:23Z] INFO Coupled control gating progress for slot 1/20: UE 40/200, PBCH=40 PRACH=0 SRS=0 TRS=20.
[2026-04-21T01:39:42Z] INFO Coupled control gating progress for slot 1/20: UE 50/200, PBCH=50 PRACH=0 SRS=0 TRS=20.
[2026-04-21T01:40:00Z] INFO Coupled control gating progress for slot 1/20: UE 60/200, PBCH=60 PRACH=0 SRS=0 TRS=20.
[2026-04-21T01:40:19Z] INFO Coupled control gating progress for slot 1/20: UE 70/200, PBCH=70 PRACH=0 SRS=0 TRS=20.
[2026-04-21T01:40:37Z] INFO Coupled control gating progress for slot 1/20: UE 80/200, PBCH=80 PRACH=0 SRS=0 TRS=20.
[2026-04-21T01:40:56Z] INFO Coupled control gating progress for slot 1/20: UE 90/200, PBCH=90 PRACH=0 SRS=0 TRS=20.
[2026-04-21T01:41:14Z] INFO Coupled control gating progress for slot 1/20: UE 100/200, PBCH=100 PRACH=0 SRS=0 TRS=20.
[2026-04-21T01:41:33Z] INFO Coupled control gating progress for slot 1/20: UE 110/200, PBCH=110 PRACH=0 SRS=0 TRS=21.
[2026-04-21T01:41:52Z] INFO Coupled control gating progress for slot 1/20: UE 120/200, PBCH=120 PRACH=0 SRS=0 TRS=21.
[2026-04-21T01:42:10Z] INFO Coupled control gating progress for slot 1/20: UE 130/200, PBCH=130 PRACH=0 SRS=0 TRS=21.
[2026-04-21T01:42:29Z] INFO Coupled control gating progress for slot 1/20: UE 140/200, PBCH=140 PRACH=0 SRS=0 TRS=21.
[2026-04-21T01:42:47Z] INFO Coupled control gating progress for slot 1/20: UE 150/200, PBCH=150 PRACH=0 SRS=0 TRS=21.
[2026-04-21T01:43:05Z] INFO Coupled control gating progress for slot 1/20: UE 160/200, PBCH=160 PRACH=0 SRS=0 TRS=21.
[2026-04-21T01:43:24Z] INFO Coupled control gating progress for slot 1/20: UE 170/200, PBCH=170 PRACH=0 SRS=0 TRS=21.
[2026-04-21T01:43:42Z] INFO Coupled control gating progress for slot 1/20: UE 180/200, PBCH=180 PRACH=0 SRS=0 TRS=21.
[2026-04-21T01:44:01Z] INFO Coupled control gating progress for slot 1/20: UE 190/200, PBCH=190 PRACH=0 SRS=0 TRS=21.
[2026-04-21T01:44:19Z] INFO Coupled control gating progress for slot 1/20: UE 200/200, PBCH=200 PRACH=0 SRS=0 TRS=21.
[2026-04-21T01:44:19Z] INFO Coupled control gating complete: slot=1 frame=1 pbch_attempts=200 prach_attempts=0 srs_attempts=0 trs_attempts=21 acquired=200/200 access=0/200 valid_srs=0/200 valid_trs_cells=21/21 tracked_serving_users=200/200 eligible=0/200.
[2026-04-21T01:44:19Z] INFO Coupled control gating complete for slot 1/20: acquired=200/200 access=0/200 valid_srs=0/200 valid_trs_cells=21/21 tracked_serving_users=200/200 eligible=0/200.
[2026-04-21T01:44:25Z] INFO DL coupled publish: sweep 1/1 snr=12.000 ue=0/200 dlFrames=0/20 ulFrames=0/20 dlRows=0 ulRows=0.
[2026-04-21T01:44:32Z] INFO Coupled DL schedule complete: sweep=1/1 slot=1/20 active=0 granted=0 grants=0.
[2026-04-21T01:44:32Z] INFO Coupled DL PDCCH qualification complete: sweep=1/1 slot=1/20 executable_grants=0.
[2026-04-21T01:44:32Z] INFO Preparing coupled DL batches: sweep=1/1 slot=1/20 candidate_grants=0 batch_size=32.
[2026-04-21T01:44:32Z] INFO Coupled canonical slot prepared: sweep=1/1 slot=2/20 duplex=DL allow_dl=1 allow_ul=0.
[2026-04-21T01:44:32Z] INFO Starting coupled pre-scheduling control gating for slot 2/20 with 200 UEs.
[2026-04-21T01:44:32Z] INFO Coupled control gating progress for slot 2/20: UE 1/200, PBCH=0 PRACH=0 SRS=0 TRS=0.
[2026-04-21T01:44:32Z] INFO Coupled control gating progress for slot 2/20: UE 10/200, PBCH=0 PRACH=0 SRS=0 TRS=0.
[2026-04-21T01:44:33Z] INFO Coupled control gating progress for slot 2/20: UE 20/200, PBCH=0 PRACH=0 SRS=0 TRS=0.
[2026-04-21T01:44:33Z] INFO Coupled control gating progress for slot 2/20: UE 30/200, PBCH=0 PRACH=0 SRS=0 TRS=0.
[2026-04-21T01:44:33Z] INFO Coupled control gating progress for slot 2/20: UE 40/200, PBCH=0 PRACH=0 SRS=0 TRS=0.
[2026-04-21T01:44:33Z] INFO Coupled control gating progress for slot 2/20: UE 50/200, PBCH=0 PRACH=0 SRS=0 TRS=0.
[2026-04-21T01:44:33Z] INFO Coupled control gating progress for slot 2/20: UE 60/200, PBCH=0 PRACH=0 SRS=0 TRS=0.
[2026-04-21T01:44:34Z] INFO Coupled control gating progress for slot 2/20: UE 70/200, PBCH=0 PRACH=0 SRS=0 TRS=0.
[2026-04-21T01:44:34Z] INFO Coupled control gating progress for slot 2/20: UE 80/200, PBCH=0 PRACH=0 SRS=0 TRS=0.
[2026-04-21T01:44:34Z] INFO Coupled control gating progress for slot 2/20: UE 90/200, PBCH=0 PRACH=0 SRS=0 TRS=0.
[2026-04-21T01:44:34Z] INFO Coupled control gating progress for slot 2/20: UE 100/200, PBCH=0 PRACH=0 SRS=0 TRS=0.
[2026-04-21T01:44:35Z] INFO Coupled control gating progress for slot 2/20: UE 110/200, PBCH=0 PRACH=0 SRS=0 TRS=0.
[2026-04-21T01:44:35Z] INFO Coupled control gating progress for slot 2/20: UE 120/200, PBCH=0 PRACH=0 SRS=0 TRS=0.
[2026-04-21T01:44:35Z] INFO Coupled control gating progress for slot 2/20: UE 130/200, PBCH=0 PRACH=0 SRS=0 TRS=0.
[2026-04-21T01:44:35Z] INFO Coupled control gating progress for slot 2/20: UE 140/200, PBCH=0 PRACH=0 SRS=0 TRS=0.
[2026-04-21T01:44:36Z] INFO Coupled control gating progress for slot 2/20: UE 150/200, PBCH=0 PRACH=0 SRS=0 TRS=0.
[2026-04-21T01:44:36Z] INFO Coupled control gating progress for slot 2/20: UE 160/200, PBCH=0 PRACH=0 SRS=0 TRS=0.
[2026-04-21T01:44:36Z] INFO Coupled control gating progress for slot 2/20: UE 170/200, PBCH=0 PRACH=0 SRS=0 TRS=0.
[2026-04-21T01:44:36Z] INFO Coupled control gating progress for slot 2/20: UE 180/200, PBCH=0 PRACH=0 SRS=0 TRS=0.
[2026-04-21T01:44:36Z] INFO Coupled control gating progress for slot 2/20: UE 190/200, PBCH=0 PRACH=0 SRS=0 TRS=0.
[2026-04-21T01:44:37Z] INFO Coupled control gating progress for slot 2/20: UE 200/200, PBCH=0 PRACH=0 SRS=0 TRS=0.
[2026-04-21T01:44:37Z] INFO Coupled control gating complete: slot=2 frame=1 pbch_attempts=0 prach_attempts=0 srs_attempts=0 trs_attempts=0 acquired=200/200 access=0/200 valid_srs=0/200 valid_trs_cells=21/21 tracked_serving_users=200/200 eligible=0/200.
[2026-04-21T01:44:37Z] INFO Coupled control gating complete for slot 2/20: acquired=200/200 access=0/200 valid_srs=0/200 valid_trs_cells=21/21 tracked_serving_users=200/200 eligible=0/200.
[2026-04-21T01:44:42Z] INFO DL coupled publish: sweep 1/1 snr=12.000 ue=0/200 dlFrames=0/20 ulFrames=0/20 dlRows=0 ulRows=0.
[2026-04-21T01:44:48Z] INFO Coupled DL schedule complete: sweep=1/1 slot=2/20 active=0 granted=0 grants=0.
[2026-04-21T01:44:48Z] INFO Coupled DL PDCCH qualification complete: sweep=1/1 slot=2/20 executable_grants=0.
[2026-04-21T01:44:48Z] INFO Preparing coupled DL batches: sweep=1/1 slot=2/20 candidate_grants=0 batch_size=32.
[2026-04-21T01:44:48Z] INFO Coupled canonical slot prepared: sweep=1/1 slot=3/20 duplex=DL allow_dl=1 allow_ul=0.
[2026-04-21T01:44:48Z] INFO Starting coupled pre-scheduling control gating for slot 3/20 with 200 UEs.
[2026-04-21T01:44:48Z] INFO Coupled control gating progress for slot 3/20: UE 1/200, PBCH=0 PRACH=0 SRS=0 TRS=0.
[2026-04-21T01:44:48Z] INFO Coupled control gating progress for slot 3/20: UE 10/200, PBCH=0 PRACH=0 SRS=0 TRS=0.
[2026-04-21T01:44:48Z] INFO Coupled control gating progress for slot 3/20: UE 20/200, PBCH=0 PRACH=0 SRS=0 TRS=0.
[2026-04-21T01:44:49Z] INFO Coupled control gating progress for slot 3/20: UE 30/200, PBCH=0 PRACH=0 SRS=0 TRS=0.
[2026-04-21T01:44:49Z] INFO Coupled control gating progress for slot 3/20: UE 40/200, PBCH=0 PRACH=0 SRS=0 TRS=0.
[2026-04-21T01:44:49Z] INFO Coupled control gating progress for slot 3/20: UE 50/200, PBCH=0 PRACH=0 SRS=0 TRS=0.
[2026-04-21T01:44:49Z] INFO Coupled control gating progress for slot 3/20: UE 60/200, PBCH=0 PRACH=0 SRS=0 TRS=0.
[2026-04-21T01:44:50Z] INFO Coupled control gating progress for slot 3/20: UE 70/200, PBCH=0 PRACH=0 SRS=0 TRS=0.
[2026-04-21T01:44:50Z] INFO Coupled control gating progress for slot 3/20: UE 80/200, PBCH=0 PRACH=0 SRS=0 TRS=0.
[2026-04-21T01:44:50Z] INFO Coupled control gating progress for slot 3/20: UE 90/200, PBCH=0 PRACH=0 SRS=0 TRS=0.
[2026-04-21T01:44:50Z] INFO Coupled control gating progress for slot 3/20: UE 100/200, PBCH=0 PRACH=0 SRS=0 TRS=0.
[2026-04-21T01:44:50Z] INFO Coupled control gating progress for slot 3/20: UE 110/200, PBCH=0 PRACH=0 SRS=0 TRS=0.
[2026-04-21T01:44:51Z] INFO Coupled control gating progress for slot 3/20: UE 120/200, PBCH=0 PRACH=0 SRS=0 TRS=0.
[2026-04-21T01:44:51Z] INFO Coupled control gating progress for slot 3/20: UE 130/200, PBCH=0 PRACH=0 SRS=0 TRS=0.
[2026-04-21T01:44:51Z] INFO Coupled control gating progress for slot 3/20: UE 140/200, PBCH=0 PRACH=0 SRS=0 TRS=0.
[2026-04-21T01:44:51Z] INFO Coupled control gating progress for slot 3/20: UE 150/200, PBCH=0 PRACH=0 SRS=0 TRS=0.
[2026-04-21T01:44:52Z] INFO Coupled control gating progress for slot 3/20: UE 160/200, PBCH=0 PRACH=0 SRS=0 TRS=0.
[2026-04-21T01:44:52Z] INFO Coupled control gating progress for slot 3/20: UE 170/200, PBCH=0 PRACH=0 SRS=0 TRS=0.
[2026-04-21T01:44:52Z] INFO Coupled control gating progress for slot 3/20: UE 180/200, PBCH=0 PRACH=0 SRS=0 TRS=0.
[2026-04-21T01:44:52Z] INFO Coupled control gating progress for slot 3/20: UE 190/200, PBCH=0 PRACH=0 SRS=0 TRS=0.
[2026-04-21T01:44:52Z] INFO Coupled control gating progress for slot 3/20: UE 200/200, PBCH=0 PRACH=0 SRS=0 TRS=0.
[2026-04-21T01:44:53Z] INFO Coupled control gating complete: slot=3 frame=1 pbch_attempts=0 prach_attempts=0 srs_attempts=0 trs_attempts=0 acquired=200/200 access=0/200 valid_srs=0/200 valid_trs_cells=21/21 tracked_serving_users=200/200 eligible=0/200.
[2026-04-21T01:44:53Z] INFO Coupled control gating complete for slot 3/20: acquired=200/200 access=0/200 valid_srs=0/200 valid_trs_cells=21/21 tracked_serving_users=200/200 eligible=0/200.
[2026-04-21T01:44:58Z] INFO DL coupled publish: sweep 1/1 snr=12.000 ue=0/200 dlFrames=0/20 ulFrames=0/20 dlRows=0 ulRows=0.
[2026-04-21T01:45:04Z] INFO Coupled DL schedule complete: sweep=1/1 slot=3/20 active=0 granted=0 grants=0.
[2026-04-21T01:45:04Z] INFO Coupled DL PDCCH qualification complete: sweep=1/1 slot=3/20 executable_grants=0.
[2026-04-21T01:45:04Z] INFO Preparing coupled DL batches: sweep=1/1 slot=3/20 candidate_grants=0 batch_size=32.
[2026-04-21T01:45:04Z] INFO Coupled canonical slot prepared: sweep=1/1 slot=4/20 duplex=S allow_dl=1 allow_ul=1.
[2026-04-21T01:45:04Z] INFO Starting coupled pre-scheduling control gating for slot 4/20 with 200 UEs.
[2026-04-21T01:45:04Z] INFO Coupled control gating progress for slot 4/20: UE 1/200, PBCH=0 PRACH=0 SRS=0 TRS=0.
[2026-04-21T01:45:04Z] INFO Coupled control gating progress for slot 4/20: UE 10/200, PBCH=0 PRACH=0 SRS=0 TRS=0.
[2026-04-21T01:45:04Z] INFO Coupled control gating progress for slot 4/20: UE 20/200, PBCH=0 PRACH=0 SRS=0 TRS=0.
[2026-04-21T01:45:05Z] INFO Coupled control gating progress for slot 4/20: UE 30/200, PBCH=0 PRACH=0 SRS=0 TRS=0.
[2026-04-21T01:45:05Z] INFO Coupled control gating progress for slot 4/20: UE 40/200, PBCH=0 PRACH=0 SRS=0 TRS=0.
[2026-04-21T01:45:05Z] INFO Coupled control gating progress for slot 4/20: UE 50/200, PBCH=0 PRACH=0 SRS=0 TRS=0.
[2026-04-21T01:45:05Z] INFO Coupled control gating progress for slot 4/20: UE 60/200, PBCH=0 PRACH=0 SRS=0 TRS=0.
[2026-04-21T01:45:06Z] INFO Coupled control gating progress for slot 4/20: UE 70/200, PBCH=0 PRACH=0 SRS=0 TRS=0.
[2026-04-21T01:45:06Z] INFO Coupled control gating progress for slot 4/20: UE 80/200, PBCH=0 PRACH=0 SRS=0 TRS=0.
[2026-04-21T01:45:06Z] INFO Coupled control gating progress for slot 4/20: UE 90/200, PBCH=0 PRACH=0 SRS=0 TRS=0.
[2026-04-21T01:45:06Z] INFO Coupled control gating progress for slot 4/20: UE 100/200, PBCH=0 PRACH=0 SRS=0 TRS=0.
[2026-04-21T01:45:07Z] INFO Coupled control gating progress for slot 4/20: UE 110/200, PBCH=0 PRACH=0 SRS=0 TRS=0.
[2026-04-21T01:45:07Z] INFO Coupled control gating progress for slot 4/20: UE 120/200, PBCH=0 PRACH=0 SRS=0 TRS=0.
[2026-04-21T01:45:07Z] INFO Coupled control gating progress for slot 4/20: UE 130/200, PBCH=0 PRACH=0 SRS=0 TRS=0.
[2026-04-21T01:45:07Z] INFO Coupled control gating progress for slot 4/20: UE 140/200, PBCH=0 PRACH=0 SRS=0 TRS=0.
[2026-04-21T01:45:07Z] INFO Coupled control gating progress for slot 4/20: UE 150/200, PBCH=0 PRACH=0 SRS=0 TRS=0.
[2026-04-21T01:45:08Z] INFO Coupled control gating progress for slot 4/20: UE 160/200, PBCH=0 PRACH=0 SRS=0 TRS=0.
[2026-04-21T01:45:08Z] INFO Coupled control gating progress for slot 4/20: UE 170/200, PBCH=0 PRACH=0 SRS=0 TRS=0.
[2026-04-21T01:45:08Z] INFO Coupled control gating progress for slot 4/20: UE 180/200, PBCH=0 PRACH=0 SRS=0 TRS=0.
[2026-04-21T01:45:08Z] INFO Coupled control gating progress for slot 4/20: UE 190/200, PBCH=0 PRACH=0 SRS=0 TRS=0.
[2026-04-21T01:45:09Z] INFO Coupled control gating progress for slot 4/20: UE 200/200, PBCH=0 PRACH=0 SRS=0 TRS=0.
[2026-04-21T01:45:09Z] INFO Coupled control gating complete: slot=4 frame=1 pbch_attempts=0 prach_attempts=0 srs_attempts=0 trs_attempts=0 acquired=200/200 access=0/200 valid_srs=0/200 valid_trs_cells=21/21 tracked_serving_users=200/200 eligible=0/200.
[2026-04-21T01:45:09Z] INFO Coupled control gating complete for slot 4/20: acquired=200/200 access=0/200 valid_srs=0/200 valid_trs_cells=21/21 tracked_serving_users=200/200 eligible=0/200.
[2026-04-21T01:45:13Z] INFO DL coupled publish: sweep 1/1 snr=12.000 ue=0/200 dlFrames=0/20 ulFrames=0/20 dlRows=0 ulRows=0.
[2026-04-21T01:45:20Z] INFO Coupled DL schedule complete: sweep=1/1 slot=4/20 active=0 granted=0 grants=0.
[2026-04-21T01:45:20Z] INFO Coupled DL PDCCH qualification complete: sweep=1/1 slot=4/20 executable_grants=0.
[2026-04-21T01:45:20Z] INFO Preparing coupled DL batches: sweep=1/1 slot=4/20 candidate_grants=0 batch_size=32.
[2026-04-21T01:45:26Z] INFO Coupled UL schedule complete: sweep=1/1 slot=4/20 active=0 granted=0 grants=0.
[2026-04-21T01:45:26Z] INFO Coupled UL PDCCH qualification complete: sweep=1/1 slot=4/20 executable_grants=0.
[2026-04-21T01:45:26Z] INFO Preparing coupled UL batches: sweep=1/1 slot=4/20 candidate_grants=0 batch_size=32.
[2026-04-21T01:45:27Z] INFO Coupled canonical slot prepared: sweep=1/1 slot=5/20 duplex=UL allow_dl=0 allow_ul=1.
[2026-04-21T01:45:27Z] INFO Starting coupled pre-scheduling control gating for slot 5/20 with 200 UEs.
[2026-04-21T01:45:27Z] INFO Coupled control gating progress for slot 5/20: UE 1/200, PBCH=0 PRACH=0 SRS=0 TRS=1.
[2026-04-21T01:45:29Z] INFO Coupled control gating progress for slot 5/20: UE 10/200, PBCH=0 PRACH=0 SRS=0 TRS=7.
[2026-04-21T01:45:30Z] INFO Coupled control gating progress for slot 5/20: UE 20/200, PBCH=0 PRACH=0 SRS=0 TRS=11.
[2026-04-21T01:45:32Z] INFO Coupled control gating progress for slot 5/20: UE 30/200, PBCH=0 PRACH=0 SRS=0 TRS=14.
[2026-04-21T01:45:32Z] INFO Coupled control gating progress for slot 5/20: UE 40/200, PBCH=0 PRACH=0 SRS=0 TRS=16.
[2026-04-21T01:45:33Z] INFO Coupled control gating progress for slot 5/20: UE 50/200, PBCH=0 PRACH=0 SRS=0 TRS=18.
[2026-04-21T01:45:34Z] INFO Coupled control gating progress for slot 5/20: UE 60/200, PBCH=0 PRACH=0 SRS=0 TRS=19.
[2026-04-21T01:45:34Z] INFO Coupled control gating progress for slot 5/20: UE 70/200, PBCH=0 PRACH=0 SRS=0 TRS=20.
[2026-04-21T01:45:35Z] INFO Coupled control gating progress for slot 5/20: UE 80/200, PBCH=0 PRACH=0 SRS=0 TRS=21.
[2026-04-21T01:45:35Z] INFO Coupled control gating progress for slot 5/20: UE 90/200, PBCH=0 PRACH=0 SRS=0 TRS=21.
[2026-04-21T01:45:35Z] INFO Coupled control gating progress for slot 5/20: UE 100/200, PBCH=0 PRACH=0 SRS=0 TRS=21.
[2026-04-21T01:45:35Z] INFO Coupled control gating progress for slot 5/20: UE 110/200, PBCH=0 PRACH=0 SRS=0 TRS=21.
[2026-04-21T01:45:36Z] INFO Coupled control gating progress for slot 5/20: UE 120/200, PBCH=0 PRACH=0 SRS=0 TRS=21.
[2026-04-21T01:45:36Z] INFO Coupled control gating progress for slot 5/20: UE 130/200, PBCH=0 PRACH=0 SRS=0 TRS=21.
[2026-04-21T01:45:36Z] INFO Coupled control gating progress for slot 5/20: UE 140/200, PBCH=0 PRACH=0 SRS=0 TRS=21.
[2026-04-21T01:45:36Z] INFO Coupled control gating progress for slot 5/20: UE 150/200, PBCH=0 PRACH=0 SRS=0 TRS=21.
[2026-04-21T01:45:36Z] INFO Coupled control gating progress for slot 5/20: UE 160/200, PBCH=0 PRACH=0 SRS=0 TRS=21.
[2026-04-21T01:45:37Z] INFO Coupled control gating progress for slot 5/20: UE 170/200, PBCH=0 PRACH=0 SRS=0 TRS=21.
[2026-04-21T01:45:37Z] INFO Coupled control gating progress for slot 5/20: UE 180/200, PBCH=0 PRACH=0 SRS=0 TRS=21.
[2026-04-21T01:45:37Z] INFO Coupled control gating progress for slot 5/20: UE 190/200, PBCH=0 PRACH=0 SRS=0 TRS=21.
[2026-04-21T01:45:37Z] INFO Coupled control gating progress for slot 5/20: UE 200/200, PBCH=0 PRACH=0 SRS=0 TRS=21.
[2026-04-21T01:45:37Z] INFO Coupled control gating complete: slot=5 frame=1 pbch_attempts=0 prach_attempts=0 srs_attempts=0 trs_attempts=21 acquired=200/200 access=0/200 valid_srs=0/200 valid_trs_cells=21/21 tracked_serving_users=200/200 eligible=0/200.
[2026-04-21T01:45:37Z] INFO Coupled control gating complete for slot 5/20: acquired=200/200 access=0/200 valid_srs=0/200 valid_trs_cells=21/21 tracked_serving_users=200/200 eligible=0/200.
[2026-04-21T01:45:42Z] INFO UL coupled publish: sweep 1/1 snr=12.000 ue=0/200 dlFrames=0/20 ulFrames=0/20 dlRows=0 ulRows=0.
[2026-04-21T01:45:49Z] INFO Coupled UL schedule complete: sweep=1/1 slot=5/20 active=0 granted=0 grants=0.
[2026-04-21T01:45:49Z] INFO Coupled UL PDCCH qualification complete: sweep=1/1 slot=5/20 executable_grants=0.
[2026-04-21T01:45:49Z] INFO Preparing coupled UL batches: sweep=1/1 slot=5/20 candidate_grants=0 batch_size=32.
[2026-04-21T01:45:49Z] INFO Coupled canonical slot prepared: sweep=1/1 slot=6/20 duplex=DL allow_dl=1 allow_ul=0.
[2026-04-21T01:45:49Z] INFO Starting coupled pre-scheduling control gating for slot 6/20 with 200 UEs.
[2026-04-21T01:45:49Z] INFO Coupled control gating progress for slot 6/20: UE 1/200, PBCH=0 PRACH=0 SRS=0 TRS=0.
[2026-04-21T01:45:49Z] INFO Coupled control gating progress for slot 6/20: UE 10/200, PBCH=0 PRACH=0 SRS=0 TRS=0.
[2026-04-21T01:45:50Z] INFO Coupled control gating progress for slot 6/20: UE 20/200, PBCH=0 PRACH=0 SRS=0 TRS=0.
[2026-04-21T01:45:50Z] INFO Coupled control gating progress for slot 6/20: UE 30/200, PBCH=0 PRACH=0 SRS=0 TRS=0.
[2026-04-21T01:45:50Z] INFO Coupled control gating progress for slot 6/20: UE 40/200, PBCH=0 PRACH=0 SRS=0 TRS=0.
[2026-04-21T01:45:50Z] INFO Coupled control gating progress for slot 6/20: UE 50/200, PBCH=0 PRACH=0 SRS=0 TRS=0.
[2026-04-21T01:45:50Z] INFO Coupled control gating progress for slot 6/20: UE 60/200, PBCH=0 PRACH=0 SRS=0 TRS=0.
[2026-04-21T01:45:51Z] INFO Coupled control gating progress for slot 6/20: UE 70/200, PBCH=0 PRACH=0 SRS=0 TRS=0.
[2026-04-21T01:45:51Z] INFO Coupled control gating progress for slot 6/20: UE 80/200, PBCH=0 PRACH=0 SRS=0 TRS=0.
[2026-04-21T01:45:51Z] INFO Coupled control gating progress for slot 6/20: UE 90/200, PBCH=0 PRACH=0 SRS=0 TRS=0.
[2026-04-21T01:45:51Z] INFO Coupled control gating progress for slot 6/20: UE 100/200, PBCH=0 PRACH=0 SRS=0 TRS=0.
[2026-04-21T01:45:51Z] INFO Coupled control gating progress for slot 6/20: UE 110/200, PBCH=0 PRACH=0 SRS=0 TRS=0.
[2026-04-21T01:45:52Z] INFO Coupled control gating progress for slot 6/20: UE 120/200, PBCH=0 PRACH=0 SRS=0 TRS=0.
[2026-04-21T01:45:52Z] INFO Coupled control gating progress for slot 6/20: UE 130/200, PBCH=0 PRACH=0 SRS=0 TRS=0.
[2026-04-21T01:45:52Z] INFO Coupled control gating progress for slot 6/20: UE 140/200, PBCH=0 PRACH=0 SRS=0 TRS=0.
[2026-04-21T01:45:52Z] INFO Coupled control gating progress for slot 6/20: UE 150/200, PBCH=0 PRACH=0 SRS=0 TRS=0.
[2026-04-21T01:45:53Z] INFO Coupled control gating progress for slot 6/20: UE 160/200, PBCH=0 PRACH=0 SRS=0 TRS=0.
[2026-04-21T01:45:53Z] INFO Coupled control gating progress for slot 6/20: UE 170/200, PBCH=0 PRACH=0 SRS=0 TRS=0.
[2026-04-21T01:45:53Z] INFO Coupled control gating progress for slot 6/20: UE 180/200, PBCH=0 PRACH=0 SRS=0 TRS=0.
[2026-04-21T01:45:53Z] INFO Coupled control gating progress for slot 6/20: UE 190/200, PBCH=0 PRACH=0 SRS=0 TRS=0.
[2026-04-21T01:45:53Z] INFO Coupled control gating progress for slot 6/20: UE 200/200, PBCH=0 PRACH=0 SRS=0 TRS=0.
[2026-04-21T01:45:54Z] INFO Coupled control gating complete: slot=6 frame=1 pbch_attempts=0 prach_attempts=0 srs_attempts=0 trs_attempts=0 acquired=200/200 access=0/200 valid_srs=0/200 valid_trs_cells=21/21 tracked_serving_users=200/200 eligible=0/200.
[2026-04-21T01:45:54Z] INFO Coupled control gating complete for slot 6/20: acquired=200/200 access=0/200 valid_srs=0/200 valid_trs_cells=21/21 tracked_serving_users=200/200 eligible=0/200.
[2026-04-21T01:45:58Z] INFO DL coupled publish: sweep 1/1 snr=12.000 ue=0/200 dlFrames=0/20 ulFrames=0/20 dlRows=0 ulRows=0.
[2026-04-21T01:46:05Z] INFO Coupled DL schedule complete: sweep=1/1 slot=6/20 active=0 granted=0 grants=0.
[2026-04-21T01:46:05Z] INFO Coupled DL PDCCH qualification complete: sweep=1/1 slot=6/20 executable_grants=0.
[2026-04-21T01:46:05Z] INFO Preparing coupled DL batches: sweep=1/1 slot=6/20 candidate_grants=0 batch_size=32.
[2026-04-21T01:46:05Z] INFO Coupled canonical slot prepared: sweep=1/1 slot=7/20 duplex=DL allow_dl=1 allow_ul=0.
[2026-04-21T01:46:05Z] INFO Starting coupled pre-scheduling control gating for slot 7/20 with 200 UEs.
[2026-04-21T01:46:05Z] INFO Coupled control gating progress for slot 7/20: UE 1/200, PBCH=0 PRACH=1 SRS=0 TRS=0.
[2026-04-21T01:46:07Z] INFO Coupled control gating progress for slot 7/20: UE 10/200, PBCH=0 PRACH=10 SRS=0 TRS=0.
[2026-04-21T01:46:09Z] INFO Coupled control gating progress for slot 7/20: UE 20/200, PBCH=0 PRACH=20 SRS=0 TRS=0.
[2026-04-21T01:46:10Z] INFO Coupled control gating progress for slot 7/20: UE 30/200, PBCH=0 PRACH=30 SRS=0 TRS=0.
[2026-04-21T01:46:12Z] INFO Coupled control gating progress for slot 7/20: UE 40/200, PBCH=0 PRACH=40 SRS=0 TRS=0.
[2026-04-21T01:46:13Z] INFO Coupled control gating progress for slot 7/20: UE 50/200, PBCH=0 PRACH=50 SRS=0 TRS=0.
[2026-04-21T01:46:15Z] INFO Coupled control gating progress for slot 7/20: UE 60/200, PBCH=0 PRACH=60 SRS=0 TRS=0.
[2026-04-21T01:46:17Z] INFO Coupled control gating progress for slot 7/20: UE 70/200, PBCH=0 PRACH=70 SRS=0 TRS=0.
[2026-04-21T01:46:18Z] INFO Coupled control gating progress for slot 7/20: UE 80/200, PBCH=0 PRACH=80 SRS=0 TRS=0.
[2026-04-21T01:46:20Z] INFO Coupled control gating progress for slot 7/20: UE 90/200, PBCH=0 PRACH=90 SRS=0 TRS=0.
[2026-04-21T01:46:22Z] INFO Coupled control gating progress for slot 7/20: UE 100/200, PBCH=0 PRACH=100 SRS=0 TRS=0.
[2026-04-21T01:46:23Z] INFO Coupled control gating progress for slot 7/20: UE 110/200, PBCH=0 PRACH=110 SRS=0 TRS=0.
[2026-04-21T01:46:25Z] INFO Coupled control gating progress for slot 7/20: UE 120/200, PBCH=0 PRACH=120 SRS=0 TRS=0.
[2026-04-21T01:46:26Z] INFO Coupled control gating progress for slot 7/20: UE 130/200, PBCH=0 PRACH=130 SRS=0 TRS=0.
[2026-04-21T01:46:28Z] INFO Coupled control gating progress for slot 7/20: UE 140/200, PBCH=0 PRACH=140 SRS=0 TRS=0.
[2026-04-21T01:46:29Z] INFO Coupled control gating progress for slot 7/20: UE 150/200, PBCH=0 PRACH=150 SRS=0 TRS=0.
[2026-04-21T01:46:31Z] INFO Coupled control gating progress for slot 7/20: UE 160/200, PBCH=0 PRACH=160 SRS=0 TRS=0.
[2026-04-21T01:46:33Z] INFO Coupled control gating progress for slot 7/20: UE 170/200, PBCH=0 PRACH=170 SRS=0 TRS=0.
[2026-04-21T01:46:34Z] INFO Coupled control gating progress for slot 7/20: UE 180/200, PBCH=0 PRACH=180 SRS=0 TRS=0.
[2026-04-21T01:46:36Z] INFO Coupled control gating progress for slot 7/20: UE 190/200, PBCH=0 PRACH=190 SRS=0 TRS=0.
[2026-04-21T01:46:37Z] INFO Coupled control gating progress for slot 7/20: UE 200/200, PBCH=0 PRACH=200 SRS=0 TRS=0.
[2026-04-21T01:46:38Z] INFO Coupled control gating complete: slot=7 frame=1 pbch_attempts=0 prach_attempts=200 srs_attempts=0 trs_attempts=0 acquired=200/200 access=200/200 valid_srs=0/200 valid_trs_cells=21/21 tracked_serving_users=200/200 eligible=0/200.
[2026-04-21T01:46:38Z] INFO Coupled control gating complete for slot 7/20: acquired=200/200 access=200/200 valid_srs=0/200 valid_trs_cells=21/21 tracked_serving_users=200/200 eligible=0/200.
[2026-04-21T01:46:43Z] INFO DL coupled publish: sweep 1/1 snr=12.000 ue=0/200 dlFrames=0/20 ulFrames=0/20 dlRows=0 ulRows=0.
[2026-04-21T01:46:58Z] INFO Coupled DL schedule complete: sweep=1/1 slot=7/20 active=200 granted=200 grants=200.
[2026-04-21T01:47:33Z] INFO Coupled DL PDCCH qualification complete: sweep=1/1 slot=7/20 executable_grants=200.
[2026-04-21T01:47:33Z] INFO Preparing coupled DL batches: sweep=1/1 slot=7/20 candidate_grants=200 batch_size=32.
[2026-04-21T01:47:33Z] INFO Preparing coupled DL resolved grant cache: candidate_grants=200.
[2026-04-21T01:48:04Z] INFO Prepared coupled DL resolved grant cache entries: 25/200.
[2026-04-21T01:48:30Z] INFO Prepared coupled DL resolved grant cache entries: 50/200.
[2026-04-21T01:48:53Z] INFO Prepared coupled DL resolved grant cache entries: 75/200.
[2026-04-21T01:49:19Z] INFO Prepared coupled DL resolved grant cache entries: 100/200.
[2026-04-21T01:49:45Z] INFO Prepared coupled DL resolved grant cache entries: 125/200.
[2026-04-21T01:50:09Z] INFO Prepared coupled DL resolved grant cache entries: 150/200.
[2026-04-21T01:50:40Z] INFO Prepared coupled DL resolved grant cache entries: 175/200.
[2026-04-21T01:51:12Z] INFO Prepared coupled DL resolved grant cache entries: 200/200.
[2026-04-21T01:51:12Z] INFO Prepared coupled DL resolved grant cache complete: entries=200 elapsed_s=219.179.
[2026-04-21T01:51:54Z] INFO Prepared coupled DL chunk: sweep=1/1 slot=7/20 executable_plans=32 chunk=1-32 of 200.
[2026-04-21T01:51:54Z] INFO Executing coupled DL chunk: sweep=1/1 slot=7/20 chunk=1-32 of 200.
[2026-04-21T01:54:02Z] INFO Publishing coupled DL chunk results: sweep=1/1 slot=7/20 committed_rows=32 current_primary_rows=32.
[2026-04-21T01:54:15Z] INFO DL coupled publish: sweep 1/1 snr=12.000 ue=196/200 dlFrames=1/20 ulFrames=0/20 dlRows=32 ulRows=0.
[2026-04-21T01:54:40Z] INFO Prepared coupled DL chunk: sweep=1/1 slot=7/20 executable_plans=32 chunk=33-64 of 200.
[2026-04-21T01:54:40Z] INFO Executing coupled DL chunk: sweep=1/1 slot=7/20 chunk=33-64 of 200.
[2026-04-21T01:56:09Z] INFO Publishing coupled DL chunk results: sweep=1/1 slot=7/20 committed_rows=32 current_primary_rows=64.
[2026-04-21T01:56:20Z] INFO DL coupled publish: sweep 1/1 snr=12.000 ue=69/200 dlFrames=1/20 ulFrames=0/20 dlRows=64 ulRows=0.
[2026-04-21T01:56:53Z] INFO Prepared coupled DL chunk: sweep=1/1 slot=7/20 executable_plans=32 chunk=65-96 of 200.
[2026-04-21T01:56:53Z] INFO Executing coupled DL chunk: sweep=1/1 slot=7/20 chunk=65-96 of 200.
[2026-04-21T01:58:34Z] INFO Publishing coupled DL chunk results: sweep=1/1 slot=7/20 committed_rows=32 current_primary_rows=96.
[2026-04-21T01:58:46Z] INFO DL coupled publish: sweep 1/1 snr=12.000 ue=102/200 dlFrames=1/20 ulFrames=0/20 dlRows=96 ulRows=0.
[2026-04-21T01:59:21Z] INFO Prepared coupled DL chunk: sweep=1/1 slot=7/20 executable_plans=32 chunk=97-128 of 200.
[2026-04-21T01:59:21Z] INFO Executing coupled DL chunk: sweep=1/1 slot=7/20 chunk=97-128 of 200.
[2026-04-21T02:01:03Z] INFO Publishing coupled DL chunk results: sweep=1/1 slot=7/20 committed_rows=32 current_primary_rows=128.
