[PASS] testConfig (20.23s)
[PASS] testStrictProxyGuards (0.36s)
[PASS] testStrictMode_NoFallbackAnywhere (5.25s)
[PASS] testLLS_DL (68.05s)
[PASS] testLLS_UL (57.06s)
[PASS] testLLS_ReferencePoints (71.75s)
[PASS] testLinkExportPipeline (30.28s)
[PASS] testArtifactIntegrity (0.28s)
[PASS] testOrganizeRunResults_E2EArtifactPreservation (1.11s)
[PASS] testSchedulerGrantConsistency (9.94s)
[TR38901Plus] Resolved config: Scenario=UMa Fc_Hz=4000000000 PathlossModel=nrPathLoss ShadowSigma_dB=6 PathlossEnabled=1 ShadowEnabled=1 LOSEnabled=1
[2026-09-13T08:58:18Z] INFO system_level_lls_started slot=0/20 completion=0.0000 elapsed_s=1.8 slot_direction=initializing active_ue=2 cells=57 grants=0 served_bits=0 dropped_bits=0 overflow_events=0
[2026-09-13T08:58:18Z] INFO system_level_lls_slot1_post_mobility_update slot=0/20 completion=0.0000 elapsed_s=1.8 slot_direction=slot1_post_mobility_update active_ue=2 cells=57 grants=0 served_bits=0 dropped_bits=0 overflow_events=0
[2026-09-13T08:58:19Z] INFO system_level_lls_slot1_large_scale_ready slot=0/20 completion=0.0000 elapsed_s=2.3 slot_direction=slot1_large_scale_ready active_ue=2 cells=57 grants=0 served_bits=0 dropped_bits=0 overflow_events=0
[2026-09-13T08:58:20Z] INFO system_level_lls_slot1_active_ues_ready slot=0/20 completion=0.0000 elapsed_s=3.3 slot_direction=FDD_SEPARATE_DL_UL active_ue=0 cells=57 grants=0 served_bits=0 dropped_bits=0 overflow_events=0
[2026-09-13T08:58:20Z] INFO system_level_lls_slot1_ue_by_cell_ready slot=0/20 completion=0.0000 elapsed_s=3.3 slot_direction=FDD_SEPARATE_DL_UL active_ue=0 cells=57 grants=0 served_bits=0 dropped_bits=0 overflow_events=0
[2026-09-13T08:58:20Z] INFO system_level_lls_slot1_scheduler_inputs_ready slot=0/20 completion=0.0000 elapsed_s=3.4 slot_direction=FDD_SEPARATE_DL_UL active_ue=0 cells=57 grants=0 served_bits=0 dropped_bits=0 overflow_events=0
[2026-09-13T08:58:20Z] INFO system_level_lls_slot1_dl_scheduler_ready slot=0/20 completion=0.0000 elapsed_s=3.4 slot_direction=FDD_SEPARATE_DL_UL active_ue=0 cells=57 grants=0 served_bits=0 dropped_bits=0 overflow_events=0
[2026-09-13T08:58:20Z] INFO system_level_lls_slot1_ul_scheduler_ready slot=0/20 completion=0.0000 elapsed_s=3.4 slot_direction=FDD_SEPARATE_DL_UL active_ue=0 cells=57 grants=0 served_bits=0 dropped_bits=0 overflow_events=0
[2026-09-13T08:58:20Z] INFO system_level_lls_slot1_scheduler_ready slot=0/20 completion=0.0000 elapsed_s=3.4 slot_direction=FDD_SEPARATE_DL_UL active_ue=0 cells=57 grants=0 served_bits=0 dropped_bits=0 overflow_events=0
[2026-09-13T08:58:20Z] INFO system_level_lls_slot_progress slot=1/20 completion=0.0500 elapsed_s=3.5 slot_direction=FDD_SEPARATE_DL_UL active_ue=0 cells=57 grants=0 served_bits=0 dropped_bits=0 overflow_events=0
[2026-09-13T08:58:20Z] INFO system_level_lls_slot_progress slot=2/20 completion=0.1000 elapsed_s=4.0 slot_direction=FDD_SEPARATE_DL_UL active_ue=0 cells=57 grants=0 served_bits=0 dropped_bits=0 overflow_events=0
[2026-09-13T08:58:21Z] INFO system_level_lls_slot_progress slot=3/20 completion=0.1500 elapsed_s=4.5 slot_direction=FDD_SEPARATE_DL_UL active_ue=0 cells=57 grants=0 served_bits=0 dropped_bits=0 overflow_events=0
[2026-09-13T08:58:29Z] INFO system_level_lls_dl_replay_progress slot=3/20 completion=0.1500 elapsed_s=12.8 slot_direction=FDD_SEPARATE_DL_UL replay_direction=DL replay_grant=1/1 cell=1 ue=1 active_ue=1 cells=57 grants=1 served_bits=0 dropped_bits=0 overflow_events=0
[2026-09-13T08:58:35Z] INFO system_level_lls_slot_progress slot=4/20 completion=0.2000 elapsed_s=18.6 slot_direction=FDD_SEPARATE_DL_UL active_ue=1 cells=57 grants=1 served_bits=3752 dropped_bits=0 overflow_events=0
[2026-09-13T08:58:48Z] INFO system_level_lls_dl_replay_progress slot=4/20 completion=0.2000 elapsed_s=31.1 slot_direction=FDD_SEPARATE_DL_UL replay_direction=DL replay_grant=1/2 cell=1 ue=1 active_ue=2 cells=57 grants=2 served_bits=3752 dropped_bits=0 overflow_events=0
[2026-09-13T08:58:49Z] INFO system_level_lls_dl_replay_progress slot=4/20 completion=0.2000 elapsed_s=32.6 slot_direction=FDD_SEPARATE_DL_UL replay_direction=DL replay_grant=2/2 cell=2 ue=2 active_ue=2 cells=57 grants=2 served_bits=7504 dropped_bits=0 overflow_events=0
[2026-09-13T08:58:50Z] INFO system_level_lls_slot_progress slot=5/20 completion=0.2500 elapsed_s=33.6 slot_direction=FDD_SEPARATE_DL_UL active_ue=2 cells=57 grants=2 served_bits=11256 dropped_bits=0 overflow_events=0
[2026-09-13T08:59:00Z] INFO system_level_lls_dl_replay_progress slot=5/20 completion=0.2500 elapsed_s=44.0 slot_direction=FDD_SEPARATE_DL_UL replay_direction=DL replay_grant=1/2 cell=1 ue=1 active_ue=2 cells=57 grants=3 served_bits=11256 dropped_bits=0 overflow_events=0
[2026-09-13T08:59:01Z] INFO system_level_lls_dl_replay_progress slot=5/20 completion=0.2500 elapsed_s=45.0 slot_direction=FDD_SEPARATE_DL_UL replay_direction=DL replay_grant=2/2 cell=2 ue=2 active_ue=2 cells=57 grants=3 served_bits=15008 dropped_bits=0 overflow_events=0
[2026-09-13T08:59:02Z] INFO system_level_lls_ul_replay_progress slot=5/20 completion=0.2500 elapsed_s=46.1 slot_direction=FDD_SEPARATE_DL_UL replay_direction=UL replay_grant=1/1 cell=1 ue=1 active_ue=2 cells=57 grants=3 served_bits=18760 dropped_bits=0 overflow_events=0
[2026-09-13T08:59:06Z] INFO system_level_lls_slot_progress slot=6/20 completion=0.3000 elapsed_s=49.1 slot_direction=FDD_SEPARATE_DL_UL active_ue=2 cells=57 grants=3 served_bits=29776 dropped_bits=0 overflow_events=0
[2026-09-13T08:59:16Z] INFO system_level_lls_dl_replay_progress slot=6/20 completion=0.3000 elapsed_s=59.1 slot_direction=FDD_SEPARATE_DL_UL replay_direction=DL replay_grant=1/2 cell=1 ue=1 active_ue=2 cells=57 grants=3 served_bits=29776 dropped_bits=0 overflow_events=0
[2026-09-13T08:59:17Z] INFO system_level_lls_dl_replay_progress slot=6/20 completion=0.3000 elapsed_s=60.1 slot_direction=FDD_SEPARATE_DL_UL replay_direction=DL replay_grant=2/2 cell=2 ue=2 active_ue=2 cells=57 grants=3 served_bits=33528 dropped_bits=0 overflow_events=0
[2026-09-13T08:59:17Z] INFO system_level_lls_ul_replay_progress slot=6/20 completion=0.3000 elapsed_s=60.9 slot_direction=FDD_SEPARATE_DL_UL replay_direction=UL replay_grant=1/1 cell=2 ue=2 active_ue=2 cells=57 grants=3 served_bits=37280 dropped_bits=0 overflow_events=0
[2026-09-13T08:59:18Z] INFO system_level_lls_slot_progress slot=7/20 completion=0.3500 elapsed_s=61.2 slot_direction=FDD_SEPARATE_DL_UL active_ue=2 cells=57 grants=3 served_bits=48296 dropped_bits=0 overflow_events=0
[2026-09-13T08:59:27Z] INFO system_level_lls_dl_replay_progress slot=7/20 completion=0.3500 elapsed_s=70.7 slot_direction=FDD_SEPARATE_DL_UL replay_direction=DL replay_grant=1/2 cell=1 ue=1 active_ue=2 cells=57 grants=2 served_bits=48296 dropped_bits=0 overflow_events=0
[2026-09-13T08:59:28Z] INFO system_level_lls_dl_replay_progress slot=7/20 completion=0.3500 elapsed_s=71.5 slot_direction=FDD_SEPARATE_DL_UL replay_direction=DL replay_grant=2/2 cell=2 ue=2 active_ue=2 cells=57 grants=2 served_bits=52048 dropped_bits=0 overflow_events=0
[2026-09-13T08:59:29Z] INFO system_level_lls_slot_progress slot=8/20 completion=0.4000 elapsed_s=72.2 slot_direction=FDD_SEPARATE_DL_UL active_ue=2 cells=57 grants=2 served_bits=55800 dropped_bits=0 overflow_events=0
[2026-09-13T08:59:38Z] INFO system_level_lls_dl_replay_progress slot=8/20 completion=0.4000 elapsed_s=81.3 slot_direction=FDD_SEPARATE_DL_UL replay_direction=DL replay_grant=1/2 cell=1 ue=1 active_ue=2 cells=57 grants=3 served_bits=55800 dropped_bits=0 overflow_events=0
[2026-09-13T08:59:39Z] INFO system_level_lls_dl_replay_progress slot=8/20 completion=0.4000 elapsed_s=82.1 slot_direction=FDD_SEPARATE_DL_UL replay_direction=DL replay_grant=2/2 cell=2 ue=2 active_ue=2 cells=57 grants=3 served_bits=59552 dropped_bits=0 overflow_events=0
[2026-09-13T08:59:39Z] INFO system_level_lls_ul_replay_progress slot=8/20 completion=0.4000 elapsed_s=82.9 slot_direction=FDD_SEPARATE_DL_UL replay_direction=UL replay_grant=1/1 cell=1 ue=1 active_ue=2 cells=57 grants=3 served_bits=63304 dropped_bits=0 overflow_events=0
[2026-09-13T08:59:40Z] INFO system_level_lls_slot_progress slot=9/20 completion=0.4500 elapsed_s=83.5 slot_direction=FDD_SEPARATE_DL_UL active_ue=2 cells=57 grants=3 served_bits=64112 dropped_bits=0 overflow_events=0
[2026-09-13T08:59:50Z] INFO system_level_lls_dl_replay_progress slot=9/20 completion=0.4500 elapsed_s=93.5 slot_direction=FDD_SEPARATE_DL_UL replay_direction=DL replay_grant=1/2 cell=1 ue=1 active_ue=2 cells=57 grants=3 served_bits=64112 dropped_bits=0 overflow_events=0
[2026-09-13T08:59:51Z] INFO system_level_lls_dl_replay_progress slot=9/20 completion=0.4500 elapsed_s=94.2 slot_direction=FDD_SEPARATE_DL_UL replay_direction=DL replay_grant=2/2 cell=2 ue=2 active_ue=2 cells=57 grants=3 served_bits=67864 dropped_bits=0 overflow_events=0
[2026-09-13T08:59:51Z] INFO system_level_lls_ul_replay_progress slot=9/20 completion=0.4500 elapsed_s=95.0 slot_direction=FDD_SEPARATE_DL_UL replay_direction=UL replay_grant=1/1 cell=2 ue=2 active_ue=2 cells=57 grants=3 served_bits=71616 dropped_bits=0 overflow_events=0
[2026-09-13T08:59:52Z] INFO system_level_lls_slot_progress slot=10/20 completion=0.5000 elapsed_s=95.3 slot_direction=FDD_SEPARATE_DL_UL active_ue=2 cells=57 grants=3 served_bits=72320 dropped_bits=0 overflow_events=0
[2026-09-13T09:00:01Z] INFO system_level_lls_dl_replay_progress slot=10/20 completion=0.5000 elapsed_s=104.7 slot_direction=FDD_SEPARATE_DL_UL replay_direction=DL replay_grant=1/2 cell=1 ue=1 active_ue=2 cells=57 grants=2 served_bits=72320 dropped_bits=0 overflow_events=0
[2026-09-13T09:00:02Z] INFO system_level_lls_dl_replay_progress slot=10/20 completion=0.5000 elapsed_s=105.6 slot_direction=FDD_SEPARATE_DL_UL replay_direction=DL replay_grant=2/2 cell=2 ue=2 active_ue=2 cells=57 grants=2 served_bits=76072 dropped_bits=0 overflow_events=0
[2026-09-13T09:00:03Z] INFO system_level_lls_slot_progress slot=11/20 completion=0.5500 elapsed_s=106.3 slot_direction=FDD_SEPARATE_DL_UL active_ue=2 cells=57 grants=2 served_bits=79824 dropped_bits=0 overflow_events=0
[2026-09-13T09:00:12Z] INFO system_level_lls_dl_replay_progress slot=11/20 completion=0.5500 elapsed_s=116.0 slot_direction=FDD_SEPARATE_DL_UL replay_direction=DL replay_grant=1/2 cell=1 ue=1 active_ue=2 cells=57 grants=3 served_bits=79824 dropped_bits=0 overflow_events=0
[2026-09-13T09:00:13Z] INFO system_level_lls_dl_replay_progress slot=11/20 completion=0.5500 elapsed_s=116.7 slot_direction=FDD_SEPARATE_DL_UL replay_direction=DL replay_grant=2/2 cell=2 ue=2 active_ue=2 cells=57 grants=3 served_bits=83576 dropped_bits=0 overflow_events=0
[2026-09-13T09:00:14Z] INFO system_level_lls_ul_replay_progress slot=11/20 completion=0.5500 elapsed_s=117.5 slot_direction=FDD_SEPARATE_DL_UL replay_direction=UL replay_grant=1/1 cell=1 ue=1 active_ue=2 cells=57 grants=3 served_bits=87328 dropped_bits=0 overflow_events=0
[2026-09-13T09:00:14Z] INFO system_level_lls_slot_progress slot=12/20 completion=0.6000 elapsed_s=117.9 slot_direction=FDD_SEPARATE_DL_UL active_ue=2 cells=57 grants=3 served_bits=88136 dropped_bits=0 overflow_events=0
[2026-09-13T09:00:24Z] INFO system_level_lls_dl_replay_progress slot=12/20 completion=0.6000 elapsed_s=128.0 slot_direction=FDD_SEPARATE_DL_UL replay_direction=DL replay_grant=1/2 cell=1 ue=1 active_ue=2 cells=57 grants=3 served_bits=88136 dropped_bits=0 overflow_events=0
[2026-09-13T09:00:25Z] INFO system_level_lls_dl_replay_progress slot=12/20 completion=0.6000 elapsed_s=128.8 slot_direction=FDD_SEPARATE_DL_UL replay_direction=DL replay_grant=2/2 cell=2 ue=2 active_ue=2 cells=57 grants=3 served_bits=91888 dropped_bits=0 overflow_events=0
[2026-09-13T09:00:26Z] INFO system_level_lls_ul_replay_progress slot=12/20 completion=0.6000 elapsed_s=129.5 slot_direction=FDD_SEPARATE_DL_UL replay_direction=UL replay_grant=1/1 cell=2 ue=2 active_ue=2 cells=57 grants=3 served_bits=95640 dropped_bits=0 overflow_events=0
[2026-09-13T09:00:26Z] INFO system_level_lls_slot_progress slot=13/20 completion=0.6500 elapsed_s=129.9 slot_direction=FDD_SEPARATE_DL_UL active_ue=2 cells=57 grants=3 served_bits=96448 dropped_bits=0 overflow_events=0
[2026-09-13T09:00:36Z] INFO system_level_lls_dl_replay_progress slot=13/20 completion=0.6500 elapsed_s=139.3 slot_direction=FDD_SEPARATE_DL_UL replay_direction=DL replay_grant=1/2 cell=1 ue=1 active_ue=2 cells=57 grants=2 served_bits=96448 dropped_bits=0 overflow_events=0
[2026-09-13T09:00:37Z] INFO system_level_lls_dl_replay_progress slot=13/20 completion=0.6500 elapsed_s=140.1 slot_direction=FDD_SEPARATE_DL_UL replay_direction=DL replay_grant=2/2 cell=2 ue=2 active_ue=2 cells=57 grants=2 served_bits=100200 dropped_bits=0 overflow_events=0
[2026-09-13T09:00:37Z] INFO system_level_lls_slot_progress slot=14/20 completion=0.7000 elapsed_s=140.9 slot_direction=FDD_SEPARATE_DL_UL active_ue=2 cells=57 grants=2 served_bits=103952 dropped_bits=0 overflow_events=0
[2026-09-13T09:00:47Z] INFO system_level_lls_dl_replay_progress slot=14/20 completion=0.7000 elapsed_s=150.1 slot_direction=FDD_SEPARATE_DL_UL replay_direction=DL replay_grant=1/2 cell=1 ue=1 active_ue=2 cells=57 grants=3 served_bits=103952 dropped_bits=0 overflow_events=0
[2026-09-13T09:00:47Z] INFO system_level_lls_dl_replay_progress slot=14/20 completion=0.7000 elapsed_s=150.8 slot_direction=FDD_SEPARATE_DL_UL replay_direction=DL replay_grant=2/2 cell=2 ue=2 active_ue=2 cells=57 grants=3 served_bits=107704 dropped_bits=0 overflow_events=0
[2026-09-13T09:00:48Z] INFO system_level_lls_ul_replay_progress slot=14/20 completion=0.7000 elapsed_s=151.5 slot_direction=FDD_SEPARATE_DL_UL replay_direction=UL replay_grant=1/1 cell=1 ue=1 active_ue=2 cells=57 grants=3 served_bits=111456 dropped_bits=0 overflow_events=0
[2026-09-13T09:00:48Z] INFO system_level_lls_slot_progress slot=15/20 completion=0.7500 elapsed_s=151.8 slot_direction=FDD_SEPARATE_DL_UL active_ue=2 cells=57 grants=3 served_bits=112264 dropped_bits=0 overflow_events=0
[2026-09-13T09:00:58Z] INFO system_level_lls_dl_replay_progress slot=15/20 completion=0.7500 elapsed_s=161.8 slot_direction=FDD_SEPARATE_DL_UL replay_direction=DL replay_grant=1/2 cell=1 ue=1 active_ue=2 cells=57 grants=3 served_bits=112264 dropped_bits=0 overflow_events=0
[2026-09-13T09:00:59Z] INFO system_level_lls_dl_replay_progress slot=15/20 completion=0.7500 elapsed_s=162.6 slot_direction=FDD_SEPARATE_DL_UL replay_direction=DL replay_grant=2/2 cell=2 ue=2 active_ue=2 cells=57 grants=3 served_bits=116016 dropped_bits=0 overflow_events=0
[2026-09-13T09:01:00Z] INFO system_level_lls_ul_replay_progress slot=15/20 completion=0.7500 elapsed_s=163.4 slot_direction=FDD_SEPARATE_DL_UL replay_direction=UL replay_grant=1/1 cell=2 ue=2 active_ue=2 cells=57 grants=3 served_bits=119768 dropped_bits=0 overflow_events=0
[2026-09-13T09:01:00Z] INFO system_level_lls_slot_progress slot=16/20 completion=0.8000 elapsed_s=163.7 slot_direction=FDD_SEPARATE_DL_UL active_ue=2 cells=57 grants=3 served_bits=120576 dropped_bits=0 overflow_events=0
[2026-09-13T09:01:10Z] INFO system_level_lls_dl_replay_progress slot=16/20 completion=0.8000 elapsed_s=173.1 slot_direction=FDD_SEPARATE_DL_UL replay_direction=DL replay_grant=1/2 cell=1 ue=1 active_ue=2 cells=57 grants=2 served_bits=120576 dropped_bits=0 overflow_events=0
[2026-09-13T09:01:10Z] INFO system_level_lls_dl_replay_progress slot=16/20 completion=0.8000 elapsed_s=173.9 slot_direction=FDD_SEPARATE_DL_UL replay_direction=DL replay_grant=2/2 cell=2 ue=2 active_ue=2 cells=57 grants=2 served_bits=124328 dropped_bits=0 overflow_events=0
[2026-09-13T09:01:11Z] INFO system_level_lls_slot_progress slot=17/20 completion=0.8500 elapsed_s=174.6 slot_direction=FDD_SEPARATE_DL_UL active_ue=2 cells=57 grants=2 served_bits=128080 dropped_bits=0 overflow_events=0
[2026-09-13T09:01:20Z] INFO system_level_lls_dl_replay_progress slot=17/20 completion=0.8500 elapsed_s=183.6 slot_direction=FDD_SEPARATE_DL_UL replay_direction=DL replay_grant=1/2 cell=1 ue=1 active_ue=2 cells=57 grants=3 served_bits=128080 dropped_bits=0 overflow_events=0
[2026-09-13T09:01:21Z] INFO system_level_lls_dl_replay_progress slot=17/20 completion=0.8500 elapsed_s=184.4 slot_direction=FDD_SEPARATE_DL_UL replay_direction=DL replay_grant=2/2 cell=2 ue=2 active_ue=2 cells=57 grants=3 served_bits=131832 dropped_bits=0 overflow_events=0
[2026-09-13T09:01:22Z] INFO system_level_lls_ul_replay_progress slot=17/20 completion=0.8500 elapsed_s=185.2 slot_direction=FDD_SEPARATE_DL_UL replay_direction=UL replay_grant=1/1 cell=1 ue=1 active_ue=2 cells=57 grants=3 served_bits=135584 dropped_bits=0 overflow_events=0
[2026-09-13T09:01:22Z] INFO system_level_lls_slot_progress slot=18/20 completion=0.9000 elapsed_s=185.5 slot_direction=FDD_SEPARATE_DL_UL active_ue=2 cells=57 grants=3 served_bits=136392 dropped_bits=0 overflow_events=0
[2026-09-13T09:01:31Z] INFO system_level_lls_dl_replay_progress slot=18/20 completion=0.9000 elapsed_s=194.4 slot_direction=FDD_SEPARATE_DL_UL replay_direction=DL replay_grant=1/2 cell=1 ue=1 active_ue=2 cells=57 grants=3 served_bits=136392 dropped_bits=0 overflow_events=0
[2026-09-13T09:01:32Z] INFO system_level_lls_dl_replay_progress slot=18/20 completion=0.9000 elapsed_s=195.2 slot_direction=FDD_SEPARATE_DL_UL replay_direction=DL replay_grant=2/2 cell=2 ue=2 active_ue=2 cells=57 grants=3 served_bits=140144 dropped_bits=0 overflow_events=0
[2026-09-13T09:01:32Z] INFO system_level_lls_ul_replay_progress slot=18/20 completion=0.9000 elapsed_s=195.9 slot_direction=FDD_SEPARATE_DL_UL replay_direction=UL replay_grant=1/1 cell=2 ue=2 active_ue=2 cells=57 grants=3 served_bits=143896 dropped_bits=0 overflow_events=0
[2026-09-13T09:01:33Z] INFO system_level_lls_slot_progress slot=19/20 completion=0.9500 elapsed_s=196.2 slot_direction=FDD_SEPARATE_DL_UL active_ue=2 cells=57 grants=3 served_bits=144704 dropped_bits=0 overflow_events=0
[2026-09-13T09:01:42Z] INFO system_level_lls_dl_replay_progress slot=19/20 completion=0.9500 elapsed_s=205.3 slot_direction=FDD_SEPARATE_DL_UL replay_direction=DL replay_grant=1/2 cell=1 ue=1 active_ue=2 cells=57 grants=2 served_bits=144704 dropped_bits=0 overflow_events=0
[2026-09-13T09:01:43Z] INFO system_level_lls_dl_replay_progress slot=19/20 completion=0.9500 elapsed_s=206.1 slot_direction=FDD_SEPARATE_DL_UL replay_direction=DL replay_grant=2/2 cell=2 ue=2 active_ue=2 cells=57 grants=2 served_bits=148456 dropped_bits=0 overflow_events=0
[2026-09-13T09:01:43Z] INFO system_level_lls_slot_progress slot=20/20 completion=1.0000 elapsed_s=206.8 slot_direction=FDD_SEPARATE_DL_UL active_ue=2 cells=57 grants=2 served_bits=152208 dropped_bits=0 overflow_events=0
[2026-09-13T09:01:43Z] INFO system_level_lls_finalizing_exports slot=20/20 completion=1.0000 elapsed_s=206.9 slot_direction=finalizing active_ue=2 cells=57 grants=2 served_bits=152208 dropped_bits=0 overflow_events=0
[2026-09-13T09:01:43Z] INFO system_level_lls_finalizing_tables_started slot=20/20 completion=1.0000 elapsed_s=206.9 slot_direction=finalizing_tables active_ue=2 cells=57 grants=2 served_bits=152208 dropped_bits=0 overflow_events=0
[2026-09-13T09:01:47Z] INFO system_level_lls_finalizing_tables_ready slot=20/20 completion=1.0000 elapsed_s=210.7 slot_direction=finalizing_tables_ready active_ue=2 cells=57 grants=2 served_bits=152208 dropped_bits=0 overflow_events=0
[2026-09-13T09:01:47Z] INFO system_level_lls_finalizing_persistence_started slot=20/20 completion=1.0000 elapsed_s=210.8 slot_direction=finalizing_persistence active_ue=2 cells=57 grants=2 served_bits=152208 dropped_bits=0 overflow_events=0
[2026-09-13T09:01:47Z] INFO system_level_lls_finalizing_persistence_ready slot=20/20 completion=1.0000 elapsed_s=210.8 slot_direction=finalizing_persistence_ready active_ue=2 cells=57 grants=2 served_bits=152208 dropped_bits=0 overflow_events=0
CONFIGURED_CAMPAIGN_SEED_PASS: master=111
[2026-09-13T09:01:59Z] INFO system_level_lls_started slot=0/20 completion=0.0000 elapsed_s=1.4 slot_direction=initializing active_ue=2 cells=57 grants=0 served_bits=0 dropped_bits=0 overflow_events=0
[2026-09-13T09:01:59Z] INFO system_level_lls_slot1_post_mobility_update slot=0/20 completion=0.0000 elapsed_s=1.4 slot_direction=slot1_post_mobility_update active_ue=2 cells=57 grants=0 served_bits=0 dropped_bits=0 overflow_events=0
[2026-09-13T09:02:00Z] INFO system_level_lls_slot1_large_scale_ready slot=0/20 completion=0.0000 elapsed_s=1.7 slot_direction=slot1_large_scale_ready active_ue=2 cells=57 grants=0 served_bits=0 dropped_bits=0 overflow_events=0
[2026-09-13T09:02:00Z] INFO system_level_lls_slot1_active_ues_ready slot=0/20 completion=0.0000 elapsed_s=2.2 slot_direction=FDD_SEPARATE_DL_UL active_ue=0 cells=57 grants=0 served_bits=0 dropped_bits=0 overflow_events=0
[2026-09-13T09:02:00Z] INFO system_level_lls_slot1_ue_by_cell_ready slot=0/20 completion=0.0000 elapsed_s=2.2 slot_direction=FDD_SEPARATE_DL_UL active_ue=0 cells=57 grants=0 served_bits=0 dropped_bits=0 overflow_events=0
[2026-09-13T09:02:00Z] INFO system_level_lls_slot1_scheduler_inputs_ready slot=0/20 completion=0.0000 elapsed_s=2.3 slot_direction=FDD_SEPARATE_DL_UL active_ue=0 cells=57 grants=0 served_bits=0 dropped_bits=0 overflow_events=0
[2026-09-13T09:02:00Z] INFO system_level_lls_slot1_dl_scheduler_ready slot=0/20 completion=0.0000 elapsed_s=2.3 slot_direction=FDD_SEPARATE_DL_UL active_ue=0 cells=57 grants=0 served_bits=0 dropped_bits=0 overflow_events=0
[2026-09-13T09:02:00Z] INFO system_level_lls_slot1_ul_scheduler_ready slot=0/20 completion=0.0000 elapsed_s=2.3 slot_direction=FDD_SEPARATE_DL_UL active_ue=0 cells=57 grants=0 served_bits=0 dropped_bits=0 overflow_events=0
[2026-09-13T09:02:00Z] INFO system_level_lls_slot1_scheduler_ready slot=0/20 completion=0.0000 elapsed_s=2.3 slot_direction=FDD_SEPARATE_DL_UL active_ue=0 cells=57 grants=0 served_bits=0 dropped_bits=0 overflow_events=0
[2026-09-13T09:02:00Z] INFO system_level_lls_slot_progress slot=1/20 completion=0.0500 elapsed_s=2.3 slot_direction=FDD_SEPARATE_DL_UL active_ue=0 cells=57 grants=0 served_bits=0 dropped_bits=0 overflow_events=0
[2026-09-13T09:02:01Z] INFO system_level_lls_slot_progress slot=2/20 completion=0.1000 elapsed_s=2.7 slot_direction=FDD_SEPARATE_DL_UL active_ue=0 cells=57 grants=0 served_bits=0 dropped_bits=0 overflow_events=0
[2026-09-13T09:02:01Z] INFO system_level_lls_slot_progress slot=3/20 completion=0.1500 elapsed_s=3.2 slot_direction=FDD_SEPARATE_DL_UL active_ue=0 cells=57 grants=0 served_bits=0 dropped_bits=0 overflow_events=0
[2026-09-13T09:02:01Z] INFO system_level_lls_slot_progress slot=4/20 completion=0.2000 elapsed_s=3.6 slot_direction=FDD_SEPARATE_DL_UL active_ue=0 cells=57 grants=0 served_bits=0 dropped_bits=0 overflow_events=0
[2026-09-13T09:02:02Z] INFO system_level_lls_slot_progress slot=5/20 completion=0.2500 elapsed_s=4.1 slot_direction=FDD_SEPARATE_DL_UL active_ue=0 cells=57 grants=0 served_bits=0 dropped_bits=0 overflow_events=0
[2026-09-13T09:02:07Z] INFO system_level_lls_dl_replay_progress slot=5/20 completion=0.2500 elapsed_s=9.6 slot_direction=FDD_SEPARATE_DL_UL replay_direction=DL replay_grant=1/1 cell=2 ue=2 active_ue=1 cells=57 grants=1 served_bits=0 dropped_bits=0 overflow_events=0
[2026-09-13T09:02:09Z] INFO system_level_lls_slot_progress slot=6/20 completion=0.3000 elapsed_s=10.7 slot_direction=FDD_SEPARATE_DL_UL active_ue=1 cells=57 grants=1 served_bits=3752 dropped_bits=0 overflow_events=0
[2026-09-13T09:02:14Z] INFO system_level_lls_dl_replay_progress slot=6/20 completion=0.3000 elapsed_s=15.7 slot_direction=FDD_SEPARATE_DL_UL replay_direction=DL replay_grant=1/1 cell=2 ue=2 active_ue=1 cells=57 grants=1 served_bits=3752 dropped_bits=0 overflow_events=0
[2026-09-13T09:02:14Z] INFO system_level_lls_slot_progress slot=7/20 completion=0.3500 elapsed_s=16.2 slot_direction=FDD_SEPARATE_DL_UL active_ue=1 cells=57 grants=1 served_bits=7504 dropped_bits=0 overflow_events=0
[2026-09-13T09:02:19Z] INFO system_level_lls_dl_replay_progress slot=7/20 completion=0.3500 elapsed_s=21.1 slot_direction=FDD_SEPARATE_DL_UL replay_direction=DL replay_grant=1/1 cell=2 ue=2 active_ue=1 cells=57 grants=2 served_bits=7504 dropped_bits=0 overflow_events=0
[2026-09-13T09:02:20Z] INFO system_level_lls_ul_replay_progress slot=7/20 completion=0.3500 elapsed_s=21.7 slot_direction=FDD_SEPARATE_DL_UL replay_direction=UL replay_grant=1/1 cell=2 ue=2 active_ue=1 cells=57 grants=2 served_bits=11256 dropped_bits=0 overflow_events=0
[2026-09-13T09:02:22Z] INFO system_level_lls_slot_progress slot=8/20 completion=0.4000 elapsed_s=24.3 slot_direction=FDD_SEPARATE_DL_UL active_ue=1 cells=57 grants=2 served_bits=20480 dropped_bits=0 overflow_events=0
[2026-09-13T09:02:32Z] INFO system_level_lls_dl_replay_progress slot=8/20 completion=0.4000 elapsed_s=34.4 slot_direction=FDD_SEPARATE_DL_UL replay_direction=DL replay_grant=1/2 cell=2 ue=2 active_ue=2 cells=57 grants=2 served_bits=20480 dropped_bits=0 overflow_events=0
[2026-09-13T09:02:33Z] INFO system_level_lls_dl_replay_progress slot=8/20 completion=0.4000 elapsed_s=34.9 slot_direction=FDD_SEPARATE_DL_UL replay_direction=DL replay_grant=2/2 cell=8 ue=1 active_ue=2 cells=57 grants=2 served_bits=24232 dropped_bits=0 overflow_events=0
[2026-09-13T09:02:33Z] INFO system_level_lls_slot_progress slot=9/20 completion=0.4500 elapsed_s=35.4 slot_direction=FDD_SEPARATE_DL_UL active_ue=2 cells=57 grants=2 served_bits=27984 dropped_bits=0 overflow_events=0
[2026-09-13T09:02:42Z] INFO system_level_lls_dl_replay_progress slot=9/20 completion=0.4500 elapsed_s=44.5 slot_direction=FDD_SEPARATE_DL_UL replay_direction=DL replay_grant=1/2 cell=2 ue=2 active_ue=2 cells=57 grants=2 served_bits=27984 dropped_bits=0 overflow_events=0
[2026-09-13T09:02:43Z] INFO system_level_lls_dl_replay_progress slot=9/20 completion=0.4500 elapsed_s=45.2 slot_direction=FDD_SEPARATE_DL_UL replay_direction=DL replay_grant=2/2 cell=8 ue=1 active_ue=2 cells=57 grants=2 served_bits=31736 dropped_bits=0 overflow_events=0
[2026-09-13T09:02:44Z] INFO system_level_lls_slot_progress slot=10/20 completion=0.5000 elapsed_s=45.7 slot_direction=FDD_SEPARATE_DL_UL active_ue=2 cells=57 grants=2 served_bits=35488 dropped_bits=0 overflow_events=0
[2026-09-13T09:02:53Z] INFO system_level_lls_dl_replay_progress slot=10/20 completion=0.5000 elapsed_s=54.9 slot_direction=FDD_SEPARATE_DL_UL replay_direction=DL replay_grant=1/2 cell=2 ue=2 active_ue=2 cells=57 grants=4 served_bits=35488 dropped_bits=0 overflow_events=0
[2026-09-13T09:02:53Z] INFO system_level_lls_dl_replay_progress slot=10/20 completion=0.5000 elapsed_s=55.5 slot_direction=FDD_SEPARATE_DL_UL replay_direction=DL replay_grant=2/2 cell=8 ue=1 active_ue=2 cells=57 grants=4 served_bits=39240 dropped_bits=0 overflow_events=0
[2026-09-13T09:02:54Z] INFO system_level_lls_ul_replay_progress slot=10/20 completion=0.5000 elapsed_s=56.0 slot_direction=FDD_SEPARATE_DL_UL replay_direction=UL replay_grant=1/2 cell=2 ue=2 active_ue=2 cells=57 grants=4 served_bits=42992 dropped_bits=0 overflow_events=0
[2026-09-13T09:02:54Z] INFO system_level_lls_ul_replay_progress slot=10/20 completion=0.5000 elapsed_s=56.4 slot_direction=FDD_SEPARATE_DL_UL replay_direction=UL replay_grant=2/2 cell=8 ue=1 active_ue=2 cells=57 grants=4 served_bits=43800 dropped_bits=0 overflow_events=0
[2026-09-13T09:02:55Z] INFO system_level_lls_slot_progress slot=11/20 completion=0.5500 elapsed_s=56.8 slot_direction=FDD_SEPARATE_DL_UL active_ue=2 cells=57 grants=4 served_bits=43800 dropped_bits=0 overflow_events=0
[2026-09-13T09:03:05Z] INFO system_level_lls_dl_replay_progress slot=11/20 completion=0.5500 elapsed_s=66.7 slot_direction=FDD_SEPARATE_DL_UL replay_direction=DL replay_grant=1/2 cell=2 ue=2 active_ue=2 cells=57 grants=2 served_bits=43800 dropped_bits=0 overflow_events=0
[2026-09-13T09:03:05Z] INFO system_level_lls_dl_replay_progress slot=11/20 completion=0.5500 elapsed_s=67.6 slot_direction=FDD_SEPARATE_DL_UL replay_direction=DL replay_grant=2/2 cell=8 ue=1 active_ue=2 cells=57 grants=2 served_bits=47552 dropped_bits=0 overflow_events=0
[2026-09-13T09:03:06Z] INFO system_level_lls_slot_progress slot=12/20 completion=0.6000 elapsed_s=68.1 slot_direction=FDD_SEPARATE_DL_UL active_ue=2 cells=57 grants=2 served_bits=51304 dropped_bits=0 overflow_events=0
[2026-09-13T09:03:16Z] INFO system_level_lls_dl_replay_progress slot=12/20 completion=0.6000 elapsed_s=77.9 slot_direction=FDD_SEPARATE_DL_UL replay_direction=DL replay_grant=1/2 cell=2 ue=2 active_ue=2 cells=57 grants=2 served_bits=51304 dropped_bits=0 overflow_events=0
[2026-09-13T09:03:16Z] INFO system_level_lls_dl_replay_progress slot=12/20 completion=0.6000 elapsed_s=78.4 slot_direction=FDD_SEPARATE_DL_UL replay_direction=DL replay_grant=2/2 cell=8 ue=1 active_ue=2 cells=57 grants=2 served_bits=55056 dropped_bits=0 overflow_events=0
[2026-09-13T09:03:17Z] INFO system_level_lls_slot_progress slot=13/20 completion=0.6500 elapsed_s=78.9 slot_direction=FDD_SEPARATE_DL_UL active_ue=2 cells=57 grants=2 served_bits=58808 dropped_bits=0 overflow_events=0
[2026-09-13T09:03:26Z] INFO system_level_lls_dl_replay_progress slot=13/20 completion=0.6500 elapsed_s=88.1 slot_direction=FDD_SEPARATE_DL_UL replay_direction=DL replay_grant=1/2 cell=2 ue=2 active_ue=2 cells=57 grants=4 served_bits=58808 dropped_bits=0 overflow_events=0
[2026-09-13T09:03:26Z] INFO system_level_lls_dl_replay_progress slot=13/20 completion=0.6500 elapsed_s=88.6 slot_direction=FDD_SEPARATE_DL_UL replay_direction=DL replay_grant=2/2 cell=8 ue=1 active_ue=2 cells=57 grants=4 served_bits=62560 dropped_bits=0 overflow_events=0
[2026-09-13T09:03:27Z] INFO system_level_lls_ul_replay_progress slot=13/20 completion=0.6500 elapsed_s=89.1 slot_direction=FDD_SEPARATE_DL_UL replay_direction=UL replay_grant=1/2 cell=2 ue=2 active_ue=2 cells=57 grants=4 served_bits=66312 dropped_bits=0 overflow_events=0
[2026-09-13T09:03:27Z] INFO system_level_lls_ul_replay_progress slot=13/20 completion=0.6500 elapsed_s=89.6 slot_direction=FDD_SEPARATE_DL_UL replay_direction=UL replay_grant=2/2 cell=8 ue=1 active_ue=2 cells=57 grants=4 served_bits=67120 dropped_bits=0 overflow_events=0
[2026-09-13T09:03:28Z] INFO system_level_lls_slot_progress slot=14/20 completion=0.7000 elapsed_s=90.4 slot_direction=FDD_SEPARATE_DL_UL active_ue=2 cells=57 grants=4 served_bits=67120 dropped_bits=0 overflow_events=0
[2026-09-13T09:03:39Z] INFO system_level_lls_dl_replay_progress slot=14/20 completion=0.7000 elapsed_s=101.4 slot_direction=FDD_SEPARATE_DL_UL replay_direction=DL replay_grant=1/2 cell=2 ue=2 active_ue=2 cells=57 grants=2 served_bits=67120 dropped_bits=0 overflow_events=0
[2026-09-13T09:03:40Z] INFO system_level_lls_dl_replay_progress slot=14/20 completion=0.7000 elapsed_s=102.2 slot_direction=FDD_SEPARATE_DL_UL replay_direction=DL replay_grant=2/2 cell=8 ue=1 active_ue=2 cells=57 grants=2 served_bits=70872 dropped_bits=0 overflow_events=0
[2026-09-13T09:03:41Z] INFO system_level_lls_slot_progress slot=15/20 completion=0.7500 elapsed_s=102.7 slot_direction=FDD_SEPARATE_DL_UL active_ue=2 cells=57 grants=2 served_bits=74624 dropped_bits=0 overflow_events=0
[2026-09-13T09:03:50Z] INFO system_level_lls_dl_replay_progress slot=15/20 completion=0.7500 elapsed_s=112.5 slot_direction=FDD_SEPARATE_DL_UL replay_direction=DL replay_grant=1/2 cell=2 ue=2 active_ue=2 cells=57 grants=2 served_bits=74624 dropped_bits=0 overflow_events=0
[2026-09-13T09:03:51Z] INFO system_level_lls_dl_replay_progress slot=15/20 completion=0.7500 elapsed_s=113.0 slot_direction=FDD_SEPARATE_DL_UL replay_direction=DL replay_grant=2/2 cell=8 ue=1 active_ue=2 cells=57 grants=2 served_bits=78376 dropped_bits=0 overflow_events=0
[2026-09-13T09:03:51Z] INFO system_level_lls_slot_progress slot=16/20 completion=0.8000 elapsed_s=113.5 slot_direction=FDD_SEPARATE_DL_UL active_ue=2 cells=57 grants=2 served_bits=82128 dropped_bits=0 overflow_events=0
[2026-09-13T09:04:00Z] INFO system_level_lls_dl_replay_progress slot=16/20 completion=0.8000 elapsed_s=122.6 slot_direction=FDD_SEPARATE_DL_UL replay_direction=DL replay_grant=1/2 cell=2 ue=2 active_ue=2 cells=57 grants=4 served_bits=82128 dropped_bits=0 overflow_events=0
[2026-09-13T09:04:01Z] INFO system_level_lls_dl_replay_progress slot=16/20 completion=0.8000 elapsed_s=123.1 slot_direction=FDD_SEPARATE_DL_UL replay_direction=DL replay_grant=2/2 cell=8 ue=1 active_ue=2 cells=57 grants=4 served_bits=85880 dropped_bits=0 overflow_events=0
[2026-09-13T09:04:01Z] INFO system_level_lls_ul_replay_progress slot=16/20 completion=0.8000 elapsed_s=123.6 slot_direction=FDD_SEPARATE_DL_UL replay_direction=UL replay_grant=1/2 cell=2 ue=2 active_ue=2 cells=57 grants=4 served_bits=89632 dropped_bits=0 overflow_events=0
[2026-09-13T09:04:02Z] INFO system_level_lls_ul_replay_progress slot=16/20 completion=0.8000 elapsed_s=123.9 slot_direction=FDD_SEPARATE_DL_UL replay_direction=UL replay_grant=2/2 cell=8 ue=1 active_ue=2 cells=57 grants=4 served_bits=90440 dropped_bits=0 overflow_events=0
[2026-09-13T09:04:02Z] INFO system_level_lls_slot_progress slot=17/20 completion=0.8500 elapsed_s=124.3 slot_direction=FDD_SEPARATE_DL_UL active_ue=2 cells=57 grants=4 served_bits=99664 dropped_bits=0 overflow_events=0
[2026-09-13T09:04:11Z] INFO system_level_lls_dl_replay_progress slot=17/20 completion=0.8500 elapsed_s=133.5 slot_direction=FDD_SEPARATE_DL_UL replay_direction=DL replay_grant=1/2 cell=2 ue=2 active_ue=2 cells=57 grants=2 served_bits=99664 dropped_bits=0 overflow_events=0
[2026-09-13T09:04:12Z] INFO system_level_lls_dl_replay_progress slot=17/20 completion=0.8500 elapsed_s=134.1 slot_direction=FDD_SEPARATE_DL_UL replay_direction=DL replay_grant=2/2 cell=8 ue=1 active_ue=2 cells=57 grants=2 served_bits=103416 dropped_bits=0 overflow_events=0
[2026-09-13T09:04:12Z] INFO system_level_lls_slot_progress slot=18/20 completion=0.9000 elapsed_s=134.5 slot_direction=FDD_SEPARATE_DL_UL active_ue=2 cells=57 grants=2 served_bits=107168 dropped_bits=0 overflow_events=0
[2026-09-13T09:04:21Z] INFO system_level_lls_dl_replay_progress slot=18/20 completion=0.9000 elapsed_s=143.4 slot_direction=FDD_SEPARATE_DL_UL replay_direction=DL replay_grant=1/2 cell=2 ue=2 active_ue=2 cells=57 grants=2 served_bits=107168 dropped_bits=0 overflow_events=0
[2026-09-13T09:04:22Z] INFO system_level_lls_dl_replay_progress slot=18/20 completion=0.9000 elapsed_s=143.9 slot_direction=FDD_SEPARATE_DL_UL replay_direction=DL replay_grant=2/2 cell=8 ue=1 active_ue=2 cells=57 grants=2 served_bits=110920 dropped_bits=0 overflow_events=0
[2026-09-13T09:04:22Z] INFO system_level_lls_slot_progress slot=19/20 completion=0.9500 elapsed_s=144.5 slot_direction=FDD_SEPARATE_DL_UL active_ue=2 cells=57 grants=2 served_bits=114672 dropped_bits=0 overflow_events=0
[2026-09-13T09:04:32Z] INFO system_level_lls_dl_replay_progress slot=19/20 completion=0.9500 elapsed_s=153.9 slot_direction=FDD_SEPARATE_DL_UL replay_direction=DL replay_grant=1/2 cell=2 ue=2 active_ue=2 cells=57 grants=4 served_bits=114672 dropped_bits=0 overflow_events=0
[2026-09-13T09:04:32Z] INFO system_level_lls_dl_replay_progress slot=19/20 completion=0.9500 elapsed_s=154.4 slot_direction=FDD_SEPARATE_DL_UL replay_direction=DL replay_grant=2/2 cell=8 ue=1 active_ue=2 cells=57 grants=4 served_bits=118424 dropped_bits=0 overflow_events=0
[2026-09-13T09:04:33Z] INFO system_level_lls_ul_replay_progress slot=19/20 completion=0.9500 elapsed_s=154.9 slot_direction=FDD_SEPARATE_DL_UL replay_direction=UL replay_grant=1/2 cell=2 ue=2 active_ue=2 cells=57 grants=4 served_bits=122176 dropped_bits=0 overflow_events=0
[2026-09-13T09:04:33Z] INFO system_level_lls_ul_replay_progress slot=19/20 completion=0.9500 elapsed_s=155.2 slot_direction=FDD_SEPARATE_DL_UL replay_direction=UL replay_grant=2/2 cell=8 ue=1 active_ue=2 cells=57 grants=4 served_bits=122984 dropped_bits=0 overflow_events=0
[2026-09-13T09:04:33Z] INFO system_level_lls_slot_progress slot=20/20 completion=1.0000 elapsed_s=155.6 slot_direction=FDD_SEPARATE_DL_UL active_ue=2 cells=57 grants=4 served_bits=123160 dropped_bits=0 overflow_events=0
[2026-09-13T09:04:33Z] INFO system_level_lls_finalizing_exports slot=20/20 completion=1.0000 elapsed_s=155.6 slot_direction=finalizing active_ue=2 cells=57 grants=4 served_bits=123160 dropped_bits=0 overflow_events=0
[2026-09-13T09:04:33Z] INFO system_level_lls_finalizing_tables_started slot=20/20 completion=1.0000 elapsed_s=155.6 slot_direction=finalizing_tables active_ue=2 cells=57 grants=4 served_bits=123160 dropped_bits=0 overflow_events=0
[2026-09-13T09:04:34Z] INFO system_level_lls_finalizing_tables_ready slot=20/20 completion=1.0000 elapsed_s=155.9 slot_direction=finalizing_tables_ready active_ue=2 cells=57 grants=4 served_bits=123160 dropped_bits=0 overflow_events=0
[2026-09-13T09:04:34Z] INFO system_level_lls_finalizing_persistence_started slot=20/20 completion=1.0000 elapsed_s=155.9 slot_direction=finalizing_persistence active_ue=2 cells=57 grants=4 served_bits=123160 dropped_bits=0 overflow_events=0
[2026-09-13T09:04:34Z] INFO system_level_lls_finalizing_persistence_ready slot=20/20 completion=1.0000 elapsed_s=155.9 slot_direction=finalizing_persistence_ready active_ue=2 cells=57 grants=4 served_bits=123160 dropped_bits=0 overflow_events=0
CONFIGURED_CAMPAIGN_SEED_PASS: master=303
[PASS] testE2E_FastVsTruth (385.52s)
[2026-09-13T09:04:41Z] INFO system_level_lls_started slot=0/20 completion=0.0000 elapsed_s=1.2 slot_direction=initializing active_ue=2 cells=57 grants=0 served_bits=0 dropped_bits=0 overflow_events=0
[2026-09-13T09:04:41Z] INFO system_level_lls_slot1_post_mobility_update slot=0/20 completion=0.0000 elapsed_s=1.2 slot_direction=slot1_post_mobility_update active_ue=2 cells=57 grants=0 served_bits=0 dropped_bits=0 overflow_events=0
[2026-09-13T09:04:42Z] INFO system_level_lls_slot1_large_scale_ready slot=0/20 completion=0.0000 elapsed_s=1.5 slot_direction=slot1_large_scale_ready active_ue=2 cells=57 grants=0 served_bits=0 dropped_bits=0 overflow_events=0
[2026-09-13T09:04:42Z] INFO system_level_lls_slot1_active_ues_ready slot=0/20 completion=0.0000 elapsed_s=1.7 slot_direction=FDD_SEPARATE_DL_UL active_ue=0 cells=57 grants=0 served_bits=0 dropped_bits=0 overflow_events=0
[2026-09-13T09:04:42Z] INFO system_level_lls_slot1_ue_by_cell_ready slot=0/20 completion=0.0000 elapsed_s=1.8 slot_direction=FDD_SEPARATE_DL_UL active_ue=0 cells=57 grants=0 served_bits=0 dropped_bits=0 overflow_events=0
[2026-09-13T09:04:42Z] INFO system_level_lls_slot1_scheduler_inputs_ready slot=0/20 completion=0.0000 elapsed_s=1.8 slot_direction=FDD_SEPARATE_DL_UL active_ue=0 cells=57 grants=0 served_bits=0 dropped_bits=0 overflow_events=0
[2026-09-13T09:04:42Z] INFO system_level_lls_slot1_dl_scheduler_ready slot=0/20 completion=0.0000 elapsed_s=1.8 slot_direction=FDD_SEPARATE_DL_UL active_ue=0 cells=57 grants=0 served_bits=0 dropped_bits=0 overflow_events=0
[2026-09-13T09:04:42Z] INFO system_level_lls_slot1_ul_scheduler_ready slot=0/20 completion=0.0000 elapsed_s=1.8 slot_direction=FDD_SEPARATE_DL_UL active_ue=0 cells=57 grants=0 served_bits=0 dropped_bits=0 overflow_events=0
[2026-09-13T09:04:42Z] INFO system_level_lls_slot1_scheduler_ready slot=0/20 completion=0.0000 elapsed_s=1.8 slot_direction=FDD_SEPARATE_DL_UL active_ue=0 cells=57 grants=0 served_bits=0 dropped_bits=0 overflow_events=0
[2026-09-13T09:04:42Z] INFO system_level_lls_slot_progress slot=1/20 completion=0.0500 elapsed_s=1.8 slot_direction=FDD_SEPARATE_DL_UL active_ue=0 cells=57 grants=0 served_bits=0 dropped_bits=0 overflow_events=0
[2026-09-13T09:04:42Z] INFO system_level_lls_slot_progress slot=2/20 completion=0.1000 elapsed_s=2.2 slot_direction=FDD_SEPARATE_DL_UL active_ue=0 cells=57 grants=0 served_bits=0 dropped_bits=0 overflow_events=0
[2026-09-13T09:04:43Z] INFO system_level_lls_slot_progress slot=3/20 completion=0.1500 elapsed_s=2.6 slot_direction=FDD_SEPARATE_DL_UL active_ue=0 cells=57 grants=0 served_bits=0 dropped_bits=0 overflow_events=0
[2026-09-13T09:04:52Z] INFO system_level_lls_dl_replay_progress slot=3/20 completion=0.1500 elapsed_s=12.0 slot_direction=FDD_SEPARATE_DL_UL replay_direction=DL replay_grant=1/2 cell=1 ue=1 active_ue=2 cells=57 grants=2 served_bits=0 dropped_bits=0 overflow_events=0
[2026-09-13T09:04:53Z] INFO system_level_lls_dl_replay_progress slot=3/20 completion=0.1500 elapsed_s=12.5 slot_direction=FDD_SEPARATE_DL_UL replay_direction=DL replay_grant=2/2 cell=16 ue=2 active_ue=2 cells=57 grants=2 served_bits=3752 dropped_bits=0 overflow_events=0
[2026-09-13T09:04:53Z] INFO system_level_lls_slot_progress slot=4/20 completion=0.2000 elapsed_s=13.3 slot_direction=FDD_SEPARATE_DL_UL active_ue=2 cells=57 grants=2 served_bits=7504 dropped_bits=0 overflow_events=0
[2026-09-13T09:05:02Z] INFO system_level_lls_dl_replay_progress slot=4/20 completion=0.2000 elapsed_s=22.2 slot_direction=FDD_SEPARATE_DL_UL replay_direction=DL replay_grant=1/2 cell=1 ue=1 active_ue=2 cells=57 grants=2 served_bits=7504 dropped_bits=0 overflow_events=0
[2026-09-13T09:05:03Z] INFO system_level_lls_dl_replay_progress slot=4/20 completion=0.2000 elapsed_s=22.8 slot_direction=FDD_SEPARATE_DL_UL replay_direction=DL replay_grant=2/2 cell=16 ue=2 active_ue=2 cells=57 grants=2 served_bits=11256 dropped_bits=0 overflow_events=0
[2026-09-13T09:05:03Z] INFO system_level_lls_slot_progress slot=5/20 completion=0.2500 elapsed_s=23.4 slot_direction=FDD_SEPARATE_DL_UL active_ue=2 cells=57 grants=2 served_bits=15008 dropped_bits=0 overflow_events=0
[2026-09-13T09:05:12Z] INFO system_level_lls_dl_replay_progress slot=5/20 completion=0.2500 elapsed_s=32.3 slot_direction=FDD_SEPARATE_DL_UL replay_direction=DL replay_grant=1/2 cell=1 ue=1 active_ue=2 cells=57 grants=4 served_bits=15008 dropped_bits=0 overflow_events=0
[2026-09-13T09:05:13Z] INFO system_level_lls_dl_replay_progress slot=5/20 completion=0.2500 elapsed_s=32.9 slot_direction=FDD_SEPARATE_DL_UL replay_direction=DL replay_grant=2/2 cell=16 ue=2 active_ue=2 cells=57 grants=4 served_bits=18760 dropped_bits=0 overflow_events=0
[2026-09-13T09:05:14Z] INFO system_level_lls_ul_replay_progress slot=5/20 completion=0.2500 elapsed_s=33.6 slot_direction=FDD_SEPARATE_DL_UL replay_direction=UL replay_grant=1/2 cell=1 ue=1 active_ue=2 cells=57 grants=4 served_bits=22512 dropped_bits=0 overflow_events=0
[2026-09-13T09:05:16Z] INFO system_level_lls_ul_replay_progress slot=5/20 completion=0.2500 elapsed_s=35.6 slot_direction=FDD_SEPARATE_DL_UL replay_direction=UL replay_grant=2/2 cell=16 ue=2 active_ue=2 cells=57 grants=4 served_bits=32504 dropped_bits=0 overflow_events=0
[2026-09-13T09:05:16Z] INFO system_level_lls_slot_progress slot=6/20 completion=0.3000 elapsed_s=36.0 slot_direction=FDD_SEPARATE_DL_UL active_ue=2 cells=57 grants=4 served_bits=41728 dropped_bits=0 overflow_events=0
[2026-09-13T09:05:25Z] INFO system_level_lls_dl_replay_progress slot=6/20 completion=0.3000 elapsed_s=45.4 slot_direction=FDD_SEPARATE_DL_UL replay_direction=DL replay_grant=1/2 cell=1 ue=1 active_ue=2 cells=57 grants=2 served_bits=41728 dropped_bits=0 overflow_events=0
[2026-09-13T09:05:26Z] INFO system_level_lls_dl_replay_progress slot=6/20 completion=0.3000 elapsed_s=45.9 slot_direction=FDD_SEPARATE_DL_UL replay_direction=DL replay_grant=2/2 cell=16 ue=2 active_ue=2 cells=57 grants=2 served_bits=45480 dropped_bits=0 overflow_events=0
[2026-09-13T09:05:26Z] INFO system_level_lls_slot_progress slot=7/20 completion=0.3500 elapsed_s=46.4 slot_direction=FDD_SEPARATE_DL_UL active_ue=2 cells=57 grants=2 served_bits=49232 dropped_bits=0 overflow_events=0
[2026-09-13T09:05:35Z] INFO system_level_lls_dl_replay_progress slot=7/20 completion=0.3500 elapsed_s=55.1 slot_direction=FDD_SEPARATE_DL_UL replay_direction=DL replay_grant=1/2 cell=1 ue=1 active_ue=2 cells=57 grants=2 served_bits=49232 dropped_bits=0 overflow_events=0
[2026-09-13T09:05:36Z] INFO system_level_lls_dl_replay_progress slot=7/20 completion=0.3500 elapsed_s=55.6 slot_direction=FDD_SEPARATE_DL_UL replay_direction=DL replay_grant=2/2 cell=16 ue=2 active_ue=2 cells=57 grants=2 served_bits=52984 dropped_bits=0 overflow_events=0
[2026-09-13T09:05:36Z] INFO system_level_lls_slot_progress slot=8/20 completion=0.4000 elapsed_s=56.1 slot_direction=FDD_SEPARATE_DL_UL active_ue=2 cells=57 grants=2 served_bits=56736 dropped_bits=0 overflow_events=0
[2026-09-13T09:05:45Z] INFO system_level_lls_dl_replay_progress slot=8/20 completion=0.4000 elapsed_s=64.9 slot_direction=FDD_SEPARATE_DL_UL replay_direction=DL replay_grant=1/2 cell=1 ue=1 active_ue=2 cells=57 grants=4 served_bits=56736 dropped_bits=0 overflow_events=0
[2026-09-13T09:05:45Z] INFO system_level_lls_dl_replay_progress slot=8/20 completion=0.4000 elapsed_s=65.3 slot_direction=FDD_SEPARATE_DL_UL replay_direction=DL replay_grant=2/2 cell=16 ue=2 active_ue=2 cells=57 grants=4 served_bits=60488 dropped_bits=0 overflow_events=0
[2026-09-13T09:05:46Z] INFO system_level_lls_ul_replay_progress slot=8/20 completion=0.4000 elapsed_s=65.9 slot_direction=FDD_SEPARATE_DL_UL replay_direction=UL replay_grant=1/2 cell=1 ue=1 active_ue=2 cells=57 grants=4 served_bits=64240 dropped_bits=0 overflow_events=0
[2026-09-13T09:05:46Z] INFO system_level_lls_ul_replay_progress slot=8/20 completion=0.4000 elapsed_s=66.3 slot_direction=FDD_SEPARATE_DL_UL replay_direction=UL replay_grant=2/2 cell=16 ue=2 active_ue=2 cells=57 grants=4 served_bits=64944 dropped_bits=0 overflow_events=0
[2026-09-13T09:05:47Z] INFO system_level_lls_slot_progress slot=9/20 completion=0.4500 elapsed_s=66.9 slot_direction=FDD_SEPARATE_DL_UL active_ue=2 cells=57 grants=4 served_bits=65312 dropped_bits=0 overflow_events=0
[2026-09-13T09:05:59Z] INFO system_level_lls_dl_replay_progress slot=9/20 completion=0.4500 elapsed_s=78.6 slot_direction=FDD_SEPARATE_DL_UL replay_direction=DL replay_grant=1/2 cell=1 ue=1 active_ue=2 cells=57 grants=2 served_bits=65312 dropped_bits=0 overflow_events=0
[2026-09-13T09:05:59Z] INFO system_level_lls_dl_replay_progress slot=9/20 completion=0.4500 elapsed_s=79.3 slot_direction=FDD_SEPARATE_DL_UL replay_direction=DL replay_grant=2/2 cell=16 ue=2 active_ue=2 cells=57 grants=2 served_bits=69064 dropped_bits=0 overflow_events=0
[2026-09-13T09:06:00Z] INFO system_level_lls_slot_progress slot=10/20 completion=0.5000 elapsed_s=79.9 slot_direction=FDD_SEPARATE_DL_UL active_ue=2 cells=57 grants=2 served_bits=72816 dropped_bits=0 overflow_events=0
[2026-09-13T09:06:12Z] INFO system_level_lls_dl_replay_progress slot=10/20 completion=0.5000 elapsed_s=92.0 slot_direction=FDD_SEPARATE_DL_UL replay_direction=DL replay_grant=1/2 cell=1 ue=1 active_ue=2 cells=57 grants=2 served_bits=72816 dropped_bits=0 overflow_events=0
[2026-09-13T09:06:13Z] INFO system_level_lls_dl_replay_progress slot=10/20 completion=0.5000 elapsed_s=92.8 slot_direction=FDD_SEPARATE_DL_UL replay_direction=DL replay_grant=2/2 cell=16 ue=2 active_ue=2 cells=57 grants=2 served_bits=76568 dropped_bits=0 overflow_events=0
[2026-09-13T09:06:14Z] INFO system_level_lls_slot_progress slot=11/20 completion=0.5500 elapsed_s=93.6 slot_direction=FDD_SEPARATE_DL_UL active_ue=2 cells=57 grants=2 served_bits=80320 dropped_bits=0 overflow_events=0
[2026-09-13T09:06:26Z] INFO system_level_lls_dl_replay_progress slot=11/20 completion=0.5500 elapsed_s=105.9 slot_direction=FDD_SEPARATE_DL_UL replay_direction=DL replay_grant=1/2 cell=1 ue=1 active_ue=2 cells=57 grants=4 served_bits=80320 dropped_bits=0 overflow_events=0
[2026-09-13T09:06:27Z] INFO system_level_lls_dl_replay_progress slot=11/20 completion=0.5500 elapsed_s=106.6 slot_direction=FDD_SEPARATE_DL_UL replay_direction=DL replay_grant=2/2 cell=16 ue=2 active_ue=2 cells=57 grants=4 served_bits=84072 dropped_bits=0 overflow_events=0
[2026-09-13T09:06:27Z] INFO system_level_lls_ul_replay_progress slot=11/20 completion=0.5500 elapsed_s=107.3 slot_direction=FDD_SEPARATE_DL_UL replay_direction=UL replay_grant=1/2 cell=1 ue=1 active_ue=2 cells=57 grants=4 served_bits=87824 dropped_bits=0 overflow_events=0
[2026-09-13T09:06:28Z] INFO system_level_lls_ul_replay_progress slot=11/20 completion=0.5500 elapsed_s=107.6 slot_direction=FDD_SEPARATE_DL_UL replay_direction=UL replay_grant=2/2 cell=16 ue=2 active_ue=2 cells=57 grants=4 served_bits=88632 dropped_bits=0 overflow_events=0
[2026-09-13T09:06:28Z] INFO system_level_lls_slot_progress slot=12/20 completion=0.6000 elapsed_s=107.9 slot_direction=FDD_SEPARATE_DL_UL active_ue=2 cells=57 grants=4 served_bits=89440 dropped_bits=0 overflow_events=0
[2026-09-13T09:06:40Z] INFO system_level_lls_dl_replay_progress slot=12/20 completion=0.6000 elapsed_s=120.1 slot_direction=FDD_SEPARATE_DL_UL replay_direction=DL replay_grant=1/2 cell=1 ue=1 active_ue=2 cells=57 grants=2 served_bits=89440 dropped_bits=0 overflow_events=0
[2026-09-13T09:06:41Z] INFO system_level_lls_dl_replay_progress slot=12/20 completion=0.6000 elapsed_s=120.8 slot_direction=FDD_SEPARATE_DL_UL replay_direction=DL replay_grant=2/2 cell=16 ue=2 active_ue=2 cells=57 grants=2 served_bits=93192 dropped_bits=0 overflow_events=0
[2026-09-13T09:06:42Z] INFO system_level_lls_slot_progress slot=13/20 completion=0.6500 elapsed_s=121.5 slot_direction=FDD_SEPARATE_DL_UL active_ue=2 cells=57 grants=2 served_bits=96944 dropped_bits=0 overflow_events=0
[2026-09-13T09:06:54Z] INFO system_level_lls_dl_replay_progress slot=13/20 completion=0.6500 elapsed_s=133.8 slot_direction=FDD_SEPARATE_DL_UL replay_direction=DL replay_grant=1/2 cell=1 ue=1 active_ue=2 cells=57 grants=2 served_bits=96944 dropped_bits=0 overflow_events=0
[2026-09-13T09:06:55Z] INFO system_level_lls_dl_replay_progress slot=13/20 completion=0.6500 elapsed_s=134.5 slot_direction=FDD_SEPARATE_DL_UL replay_direction=DL replay_grant=2/2 cell=16 ue=2 active_ue=2 cells=57 grants=2 served_bits=100696 dropped_bits=0 overflow_events=0
[2026-09-13T09:06:55Z] INFO system_level_lls_slot_progress slot=14/20 completion=0.7000 elapsed_s=135.1 slot_direction=FDD_SEPARATE_DL_UL active_ue=2 cells=57 grants=2 served_bits=104448 dropped_bits=0 overflow_events=0
[2026-09-13T09:07:07Z] INFO system_level_lls_dl_replay_progress slot=14/20 completion=0.7000 elapsed_s=146.9 slot_direction=FDD_SEPARATE_DL_UL replay_direction=DL replay_grant=1/2 cell=1 ue=1 active_ue=2 cells=57 grants=4 served_bits=104448 dropped_bits=0 overflow_events=0
[2026-09-13T09:07:08Z] INFO system_level_lls_dl_replay_progress slot=14/20 completion=0.7000 elapsed_s=147.6 slot_direction=FDD_SEPARATE_DL_UL replay_direction=DL replay_grant=2/2 cell=16 ue=2 active_ue=2 cells=57 grants=4 served_bits=108200 dropped_bits=0 overflow_events=0
[2026-09-13T09:07:08Z] INFO system_level_lls_ul_replay_progress slot=14/20 completion=0.7000 elapsed_s=148.3 slot_direction=FDD_SEPARATE_DL_UL replay_direction=UL replay_grant=1/2 cell=1 ue=1 active_ue=2 cells=57 grants=4 served_bits=111952 dropped_bits=0 overflow_events=0
[2026-09-13T09:07:09Z] INFO system_level_lls_ul_replay_progress slot=14/20 completion=0.7000 elapsed_s=148.6 slot_direction=FDD_SEPARATE_DL_UL replay_direction=UL replay_grant=2/2 cell=16 ue=2 active_ue=2 cells=57 grants=4 served_bits=112760 dropped_bits=0 overflow_events=0
[2026-09-13T09:07:09Z] INFO system_level_lls_slot_progress slot=15/20 completion=0.7500 elapsed_s=148.9 slot_direction=FDD_SEPARATE_DL_UL active_ue=2 cells=57 grants=4 served_bits=113568 dropped_bits=0 overflow_events=0
[2026-09-13T09:07:28Z] INFO system_level_lls_dl_replay_progress slot=15/20 completion=0.7500 elapsed_s=167.5 slot_direction=FDD_SEPARATE_DL_UL replay_direction=DL replay_grant=1/2 cell=1 ue=1 active_ue=2 cells=57 grants=2 served_bits=113568 dropped_bits=0 overflow_events=0
[2026-09-13T09:07:29Z] INFO system_level_lls_dl_replay_progress slot=15/20 completion=0.7500 elapsed_s=168.7 slot_direction=FDD_SEPARATE_DL_UL replay_direction=DL replay_grant=2/2 cell=16 ue=2 active_ue=2 cells=57 grants=2 served_bits=117320 dropped_bits=0 overflow_events=0
[2026-09-13T09:07:30Z] INFO system_level_lls_slot_progress slot=16/20 completion=0.8000 elapsed_s=169.8 slot_direction=FDD_SEPARATE_DL_UL active_ue=2 cells=57 grants=2 served_bits=121072 dropped_bits=0 overflow_events=0
[2026-09-13T09:07:47Z] INFO system_level_lls_dl_replay_progress slot=16/20 completion=0.8000 elapsed_s=186.6 slot_direction=FDD_SEPARATE_DL_UL replay_direction=DL replay_grant=1/2 cell=1 ue=1 active_ue=2 cells=57 grants=2 served_bits=121072 dropped_bits=0 overflow_events=0
[2026-09-13T09:07:47Z] INFO system_level_lls_dl_replay_progress slot=16/20 completion=0.8000 elapsed_s=187.3 slot_direction=FDD_SEPARATE_DL_UL replay_direction=DL replay_grant=2/2 cell=16 ue=2 active_ue=2 cells=57 grants=2 served_bits=124824 dropped_bits=0 overflow_events=0
[2026-09-13T09:07:48Z] INFO system_level_lls_slot_progress slot=17/20 completion=0.8500 elapsed_s=188.1 slot_direction=FDD_SEPARATE_DL_UL active_ue=2 cells=57 grants=2 served_bits=128576 dropped_bits=0 overflow_events=0
[2026-09-13T09:08:04Z] INFO system_level_lls_dl_replay_progress slot=17/20 completion=0.8500 elapsed_s=204.1 slot_direction=FDD_SEPARATE_DL_UL replay_direction=DL replay_grant=1/2 cell=1 ue=1 active_ue=2 cells=57 grants=4 served_bits=128576 dropped_bits=0 overflow_events=0
[2026-09-13T09:08:05Z] INFO system_level_lls_dl_replay_progress slot=17/20 completion=0.8500 elapsed_s=204.9 slot_direction=FDD_SEPARATE_DL_UL replay_direction=DL replay_grant=2/2 cell=16 ue=2 active_ue=2 cells=57 grants=4 served_bits=132328 dropped_bits=0 overflow_events=0
[2026-09-13T09:08:06Z] INFO system_level_lls_ul_replay_progress slot=17/20 completion=0.8500 elapsed_s=205.6 slot_direction=FDD_SEPARATE_DL_UL replay_direction=UL replay_grant=1/2 cell=1 ue=1 active_ue=2 cells=57 grants=4 served_bits=136080 dropped_bits=0 overflow_events=0
[2026-09-13T09:08:06Z] INFO system_level_lls_ul_replay_progress slot=17/20 completion=0.8500 elapsed_s=205.9 slot_direction=FDD_SEPARATE_DL_UL replay_direction=UL replay_grant=2/2 cell=16 ue=2 active_ue=2 cells=57 grants=4 served_bits=136888 dropped_bits=0 overflow_events=0
[2026-09-13T09:08:06Z] INFO system_level_lls_slot_progress slot=18/20 completion=0.9000 elapsed_s=206.3 slot_direction=FDD_SEPARATE_DL_UL active_ue=2 cells=57 grants=4 served_bits=137696 dropped_bits=0 overflow_events=0
[2026-09-13T09:08:21Z] INFO system_level_lls_dl_replay_progress slot=18/20 completion=0.9000 elapsed_s=221.0 slot_direction=FDD_SEPARATE_DL_UL replay_direction=DL replay_grant=1/2 cell=1 ue=1 active_ue=2 cells=57 grants=2 served_bits=137696 dropped_bits=0 overflow_events=0
[2026-09-13T09:08:22Z] INFO system_level_lls_dl_replay_progress slot=18/20 completion=0.9000 elapsed_s=221.8 slot_direction=FDD_SEPARATE_DL_UL replay_direction=DL replay_grant=2/2 cell=16 ue=2 active_ue=2 cells=57 grants=2 served_bits=141448 dropped_bits=0 overflow_events=0
[2026-09-13T09:08:23Z] INFO system_level_lls_slot_progress slot=19/20 completion=0.9500 elapsed_s=222.5 slot_direction=FDD_SEPARATE_DL_UL active_ue=2 cells=57 grants=2 served_bits=145200 dropped_bits=0 overflow_events=0
[2026-09-13T09:08:34Z] INFO system_level_lls_dl_replay_progress slot=19/20 completion=0.9500 elapsed_s=233.9 slot_direction=FDD_SEPARATE_DL_UL replay_direction=DL replay_grant=1/2 cell=1 ue=1 active_ue=2 cells=57 grants=2 served_bits=145200 dropped_bits=0 overflow_events=0
[2026-09-13T09:08:35Z] INFO system_level_lls_dl_replay_progress slot=19/20 completion=0.9500 elapsed_s=234.5 slot_direction=FDD_SEPARATE_DL_UL replay_direction=DL replay_grant=2/2 cell=16 ue=2 active_ue=2 cells=57 grants=2 served_bits=148952 dropped_bits=0 overflow_events=0
[2026-09-13T09:08:35Z] INFO system_level_lls_slot_progress slot=20/20 completion=1.0000 elapsed_s=235.1 slot_direction=FDD_SEPARATE_DL_UL active_ue=2 cells=57 grants=2 served_bits=152704 dropped_bits=0 overflow_events=0
[2026-09-13T09:08:35Z] INFO system_level_lls_finalizing_exports slot=20/20 completion=1.0000 elapsed_s=235.1 slot_direction=finalizing active_ue=2 cells=57 grants=2 served_bits=152704 dropped_bits=0 overflow_events=0
[2026-09-13T09:08:35Z] INFO system_level_lls_finalizing_tables_started slot=20/20 completion=1.0000 elapsed_s=235.1 slot_direction=finalizing_tables active_ue=2 cells=57 grants=2 served_bits=152704 dropped_bits=0 overflow_events=0
[2026-09-13T09:08:35Z] INFO system_level_lls_finalizing_tables_ready slot=20/20 completion=1.0000 elapsed_s=235.3 slot_direction=finalizing_tables_ready active_ue=2 cells=57 grants=2 served_bits=152704 dropped_bits=0 overflow_events=0
[2026-09-13T09:08:35Z] INFO system_level_lls_finalizing_persistence_started slot=20/20 completion=1.0000 elapsed_s=235.3 slot_direction=finalizing_persistence active_ue=2 cells=57 grants=2 served_bits=152704 dropped_bits=0 overflow_events=0
[2026-09-13T09:08:35Z] INFO system_level_lls_finalizing_persistence_ready slot=20/20 completion=1.0000 elapsed_s=235.3 slot_direction=finalizing_persistence_ready active_ue=2 cells=57 grants=2 served_bits=152704 dropped_bits=0 overflow_events=0
CONFIGURED_CAMPAIGN_SEED_PASS: master=11
[2026-09-13T09:08:43Z] INFO system_level_lls_started slot=0/20 completion=0.0000 elapsed_s=1.6 slot_direction=initializing active_ue=2 cells=57 grants=0 served_bits=0 dropped_bits=0 overflow_events=0
[2026-09-13T09:08:43Z] INFO system_level_lls_slot1_post_mobility_update slot=0/20 completion=0.0000 elapsed_s=1.6 slot_direction=slot1_post_mobility_update active_ue=2 cells=57 grants=0 served_bits=0 dropped_bits=0 overflow_events=0
[2026-09-13T09:08:43Z] INFO system_level_lls_slot1_large_scale_ready slot=0/20 completion=0.0000 elapsed_s=1.9 slot_direction=slot1_large_scale_ready active_ue=2 cells=57 grants=0 served_bits=0 dropped_bits=0 overflow_events=0
[2026-09-13T09:08:44Z] INFO system_level_lls_slot1_active_ues_ready slot=0/20 completion=0.0000 elapsed_s=2.4 slot_direction=FDD_SEPARATE_DL_UL active_ue=0 cells=57 grants=0 served_bits=0 dropped_bits=0 overflow_events=0
[2026-09-13T09:08:44Z] INFO system_level_lls_slot1_ue_by_cell_ready slot=0/20 completion=0.0000 elapsed_s=2.4 slot_direction=FDD_SEPARATE_DL_UL active_ue=0 cells=57 grants=0 served_bits=0 dropped_bits=0 overflow_events=0
[2026-09-13T09:08:44Z] INFO system_level_lls_slot1_scheduler_inputs_ready slot=0/20 completion=0.0000 elapsed_s=2.4 slot_direction=FDD_SEPARATE_DL_UL active_ue=0 cells=57 grants=0 served_bits=0 dropped_bits=0 overflow_events=0
[2026-09-13T09:08:44Z] INFO system_level_lls_slot1_dl_scheduler_ready slot=0/20 completion=0.0000 elapsed_s=2.4 slot_direction=FDD_SEPARATE_DL_UL active_ue=0 cells=57 grants=0 served_bits=0 dropped_bits=0 overflow_events=0
[2026-09-13T09:08:44Z] INFO system_level_lls_slot1_ul_scheduler_ready slot=0/20 completion=0.0000 elapsed_s=2.4 slot_direction=FDD_SEPARATE_DL_UL active_ue=0 cells=57 grants=0 served_bits=0 dropped_bits=0 overflow_events=0
[2026-09-13T09:08:44Z] INFO system_level_lls_slot1_scheduler_ready slot=0/20 completion=0.0000 elapsed_s=2.4 slot_direction=FDD_SEPARATE_DL_UL active_ue=0 cells=57 grants=0 served_bits=0 dropped_bits=0 overflow_events=0
[2026-09-13T09:08:44Z] INFO system_level_lls_slot_progress slot=1/20 completion=0.0500 elapsed_s=2.4 slot_direction=FDD_SEPARATE_DL_UL active_ue=0 cells=57 grants=0 served_bits=0 dropped_bits=0 overflow_events=0
[2026-09-13T09:08:44Z] INFO system_level_lls_slot_progress slot=2/20 completion=0.1000 elapsed_s=2.9 slot_direction=FDD_SEPARATE_DL_UL active_ue=0 cells=57 grants=0 served_bits=0 dropped_bits=0 overflow_events=0
[2026-09-13T09:08:45Z] INFO system_level_lls_slot_progress slot=3/20 completion=0.1500 elapsed_s=3.3 slot_direction=FDD_SEPARATE_DL_UL active_ue=0 cells=57 grants=0 served_bits=0 dropped_bits=0 overflow_events=0
[2026-09-13T09:08:57Z] INFO system_level_lls_dl_replay_progress slot=3/20 completion=0.1500 elapsed_s=15.9 slot_direction=FDD_SEPARATE_DL_UL replay_direction=DL replay_grant=1/2 cell=2 ue=2 active_ue=2 cells=57 grants=2 served_bits=0 dropped_bits=0 overflow_events=0
[2026-09-13T09:08:58Z] INFO system_level_lls_dl_replay_progress slot=3/20 completion=0.1500 elapsed_s=16.7 slot_direction=FDD_SEPARATE_DL_UL replay_direction=DL replay_grant=2/2 cell=6 ue=1 active_ue=2 cells=57 grants=2 served_bits=3752 dropped_bits=0 overflow_events=0
[2026-09-13T09:08:59Z] INFO system_level_lls_slot_progress slot=4/20 completion=0.2000 elapsed_s=17.3 slot_direction=FDD_SEPARATE_DL_UL active_ue=2 cells=57 grants=2 served_bits=7504 dropped_bits=0 overflow_events=0
[2026-09-13T09:09:10Z] INFO system_level_lls_dl_replay_progress slot=4/20 completion=0.2000 elapsed_s=28.8 slot_direction=FDD_SEPARATE_DL_UL replay_direction=DL replay_grant=1/2 cell=2 ue=2 active_ue=2 cells=57 grants=2 served_bits=7504 dropped_bits=0 overflow_events=0
[2026-09-13T09:09:11Z] INFO system_level_lls_dl_replay_progress slot=4/20 completion=0.2000 elapsed_s=29.5 slot_direction=FDD_SEPARATE_DL_UL replay_direction=DL replay_grant=2/2 cell=6 ue=1 active_ue=2 cells=57 grants=2 served_bits=11256 dropped_bits=0 overflow_events=0
[2026-09-13T09:09:11Z] INFO system_level_lls_slot_progress slot=5/20 completion=0.2500 elapsed_s=30.1 slot_direction=FDD_SEPARATE_DL_UL active_ue=2 cells=57 grants=2 served_bits=15008 dropped_bits=0 overflow_events=0
[2026-09-13T09:09:22Z] INFO system_level_lls_dl_replay_progress slot=5/20 completion=0.2500 elapsed_s=41.2 slot_direction=FDD_SEPARATE_DL_UL replay_direction=DL replay_grant=1/2 cell=2 ue=2 active_ue=2 cells=57 grants=4 served_bits=15008 dropped_bits=0 overflow_events=0
[2026-09-13T09:09:23Z] INFO system_level_lls_dl_replay_progress slot=5/20 completion=0.2500 elapsed_s=41.9 slot_direction=FDD_SEPARATE_DL_UL replay_direction=DL replay_grant=2/2 cell=6 ue=1 active_ue=2 cells=57 grants=4 served_bits=18760 dropped_bits=0 overflow_events=0
[2026-09-13T09:09:24Z] INFO system_level_lls_ul_replay_progress slot=5/20 completion=0.2500 elapsed_s=42.5 slot_direction=FDD_SEPARATE_DL_UL replay_direction=UL replay_grant=1/2 cell=2 ue=2 active_ue=2 cells=57 grants=4 served_bits=22512 dropped_bits=0 overflow_events=0
[2026-09-13T09:09:24Z] INFO system_level_lls_ul_replay_progress slot=5/20 completion=0.2500 elapsed_s=42.8 slot_direction=FDD_SEPARATE_DL_UL replay_direction=UL replay_grant=2/2 cell=6 ue=1 active_ue=2 cells=57 grants=4 served_bits=31736 dropped_bits=0 overflow_events=0
[2026-09-13T09:09:24Z] INFO system_level_lls_slot_progress slot=6/20 completion=0.3000 elapsed_s=43.2 slot_direction=FDD_SEPARATE_DL_UL active_ue=2 cells=57 grants=4 served_bits=40960 dropped_bits=0 overflow_events=0
[2026-09-13T09:09:35Z] INFO system_level_lls_dl_replay_progress slot=6/20 completion=0.3000 elapsed_s=53.5 slot_direction=FDD_SEPARATE_DL_UL replay_direction=DL replay_grant=1/2 cell=2 ue=2 active_ue=2 cells=57 grants=2 served_bits=40960 dropped_bits=0 overflow_events=0
[2026-09-13T09:09:35Z] INFO system_level_lls_dl_replay_progress slot=6/20 completion=0.3000 elapsed_s=54.0 slot_direction=FDD_SEPARATE_DL_UL replay_direction=DL replay_grant=2/2 cell=6 ue=1 active_ue=2 cells=57 grants=2 served_bits=44712 dropped_bits=0 overflow_events=0
[2026-09-13T09:09:36Z] INFO system_level_lls_slot_progress slot=7/20 completion=0.3500 elapsed_s=54.5 slot_direction=FDD_SEPARATE_DL_UL active_ue=2 cells=57 grants=2 served_bits=48464 dropped_bits=0 overflow_events=0
[2026-09-13T09:09:44Z] INFO system_level_lls_dl_replay_progress slot=7/20 completion=0.3500 elapsed_s=63.2 slot_direction=FDD_SEPARATE_DL_UL replay_direction=DL replay_grant=1/2 cell=2 ue=2 active_ue=2 cells=57 grants=2 served_bits=48464 dropped_bits=0 overflow_events=0
[2026-09-13T09:09:45Z] INFO system_level_lls_dl_replay_progress slot=7/20 completion=0.3500 elapsed_s=63.7 slot_direction=FDD_SEPARATE_DL_UL replay_direction=DL replay_grant=2/2 cell=6 ue=1 active_ue=2 cells=57 grants=2 served_bits=52216 dropped_bits=0 overflow_events=0
[2026-09-13T09:09:45Z] INFO system_level_lls_slot_progress slot=8/20 completion=0.4000 elapsed_s=64.3 slot_direction=FDD_SEPARATE_DL_UL active_ue=2 cells=57 grants=2 served_bits=55968 dropped_bits=0 overflow_events=0
[2026-09-13T09:09:54Z] INFO system_level_lls_dl_replay_progress slot=8/20 completion=0.4000 elapsed_s=73.1 slot_direction=FDD_SEPARATE_DL_UL replay_direction=DL replay_grant=1/2 cell=2 ue=2 active_ue=2 cells=57 grants=4 served_bits=55968 dropped_bits=0 overflow_events=0
[2026-09-13T09:09:55Z] INFO system_level_lls_dl_replay_progress slot=8/20 completion=0.4000 elapsed_s=73.7 slot_direction=FDD_SEPARATE_DL_UL replay_direction=DL replay_grant=2/2 cell=6 ue=1 active_ue=2 cells=57 grants=4 served_bits=59720 dropped_bits=0 overflow_events=0
[2026-09-13T09:09:55Z] INFO system_level_lls_ul_replay_progress slot=8/20 completion=0.4000 elapsed_s=74.2 slot_direction=FDD_SEPARATE_DL_UL replay_direction=UL replay_grant=1/2 cell=2 ue=2 active_ue=2 cells=57 grants=4 served_bits=63472 dropped_bits=0 overflow_events=0
[2026-09-13T09:09:56Z] INFO system_level_lls_ul_replay_progress slot=8/20 completion=0.4000 elapsed_s=74.5 slot_direction=FDD_SEPARATE_DL_UL replay_direction=UL replay_grant=2/2 cell=6 ue=1 active_ue=2 cells=57 grants=4 served_bits=63472 dropped_bits=0 overflow_events=0
[2026-09-13T09:09:56Z] INFO system_level_lls_slot_progress slot=9/20 completion=0.4500 elapsed_s=74.7 slot_direction=FDD_SEPARATE_DL_UL active_ue=2 cells=57 grants=4 served_bits=64280 dropped_bits=0 overflow_events=0
[2026-09-13T09:10:05Z] INFO system_level_lls_dl_replay_progress slot=9/20 completion=0.4500 elapsed_s=83.9 slot_direction=FDD_SEPARATE_DL_UL replay_direction=DL replay_grant=1/2 cell=2 ue=2 active_ue=2 cells=57 grants=2 served_bits=64280 dropped_bits=0 overflow_events=0
[2026-09-13T09:10:06Z] INFO system_level_lls_dl_replay_progress slot=9/20 completion=0.4500 elapsed_s=84.3 slot_direction=FDD_SEPARATE_DL_UL replay_direction=DL replay_grant=2/2 cell=6 ue=1 active_ue=2 cells=57 grants=2 served_bits=68032 dropped_bits=0 overflow_events=0
[2026-09-13T09:10:06Z] INFO system_level_lls_slot_progress slot=10/20 completion=0.5000 elapsed_s=84.8 slot_direction=FDD_SEPARATE_DL_UL active_ue=2 cells=57 grants=2 served_bits=71784 dropped_bits=0 overflow_events=0
[2026-09-13T09:10:15Z] INFO system_level_lls_dl_replay_progress slot=10/20 completion=0.5000 elapsed_s=93.7 slot_direction=FDD_SEPARATE_DL_UL replay_direction=DL replay_grant=1/2 cell=2 ue=2 active_ue=2 cells=57 grants=2 served_bits=71784 dropped_bits=0 overflow_events=0
[2026-09-13T09:10:15Z] INFO system_level_lls_dl_replay_progress slot=10/20 completion=0.5000 elapsed_s=94.2 slot_direction=FDD_SEPARATE_DL_UL replay_direction=DL replay_grant=2/2 cell=6 ue=1 active_ue=2 cells=57 grants=2 served_bits=75536 dropped_bits=0 overflow_events=0
[2026-09-13T09:10:16Z] INFO system_level_lls_slot_progress slot=11/20 completion=0.5500 elapsed_s=94.7 slot_direction=FDD_SEPARATE_DL_UL active_ue=2 cells=57 grants=2 served_bits=79288 dropped_bits=0 overflow_events=0
[2026-09-13T09:10:25Z] INFO system_level_lls_dl_replay_progress slot=11/20 completion=0.5500 elapsed_s=103.6 slot_direction=FDD_SEPARATE_DL_UL replay_direction=DL replay_grant=1/2 cell=2 ue=2 active_ue=2 cells=57 grants=4 served_bits=79288 dropped_bits=0 overflow_events=0
[2026-09-13T09:10:25Z] INFO system_level_lls_dl_replay_progress slot=11/20 completion=0.5500 elapsed_s=104.1 slot_direction=FDD_SEPARATE_DL_UL replay_direction=DL replay_grant=2/2 cell=6 ue=1 active_ue=2 cells=57 grants=4 served_bits=83040 dropped_bits=0 overflow_events=0
[2026-09-13T09:10:26Z] INFO system_level_lls_ul_replay_progress slot=11/20 completion=0.5500 elapsed_s=104.6 slot_direction=FDD_SEPARATE_DL_UL replay_direction=UL replay_grant=1/2 cell=2 ue=2 active_ue=2 cells=57 grants=4 served_bits=86792 dropped_bits=0 overflow_events=0
[2026-09-13T09:10:26Z] INFO system_level_lls_ul_replay_progress slot=11/20 completion=0.5500 elapsed_s=105.0 slot_direction=FDD_SEPARATE_DL_UL replay_direction=UL replay_grant=2/2 cell=6 ue=1 active_ue=2 cells=57 grants=4 served_bits=86792 dropped_bits=0 overflow_events=0
[2026-09-13T09:10:26Z] INFO system_level_lls_slot_progress slot=12/20 completion=0.6000 elapsed_s=105.3 slot_direction=FDD_SEPARATE_DL_UL active_ue=2 cells=57 grants=4 served_bits=87600 dropped_bits=0 overflow_events=0
[2026-09-13T09:10:36Z] INFO system_level_lls_dl_replay_progress slot=12/20 completion=0.6000 elapsed_s=114.8 slot_direction=FDD_SEPARATE_DL_UL replay_direction=DL replay_grant=1/2 cell=2 ue=2 active_ue=2 cells=57 grants=2 served_bits=87600 dropped_bits=0 overflow_events=0
[2026-09-13T09:10:37Z] INFO system_level_lls_dl_replay_progress slot=12/20 completion=0.6000 elapsed_s=115.4 slot_direction=FDD_SEPARATE_DL_UL replay_direction=DL replay_grant=2/2 cell=6 ue=1 active_ue=2 cells=57 grants=2 served_bits=91352 dropped_bits=0 overflow_events=0
[2026-09-13T09:10:37Z] INFO system_level_lls_slot_progress slot=13/20 completion=0.6500 elapsed_s=115.9 slot_direction=FDD_SEPARATE_DL_UL active_ue=2 cells=57 grants=2 served_bits=95104 dropped_bits=0 overflow_events=0
[2026-09-13T09:10:46Z] INFO system_level_lls_dl_replay_progress slot=13/20 completion=0.6500 elapsed_s=125.1 slot_direction=FDD_SEPARATE_DL_UL replay_direction=DL replay_grant=1/2 cell=2 ue=2 active_ue=2 cells=57 grants=2 served_bits=95104 dropped_bits=0 overflow_events=0
[2026-09-13T09:10:47Z] INFO system_level_lls_dl_replay_progress slot=13/20 completion=0.6500 elapsed_s=125.6 slot_direction=FDD_SEPARATE_DL_UL replay_direction=DL replay_grant=2/2 cell=6 ue=1 active_ue=2 cells=57 grants=2 served_bits=98856 dropped_bits=0 overflow_events=0
[2026-09-13T09:10:47Z] INFO system_level_lls_slot_progress slot=14/20 completion=0.7000 elapsed_s=126.1 slot_direction=FDD_SEPARATE_DL_UL active_ue=2 cells=57 grants=2 served_bits=102608 dropped_bits=0 overflow_events=0
[2026-09-13T09:10:57Z] INFO system_level_lls_dl_replay_progress slot=14/20 completion=0.7000 elapsed_s=135.6 slot_direction=FDD_SEPARATE_DL_UL replay_direction=DL replay_grant=1/2 cell=2 ue=2 active_ue=2 cells=57 grants=4 served_bits=102608 dropped_bits=0 overflow_events=0
[2026-09-13T09:10:57Z] INFO system_level_lls_dl_replay_progress slot=14/20 completion=0.7000 elapsed_s=136.2 slot_direction=FDD_SEPARATE_DL_UL replay_direction=DL replay_grant=2/2 cell=6 ue=1 active_ue=2 cells=57 grants=4 served_bits=106360 dropped_bits=0 overflow_events=0
[2026-09-13T09:10:58Z] INFO system_level_lls_ul_replay_progress slot=14/20 completion=0.7000 elapsed_s=136.7 slot_direction=FDD_SEPARATE_DL_UL replay_direction=UL replay_grant=1/2 cell=2 ue=2 active_ue=2 cells=57 grants=4 served_bits=110112 dropped_bits=0 overflow_events=0
[2026-09-13T09:10:58Z] INFO system_level_lls_ul_replay_progress slot=14/20 completion=0.7000 elapsed_s=137.0 slot_direction=FDD_SEPARATE_DL_UL replay_direction=UL replay_grant=2/2 cell=6 ue=1 active_ue=2 cells=57 grants=4 served_bits=110112 dropped_bits=0 overflow_events=0
[2026-09-13T09:10:58Z] INFO system_level_lls_slot_progress slot=15/20 completion=0.7500 elapsed_s=137.2 slot_direction=FDD_SEPARATE_DL_UL active_ue=2 cells=57 grants=4 served_bits=110920 dropped_bits=0 overflow_events=0
[2026-09-13T09:11:08Z] INFO system_level_lls_dl_replay_progress slot=15/20 completion=0.7500 elapsed_s=146.6 slot_direction=FDD_SEPARATE_DL_UL replay_direction=DL replay_grant=1/2 cell=2 ue=2 active_ue=2 cells=57 grants=2 served_bits=110920 dropped_bits=0 overflow_events=0
[2026-09-13T09:11:08Z] INFO system_level_lls_dl_replay_progress slot=15/20 completion=0.7500 elapsed_s=147.1 slot_direction=FDD_SEPARATE_DL_UL replay_direction=DL replay_grant=2/2 cell=6 ue=1 active_ue=2 cells=57 grants=2 served_bits=114672 dropped_bits=0 overflow_events=0
[2026-09-13T09:11:09Z] INFO system_level_lls_slot_progress slot=16/20 completion=0.8000 elapsed_s=147.5 slot_direction=FDD_SEPARATE_DL_UL active_ue=2 cells=57 grants=2 served_bits=118424 dropped_bits=0 overflow_events=0
[2026-09-13T09:11:18Z] INFO system_level_lls_dl_replay_progress slot=16/20 completion=0.8000 elapsed_s=156.4 slot_direction=FDD_SEPARATE_DL_UL replay_direction=DL replay_grant=1/2 cell=2 ue=2 active_ue=2 cells=57 grants=2 served_bits=118424 dropped_bits=0 overflow_events=0
[2026-09-13T09:11:18Z] INFO system_level_lls_dl_replay_progress slot=16/20 completion=0.8000 elapsed_s=156.9 slot_direction=FDD_SEPARATE_DL_UL replay_direction=DL replay_grant=2/2 cell=6 ue=1 active_ue=2 cells=57 grants=2 served_bits=122176 dropped_bits=0 overflow_events=0
[2026-09-13T09:11:19Z] INFO system_level_lls_slot_progress slot=17/20 completion=0.8500 elapsed_s=157.4 slot_direction=FDD_SEPARATE_DL_UL active_ue=2 cells=57 grants=2 served_bits=125928 dropped_bits=0 overflow_events=0
[2026-09-13T09:11:27Z] INFO system_level_lls_dl_replay_progress slot=17/20 completion=0.8500 elapsed_s=166.2 slot_direction=FDD_SEPARATE_DL_UL replay_direction=DL replay_grant=1/2 cell=2 ue=2 active_ue=2 cells=57 grants=4 served_bits=125928 dropped_bits=0 overflow_events=0
[2026-09-13T09:11:28Z] INFO system_level_lls_dl_replay_progress slot=17/20 completion=0.8500 elapsed_s=166.6 slot_direction=FDD_SEPARATE_DL_UL replay_direction=DL replay_grant=2/2 cell=6 ue=1 active_ue=2 cells=57 grants=4 served_bits=129680 dropped_bits=0 overflow_events=0
[2026-09-13T09:11:28Z] INFO system_level_lls_ul_replay_progress slot=17/20 completion=0.8500 elapsed_s=167.1 slot_direction=FDD_SEPARATE_DL_UL replay_direction=UL replay_grant=1/2 cell=2 ue=2 active_ue=2 cells=57 grants=4 served_bits=133432 dropped_bits=0 overflow_events=0
[2026-09-13T09:11:29Z] INFO system_level_lls_ul_replay_progress slot=17/20 completion=0.8500 elapsed_s=167.4 slot_direction=FDD_SEPARATE_DL_UL replay_direction=UL replay_grant=2/2 cell=6 ue=1 active_ue=2 cells=57 grants=4 served_bits=133432 dropped_bits=0 overflow_events=0
[2026-09-13T09:11:29Z] INFO system_level_lls_slot_progress slot=18/20 completion=0.9000 elapsed_s=167.6 slot_direction=FDD_SEPARATE_DL_UL active_ue=2 cells=57 grants=4 served_bits=134240 dropped_bits=0 overflow_events=0
[2026-09-13T09:11:37Z] INFO system_level_lls_dl_replay_progress slot=18/20 completion=0.9000 elapsed_s=176.3 slot_direction=FDD_SEPARATE_DL_UL replay_direction=DL replay_grant=1/2 cell=2 ue=2 active_ue=2 cells=57 grants=2 served_bits=134240 dropped_bits=0 overflow_events=0
[2026-09-13T09:11:38Z] INFO system_level_lls_dl_replay_progress slot=18/20 completion=0.9000 elapsed_s=176.8 slot_direction=FDD_SEPARATE_DL_UL replay_direction=DL replay_grant=2/2 cell=6 ue=1 active_ue=2 cells=57 grants=2 served_bits=137992 dropped_bits=0 overflow_events=0
[2026-09-13T09:11:39Z] INFO system_level_lls_slot_progress slot=19/20 completion=0.9500 elapsed_s=177.4 slot_direction=FDD_SEPARATE_DL_UL active_ue=2 cells=57 grants=2 served_bits=141744 dropped_bits=0 overflow_events=0
[2026-09-13T09:11:47Z] INFO system_level_lls_dl_replay_progress slot=19/20 completion=0.9500 elapsed_s=186.1 slot_direction=FDD_SEPARATE_DL_UL replay_direction=DL replay_grant=1/2 cell=2 ue=2 active_ue=2 cells=57 grants=2 served_bits=141744 dropped_bits=0 overflow_events=0
[2026-09-13T09:11:48Z] INFO system_level_lls_dl_replay_progress slot=19/20 completion=0.9500 elapsed_s=186.6 slot_direction=FDD_SEPARATE_DL_UL replay_direction=DL replay_grant=2/2 cell=6 ue=1 active_ue=2 cells=57 grants=2 served_bits=145496 dropped_bits=0 overflow_events=0
[2026-09-13T09:11:48Z] INFO system_level_lls_slot_progress slot=20/20 completion=1.0000 elapsed_s=187.1 slot_direction=FDD_SEPARATE_DL_UL active_ue=2 cells=57 grants=2 served_bits=149248 dropped_bits=0 overflow_events=0
[2026-09-13T09:11:48Z] INFO system_level_lls_finalizing_exports slot=20/20 completion=1.0000 elapsed_s=187.1 slot_direction=finalizing active_ue=2 cells=57 grants=2 served_bits=149248 dropped_bits=0 overflow_events=0
[2026-09-13T09:11:48Z] INFO system_level_lls_finalizing_tables_started slot=20/20 completion=1.0000 elapsed_s=187.1 slot_direction=finalizing_tables active_ue=2 cells=57 grants=2 served_bits=149248 dropped_bits=0 overflow_events=0
[2026-09-13T09:11:48Z] INFO system_level_lls_finalizing_tables_ready slot=20/20 completion=1.0000 elapsed_s=187.2 slot_direction=finalizing_tables_ready active_ue=2 cells=57 grants=2 served_bits=149248 dropped_bits=0 overflow_events=0
[2026-09-13T09:11:48Z] INFO system_level_lls_finalizing_persistence_started slot=20/20 completion=1.0000 elapsed_s=187.2 slot_direction=finalizing_persistence active_ue=2 cells=57 grants=2 served_bits=149248 dropped_bits=0 overflow_events=0
[2026-09-13T09:11:48Z] INFO system_level_lls_finalizing_persistence_ready slot=20/20 completion=1.0000 elapsed_s=187.2 slot_direction=finalizing_persistence_ready active_ue=2 cells=57 grants=2 served_bits=149248 dropped_bits=0 overflow_events=0
CONFIGURED_CAMPAIGN_SEED_PASS: master=22
[2026-09-13T09:11:55Z] INFO system_level_lls_started slot=0/20 completion=0.0000 elapsed_s=1.5 slot_direction=initializing active_ue=2 cells=57 grants=0 served_bits=0 dropped_bits=0 overflow_events=0
[2026-09-13T09:11:55Z] INFO system_level_lls_slot1_post_mobility_update slot=0/20 completion=0.0000 elapsed_s=1.5 slot_direction=slot1_post_mobility_update active_ue=2 cells=57 grants=0 served_bits=0 dropped_bits=0 overflow_events=0
[2026-09-13T09:11:55Z] INFO system_level_lls_slot1_large_scale_ready slot=0/20 completion=0.0000 elapsed_s=1.8 slot_direction=slot1_large_scale_ready active_ue=2 cells=57 grants=0 served_bits=0 dropped_bits=0 overflow_events=0
[2026-09-13T09:11:55Z] INFO system_level_lls_slot1_active_ues_ready slot=0/20 completion=0.0000 elapsed_s=2.0 slot_direction=FDD_SEPARATE_DL_UL active_ue=0 cells=57 grants=0 served_bits=0 dropped_bits=0 overflow_events=0
[2026-09-13T09:11:55Z] INFO system_level_lls_slot1_ue_by_cell_ready slot=0/20 completion=0.0000 elapsed_s=2.0 slot_direction=FDD_SEPARATE_DL_UL active_ue=0 cells=57 grants=0 served_bits=0 dropped_bits=0 overflow_events=0
[2026-09-13T09:11:55Z] INFO system_level_lls_slot1_scheduler_inputs_ready slot=0/20 completion=0.0000 elapsed_s=2.1 slot_direction=FDD_SEPARATE_DL_UL active_ue=0 cells=57 grants=0 served_bits=0 dropped_bits=0 overflow_events=0
[2026-09-13T09:11:55Z] INFO system_level_lls_slot1_dl_scheduler_ready slot=0/20 completion=0.0000 elapsed_s=2.1 slot_direction=FDD_SEPARATE_DL_UL active_ue=0 cells=57 grants=0 served_bits=0 dropped_bits=0 overflow_events=0
[2026-09-13T09:11:55Z] INFO system_level_lls_slot1_ul_scheduler_ready slot=0/20 completion=0.0000 elapsed_s=2.1 slot_direction=FDD_SEPARATE_DL_UL active_ue=0 cells=57 grants=0 served_bits=0 dropped_bits=0 overflow_events=0
[2026-09-13T09:11:55Z] INFO system_level_lls_slot1_scheduler_ready slot=0/20 completion=0.0000 elapsed_s=2.1 slot_direction=FDD_SEPARATE_DL_UL active_ue=0 cells=57 grants=0 served_bits=0 dropped_bits=0 overflow_events=0
[2026-09-13T09:11:55Z] INFO system_level_lls_slot_progress slot=1/20 completion=0.0500 elapsed_s=2.1 slot_direction=FDD_SEPARATE_DL_UL active_ue=0 cells=57 grants=0 served_bits=0 dropped_bits=0 overflow_events=0
[2026-09-13T09:11:56Z] INFO system_level_lls_slot_progress slot=2/20 completion=0.1000 elapsed_s=2.4 slot_direction=FDD_SEPARATE_DL_UL active_ue=0 cells=57 grants=0 served_bits=0 dropped_bits=0 overflow_events=0
[2026-09-13T09:11:56Z] INFO system_level_lls_slot_progress slot=3/20 completion=0.1500 elapsed_s=2.7 slot_direction=FDD_SEPARATE_DL_UL active_ue=0 cells=57 grants=0 served_bits=0 dropped_bits=0 overflow_events=0
[2026-09-13T09:12:05Z] INFO system_level_lls_dl_replay_progress slot=3/20 completion=0.1500 elapsed_s=11.9 slot_direction=FDD_SEPARATE_DL_UL replay_direction=DL replay_grant=1/2 cell=21 ue=1 active_ue=2 cells=57 grants=2 served_bits=0 dropped_bits=0 overflow_events=0
[2026-09-13T09:12:06Z] INFO system_level_lls_dl_replay_progress slot=3/20 completion=0.1500 elapsed_s=12.4 slot_direction=FDD_SEPARATE_DL_UL replay_direction=DL replay_grant=2/2 cell=54 ue=2 active_ue=2 cells=57 grants=2 served_bits=3752 dropped_bits=0 overflow_events=0
[2026-09-13T09:12:06Z] INFO system_level_lls_slot_progress slot=4/20 completion=0.2000 elapsed_s=12.9 slot_direction=FDD_SEPARATE_DL_UL active_ue=2 cells=57 grants=2 served_bits=7504 dropped_bits=0 overflow_events=0
[2026-09-13T09:12:15Z] INFO system_level_lls_dl_replay_progress slot=4/20 completion=0.2000 elapsed_s=21.6 slot_direction=FDD_SEPARATE_DL_UL replay_direction=DL replay_grant=1/2 cell=21 ue=1 active_ue=2 cells=57 grants=2 served_bits=7504 dropped_bits=0 overflow_events=0
[2026-09-13T09:12:15Z] INFO system_level_lls_dl_replay_progress slot=4/20 completion=0.2000 elapsed_s=22.1 slot_direction=FDD_SEPARATE_DL_UL replay_direction=DL replay_grant=2/2 cell=54 ue=2 active_ue=2 cells=57 grants=2 served_bits=11256 dropped_bits=0 overflow_events=0
[2026-09-13T09:12:16Z] INFO system_level_lls_slot_progress slot=5/20 completion=0.2500 elapsed_s=22.5 slot_direction=FDD_SEPARATE_DL_UL active_ue=2 cells=57 grants=2 served_bits=15008 dropped_bits=0 overflow_events=0
[2026-09-13T09:12:25Z] INFO system_level_lls_dl_replay_progress slot=5/20 completion=0.2500 elapsed_s=31.3 slot_direction=FDD_SEPARATE_DL_UL replay_direction=DL replay_grant=1/2 cell=21 ue=1 active_ue=2 cells=57 grants=4 served_bits=15008 dropped_bits=0 overflow_events=0
[2026-09-13T09:12:25Z] INFO system_level_lls_dl_replay_progress slot=5/20 completion=0.2500 elapsed_s=31.8 slot_direction=FDD_SEPARATE_DL_UL replay_direction=DL replay_grant=2/2 cell=54 ue=2 active_ue=2 cells=57 grants=4 served_bits=18760 dropped_bits=0 overflow_events=0
[2026-09-13T09:12:26Z] INFO system_level_lls_ul_replay_progress slot=5/20 completion=0.2500 elapsed_s=32.3 slot_direction=FDD_SEPARATE_DL_UL replay_direction=UL replay_grant=1/2 cell=21 ue=1 active_ue=2 cells=57 grants=4 served_bits=22512 dropped_bits=0 overflow_events=0
[2026-09-13T09:12:26Z] INFO system_level_lls_ul_replay_progress slot=5/20 completion=0.2500 elapsed_s=32.5 slot_direction=FDD_SEPARATE_DL_UL replay_direction=UL replay_grant=2/2 cell=54 ue=2 active_ue=2 cells=57 grants=4 served_bits=33528 dropped_bits=0 overflow_events=0
[2026-09-13T09:12:26Z] INFO system_level_lls_slot_progress slot=6/20 completion=0.3000 elapsed_s=32.8 slot_direction=FDD_SEPARATE_DL_UL active_ue=2 cells=57 grants=4 served_bits=43520 dropped_bits=0 overflow_events=0
[2026-09-13T09:12:36Z] INFO system_level_lls_dl_replay_progress slot=6/20 completion=0.3000 elapsed_s=42.3 slot_direction=FDD_SEPARATE_DL_UL replay_direction=DL replay_grant=1/2 cell=21 ue=1 active_ue=2 cells=57 grants=2 served_bits=43520 dropped_bits=0 overflow_events=0
[2026-09-13T09:12:36Z] INFO system_level_lls_dl_replay_progress slot=6/20 completion=0.3000 elapsed_s=42.8 slot_direction=FDD_SEPARATE_DL_UL replay_direction=DL replay_grant=2/2 cell=54 ue=2 active_ue=2 cells=57 grants=2 served_bits=47272 dropped_bits=0 overflow_events=0
[2026-09-13T09:12:37Z] INFO system_level_lls_slot_progress slot=7/20 completion=0.3500 elapsed_s=43.4 slot_direction=FDD_SEPARATE_DL_UL active_ue=2 cells=57 grants=2 served_bits=51024 dropped_bits=0 overflow_events=0
[2026-09-13T09:12:46Z] INFO system_level_lls_dl_replay_progress slot=7/20 completion=0.3500 elapsed_s=52.6 slot_direction=FDD_SEPARATE_DL_UL replay_direction=DL replay_grant=1/2 cell=21 ue=1 active_ue=2 cells=57 grants=2 served_bits=51024 dropped_bits=0 overflow_events=0
[2026-09-13T09:12:46Z] INFO system_level_lls_dl_replay_progress slot=7/20 completion=0.3500 elapsed_s=53.0 slot_direction=FDD_SEPARATE_DL_UL replay_direction=DL replay_grant=2/2 cell=54 ue=2 active_ue=2 cells=57 grants=2 served_bits=54776 dropped_bits=0 overflow_events=0
[2026-09-13T09:12:47Z] INFO system_level_lls_slot_progress slot=8/20 completion=0.4000 elapsed_s=53.6 slot_direction=FDD_SEPARATE_DL_UL active_ue=2 cells=57 grants=2 served_bits=58528 dropped_bits=0 overflow_events=0
[2026-09-13T09:12:57Z] INFO system_level_lls_dl_replay_progress slot=8/20 completion=0.4000 elapsed_s=63.5 slot_direction=FDD_SEPARATE_DL_UL replay_direction=DL replay_grant=1/2 cell=21 ue=1 active_ue=2 cells=57 grants=4 served_bits=58528 dropped_bits=0 overflow_events=0
[2026-09-13T09:12:57Z] INFO system_level_lls_dl_replay_progress slot=8/20 completion=0.4000 elapsed_s=63.9 slot_direction=FDD_SEPARATE_DL_UL replay_direction=DL replay_grant=2/2 cell=54 ue=2 active_ue=2 cells=57 grants=4 served_bits=62280 dropped_bits=0 overflow_events=0
[2026-09-13T09:12:58Z] INFO system_level_lls_ul_replay_progress slot=8/20 completion=0.4000 elapsed_s=64.4 slot_direction=FDD_SEPARATE_DL_UL replay_direction=UL replay_grant=1/2 cell=21 ue=1 active_ue=2 cells=57 grants=4 served_bits=66032 dropped_bits=0 overflow_events=0
[2026-09-13T09:12:58Z] INFO system_level_lls_ul_replay_progress slot=8/20 completion=0.4000 elapsed_s=64.6 slot_direction=FDD_SEPARATE_DL_UL replay_direction=UL replay_grant=2/2 cell=54 ue=2 active_ue=2 cells=57 grants=4 served_bits=66840 dropped_bits=0 overflow_events=0
[2026-09-13T09:12:58Z] INFO system_level_lls_slot_progress slot=9/20 completion=0.4500 elapsed_s=65.0 slot_direction=FDD_SEPARATE_DL_UL active_ue=2 cells=57 grants=4 served_bits=67368 dropped_bits=0 overflow_events=0
[2026-09-13T09:13:08Z] INFO system_level_lls_dl_replay_progress slot=9/20 completion=0.4500 elapsed_s=74.7 slot_direction=FDD_SEPARATE_DL_UL replay_direction=DL replay_grant=1/2 cell=21 ue=1 active_ue=2 cells=57 grants=2 served_bits=67368 dropped_bits=0 overflow_events=0
[2026-09-13T09:13:09Z] INFO system_level_lls_dl_replay_progress slot=9/20 completion=0.4500 elapsed_s=75.4 slot_direction=FDD_SEPARATE_DL_UL replay_direction=DL replay_grant=2/2 cell=54 ue=2 active_ue=2 cells=57 grants=2 served_bits=71120 dropped_bits=0 overflow_events=0
[2026-09-13T09:13:10Z] INFO system_level_lls_slot_progress slot=10/20 completion=0.5000 elapsed_s=76.5 slot_direction=FDD_SEPARATE_DL_UL active_ue=2 cells=57 grants=2 served_bits=74872 dropped_bits=0 overflow_events=0
[2026-09-13T09:13:26Z] INFO system_level_lls_dl_replay_progress slot=10/20 completion=0.5000 elapsed_s=92.8 slot_direction=FDD_SEPARATE_DL_UL replay_direction=DL replay_grant=1/2 cell=21 ue=1 active_ue=2 cells=57 grants=2 served_bits=74872 dropped_bits=0 overflow_events=0
[2026-09-13T09:13:27Z] INFO system_level_lls_dl_replay_progress slot=10/20 completion=0.5000 elapsed_s=94.1 slot_direction=FDD_SEPARATE_DL_UL replay_direction=DL replay_grant=2/2 cell=54 ue=2 active_ue=2 cells=57 grants=2 served_bits=78624 dropped_bits=0 overflow_events=0
[2026-09-13T09:13:28Z] INFO system_level_lls_slot_progress slot=11/20 completion=0.5500 elapsed_s=95.0 slot_direction=FDD_SEPARATE_DL_UL active_ue=2 cells=57 grants=2 served_bits=82376 dropped_bits=0 overflow_events=0
[2026-09-13T09:13:40Z] INFO system_level_lls_dl_replay_progress slot=11/20 completion=0.5500 elapsed_s=106.8 slot_direction=FDD_SEPARATE_DL_UL replay_direction=DL replay_grant=1/2 cell=21 ue=1 active_ue=2 cells=57 grants=4 served_bits=82376 dropped_bits=0 overflow_events=0
[2026-09-13T09:13:41Z] INFO system_level_lls_dl_replay_progress slot=11/20 completion=0.5500 elapsed_s=107.5 slot_direction=FDD_SEPARATE_DL_UL replay_direction=DL replay_grant=2/2 cell=54 ue=2 active_ue=2 cells=57 grants=4 served_bits=86128 dropped_bits=0 overflow_events=0
[2026-09-13T09:13:41Z] INFO system_level_lls_ul_replay_progress slot=11/20 completion=0.5500 elapsed_s=108.1 slot_direction=FDD_SEPARATE_DL_UL replay_direction=UL replay_grant=1/2 cell=21 ue=1 active_ue=2 cells=57 grants=4 served_bits=89880 dropped_bits=0 overflow_events=0
[2026-09-13T09:13:42Z] INFO system_level_lls_ul_replay_progress slot=11/20 completion=0.5500 elapsed_s=108.4 slot_direction=FDD_SEPARATE_DL_UL replay_direction=UL replay_grant=2/2 cell=54 ue=2 active_ue=2 cells=57 grants=4 served_bits=90688 dropped_bits=0 overflow_events=0
[2026-09-13T09:13:42Z] INFO system_level_lls_slot_progress slot=12/20 completion=0.6000 elapsed_s=108.7 slot_direction=FDD_SEPARATE_DL_UL active_ue=2 cells=57 grants=4 served_bits=91496 dropped_bits=0 overflow_events=0
[2026-09-13T09:13:56Z] INFO system_level_lls_dl_replay_progress slot=12/20 completion=0.6000 elapsed_s=122.6 slot_direction=FDD_SEPARATE_DL_UL replay_direction=DL replay_grant=1/2 cell=21 ue=1 active_ue=2 cells=57 grants=2 served_bits=91496 dropped_bits=0 overflow_events=0
[2026-09-13T09:13:57Z] INFO system_level_lls_dl_replay_progress slot=12/20 completion=0.6000 elapsed_s=123.2 slot_direction=FDD_SEPARATE_DL_UL replay_direction=DL replay_grant=2/2 cell=54 ue=2 active_ue=2 cells=57 grants=2 served_bits=95248 dropped_bits=0 overflow_events=0
[2026-09-13T09:13:57Z] INFO system_level_lls_slot_progress slot=13/20 completion=0.6500 elapsed_s=123.9 slot_direction=FDD_SEPARATE_DL_UL active_ue=2 cells=57 grants=2 served_bits=99000 dropped_bits=0 overflow_events=0
[2026-09-13T09:14:09Z] INFO system_level_lls_dl_replay_progress slot=13/20 completion=0.6500 elapsed_s=136.1 slot_direction=FDD_SEPARATE_DL_UL replay_direction=DL replay_grant=1/2 cell=21 ue=1 active_ue=2 cells=57 grants=2 served_bits=99000 dropped_bits=0 overflow_events=0
[2026-09-13T09:14:10Z] INFO system_level_lls_dl_replay_progress slot=13/20 completion=0.6500 elapsed_s=136.7 slot_direction=FDD_SEPARATE_DL_UL replay_direction=DL replay_grant=2/2 cell=54 ue=2 active_ue=2 cells=57 grants=2 served_bits=102752 dropped_bits=0 overflow_events=0
[2026-09-13T09:14:11Z] INFO system_level_lls_slot_progress slot=14/20 completion=0.7000 elapsed_s=137.3 slot_direction=FDD_SEPARATE_DL_UL active_ue=2 cells=57 grants=2 served_bits=106504 dropped_bits=0 overflow_events=0
[2026-09-13T09:14:23Z] INFO system_level_lls_dl_replay_progress slot=14/20 completion=0.7000 elapsed_s=149.8 slot_direction=FDD_SEPARATE_DL_UL replay_direction=DL replay_grant=1/2 cell=21 ue=1 active_ue=2 cells=57 grants=4 served_bits=106504 dropped_bits=0 overflow_events=0
[2026-09-13T09:14:24Z] INFO system_level_lls_dl_replay_progress slot=14/20 completion=0.7000 elapsed_s=150.5 slot_direction=FDD_SEPARATE_DL_UL replay_direction=DL replay_grant=2/2 cell=54 ue=2 active_ue=2 cells=57 grants=4 served_bits=110256 dropped_bits=0 overflow_events=0
[2026-09-13T09:14:24Z] INFO system_level_lls_ul_replay_progress slot=14/20 completion=0.7000 elapsed_s=151.1 slot_direction=FDD_SEPARATE_DL_UL replay_direction=UL replay_grant=1/2 cell=21 ue=1 active_ue=2 cells=57 grants=4 served_bits=114008 dropped_bits=0 overflow_events=0
[2026-09-13T09:14:25Z] INFO system_level_lls_ul_replay_progress slot=14/20 completion=0.7000 elapsed_s=151.4 slot_direction=FDD_SEPARATE_DL_UL replay_direction=UL replay_grant=2/2 cell=54 ue=2 active_ue=2 cells=57 grants=4 served_bits=114816 dropped_bits=0 overflow_events=0
[2026-09-13T09:14:25Z] INFO system_level_lls_slot_progress slot=15/20 completion=0.7500 elapsed_s=151.7 slot_direction=FDD_SEPARATE_DL_UL active_ue=2 cells=57 grants=4 served_bits=115624 dropped_bits=0 overflow_events=0
[2026-09-13T09:14:37Z] INFO system_level_lls_dl_replay_progress slot=15/20 completion=0.7500 elapsed_s=163.9 slot_direction=FDD_SEPARATE_DL_UL replay_direction=DL replay_grant=1/2 cell=21 ue=1 active_ue=2 cells=57 grants=2 served_bits=115624 dropped_bits=0 overflow_events=0
[2026-09-13T09:14:38Z] INFO system_level_lls_dl_replay_progress slot=15/20 completion=0.7500 elapsed_s=164.8 slot_direction=FDD_SEPARATE_DL_UL replay_direction=DL replay_grant=2/2 cell=54 ue=2 active_ue=2 cells=57 grants=2 served_bits=119376 dropped_bits=0 overflow_events=0
[2026-09-13T09:14:39Z] INFO system_level_lls_slot_progress slot=16/20 completion=0.8000 elapsed_s=165.4 slot_direction=FDD_SEPARATE_DL_UL active_ue=2 cells=57 grants=2 served_bits=123128 dropped_bits=0 overflow_events=0
[2026-09-13T09:14:51Z] INFO system_level_lls_dl_replay_progress slot=16/20 completion=0.8000 elapsed_s=177.7 slot_direction=FDD_SEPARATE_DL_UL replay_direction=DL replay_grant=1/2 cell=21 ue=1 active_ue=2 cells=57 grants=2 served_bits=123128 dropped_bits=0 overflow_events=0
[2026-09-13T09:14:52Z] INFO system_level_lls_dl_replay_progress slot=16/20 completion=0.8000 elapsed_s=178.4 slot_direction=FDD_SEPARATE_DL_UL replay_direction=DL replay_grant=2/2 cell=54 ue=2 active_ue=2 cells=57 grants=2 served_bits=126880 dropped_bits=0 overflow_events=0
[2026-09-13T09:14:52Z] INFO system_level_lls_slot_progress slot=17/20 completion=0.8500 elapsed_s=179.1 slot_direction=FDD_SEPARATE_DL_UL active_ue=2 cells=57 grants=2 served_bits=130632 dropped_bits=0 overflow_events=0
[2026-09-13T09:15:06Z] INFO system_level_lls_dl_replay_progress slot=17/20 completion=0.8500 elapsed_s=192.7 slot_direction=FDD_SEPARATE_DL_UL replay_direction=DL replay_grant=1/2 cell=21 ue=1 active_ue=2 cells=57 grants=4 served_bits=130632 dropped_bits=0 overflow_events=0
[2026-09-13T09:15:07Z] INFO system_level_lls_dl_replay_progress slot=17/20 completion=0.8500 elapsed_s=193.5 slot_direction=FDD_SEPARATE_DL_UL replay_direction=DL replay_grant=2/2 cell=54 ue=2 active_ue=2 cells=57 grants=4 served_bits=134384 dropped_bits=0 overflow_events=0
[2026-09-13T09:15:08Z] INFO system_level_lls_ul_replay_progress slot=17/20 completion=0.8500 elapsed_s=194.3 slot_direction=FDD_SEPARATE_DL_UL replay_direction=UL replay_grant=1/2 cell=21 ue=1 active_ue=2 cells=57 grants=4 served_bits=138136 dropped_bits=0 overflow_events=0
[2026-09-13T09:15:08Z] INFO system_level_lls_ul_replay_progress slot=17/20 completion=0.8500 elapsed_s=194.6 slot_direction=FDD_SEPARATE_DL_UL replay_direction=UL replay_grant=2/2 cell=54 ue=2 active_ue=2 cells=57 grants=4 served_bits=138944 dropped_bits=0 overflow_events=0
[2026-09-13T09:15:08Z] INFO system_level_lls_slot_progress slot=18/20 completion=0.9000 elapsed_s=194.9 slot_direction=FDD_SEPARATE_DL_UL active_ue=2 cells=57 grants=4 served_bits=139752 dropped_bits=0 overflow_events=0
[2026-09-13T09:15:23Z] INFO system_level_lls_dl_replay_progress slot=18/20 completion=0.9000 elapsed_s=209.4 slot_direction=FDD_SEPARATE_DL_UL replay_direction=DL replay_grant=1/2 cell=21 ue=1 active_ue=2 cells=57 grants=2 served_bits=139752 dropped_bits=0 overflow_events=0
[2026-09-13T09:15:23Z] INFO system_level_lls_dl_replay_progress slot=18/20 completion=0.9000 elapsed_s=210.1 slot_direction=FDD_SEPARATE_DL_UL replay_direction=DL replay_grant=2/2 cell=54 ue=2 active_ue=2 cells=57 grants=2 served_bits=143504 dropped_bits=0 overflow_events=0
[2026-09-13T09:15:24Z] INFO system_level_lls_slot_progress slot=19/20 completion=0.9500 elapsed_s=210.7 slot_direction=FDD_SEPARATE_DL_UL active_ue=2 cells=57 grants=2 served_bits=147256 dropped_bits=0 overflow_events=0
[2026-09-13T09:15:37Z] INFO system_level_lls_dl_replay_progress slot=19/20 completion=0.9500 elapsed_s=224.1 slot_direction=FDD_SEPARATE_DL_UL replay_direction=DL replay_grant=1/2 cell=21 ue=1 active_ue=2 cells=57 grants=2 served_bits=147256 dropped_bits=0 overflow_events=0
[2026-09-13T09:15:38Z] INFO system_level_lls_dl_replay_progress slot=19/20 completion=0.9500 elapsed_s=225.1 slot_direction=FDD_SEPARATE_DL_UL replay_direction=DL replay_grant=2/2 cell=54 ue=2 active_ue=2 cells=57 grants=2 served_bits=151008 dropped_bits=0 overflow_events=0
[2026-09-13T09:15:39Z] INFO system_level_lls_slot_progress slot=20/20 completion=1.0000 elapsed_s=225.8 slot_direction=FDD_SEPARATE_DL_UL active_ue=2 cells=57 grants=2 served_bits=154760 dropped_bits=0 overflow_events=0
[2026-09-13T09:15:39Z] INFO system_level_lls_finalizing_exports slot=20/20 completion=1.0000 elapsed_s=225.8 slot_direction=finalizing active_ue=2 cells=57 grants=2 served_bits=154760 dropped_bits=0 overflow_events=0
[2026-09-13T09:15:39Z] INFO system_level_lls_finalizing_tables_started slot=20/20 completion=1.0000 elapsed_s=225.8 slot_direction=finalizing_tables active_ue=2 cells=57 grants=2 served_bits=154760 dropped_bits=0 overflow_events=0
[2026-09-13T09:15:39Z] INFO system_level_lls_finalizing_tables_ready slot=20/20 completion=1.0000 elapsed_s=226.1 slot_direction=finalizing_tables_ready active_ue=2 cells=57 grants=2 served_bits=154760 dropped_bits=0 overflow_events=0
[2026-09-13T09:15:40Z] INFO system_level_lls_finalizing_persistence_started slot=20/20 completion=1.0000 elapsed_s=226.2 slot_direction=finalizing_persistence active_ue=2 cells=57 grants=2 served_bits=154760 dropped_bits=0 overflow_events=0
[2026-09-13T09:15:40Z] INFO system_level_lls_finalizing_persistence_ready slot=20/20 completion=1.0000 elapsed_s=226.2 slot_direction=finalizing_persistence_ready active_ue=2 cells=57 grants=2 served_bits=154760 dropped_bits=0 overflow_events=0
CONFIGURED_CAMPAIGN_SEED_PASS: master=33
[PASS] testE2E_TruthPacketSemanticCampaign (665.30s)
Slowest 10 test(s):
   1. testE2E_TruthPacketSemanticCampaign (665.30s)
   2. testE2E_FastVsTruth (385.52s)
   3. testLLS_ReferencePoints (71.75s)
   4. testLLS_DL (68.05s)
   5. testLLS_UL (57.06s)
   6. testLinkExportPipeline (30.28s)
   7. testConfig (20.23s)
   8. testSchedulerGrantConsistency (9.94s)
   9. testStrictMode_NoFallbackAnywhere (5.25s)
  10. testOrganizeRunResults_E2EArtifactPreservation (1.11s)
