[PASS] testConfig (45.27s)
[PASS] testStrictProxyGuards (0.35s)
[PASS] testStrictMode_NoFallbackAnywhere (8.81s)
[PASS] testLLS_DL (134.53s)
[PASS] testLLS_UL (111.30s)
[PASS] testLLS_ReferencePoints (125.13s)
[PASS] testLinkExportPipeline (60.26s)
[PASS] testArtifactIntegrity (0.17s)
[PASS] testOrganizeRunResults_E2EArtifactPreservation (1.55s)
[PASS] testSchedulerGrantConsistency (18.63s)
[TR38901Plus] Resolved config: Scenario=UMa Fc_Hz=4000000000 PathlossModel=nrPathLoss ShadowSigma_dB=6 PathlossEnabled=1 ShadowEnabled=1 LOSEnabled=1
[2026-09-13T06:05:42Z] INFO system_level_lls_started slot=0/20 completion=0.0000 elapsed_s=2.5 slot_direction=initializing active_ue=2 cells=57 grants=0 served_bits=0 dropped_bits=0 overflow_events=0
[2026-09-13T06:05:42Z] INFO system_level_lls_slot1_post_mobility_update slot=0/20 completion=0.0000 elapsed_s=2.6 slot_direction=slot1_post_mobility_update active_ue=2 cells=57 grants=0 served_bits=0 dropped_bits=0 overflow_events=0
[2026-09-13T06:05:43Z] INFO system_level_lls_slot1_large_scale_ready slot=0/20 completion=0.0000 elapsed_s=3.3 slot_direction=slot1_large_scale_ready active_ue=2 cells=57 grants=0 served_bits=0 dropped_bits=0 overflow_events=0
[2026-09-13T06:05:44Z] INFO system_level_lls_slot1_active_ues_ready slot=0/20 completion=0.0000 elapsed_s=5.0 slot_direction=FDD_SEPARATE_DL_UL active_ue=0 cells=57 grants=0 served_bits=0 dropped_bits=0 overflow_events=0
[2026-09-13T06:05:44Z] INFO system_level_lls_slot1_ue_by_cell_ready slot=0/20 completion=0.0000 elapsed_s=5.1 slot_direction=FDD_SEPARATE_DL_UL active_ue=0 cells=57 grants=0 served_bits=0 dropped_bits=0 overflow_events=0
[2026-09-13T06:05:45Z] INFO system_level_lls_slot1_scheduler_inputs_ready slot=0/20 completion=0.0000 elapsed_s=5.3 slot_direction=FDD_SEPARATE_DL_UL active_ue=0 cells=57 grants=0 served_bits=0 dropped_bits=0 overflow_events=0
[2026-09-13T06:05:45Z] INFO system_level_lls_slot1_dl_scheduler_ready slot=0/20 completion=0.0000 elapsed_s=5.3 slot_direction=FDD_SEPARATE_DL_UL active_ue=0 cells=57 grants=0 served_bits=0 dropped_bits=0 overflow_events=0
[2026-09-13T06:05:45Z] INFO system_level_lls_slot1_ul_scheduler_ready slot=0/20 completion=0.0000 elapsed_s=5.3 slot_direction=FDD_SEPARATE_DL_UL active_ue=0 cells=57 grants=0 served_bits=0 dropped_bits=0 overflow_events=0
[2026-09-13T06:05:45Z] INFO system_level_lls_slot1_scheduler_ready slot=0/20 completion=0.0000 elapsed_s=5.3 slot_direction=FDD_SEPARATE_DL_UL active_ue=0 cells=57 grants=0 served_bits=0 dropped_bits=0 overflow_events=0
[2026-09-13T06:05:45Z] INFO system_level_lls_slot_progress slot=1/20 completion=0.0500 elapsed_s=5.3 slot_direction=FDD_SEPARATE_DL_UL active_ue=0 cells=57 grants=0 served_bits=0 dropped_bits=0 overflow_events=0
[2026-09-13T06:05:46Z] INFO system_level_lls_slot_progress slot=2/20 completion=0.1000 elapsed_s=6.4 slot_direction=FDD_SEPARATE_DL_UL active_ue=0 cells=57 grants=0 served_bits=0 dropped_bits=0 overflow_events=0
[2026-09-13T06:05:47Z] INFO system_level_lls_slot_progress slot=3/20 completion=0.1500 elapsed_s=7.2 slot_direction=FDD_SEPARATE_DL_UL active_ue=0 cells=57 grants=0 served_bits=0 dropped_bits=0 overflow_events=0
[2026-09-13T06:06:02Z] INFO system_level_lls_dl_replay_progress slot=3/20 completion=0.1500 elapsed_s=22.9 slot_direction=FDD_SEPARATE_DL_UL replay_direction=DL replay_grant=1/1 cell=1 ue=1 active_ue=1 cells=57 grants=1 served_bits=0 dropped_bits=0 overflow_events=0
[2026-09-13T06:06:10Z] INFO system_level_lls_slot_progress slot=4/20 completion=0.2000 elapsed_s=30.3 slot_direction=FDD_SEPARATE_DL_UL active_ue=1 cells=57 grants=1 served_bits=3752 dropped_bits=0 overflow_events=0
[2026-09-13T06:06:28Z] INFO system_level_lls_dl_replay_progress slot=4/20 completion=0.2000 elapsed_s=48.7 slot_direction=FDD_SEPARATE_DL_UL replay_direction=DL replay_grant=1/2 cell=1 ue=1 active_ue=2 cells=57 grants=2 served_bits=3752 dropped_bits=0 overflow_events=0
[2026-09-13T06:06:31Z] INFO system_level_lls_dl_replay_progress slot=4/20 completion=0.2000 elapsed_s=51.4 slot_direction=FDD_SEPARATE_DL_UL replay_direction=DL replay_grant=2/2 cell=2 ue=2 active_ue=2 cells=57 grants=2 served_bits=7504 dropped_bits=0 overflow_events=0
[2026-09-13T06:06:33Z] INFO system_level_lls_slot_progress slot=5/20 completion=0.2500 elapsed_s=53.9 slot_direction=FDD_SEPARATE_DL_UL active_ue=2 cells=57 grants=2 served_bits=11256 dropped_bits=0 overflow_events=0
[2026-09-13T06:06:51Z] INFO system_level_lls_dl_replay_progress slot=5/20 completion=0.2500 elapsed_s=71.8 slot_direction=FDD_SEPARATE_DL_UL replay_direction=DL replay_grant=1/2 cell=1 ue=1 active_ue=2 cells=57 grants=3 served_bits=11256 dropped_bits=0 overflow_events=0
[2026-09-13T06:06:53Z] INFO system_level_lls_dl_replay_progress slot=5/20 completion=0.2500 elapsed_s=73.3 slot_direction=FDD_SEPARATE_DL_UL replay_direction=DL replay_grant=2/2 cell=2 ue=2 active_ue=2 cells=57 grants=3 served_bits=15008 dropped_bits=0 overflow_events=0
[2026-09-13T06:06:54Z] INFO system_level_lls_ul_replay_progress slot=5/20 completion=0.2500 elapsed_s=75.1 slot_direction=FDD_SEPARATE_DL_UL replay_direction=UL replay_grant=1/1 cell=1 ue=1 active_ue=2 cells=57 grants=3 served_bits=18760 dropped_bits=0 overflow_events=0
[2026-09-13T06:07:00Z] INFO system_level_lls_slot_progress slot=6/20 completion=0.3000 elapsed_s=80.6 slot_direction=FDD_SEPARATE_DL_UL active_ue=2 cells=57 grants=3 served_bits=29776 dropped_bits=0 overflow_events=0
[2026-09-13T06:07:19Z] INFO system_level_lls_dl_replay_progress slot=6/20 completion=0.3000 elapsed_s=99.1 slot_direction=FDD_SEPARATE_DL_UL replay_direction=DL replay_grant=1/2 cell=1 ue=1 active_ue=2 cells=57 grants=3 served_bits=29776 dropped_bits=0 overflow_events=0
[2026-09-13T06:07:20Z] INFO system_level_lls_dl_replay_progress slot=6/20 completion=0.3000 elapsed_s=100.8 slot_direction=FDD_SEPARATE_DL_UL replay_direction=DL replay_grant=2/2 cell=2 ue=2 active_ue=2 cells=57 grants=3 served_bits=33528 dropped_bits=0 overflow_events=0
[2026-09-13T06:07:22Z] INFO system_level_lls_ul_replay_progress slot=6/20 completion=0.3000 elapsed_s=102.2 slot_direction=FDD_SEPARATE_DL_UL replay_direction=UL replay_grant=1/1 cell=2 ue=2 active_ue=2 cells=57 grants=3 served_bits=37280 dropped_bits=0 overflow_events=0
[2026-09-13T06:07:22Z] INFO system_level_lls_slot_progress slot=7/20 completion=0.3500 elapsed_s=102.8 slot_direction=FDD_SEPARATE_DL_UL active_ue=2 cells=57 grants=3 served_bits=48296 dropped_bits=0 overflow_events=0
[2026-09-13T06:07:43Z] INFO system_level_lls_dl_replay_progress slot=7/20 completion=0.3500 elapsed_s=123.7 slot_direction=FDD_SEPARATE_DL_UL replay_direction=DL replay_grant=1/2 cell=1 ue=1 active_ue=2 cells=57 grants=2 served_bits=48296 dropped_bits=0 overflow_events=0
[2026-09-13T06:07:44Z] INFO system_level_lls_dl_replay_progress slot=7/20 completion=0.3500 elapsed_s=124.8 slot_direction=FDD_SEPARATE_DL_UL replay_direction=DL replay_grant=2/2 cell=2 ue=2 active_ue=2 cells=57 grants=2 served_bits=52048 dropped_bits=0 overflow_events=0
[2026-09-13T06:07:45Z] INFO system_level_lls_slot_progress slot=8/20 completion=0.4000 elapsed_s=125.9 slot_direction=FDD_SEPARATE_DL_UL active_ue=2 cells=57 grants=2 served_bits=55800 dropped_bits=0 overflow_events=0
[2026-09-13T06:08:04Z] INFO system_level_lls_dl_replay_progress slot=8/20 completion=0.4000 elapsed_s=144.5 slot_direction=FDD_SEPARATE_DL_UL replay_direction=DL replay_grant=1/2 cell=1 ue=1 active_ue=2 cells=57 grants=3 served_bits=55800 dropped_bits=0 overflow_events=0
[2026-09-13T06:08:05Z] INFO system_level_lls_dl_replay_progress slot=8/20 completion=0.4000 elapsed_s=145.6 slot_direction=FDD_SEPARATE_DL_UL replay_direction=DL replay_grant=2/2 cell=2 ue=2 active_ue=2 cells=57 grants=3 served_bits=59552 dropped_bits=0 overflow_events=0
[2026-09-13T06:08:06Z] INFO system_level_lls_ul_replay_progress slot=8/20 completion=0.4000 elapsed_s=146.8 slot_direction=FDD_SEPARATE_DL_UL replay_direction=UL replay_grant=1/1 cell=1 ue=1 active_ue=2 cells=57 grants=3 served_bits=63304 dropped_bits=0 overflow_events=0
[2026-09-13T06:08:07Z] INFO system_level_lls_slot_progress slot=9/20 completion=0.4500 elapsed_s=147.5 slot_direction=FDD_SEPARATE_DL_UL active_ue=2 cells=57 grants=3 served_bits=64112 dropped_bits=0 overflow_events=0
[2026-09-13T06:08:24Z] INFO system_level_lls_dl_replay_progress slot=9/20 completion=0.4500 elapsed_s=164.7 slot_direction=FDD_SEPARATE_DL_UL replay_direction=DL replay_grant=1/2 cell=1 ue=1 active_ue=2 cells=57 grants=3 served_bits=64112 dropped_bits=0 overflow_events=0
[2026-09-13T06:08:25Z] INFO system_level_lls_dl_replay_progress slot=9/20 completion=0.4500 elapsed_s=165.9 slot_direction=FDD_SEPARATE_DL_UL replay_direction=DL replay_grant=2/2 cell=2 ue=2 active_ue=2 cells=57 grants=3 served_bits=67864 dropped_bits=0 overflow_events=0
[2026-09-13T06:08:27Z] INFO system_level_lls_ul_replay_progress slot=9/20 completion=0.4500 elapsed_s=167.2 slot_direction=FDD_SEPARATE_DL_UL replay_direction=UL replay_grant=1/1 cell=2 ue=2 active_ue=2 cells=57 grants=3 served_bits=71616 dropped_bits=0 overflow_events=0
[2026-09-13T06:08:27Z] INFO system_level_lls_slot_progress slot=10/20 completion=0.5000 elapsed_s=167.8 slot_direction=FDD_SEPARATE_DL_UL active_ue=2 cells=57 grants=3 served_bits=72320 dropped_bits=0 overflow_events=0
[2026-09-13T06:08:46Z] INFO system_level_lls_dl_replay_progress slot=10/20 completion=0.5000 elapsed_s=186.2 slot_direction=FDD_SEPARATE_DL_UL replay_direction=DL replay_grant=1/2 cell=1 ue=1 active_ue=2 cells=57 grants=2 served_bits=72320 dropped_bits=0 overflow_events=0
[2026-09-13T06:08:47Z] INFO system_level_lls_dl_replay_progress slot=10/20 completion=0.5000 elapsed_s=187.7 slot_direction=FDD_SEPARATE_DL_UL replay_direction=DL replay_grant=2/2 cell=2 ue=2 active_ue=2 cells=57 grants=2 served_bits=76072 dropped_bits=0 overflow_events=0
[2026-09-13T06:08:48Z] INFO system_level_lls_slot_progress slot=11/20 completion=0.5500 elapsed_s=189.1 slot_direction=FDD_SEPARATE_DL_UL active_ue=2 cells=57 grants=2 served_bits=79824 dropped_bits=0 overflow_events=0
[2026-09-13T06:09:05Z] INFO system_level_lls_dl_replay_progress slot=11/20 completion=0.5500 elapsed_s=205.2 slot_direction=FDD_SEPARATE_DL_UL replay_direction=DL replay_grant=1/2 cell=1 ue=1 active_ue=2 cells=57 grants=3 served_bits=79824 dropped_bits=0 overflow_events=0
[2026-09-13T06:09:06Z] INFO system_level_lls_dl_replay_progress slot=11/20 completion=0.5500 elapsed_s=206.4 slot_direction=FDD_SEPARATE_DL_UL replay_direction=DL replay_grant=2/2 cell=2 ue=2 active_ue=2 cells=57 grants=3 served_bits=83576 dropped_bits=0 overflow_events=0
[2026-09-13T06:09:07Z] INFO system_level_lls_ul_replay_progress slot=11/20 completion=0.5500 elapsed_s=207.5 slot_direction=FDD_SEPARATE_DL_UL replay_direction=UL replay_grant=1/1 cell=1 ue=1 active_ue=2 cells=57 grants=3 served_bits=87328 dropped_bits=0 overflow_events=0
[2026-09-13T06:09:07Z] INFO system_level_lls_slot_progress slot=12/20 completion=0.6000 elapsed_s=208.1 slot_direction=FDD_SEPARATE_DL_UL active_ue=2 cells=57 grants=3 served_bits=88136 dropped_bits=0 overflow_events=0
[2026-09-13T06:09:24Z] INFO system_level_lls_dl_replay_progress slot=12/20 completion=0.6000 elapsed_s=225.1 slot_direction=FDD_SEPARATE_DL_UL replay_direction=DL replay_grant=1/2 cell=1 ue=1 active_ue=2 cells=57 grants=3 served_bits=88136 dropped_bits=0 overflow_events=0
[2026-09-13T06:09:26Z] INFO system_level_lls_dl_replay_progress slot=12/20 completion=0.6000 elapsed_s=227.1 slot_direction=FDD_SEPARATE_DL_UL replay_direction=DL replay_grant=2/2 cell=2 ue=2 active_ue=2 cells=57 grants=3 served_bits=91888 dropped_bits=0 overflow_events=0
[2026-09-13T06:09:28Z] INFO system_level_lls_ul_replay_progress slot=12/20 completion=0.6000 elapsed_s=228.5 slot_direction=FDD_SEPARATE_DL_UL replay_direction=UL replay_grant=1/1 cell=2 ue=2 active_ue=2 cells=57 grants=3 served_bits=95640 dropped_bits=0 overflow_events=0
[2026-09-13T06:09:29Z] INFO system_level_lls_slot_progress slot=13/20 completion=0.6500 elapsed_s=229.3 slot_direction=FDD_SEPARATE_DL_UL active_ue=2 cells=57 grants=3 served_bits=96448 dropped_bits=0 overflow_events=0
[2026-09-13T06:09:49Z] INFO system_level_lls_dl_replay_progress slot=13/20 completion=0.6500 elapsed_s=249.7 slot_direction=FDD_SEPARATE_DL_UL replay_direction=DL replay_grant=1/2 cell=1 ue=1 active_ue=2 cells=57 grants=2 served_bits=96448 dropped_bits=0 overflow_events=0
[2026-09-13T06:09:51Z] INFO system_level_lls_dl_replay_progress slot=13/20 completion=0.6500 elapsed_s=251.4 slot_direction=FDD_SEPARATE_DL_UL replay_direction=DL replay_grant=2/2 cell=2 ue=2 active_ue=2 cells=57 grants=2 served_bits=100200 dropped_bits=0 overflow_events=0
[2026-09-13T06:09:52Z] INFO system_level_lls_slot_progress slot=14/20 completion=0.7000 elapsed_s=253.0 slot_direction=FDD_SEPARATE_DL_UL active_ue=2 cells=57 grants=2 served_bits=103952 dropped_bits=0 overflow_events=0
[2026-09-13T06:10:11Z] INFO system_level_lls_dl_replay_progress slot=14/20 completion=0.7000 elapsed_s=271.7 slot_direction=FDD_SEPARATE_DL_UL replay_direction=DL replay_grant=1/2 cell=1 ue=1 active_ue=2 cells=57 grants=3 served_bits=103952 dropped_bits=0 overflow_events=0
[2026-09-13T06:10:12Z] INFO system_level_lls_dl_replay_progress slot=14/20 completion=0.7000 elapsed_s=272.9 slot_direction=FDD_SEPARATE_DL_UL replay_direction=DL replay_grant=2/2 cell=2 ue=2 active_ue=2 cells=57 grants=3 served_bits=107704 dropped_bits=0 overflow_events=0
[2026-09-13T06:10:14Z] INFO system_level_lls_ul_replay_progress slot=14/20 completion=0.7000 elapsed_s=274.2 slot_direction=FDD_SEPARATE_DL_UL replay_direction=UL replay_grant=1/1 cell=1 ue=1 active_ue=2 cells=57 grants=3 served_bits=111456 dropped_bits=0 overflow_events=0
[2026-09-13T06:10:14Z] INFO system_level_lls_slot_progress slot=15/20 completion=0.7500 elapsed_s=274.6 slot_direction=FDD_SEPARATE_DL_UL active_ue=2 cells=57 grants=3 served_bits=112264 dropped_bits=0 overflow_events=0
[2026-09-13T06:10:32Z] INFO system_level_lls_dl_replay_progress slot=15/20 completion=0.7500 elapsed_s=292.6 slot_direction=FDD_SEPARATE_DL_UL replay_direction=DL replay_grant=1/2 cell=1 ue=1 active_ue=2 cells=57 grants=3 served_bits=112264 dropped_bits=0 overflow_events=0
[2026-09-13T06:10:34Z] INFO system_level_lls_dl_replay_progress slot=15/20 completion=0.7500 elapsed_s=294.2 slot_direction=FDD_SEPARATE_DL_UL replay_direction=DL replay_grant=2/2 cell=2 ue=2 active_ue=2 cells=57 grants=3 served_bits=116016 dropped_bits=0 overflow_events=0
[2026-09-13T06:10:35Z] INFO system_level_lls_ul_replay_progress slot=15/20 completion=0.7500 elapsed_s=295.4 slot_direction=FDD_SEPARATE_DL_UL replay_direction=UL replay_grant=1/1 cell=2 ue=2 active_ue=2 cells=57 grants=3 served_bits=119768 dropped_bits=0 overflow_events=0
[2026-09-13T06:10:35Z] INFO system_level_lls_slot_progress slot=16/20 completion=0.8000 elapsed_s=296.0 slot_direction=FDD_SEPARATE_DL_UL active_ue=2 cells=57 grants=3 served_bits=120576 dropped_bits=0 overflow_events=0
[2026-09-13T06:10:52Z] INFO system_level_lls_dl_replay_progress slot=16/20 completion=0.8000 elapsed_s=313.0 slot_direction=FDD_SEPARATE_DL_UL replay_direction=DL replay_grant=1/2 cell=1 ue=1 active_ue=2 cells=57 grants=2 served_bits=120576 dropped_bits=0 overflow_events=0
[2026-09-13T06:10:54Z] INFO system_level_lls_dl_replay_progress slot=16/20 completion=0.8000 elapsed_s=314.5 slot_direction=FDD_SEPARATE_DL_UL replay_direction=DL replay_grant=2/2 cell=2 ue=2 active_ue=2 cells=57 grants=2 served_bits=124328 dropped_bits=0 overflow_events=0
[2026-09-13T06:10:55Z] INFO system_level_lls_slot_progress slot=17/20 completion=0.8500 elapsed_s=315.8 slot_direction=FDD_SEPARATE_DL_UL active_ue=2 cells=57 grants=2 served_bits=128080 dropped_bits=0 overflow_events=0
[2026-09-13T06:11:13Z] INFO system_level_lls_dl_replay_progress slot=17/20 completion=0.8500 elapsed_s=333.4 slot_direction=FDD_SEPARATE_DL_UL replay_direction=DL replay_grant=1/2 cell=1 ue=1 active_ue=2 cells=57 grants=3 served_bits=128080 dropped_bits=0 overflow_events=0
[2026-09-13T06:11:14Z] INFO system_level_lls_dl_replay_progress slot=17/20 completion=0.8500 elapsed_s=334.7 slot_direction=FDD_SEPARATE_DL_UL replay_direction=DL replay_grant=2/2 cell=2 ue=2 active_ue=2 cells=57 grants=3 served_bits=131832 dropped_bits=0 overflow_events=0
[2026-09-13T06:11:15Z] INFO system_level_lls_ul_replay_progress slot=17/20 completion=0.8500 elapsed_s=335.8 slot_direction=FDD_SEPARATE_DL_UL replay_direction=UL replay_grant=1/1 cell=1 ue=1 active_ue=2 cells=57 grants=3 served_bits=135584 dropped_bits=0 overflow_events=0
[2026-09-13T06:11:16Z] INFO system_level_lls_slot_progress slot=18/20 completion=0.9000 elapsed_s=336.4 slot_direction=FDD_SEPARATE_DL_UL active_ue=2 cells=57 grants=3 served_bits=136392 dropped_bits=0 overflow_events=0
[2026-09-13T06:11:36Z] INFO system_level_lls_dl_replay_progress slot=18/20 completion=0.9000 elapsed_s=357.1 slot_direction=FDD_SEPARATE_DL_UL replay_direction=DL replay_grant=1/2 cell=1 ue=1 active_ue=2 cells=57 grants=3 served_bits=136392 dropped_bits=0 overflow_events=0
[2026-09-13T06:11:38Z] INFO system_level_lls_dl_replay_progress slot=18/20 completion=0.9000 elapsed_s=358.4 slot_direction=FDD_SEPARATE_DL_UL replay_direction=DL replay_grant=2/2 cell=2 ue=2 active_ue=2 cells=57 grants=3 served_bits=140144 dropped_bits=0 overflow_events=0
[2026-09-13T06:11:39Z] INFO system_level_lls_ul_replay_progress slot=18/20 completion=0.9000 elapsed_s=359.6 slot_direction=FDD_SEPARATE_DL_UL replay_direction=UL replay_grant=1/1 cell=2 ue=2 active_ue=2 cells=57 grants=3 served_bits=143896 dropped_bits=0 overflow_events=0
[2026-09-13T06:11:40Z] INFO system_level_lls_slot_progress slot=19/20 completion=0.9500 elapsed_s=360.3 slot_direction=FDD_SEPARATE_DL_UL active_ue=2 cells=57 grants=3 served_bits=144704 dropped_bits=0 overflow_events=0
[2026-09-13T06:12:01Z] INFO system_level_lls_dl_replay_progress slot=19/20 completion=0.9500 elapsed_s=381.6 slot_direction=FDD_SEPARATE_DL_UL replay_direction=DL replay_grant=1/2 cell=1 ue=1 active_ue=2 cells=57 grants=2 served_bits=144704 dropped_bits=0 overflow_events=0
[2026-09-13T06:12:03Z] INFO system_level_lls_dl_replay_progress slot=19/20 completion=0.9500 elapsed_s=383.5 slot_direction=FDD_SEPARATE_DL_UL replay_direction=DL replay_grant=2/2 cell=2 ue=2 active_ue=2 cells=57 grants=2 served_bits=148456 dropped_bits=0 overflow_events=0
[2026-09-13T06:12:05Z] INFO system_level_lls_slot_progress slot=20/20 completion=1.0000 elapsed_s=385.2 slot_direction=FDD_SEPARATE_DL_UL active_ue=2 cells=57 grants=2 served_bits=152208 dropped_bits=0 overflow_events=0
[2026-09-13T06:12:05Z] INFO system_level_lls_finalizing_exports slot=20/20 completion=1.0000 elapsed_s=385.2 slot_direction=finalizing active_ue=2 cells=57 grants=2 served_bits=152208 dropped_bits=0 overflow_events=0
[2026-09-13T06:12:05Z] INFO system_level_lls_finalizing_tables_started slot=20/20 completion=1.0000 elapsed_s=385.3 slot_direction=finalizing_tables active_ue=2 cells=57 grants=2 served_bits=152208 dropped_bits=0 overflow_events=0
[2026-09-13T06:12:14Z] INFO system_level_lls_finalizing_tables_ready slot=20/20 completion=1.0000 elapsed_s=394.1 slot_direction=finalizing_tables_ready active_ue=2 cells=57 grants=2 served_bits=152208 dropped_bits=0 overflow_events=0
[2026-09-13T06:12:14Z] INFO system_level_lls_finalizing_persistence_started slot=20/20 completion=1.0000 elapsed_s=394.4 slot_direction=finalizing_persistence active_ue=2 cells=57 grants=2 served_bits=152208 dropped_bits=0 overflow_events=0
[2026-09-13T06:12:14Z] INFO system_level_lls_finalizing_persistence_ready slot=20/20 completion=1.0000 elapsed_s=394.6 slot_direction=finalizing_persistence_ready active_ue=2 cells=57 grants=2 served_bits=152208 dropped_bits=0 overflow_events=0
CONFIGURED_CAMPAIGN_SEED_PASS: master=111
[2026-09-13T06:12:35Z] INFO system_level_lls_started slot=0/20 completion=0.0000 elapsed_s=2.1 slot_direction=initializing active_ue=2 cells=57 grants=0 served_bits=0 dropped_bits=0 overflow_events=0
[2026-09-13T06:12:35Z] INFO system_level_lls_slot1_post_mobility_update slot=0/20 completion=0.0000 elapsed_s=2.2 slot_direction=slot1_post_mobility_update active_ue=2 cells=57 grants=0 served_bits=0 dropped_bits=0 overflow_events=0
[2026-09-13T06:12:35Z] INFO system_level_lls_slot1_large_scale_ready slot=0/20 completion=0.0000 elapsed_s=2.6 slot_direction=slot1_large_scale_ready active_ue=2 cells=57 grants=0 served_bits=0 dropped_bits=0 overflow_events=0
[2026-09-13T06:12:36Z] INFO system_level_lls_slot1_active_ues_ready slot=0/20 completion=0.0000 elapsed_s=3.6 slot_direction=FDD_SEPARATE_DL_UL active_ue=0 cells=57 grants=0 served_bits=0 dropped_bits=0 overflow_events=0
[2026-09-13T06:12:36Z] INFO system_level_lls_slot1_ue_by_cell_ready slot=0/20 completion=0.0000 elapsed_s=3.6 slot_direction=FDD_SEPARATE_DL_UL active_ue=0 cells=57 grants=0 served_bits=0 dropped_bits=0 overflow_events=0
[2026-09-13T06:12:36Z] INFO system_level_lls_slot1_scheduler_inputs_ready slot=0/20 completion=0.0000 elapsed_s=3.7 slot_direction=FDD_SEPARATE_DL_UL active_ue=0 cells=57 grants=0 served_bits=0 dropped_bits=0 overflow_events=0
[2026-09-13T06:12:36Z] INFO system_level_lls_slot1_dl_scheduler_ready slot=0/20 completion=0.0000 elapsed_s=3.7 slot_direction=FDD_SEPARATE_DL_UL active_ue=0 cells=57 grants=0 served_bits=0 dropped_bits=0 overflow_events=0
[2026-09-13T06:12:36Z] INFO system_level_lls_slot1_ul_scheduler_ready slot=0/20 completion=0.0000 elapsed_s=3.7 slot_direction=FDD_SEPARATE_DL_UL active_ue=0 cells=57 grants=0 served_bits=0 dropped_bits=0 overflow_events=0
[2026-09-13T06:12:36Z] INFO system_level_lls_slot1_scheduler_ready slot=0/20 completion=0.0000 elapsed_s=3.7 slot_direction=FDD_SEPARATE_DL_UL active_ue=0 cells=57 grants=0 served_bits=0 dropped_bits=0 overflow_events=0
[2026-09-13T06:12:36Z] INFO system_level_lls_slot_progress slot=1/20 completion=0.0500 elapsed_s=3.7 slot_direction=FDD_SEPARATE_DL_UL active_ue=0 cells=57 grants=0 served_bits=0 dropped_bits=0 overflow_events=0
[2026-09-13T06:12:37Z] INFO system_level_lls_slot_progress slot=2/20 completion=0.1000 elapsed_s=4.3 slot_direction=FDD_SEPARATE_DL_UL active_ue=0 cells=57 grants=0 served_bits=0 dropped_bits=0 overflow_events=0
[2026-09-13T06:12:38Z] INFO system_level_lls_slot_progress slot=3/20 completion=0.1500 elapsed_s=5.0 slot_direction=FDD_SEPARATE_DL_UL active_ue=0 cells=57 grants=0 served_bits=0 dropped_bits=0 overflow_events=0
[2026-09-13T06:12:38Z] INFO system_level_lls_slot_progress slot=4/20 completion=0.2000 elapsed_s=5.6 slot_direction=FDD_SEPARATE_DL_UL active_ue=0 cells=57 grants=0 served_bits=0 dropped_bits=0 overflow_events=0
[2026-09-13T06:12:39Z] INFO system_level_lls_slot_progress slot=5/20 completion=0.2500 elapsed_s=6.1 slot_direction=FDD_SEPARATE_DL_UL active_ue=0 cells=57 grants=0 served_bits=0 dropped_bits=0 overflow_events=0
[2026-09-13T06:12:48Z] INFO system_level_lls_dl_replay_progress slot=5/20 completion=0.2500 elapsed_s=15.5 slot_direction=FDD_SEPARATE_DL_UL replay_direction=DL replay_grant=1/1 cell=2 ue=2 active_ue=1 cells=57 grants=1 served_bits=0 dropped_bits=0 overflow_events=0
[2026-09-13T06:12:50Z] INFO system_level_lls_slot_progress slot=6/20 completion=0.3000 elapsed_s=17.6 slot_direction=FDD_SEPARATE_DL_UL active_ue=1 cells=57 grants=1 served_bits=3752 dropped_bits=0 overflow_events=0
[2026-09-13T06:13:02Z] INFO system_level_lls_dl_replay_progress slot=6/20 completion=0.3000 elapsed_s=29.7 slot_direction=FDD_SEPARATE_DL_UL replay_direction=DL replay_grant=1/1 cell=2 ue=2 active_ue=1 cells=57 grants=1 served_bits=3752 dropped_bits=0 overflow_events=0
[2026-09-13T06:13:04Z] INFO system_level_lls_slot_progress slot=7/20 completion=0.3500 elapsed_s=31.7 slot_direction=FDD_SEPARATE_DL_UL active_ue=1 cells=57 grants=1 served_bits=7504 dropped_bits=0 overflow_events=0
[2026-09-13T06:13:15Z] INFO system_level_lls_dl_replay_progress slot=7/20 completion=0.3500 elapsed_s=42.2 slot_direction=FDD_SEPARATE_DL_UL replay_direction=DL replay_grant=1/1 cell=2 ue=2 active_ue=1 cells=57 grants=2 served_bits=7504 dropped_bits=0 overflow_events=0
[2026-09-13T06:13:16Z] INFO system_level_lls_ul_replay_progress slot=7/20 completion=0.3500 elapsed_s=43.2 slot_direction=FDD_SEPARATE_DL_UL replay_direction=UL replay_grant=1/1 cell=2 ue=2 active_ue=1 cells=57 grants=2 served_bits=11256 dropped_bits=0 overflow_events=0
[2026-09-13T06:13:20Z] INFO system_level_lls_slot_progress slot=8/20 completion=0.4000 elapsed_s=47.6 slot_direction=FDD_SEPARATE_DL_UL active_ue=1 cells=57 grants=2 served_bits=20480 dropped_bits=0 overflow_events=0
[2026-09-13T06:13:44Z] INFO system_level_lls_dl_replay_progress slot=8/20 completion=0.4000 elapsed_s=71.5 slot_direction=FDD_SEPARATE_DL_UL replay_direction=DL replay_grant=1/2 cell=2 ue=2 active_ue=2 cells=57 grants=2 served_bits=20480 dropped_bits=0 overflow_events=0
[2026-09-13T06:13:45Z] INFO system_level_lls_dl_replay_progress slot=8/20 completion=0.4000 elapsed_s=72.3 slot_direction=FDD_SEPARATE_DL_UL replay_direction=DL replay_grant=2/2 cell=8 ue=1 active_ue=2 cells=57 grants=2 served_bits=24232 dropped_bits=0 overflow_events=0
[2026-09-13T06:13:46Z] INFO system_level_lls_slot_progress slot=9/20 completion=0.4500 elapsed_s=73.5 slot_direction=FDD_SEPARATE_DL_UL active_ue=2 cells=57 grants=2 served_bits=27984 dropped_bits=0 overflow_events=0
[2026-09-13T06:14:05Z] INFO system_level_lls_dl_replay_progress slot=9/20 completion=0.4500 elapsed_s=91.9 slot_direction=FDD_SEPARATE_DL_UL replay_direction=DL replay_grant=1/2 cell=2 ue=2 active_ue=2 cells=57 grants=2 served_bits=27984 dropped_bits=0 overflow_events=0
[2026-09-13T06:14:06Z] INFO system_level_lls_dl_replay_progress slot=9/20 completion=0.4500 elapsed_s=92.8 slot_direction=FDD_SEPARATE_DL_UL replay_direction=DL replay_grant=2/2 cell=8 ue=1 active_ue=2 cells=57 grants=2 served_bits=31736 dropped_bits=0 overflow_events=0
[2026-09-13T06:14:06Z] INFO system_level_lls_slot_progress slot=10/20 completion=0.5000 elapsed_s=93.6 slot_direction=FDD_SEPARATE_DL_UL active_ue=2 cells=57 grants=2 served_bits=35488 dropped_bits=0 overflow_events=0
[2026-09-13T06:14:24Z] INFO system_level_lls_dl_replay_progress slot=10/20 completion=0.5000 elapsed_s=111.4 slot_direction=FDD_SEPARATE_DL_UL replay_direction=DL replay_grant=1/2 cell=2 ue=2 active_ue=2 cells=57 grants=4 served_bits=35488 dropped_bits=0 overflow_events=0
[2026-09-13T06:14:25Z] INFO system_level_lls_dl_replay_progress slot=10/20 completion=0.5000 elapsed_s=112.2 slot_direction=FDD_SEPARATE_DL_UL replay_direction=DL replay_grant=2/2 cell=8 ue=1 active_ue=2 cells=57 grants=4 served_bits=39240 dropped_bits=0 overflow_events=0
[2026-09-13T06:14:26Z] INFO system_level_lls_ul_replay_progress slot=10/20 completion=0.5000 elapsed_s=113.0 slot_direction=FDD_SEPARATE_DL_UL replay_direction=UL replay_grant=1/2 cell=2 ue=2 active_ue=2 cells=57 grants=4 served_bits=42992 dropped_bits=0 overflow_events=0
[2026-09-13T06:14:26Z] INFO system_level_lls_ul_replay_progress slot=10/20 completion=0.5000 elapsed_s=113.5 slot_direction=FDD_SEPARATE_DL_UL replay_direction=UL replay_grant=2/2 cell=8 ue=1 active_ue=2 cells=57 grants=4 served_bits=43800 dropped_bits=0 overflow_events=0
[2026-09-13T06:14:27Z] INFO system_level_lls_slot_progress slot=11/20 completion=0.5500 elapsed_s=114.2 slot_direction=FDD_SEPARATE_DL_UL active_ue=2 cells=57 grants=4 served_bits=43800 dropped_bits=0 overflow_events=0
[2026-09-13T06:14:44Z] INFO system_level_lls_dl_replay_progress slot=11/20 completion=0.5500 elapsed_s=131.1 slot_direction=FDD_SEPARATE_DL_UL replay_direction=DL replay_grant=1/2 cell=2 ue=2 active_ue=2 cells=57 grants=2 served_bits=43800 dropped_bits=0 overflow_events=0
[2026-09-13T06:14:45Z] INFO system_level_lls_dl_replay_progress slot=11/20 completion=0.5500 elapsed_s=132.4 slot_direction=FDD_SEPARATE_DL_UL replay_direction=DL replay_grant=2/2 cell=8 ue=1 active_ue=2 cells=57 grants=2 served_bits=47552 dropped_bits=0 overflow_events=0
[2026-09-13T06:14:46Z] INFO system_level_lls_slot_progress slot=12/20 completion=0.6000 elapsed_s=133.2 slot_direction=FDD_SEPARATE_DL_UL active_ue=2 cells=57 grants=2 served_bits=51304 dropped_bits=0 overflow_events=0
[2026-09-13T06:15:03Z] INFO system_level_lls_dl_replay_progress slot=12/20 completion=0.6000 elapsed_s=150.5 slot_direction=FDD_SEPARATE_DL_UL replay_direction=DL replay_grant=1/2 cell=2 ue=2 active_ue=2 cells=57 grants=2 served_bits=51304 dropped_bits=0 overflow_events=0
[2026-09-13T06:15:04Z] INFO system_level_lls_dl_replay_progress slot=12/20 completion=0.6000 elapsed_s=151.3 slot_direction=FDD_SEPARATE_DL_UL replay_direction=DL replay_grant=2/2 cell=8 ue=1 active_ue=2 cells=57 grants=2 served_bits=55056 dropped_bits=0 overflow_events=0
[2026-09-13T06:15:05Z] INFO system_level_lls_slot_progress slot=13/20 completion=0.6500 elapsed_s=152.4 slot_direction=FDD_SEPARATE_DL_UL active_ue=2 cells=57 grants=2 served_bits=58808 dropped_bits=0 overflow_events=0
[2026-09-13T06:15:24Z] INFO system_level_lls_dl_replay_progress slot=13/20 completion=0.6500 elapsed_s=171.4 slot_direction=FDD_SEPARATE_DL_UL replay_direction=DL replay_grant=1/2 cell=2 ue=2 active_ue=2 cells=57 grants=4 served_bits=58808 dropped_bits=0 overflow_events=0
[2026-09-13T06:15:25Z] INFO system_level_lls_dl_replay_progress slot=13/20 completion=0.6500 elapsed_s=172.4 slot_direction=FDD_SEPARATE_DL_UL replay_direction=DL replay_grant=2/2 cell=8 ue=1 active_ue=2 cells=57 grants=4 served_bits=62560 dropped_bits=0 overflow_events=0
[2026-09-13T06:15:26Z] INFO system_level_lls_ul_replay_progress slot=13/20 completion=0.6500 elapsed_s=173.2 slot_direction=FDD_SEPARATE_DL_UL replay_direction=UL replay_grant=1/2 cell=2 ue=2 active_ue=2 cells=57 grants=4 served_bits=66312 dropped_bits=0 overflow_events=0
[2026-09-13T06:15:27Z] INFO system_level_lls_ul_replay_progress slot=13/20 completion=0.6500 elapsed_s=174.1 slot_direction=FDD_SEPARATE_DL_UL replay_direction=UL replay_grant=2/2 cell=8 ue=1 active_ue=2 cells=57 grants=4 served_bits=67120 dropped_bits=0 overflow_events=0
[2026-09-13T06:15:28Z] INFO system_level_lls_slot_progress slot=14/20 completion=0.7000 elapsed_s=174.9 slot_direction=FDD_SEPARATE_DL_UL active_ue=2 cells=57 grants=4 served_bits=67120 dropped_bits=0 overflow_events=0
[2026-09-13T06:15:48Z] INFO system_level_lls_dl_replay_progress slot=14/20 completion=0.7000 elapsed_s=195.5 slot_direction=FDD_SEPARATE_DL_UL replay_direction=DL replay_grant=1/2 cell=2 ue=2 active_ue=2 cells=57 grants=2 served_bits=67120 dropped_bits=0 overflow_events=0
[2026-09-13T06:15:49Z] INFO system_level_lls_dl_replay_progress slot=14/20 completion=0.7000 elapsed_s=196.7 slot_direction=FDD_SEPARATE_DL_UL replay_direction=DL replay_grant=2/2 cell=8 ue=1 active_ue=2 cells=57 grants=2 served_bits=70872 dropped_bits=0 overflow_events=0
[2026-09-13T06:15:50Z] INFO system_level_lls_slot_progress slot=15/20 completion=0.7500 elapsed_s=197.4 slot_direction=FDD_SEPARATE_DL_UL active_ue=2 cells=57 grants=2 served_bits=74624 dropped_bits=0 overflow_events=0
[2026-09-13T06:16:08Z] INFO system_level_lls_dl_replay_progress slot=15/20 completion=0.7500 elapsed_s=215.2 slot_direction=FDD_SEPARATE_DL_UL replay_direction=DL replay_grant=1/2 cell=2 ue=2 active_ue=2 cells=57 grants=2 served_bits=74624 dropped_bits=0 overflow_events=0
[2026-09-13T06:16:09Z] INFO system_level_lls_dl_replay_progress slot=15/20 completion=0.7500 elapsed_s=216.0 slot_direction=FDD_SEPARATE_DL_UL replay_direction=DL replay_grant=2/2 cell=8 ue=1 active_ue=2 cells=57 grants=2 served_bits=78376 dropped_bits=0 overflow_events=0
[2026-09-13T06:16:10Z] INFO system_level_lls_slot_progress slot=16/20 completion=0.8000 elapsed_s=216.8 slot_direction=FDD_SEPARATE_DL_UL active_ue=2 cells=57 grants=2 served_bits=82128 dropped_bits=0 overflow_events=0
[2026-09-13T06:16:26Z] INFO system_level_lls_dl_replay_progress slot=16/20 completion=0.8000 elapsed_s=233.2 slot_direction=FDD_SEPARATE_DL_UL replay_direction=DL replay_grant=1/2 cell=2 ue=2 active_ue=2 cells=57 grants=4 served_bits=82128 dropped_bits=0 overflow_events=0
[2026-09-13T06:16:27Z] INFO system_level_lls_dl_replay_progress slot=16/20 completion=0.8000 elapsed_s=234.1 slot_direction=FDD_SEPARATE_DL_UL replay_direction=DL replay_grant=2/2 cell=8 ue=1 active_ue=2 cells=57 grants=4 served_bits=85880 dropped_bits=0 overflow_events=0
[2026-09-13T06:16:28Z] INFO system_level_lls_ul_replay_progress slot=16/20 completion=0.8000 elapsed_s=235.0 slot_direction=FDD_SEPARATE_DL_UL replay_direction=UL replay_grant=1/2 cell=2 ue=2 active_ue=2 cells=57 grants=4 served_bits=89632 dropped_bits=0 overflow_events=0
[2026-09-13T06:16:28Z] INFO system_level_lls_ul_replay_progress slot=16/20 completion=0.8000 elapsed_s=235.6 slot_direction=FDD_SEPARATE_DL_UL replay_direction=UL replay_grant=2/2 cell=8 ue=1 active_ue=2 cells=57 grants=4 served_bits=90440 dropped_bits=0 overflow_events=0
[2026-09-13T06:16:29Z] INFO system_level_lls_slot_progress slot=17/20 completion=0.8500 elapsed_s=236.2 slot_direction=FDD_SEPARATE_DL_UL active_ue=2 cells=57 grants=4 served_bits=99664 dropped_bits=0 overflow_events=0
[2026-09-13T06:16:47Z] INFO system_level_lls_dl_replay_progress slot=17/20 completion=0.8500 elapsed_s=254.5 slot_direction=FDD_SEPARATE_DL_UL replay_direction=DL replay_grant=1/2 cell=2 ue=2 active_ue=2 cells=57 grants=2 served_bits=99664 dropped_bits=0 overflow_events=0
[2026-09-13T06:16:49Z] INFO system_level_lls_dl_replay_progress slot=17/20 completion=0.8500 elapsed_s=255.8 slot_direction=FDD_SEPARATE_DL_UL replay_direction=DL replay_grant=2/2 cell=8 ue=1 active_ue=2 cells=57 grants=2 served_bits=103416 dropped_bits=0 overflow_events=0
[2026-09-13T06:16:50Z] INFO system_level_lls_slot_progress slot=18/20 completion=0.9000 elapsed_s=256.9 slot_direction=FDD_SEPARATE_DL_UL active_ue=2 cells=57 grants=2 served_bits=107168 dropped_bits=0 overflow_events=0
[2026-09-13T06:17:05Z] INFO system_level_lls_dl_replay_progress slot=18/20 completion=0.9000 elapsed_s=272.3 slot_direction=FDD_SEPARATE_DL_UL replay_direction=DL replay_grant=1/2 cell=2 ue=2 active_ue=2 cells=57 grants=2 served_bits=107168 dropped_bits=0 overflow_events=0
[2026-09-13T06:17:06Z] INFO system_level_lls_dl_replay_progress slot=18/20 completion=0.9000 elapsed_s=273.3 slot_direction=FDD_SEPARATE_DL_UL replay_direction=DL replay_grant=2/2 cell=8 ue=1 active_ue=2 cells=57 grants=2 served_bits=110920 dropped_bits=0 overflow_events=0
[2026-09-13T06:17:07Z] INFO system_level_lls_slot_progress slot=19/20 completion=0.9500 elapsed_s=274.4 slot_direction=FDD_SEPARATE_DL_UL active_ue=2 cells=57 grants=2 served_bits=114672 dropped_bits=0 overflow_events=0
[2026-09-13T06:17:26Z] INFO system_level_lls_dl_replay_progress slot=19/20 completion=0.9500 elapsed_s=293.6 slot_direction=FDD_SEPARATE_DL_UL replay_direction=DL replay_grant=1/2 cell=2 ue=2 active_ue=2 cells=57 grants=4 served_bits=114672 dropped_bits=0 overflow_events=0
[2026-09-13T06:17:27Z] INFO system_level_lls_dl_replay_progress slot=19/20 completion=0.9500 elapsed_s=294.5 slot_direction=FDD_SEPARATE_DL_UL replay_direction=DL replay_grant=2/2 cell=8 ue=1 active_ue=2 cells=57 grants=4 served_bits=118424 dropped_bits=0 overflow_events=0
[2026-09-13T06:17:28Z] INFO system_level_lls_ul_replay_progress slot=19/20 completion=0.9500 elapsed_s=295.4 slot_direction=FDD_SEPARATE_DL_UL replay_direction=UL replay_grant=1/2 cell=2 ue=2 active_ue=2 cells=57 grants=4 served_bits=122176 dropped_bits=0 overflow_events=0
[2026-09-13T06:17:29Z] INFO system_level_lls_ul_replay_progress slot=19/20 completion=0.9500 elapsed_s=296.0 slot_direction=FDD_SEPARATE_DL_UL replay_direction=UL replay_grant=2/2 cell=8 ue=1 active_ue=2 cells=57 grants=4 served_bits=122984 dropped_bits=0 overflow_events=0
[2026-09-13T06:17:30Z] INFO system_level_lls_slot_progress slot=20/20 completion=1.0000 elapsed_s=296.9 slot_direction=FDD_SEPARATE_DL_UL active_ue=2 cells=57 grants=4 served_bits=123160 dropped_bits=0 overflow_events=0
[2026-09-13T06:17:30Z] INFO system_level_lls_finalizing_exports slot=20/20 completion=1.0000 elapsed_s=296.9 slot_direction=finalizing active_ue=2 cells=57 grants=4 served_bits=123160 dropped_bits=0 overflow_events=0
[2026-09-13T06:17:30Z] INFO system_level_lls_finalizing_tables_started slot=20/20 completion=1.0000 elapsed_s=296.9 slot_direction=finalizing_tables active_ue=2 cells=57 grants=4 served_bits=123160 dropped_bits=0 overflow_events=0
[2026-09-13T06:17:30Z] INFO system_level_lls_finalizing_tables_ready slot=20/20 completion=1.0000 elapsed_s=297.6 slot_direction=finalizing_tables_ready active_ue=2 cells=57 grants=4 served_bits=123160 dropped_bits=0 overflow_events=0
[2026-09-13T06:17:30Z] INFO system_level_lls_finalizing_persistence_started slot=20/20 completion=1.0000 elapsed_s=297.7 slot_direction=finalizing_persistence active_ue=2 cells=57 grants=4 served_bits=123160 dropped_bits=0 overflow_events=0
[2026-09-13T06:17:31Z] INFO system_level_lls_finalizing_persistence_ready slot=20/20 completion=1.0000 elapsed_s=297.8 slot_direction=finalizing_persistence_ready active_ue=2 cells=57 grants=4 served_bits=123160 dropped_bits=0 overflow_events=0
CONFIGURED_CAMPAIGN_SEED_PASS: master=303
[PASS] testE2E_FastVsTruth (724.26s)
[2026-09-13T06:17:43Z] INFO system_level_lls_started slot=0/20 completion=0.0000 elapsed_s=2.0 slot_direction=initializing active_ue=2 cells=57 grants=0 served_bits=0 dropped_bits=0 overflow_events=0
[2026-09-13T06:17:43Z] INFO system_level_lls_slot1_post_mobility_update slot=0/20 completion=0.0000 elapsed_s=2.0 slot_direction=slot1_post_mobility_update active_ue=2 cells=57 grants=0 served_bits=0 dropped_bits=0 overflow_events=0
[2026-09-13T06:17:44Z] INFO system_level_lls_slot1_large_scale_ready slot=0/20 completion=0.0000 elapsed_s=2.4 slot_direction=slot1_large_scale_ready active_ue=2 cells=57 grants=0 served_bits=0 dropped_bits=0 overflow_events=0
[2026-09-13T06:17:44Z] INFO system_level_lls_slot1_active_ues_ready slot=0/20 completion=0.0000 elapsed_s=3.0 slot_direction=FDD_SEPARATE_DL_UL active_ue=0 cells=57 grants=0 served_bits=0 dropped_bits=0 overflow_events=0
[2026-09-13T06:17:44Z] INFO system_level_lls_slot1_ue_by_cell_ready slot=0/20 completion=0.0000 elapsed_s=3.1 slot_direction=FDD_SEPARATE_DL_UL active_ue=0 cells=57 grants=0 served_bits=0 dropped_bits=0 overflow_events=0
[2026-09-13T06:17:44Z] INFO system_level_lls_slot1_scheduler_inputs_ready slot=0/20 completion=0.0000 elapsed_s=3.1 slot_direction=FDD_SEPARATE_DL_UL active_ue=0 cells=57 grants=0 served_bits=0 dropped_bits=0 overflow_events=0
[2026-09-13T06:17:44Z] INFO system_level_lls_slot1_dl_scheduler_ready slot=0/20 completion=0.0000 elapsed_s=3.1 slot_direction=FDD_SEPARATE_DL_UL active_ue=0 cells=57 grants=0 served_bits=0 dropped_bits=0 overflow_events=0
[2026-09-13T06:17:44Z] INFO system_level_lls_slot1_ul_scheduler_ready slot=0/20 completion=0.0000 elapsed_s=3.1 slot_direction=FDD_SEPARATE_DL_UL active_ue=0 cells=57 grants=0 served_bits=0 dropped_bits=0 overflow_events=0
[2026-09-13T06:17:44Z] INFO system_level_lls_slot1_scheduler_ready slot=0/20 completion=0.0000 elapsed_s=3.1 slot_direction=FDD_SEPARATE_DL_UL active_ue=0 cells=57 grants=0 served_bits=0 dropped_bits=0 overflow_events=0
[2026-09-13T06:17:45Z] INFO system_level_lls_slot_progress slot=1/20 completion=0.0500 elapsed_s=3.1 slot_direction=FDD_SEPARATE_DL_UL active_ue=0 cells=57 grants=0 served_bits=0 dropped_bits=0 overflow_events=0
[2026-09-13T06:17:45Z] INFO system_level_lls_slot_progress slot=2/20 completion=0.1000 elapsed_s=3.7 slot_direction=FDD_SEPARATE_DL_UL active_ue=0 cells=57 grants=0 served_bits=0 dropped_bits=0 overflow_events=0
[2026-09-13T06:17:46Z] INFO system_level_lls_slot_progress slot=3/20 completion=0.1500 elapsed_s=4.5 slot_direction=FDD_SEPARATE_DL_UL active_ue=0 cells=57 grants=0 served_bits=0 dropped_bits=0 overflow_events=0
[2026-09-13T06:18:04Z] INFO system_level_lls_dl_replay_progress slot=3/20 completion=0.1500 elapsed_s=23.0 slot_direction=FDD_SEPARATE_DL_UL replay_direction=DL replay_grant=1/2 cell=1 ue=1 active_ue=2 cells=57 grants=2 served_bits=0 dropped_bits=0 overflow_events=0
[2026-09-13T06:18:05Z] INFO system_level_lls_dl_replay_progress slot=3/20 completion=0.1500 elapsed_s=23.9 slot_direction=FDD_SEPARATE_DL_UL replay_direction=DL replay_grant=2/2 cell=16 ue=2 active_ue=2 cells=57 grants=2 served_bits=3752 dropped_bits=0 overflow_events=0
[2026-09-13T06:18:07Z] INFO system_level_lls_slot_progress slot=4/20 completion=0.2000 elapsed_s=25.3 slot_direction=FDD_SEPARATE_DL_UL active_ue=2 cells=57 grants=2 served_bits=7504 dropped_bits=0 overflow_events=0
[2026-09-13T06:18:25Z] INFO system_level_lls_dl_replay_progress slot=4/20 completion=0.2000 elapsed_s=43.9 slot_direction=FDD_SEPARATE_DL_UL replay_direction=DL replay_grant=1/2 cell=1 ue=1 active_ue=2 cells=57 grants=2 served_bits=7504 dropped_bits=0 overflow_events=0
[2026-09-13T06:18:26Z] INFO system_level_lls_dl_replay_progress slot=4/20 completion=0.2000 elapsed_s=45.0 slot_direction=FDD_SEPARATE_DL_UL replay_direction=DL replay_grant=2/2 cell=16 ue=2 active_ue=2 cells=57 grants=2 served_bits=11256 dropped_bits=0 overflow_events=0
[2026-09-13T06:18:27Z] INFO system_level_lls_slot_progress slot=5/20 completion=0.2500 elapsed_s=46.0 slot_direction=FDD_SEPARATE_DL_UL active_ue=2 cells=57 grants=2 served_bits=15008 dropped_bits=0 overflow_events=0
[2026-09-13T06:18:45Z] INFO system_level_lls_dl_replay_progress slot=5/20 completion=0.2500 elapsed_s=64.0 slot_direction=FDD_SEPARATE_DL_UL replay_direction=DL replay_grant=1/2 cell=1 ue=1 active_ue=2 cells=57 grants=4 served_bits=15008 dropped_bits=0 overflow_events=0
[2026-09-13T06:18:46Z] INFO system_level_lls_dl_replay_progress slot=5/20 completion=0.2500 elapsed_s=65.0 slot_direction=FDD_SEPARATE_DL_UL replay_direction=DL replay_grant=2/2 cell=16 ue=2 active_ue=2 cells=57 grants=4 served_bits=18760 dropped_bits=0 overflow_events=0
[2026-09-13T06:18:48Z] INFO system_level_lls_ul_replay_progress slot=5/20 completion=0.2500 elapsed_s=66.1 slot_direction=FDD_SEPARATE_DL_UL replay_direction=UL replay_grant=1/2 cell=1 ue=1 active_ue=2 cells=57 grants=4 served_bits=22512 dropped_bits=0 overflow_events=0
[2026-09-13T06:18:51Z] INFO system_level_lls_ul_replay_progress slot=5/20 completion=0.2500 elapsed_s=69.8 slot_direction=FDD_SEPARATE_DL_UL replay_direction=UL replay_grant=2/2 cell=16 ue=2 active_ue=2 cells=57 grants=4 served_bits=32504 dropped_bits=0 overflow_events=0
[2026-09-13T06:18:52Z] INFO system_level_lls_slot_progress slot=6/20 completion=0.3000 elapsed_s=70.4 slot_direction=FDD_SEPARATE_DL_UL active_ue=2 cells=57 grants=4 served_bits=41728 dropped_bits=0 overflow_events=0
[2026-09-13T06:19:10Z] INFO system_level_lls_dl_replay_progress slot=6/20 completion=0.3000 elapsed_s=88.7 slot_direction=FDD_SEPARATE_DL_UL replay_direction=DL replay_grant=1/2 cell=1 ue=1 active_ue=2 cells=57 grants=2 served_bits=41728 dropped_bits=0 overflow_events=0
[2026-09-13T06:19:11Z] INFO system_level_lls_dl_replay_progress slot=6/20 completion=0.3000 elapsed_s=89.5 slot_direction=FDD_SEPARATE_DL_UL replay_direction=DL replay_grant=2/2 cell=16 ue=2 active_ue=2 cells=57 grants=2 served_bits=45480 dropped_bits=0 overflow_events=0
[2026-09-13T06:19:12Z] INFO system_level_lls_slot_progress slot=7/20 completion=0.3500 elapsed_s=90.1 slot_direction=FDD_SEPARATE_DL_UL active_ue=2 cells=57 grants=2 served_bits=49232 dropped_bits=0 overflow_events=0
[2026-09-13T06:19:26Z] INFO system_level_lls_dl_replay_progress slot=7/20 completion=0.3500 elapsed_s=104.3 slot_direction=FDD_SEPARATE_DL_UL replay_direction=DL replay_grant=1/2 cell=1 ue=1 active_ue=2 cells=57 grants=2 served_bits=49232 dropped_bits=0 overflow_events=0
[2026-09-13T06:19:27Z] INFO system_level_lls_dl_replay_progress slot=7/20 completion=0.3500 elapsed_s=105.1 slot_direction=FDD_SEPARATE_DL_UL replay_direction=DL replay_grant=2/2 cell=16 ue=2 active_ue=2 cells=57 grants=2 served_bits=52984 dropped_bits=0 overflow_events=0
[2026-09-13T06:19:27Z] INFO system_level_lls_slot_progress slot=8/20 completion=0.4000 elapsed_s=105.9 slot_direction=FDD_SEPARATE_DL_UL active_ue=2 cells=57 grants=2 served_bits=56736 dropped_bits=0 overflow_events=0
[2026-09-13T06:19:44Z] INFO system_level_lls_dl_replay_progress slot=8/20 completion=0.4000 elapsed_s=122.1 slot_direction=FDD_SEPARATE_DL_UL replay_direction=DL replay_grant=1/2 cell=1 ue=1 active_ue=2 cells=57 grants=4 served_bits=56736 dropped_bits=0 overflow_events=0
[2026-09-13T06:19:44Z] INFO system_level_lls_dl_replay_progress slot=8/20 completion=0.4000 elapsed_s=122.9 slot_direction=FDD_SEPARATE_DL_UL replay_direction=DL replay_grant=2/2 cell=16 ue=2 active_ue=2 cells=57 grants=4 served_bits=60488 dropped_bits=0 overflow_events=0
[2026-09-13T06:19:46Z] INFO system_level_lls_ul_replay_progress slot=8/20 completion=0.4000 elapsed_s=124.1 slot_direction=FDD_SEPARATE_DL_UL replay_direction=UL replay_grant=1/2 cell=1 ue=1 active_ue=2 cells=57 grants=4 served_bits=64240 dropped_bits=0 overflow_events=0
[2026-09-13T06:19:46Z] INFO system_level_lls_ul_replay_progress slot=8/20 completion=0.4000 elapsed_s=124.7 slot_direction=FDD_SEPARATE_DL_UL replay_direction=UL replay_grant=2/2 cell=16 ue=2 active_ue=2 cells=57 grants=4 served_bits=64944 dropped_bits=0 overflow_events=0
[2026-09-13T06:19:47Z] INFO system_level_lls_slot_progress slot=9/20 completion=0.4500 elapsed_s=125.9 slot_direction=FDD_SEPARATE_DL_UL active_ue=2 cells=57 grants=4 served_bits=65312 dropped_bits=0 overflow_events=0
[2026-09-13T06:20:07Z] INFO system_level_lls_dl_replay_progress slot=9/20 completion=0.4500 elapsed_s=145.2 slot_direction=FDD_SEPARATE_DL_UL replay_direction=DL replay_grant=1/2 cell=1 ue=1 active_ue=2 cells=57 grants=2 served_bits=65312 dropped_bits=0 overflow_events=0
[2026-09-13T06:20:08Z] INFO system_level_lls_dl_replay_progress slot=9/20 completion=0.4500 elapsed_s=146.1 slot_direction=FDD_SEPARATE_DL_UL replay_direction=DL replay_grant=2/2 cell=16 ue=2 active_ue=2 cells=57 grants=2 served_bits=69064 dropped_bits=0 overflow_events=0
[2026-09-13T06:20:08Z] INFO system_level_lls_slot_progress slot=10/20 completion=0.5000 elapsed_s=146.9 slot_direction=FDD_SEPARATE_DL_UL active_ue=2 cells=57 grants=2 served_bits=72816 dropped_bits=0 overflow_events=0
[2026-09-13T06:20:24Z] INFO system_level_lls_dl_replay_progress slot=10/20 completion=0.5000 elapsed_s=162.6 slot_direction=FDD_SEPARATE_DL_UL replay_direction=DL replay_grant=1/2 cell=1 ue=1 active_ue=2 cells=57 grants=2 served_bits=72816 dropped_bits=0 overflow_events=0
[2026-09-13T06:20:25Z] INFO system_level_lls_dl_replay_progress slot=10/20 completion=0.5000 elapsed_s=163.4 slot_direction=FDD_SEPARATE_DL_UL replay_direction=DL replay_grant=2/2 cell=16 ue=2 active_ue=2 cells=57 grants=2 served_bits=76568 dropped_bits=0 overflow_events=0
[2026-09-13T06:20:26Z] INFO system_level_lls_slot_progress slot=11/20 completion=0.5500 elapsed_s=164.2 slot_direction=FDD_SEPARATE_DL_UL active_ue=2 cells=57 grants=2 served_bits=80320 dropped_bits=0 overflow_events=0
[2026-09-13T06:20:41Z] INFO system_level_lls_dl_replay_progress slot=11/20 completion=0.5500 elapsed_s=179.3 slot_direction=FDD_SEPARATE_DL_UL replay_direction=DL replay_grant=1/2 cell=1 ue=1 active_ue=2 cells=57 grants=4 served_bits=80320 dropped_bits=0 overflow_events=0
[2026-09-13T06:20:41Z] INFO system_level_lls_dl_replay_progress slot=11/20 completion=0.5500 elapsed_s=180.0 slot_direction=FDD_SEPARATE_DL_UL replay_direction=DL replay_grant=2/2 cell=16 ue=2 active_ue=2 cells=57 grants=4 served_bits=84072 dropped_bits=0 overflow_events=0
[2026-09-13T06:20:42Z] INFO system_level_lls_ul_replay_progress slot=11/20 completion=0.5500 elapsed_s=180.9 slot_direction=FDD_SEPARATE_DL_UL replay_direction=UL replay_grant=1/2 cell=1 ue=1 active_ue=2 cells=57 grants=4 served_bits=87824 dropped_bits=0 overflow_events=0
[2026-09-13T06:20:43Z] INFO system_level_lls_ul_replay_progress slot=11/20 completion=0.5500 elapsed_s=181.2 slot_direction=FDD_SEPARATE_DL_UL replay_direction=UL replay_grant=2/2 cell=16 ue=2 active_ue=2 cells=57 grants=4 served_bits=88632 dropped_bits=0 overflow_events=0
[2026-09-13T06:20:43Z] INFO system_level_lls_slot_progress slot=12/20 completion=0.6000 elapsed_s=181.6 slot_direction=FDD_SEPARATE_DL_UL active_ue=2 cells=57 grants=4 served_bits=89440 dropped_bits=0 overflow_events=0
[2026-09-13T06:21:00Z] INFO system_level_lls_dl_replay_progress slot=12/20 completion=0.6000 elapsed_s=198.5 slot_direction=FDD_SEPARATE_DL_UL replay_direction=DL replay_grant=1/2 cell=1 ue=1 active_ue=2 cells=57 grants=2 served_bits=89440 dropped_bits=0 overflow_events=0
[2026-09-13T06:21:01Z] INFO system_level_lls_dl_replay_progress slot=12/20 completion=0.6000 elapsed_s=199.4 slot_direction=FDD_SEPARATE_DL_UL replay_direction=DL replay_grant=2/2 cell=16 ue=2 active_ue=2 cells=57 grants=2 served_bits=93192 dropped_bits=0 overflow_events=0
[2026-09-13T06:21:02Z] INFO system_level_lls_slot_progress slot=13/20 completion=0.6500 elapsed_s=200.2 slot_direction=FDD_SEPARATE_DL_UL active_ue=2 cells=57 grants=2 served_bits=96944 dropped_bits=0 overflow_events=0
[2026-09-13T06:21:18Z] INFO system_level_lls_dl_replay_progress slot=13/20 completion=0.6500 elapsed_s=216.5 slot_direction=FDD_SEPARATE_DL_UL replay_direction=DL replay_grant=1/2 cell=1 ue=1 active_ue=2 cells=57 grants=2 served_bits=96944 dropped_bits=0 overflow_events=0
[2026-09-13T06:21:19Z] INFO system_level_lls_dl_replay_progress slot=13/20 completion=0.6500 elapsed_s=217.3 slot_direction=FDD_SEPARATE_DL_UL replay_direction=DL replay_grant=2/2 cell=16 ue=2 active_ue=2 cells=57 grants=2 served_bits=100696 dropped_bits=0 overflow_events=0
[2026-09-13T06:21:20Z] INFO system_level_lls_slot_progress slot=14/20 completion=0.7000 elapsed_s=218.1 slot_direction=FDD_SEPARATE_DL_UL active_ue=2 cells=57 grants=2 served_bits=104448 dropped_bits=0 overflow_events=0
[2026-09-13T06:21:35Z] INFO system_level_lls_dl_replay_progress slot=14/20 completion=0.7000 elapsed_s=233.6 slot_direction=FDD_SEPARATE_DL_UL replay_direction=DL replay_grant=1/2 cell=1 ue=1 active_ue=2 cells=57 grants=4 served_bits=104448 dropped_bits=0 overflow_events=0
[2026-09-13T06:21:36Z] INFO system_level_lls_dl_replay_progress slot=14/20 completion=0.7000 elapsed_s=234.4 slot_direction=FDD_SEPARATE_DL_UL replay_direction=DL replay_grant=2/2 cell=16 ue=2 active_ue=2 cells=57 grants=4 served_bits=108200 dropped_bits=0 overflow_events=0
[2026-09-13T06:21:37Z] INFO system_level_lls_ul_replay_progress slot=14/20 completion=0.7000 elapsed_s=235.2 slot_direction=FDD_SEPARATE_DL_UL replay_direction=UL replay_grant=1/2 cell=1 ue=1 active_ue=2 cells=57 grants=4 served_bits=111952 dropped_bits=0 overflow_events=0
[2026-09-13T06:21:37Z] INFO system_level_lls_ul_replay_progress slot=14/20 completion=0.7000 elapsed_s=235.5 slot_direction=FDD_SEPARATE_DL_UL replay_direction=UL replay_grant=2/2 cell=16 ue=2 active_ue=2 cells=57 grants=4 served_bits=112760 dropped_bits=0 overflow_events=0
[2026-09-13T06:21:37Z] INFO system_level_lls_slot_progress slot=15/20 completion=0.7500 elapsed_s=235.9 slot_direction=FDD_SEPARATE_DL_UL active_ue=2 cells=57 grants=4 served_bits=113568 dropped_bits=0 overflow_events=0
[2026-09-13T06:21:53Z] INFO system_level_lls_dl_replay_progress slot=15/20 completion=0.7500 elapsed_s=251.1 slot_direction=FDD_SEPARATE_DL_UL replay_direction=DL replay_grant=1/2 cell=1 ue=1 active_ue=2 cells=57 grants=2 served_bits=113568 dropped_bits=0 overflow_events=0
[2026-09-13T06:21:53Z] INFO system_level_lls_dl_replay_progress slot=15/20 completion=0.7500 elapsed_s=251.9 slot_direction=FDD_SEPARATE_DL_UL replay_direction=DL replay_grant=2/2 cell=16 ue=2 active_ue=2 cells=57 grants=2 served_bits=117320 dropped_bits=0 overflow_events=0
[2026-09-13T06:21:54Z] INFO system_level_lls_slot_progress slot=16/20 completion=0.8000 elapsed_s=252.6 slot_direction=FDD_SEPARATE_DL_UL active_ue=2 cells=57 grants=2 served_bits=121072 dropped_bits=0 overflow_events=0
[2026-09-13T06:22:09Z] INFO system_level_lls_dl_replay_progress slot=16/20 completion=0.8000 elapsed_s=267.8 slot_direction=FDD_SEPARATE_DL_UL replay_direction=DL replay_grant=1/2 cell=1 ue=1 active_ue=2 cells=57 grants=2 served_bits=121072 dropped_bits=0 overflow_events=0
[2026-09-13T06:22:10Z] INFO system_level_lls_dl_replay_progress slot=16/20 completion=0.8000 elapsed_s=268.5 slot_direction=FDD_SEPARATE_DL_UL replay_direction=DL replay_grant=2/2 cell=16 ue=2 active_ue=2 cells=57 grants=2 served_bits=124824 dropped_bits=0 overflow_events=0
[2026-09-13T06:22:11Z] INFO system_level_lls_slot_progress slot=17/20 completion=0.8500 elapsed_s=269.3 slot_direction=FDD_SEPARATE_DL_UL active_ue=2 cells=57 grants=2 served_bits=128576 dropped_bits=0 overflow_events=0
[2026-09-13T06:22:28Z] INFO system_level_lls_dl_replay_progress slot=17/20 completion=0.8500 elapsed_s=286.7 slot_direction=FDD_SEPARATE_DL_UL replay_direction=DL replay_grant=1/2 cell=1 ue=1 active_ue=2 cells=57 grants=4 served_bits=128576 dropped_bits=0 overflow_events=0
[2026-09-13T06:22:29Z] INFO system_level_lls_dl_replay_progress slot=17/20 completion=0.8500 elapsed_s=287.8 slot_direction=FDD_SEPARATE_DL_UL replay_direction=DL replay_grant=2/2 cell=16 ue=2 active_ue=2 cells=57 grants=4 served_bits=132328 dropped_bits=0 overflow_events=0
[2026-09-13T06:22:32Z] INFO system_level_lls_ul_replay_progress slot=17/20 completion=0.8500 elapsed_s=290.3 slot_direction=FDD_SEPARATE_DL_UL replay_direction=UL replay_grant=1/2 cell=1 ue=1 active_ue=2 cells=57 grants=4 served_bits=136080 dropped_bits=0 overflow_events=0
[2026-09-13T06:22:33Z] INFO system_level_lls_ul_replay_progress slot=17/20 completion=0.8500 elapsed_s=291.2 slot_direction=FDD_SEPARATE_DL_UL replay_direction=UL replay_grant=2/2 cell=16 ue=2 active_ue=2 cells=57 grants=4 served_bits=136888 dropped_bits=0 overflow_events=0
[2026-09-13T06:22:33Z] INFO system_level_lls_slot_progress slot=18/20 completion=0.9000 elapsed_s=292.0 slot_direction=FDD_SEPARATE_DL_UL active_ue=2 cells=57 grants=4 served_bits=137696 dropped_bits=0 overflow_events=0
[2026-09-13T06:22:53Z] INFO system_level_lls_dl_replay_progress slot=18/20 completion=0.9000 elapsed_s=311.3 slot_direction=FDD_SEPARATE_DL_UL replay_direction=DL replay_grant=1/2 cell=1 ue=1 active_ue=2 cells=57 grants=2 served_bits=137696 dropped_bits=0 overflow_events=0
[2026-09-13T06:22:54Z] INFO system_level_lls_dl_replay_progress slot=18/20 completion=0.9000 elapsed_s=312.2 slot_direction=FDD_SEPARATE_DL_UL replay_direction=DL replay_grant=2/2 cell=16 ue=2 active_ue=2 cells=57 grants=2 served_bits=141448 dropped_bits=0 overflow_events=0
[2026-09-13T06:22:55Z] INFO system_level_lls_slot_progress slot=19/20 completion=0.9500 elapsed_s=313.7 slot_direction=FDD_SEPARATE_DL_UL active_ue=2 cells=57 grants=2 served_bits=145200 dropped_bits=0 overflow_events=0
[2026-09-13T06:23:19Z] INFO system_level_lls_dl_replay_progress slot=19/20 completion=0.9500 elapsed_s=337.8 slot_direction=FDD_SEPARATE_DL_UL replay_direction=DL replay_grant=1/2 cell=1 ue=1 active_ue=2 cells=57 grants=2 served_bits=145200 dropped_bits=0 overflow_events=0
[2026-09-13T06:23:20Z] INFO system_level_lls_dl_replay_progress slot=19/20 completion=0.9500 elapsed_s=338.6 slot_direction=FDD_SEPARATE_DL_UL replay_direction=DL replay_grant=2/2 cell=16 ue=2 active_ue=2 cells=57 grants=2 served_bits=148952 dropped_bits=0 overflow_events=0
[2026-09-13T06:23:21Z] INFO system_level_lls_slot_progress slot=20/20 completion=1.0000 elapsed_s=339.4 slot_direction=FDD_SEPARATE_DL_UL active_ue=2 cells=57 grants=2 served_bits=152704 dropped_bits=0 overflow_events=0
[2026-09-13T06:23:21Z] INFO system_level_lls_finalizing_exports slot=20/20 completion=1.0000 elapsed_s=339.4 slot_direction=finalizing active_ue=2 cells=57 grants=2 served_bits=152704 dropped_bits=0 overflow_events=0
[2026-09-13T06:23:21Z] INFO system_level_lls_finalizing_tables_started slot=20/20 completion=1.0000 elapsed_s=339.4 slot_direction=finalizing_tables active_ue=2 cells=57 grants=2 served_bits=152704 dropped_bits=0 overflow_events=0
[2026-09-13T06:23:21Z] INFO system_level_lls_finalizing_tables_ready slot=20/20 completion=1.0000 elapsed_s=339.6 slot_direction=finalizing_tables_ready active_ue=2 cells=57 grants=2 served_bits=152704 dropped_bits=0 overflow_events=0
[2026-09-13T06:23:21Z] INFO system_level_lls_finalizing_persistence_started slot=20/20 completion=1.0000 elapsed_s=339.6 slot_direction=finalizing_persistence active_ue=2 cells=57 grants=2 served_bits=152704 dropped_bits=0 overflow_events=0
[2026-09-13T06:23:21Z] INFO system_level_lls_finalizing_persistence_ready slot=20/20 completion=1.0000 elapsed_s=339.7 slot_direction=finalizing_persistence_ready active_ue=2 cells=57 grants=2 served_bits=152704 dropped_bits=0 overflow_events=0
CONFIGURED_CAMPAIGN_SEED_PASS: master=11
[2026-09-13T06:23:31Z] INFO system_level_lls_started slot=0/20 completion=0.0000 elapsed_s=2.5 slot_direction=initializing active_ue=2 cells=57 grants=0 served_bits=0 dropped_bits=0 overflow_events=0
[2026-09-13T06:23:31Z] INFO system_level_lls_slot1_post_mobility_update slot=0/20 completion=0.0000 elapsed_s=2.6 slot_direction=slot1_post_mobility_update active_ue=2 cells=57 grants=0 served_bits=0 dropped_bits=0 overflow_events=0
[2026-09-13T06:23:31Z] INFO system_level_lls_slot1_large_scale_ready slot=0/20 completion=0.0000 elapsed_s=2.9 slot_direction=slot1_large_scale_ready active_ue=2 cells=57 grants=0 served_bits=0 dropped_bits=0 overflow_events=0
[2026-09-13T06:23:32Z] INFO system_level_lls_slot1_active_ues_ready slot=0/20 completion=0.0000 elapsed_s=3.6 slot_direction=FDD_SEPARATE_DL_UL active_ue=0 cells=57 grants=0 served_bits=0 dropped_bits=0 overflow_events=0
[2026-09-13T06:23:32Z] INFO system_level_lls_slot1_ue_by_cell_ready slot=0/20 completion=0.0000 elapsed_s=3.6 slot_direction=FDD_SEPARATE_DL_UL active_ue=0 cells=57 grants=0 served_bits=0 dropped_bits=0 overflow_events=0
[2026-09-13T06:23:32Z] INFO system_level_lls_slot1_scheduler_inputs_ready slot=0/20 completion=0.0000 elapsed_s=3.6 slot_direction=FDD_SEPARATE_DL_UL active_ue=0 cells=57 grants=0 served_bits=0 dropped_bits=0 overflow_events=0
[2026-09-13T06:23:32Z] INFO system_level_lls_slot1_dl_scheduler_ready slot=0/20 completion=0.0000 elapsed_s=3.6 slot_direction=FDD_SEPARATE_DL_UL active_ue=0 cells=57 grants=0 served_bits=0 dropped_bits=0 overflow_events=0
[2026-09-13T06:23:32Z] INFO system_level_lls_slot1_ul_scheduler_ready slot=0/20 completion=0.0000 elapsed_s=3.6 slot_direction=FDD_SEPARATE_DL_UL active_ue=0 cells=57 grants=0 served_bits=0 dropped_bits=0 overflow_events=0
[2026-09-13T06:23:32Z] INFO system_level_lls_slot1_scheduler_ready slot=0/20 completion=0.0000 elapsed_s=3.6 slot_direction=FDD_SEPARATE_DL_UL active_ue=0 cells=57 grants=0 served_bits=0 dropped_bits=0 overflow_events=0
[2026-09-13T06:23:32Z] INFO system_level_lls_slot_progress slot=1/20 completion=0.0500 elapsed_s=3.6 slot_direction=FDD_SEPARATE_DL_UL active_ue=0 cells=57 grants=0 served_bits=0 dropped_bits=0 overflow_events=0
[2026-09-13T06:23:32Z] INFO system_level_lls_slot_progress slot=2/20 completion=0.1000 elapsed_s=4.2 slot_direction=FDD_SEPARATE_DL_UL active_ue=0 cells=57 grants=0 served_bits=0 dropped_bits=0 overflow_events=0
[2026-09-13T06:23:33Z] INFO system_level_lls_slot_progress slot=3/20 completion=0.1500 elapsed_s=4.8 slot_direction=FDD_SEPARATE_DL_UL active_ue=0 cells=57 grants=0 served_bits=0 dropped_bits=0 overflow_events=0
[2026-09-13T06:23:53Z] INFO system_level_lls_dl_replay_progress slot=3/20 completion=0.1500 elapsed_s=25.1 slot_direction=FDD_SEPARATE_DL_UL replay_direction=DL replay_grant=1/2 cell=2 ue=2 active_ue=2 cells=57 grants=2 served_bits=0 dropped_bits=0 overflow_events=0
[2026-09-13T06:23:54Z] INFO system_level_lls_dl_replay_progress slot=3/20 completion=0.1500 elapsed_s=26.2 slot_direction=FDD_SEPARATE_DL_UL replay_direction=DL replay_grant=2/2 cell=6 ue=1 active_ue=2 cells=57 grants=2 served_bits=3752 dropped_bits=0 overflow_events=0
[2026-09-13T06:23:55Z] INFO system_level_lls_slot_progress slot=4/20 completion=0.2000 elapsed_s=27.3 slot_direction=FDD_SEPARATE_DL_UL active_ue=2 cells=57 grants=2 served_bits=7504 dropped_bits=0 overflow_events=0
[2026-09-13T06:24:12Z] INFO system_level_lls_dl_replay_progress slot=4/20 completion=0.2000 elapsed_s=44.1 slot_direction=FDD_SEPARATE_DL_UL replay_direction=DL replay_grant=1/2 cell=2 ue=2 active_ue=2 cells=57 grants=2 served_bits=7504 dropped_bits=0 overflow_events=0
[2026-09-13T06:24:13Z] INFO system_level_lls_dl_replay_progress slot=4/20 completion=0.2000 elapsed_s=44.8 slot_direction=FDD_SEPARATE_DL_UL replay_direction=DL replay_grant=2/2 cell=6 ue=1 active_ue=2 cells=57 grants=2 served_bits=11256 dropped_bits=0 overflow_events=0
[2026-09-13T06:24:14Z] INFO system_level_lls_slot_progress slot=5/20 completion=0.2500 elapsed_s=45.6 slot_direction=FDD_SEPARATE_DL_UL active_ue=2 cells=57 grants=2 served_bits=15008 dropped_bits=0 overflow_events=0
[2026-09-13T06:24:30Z] INFO system_level_lls_dl_replay_progress slot=5/20 completion=0.2500 elapsed_s=62.0 slot_direction=FDD_SEPARATE_DL_UL replay_direction=DL replay_grant=1/2 cell=2 ue=2 active_ue=2 cells=57 grants=4 served_bits=15008 dropped_bits=0 overflow_events=0
[2026-09-13T06:24:31Z] INFO system_level_lls_dl_replay_progress slot=5/20 completion=0.2500 elapsed_s=62.8 slot_direction=FDD_SEPARATE_DL_UL replay_direction=DL replay_grant=2/2 cell=6 ue=1 active_ue=2 cells=57 grants=4 served_bits=18760 dropped_bits=0 overflow_events=0
[2026-09-13T06:24:32Z] INFO system_level_lls_ul_replay_progress slot=5/20 completion=0.2500 elapsed_s=63.5 slot_direction=FDD_SEPARATE_DL_UL replay_direction=UL replay_grant=1/2 cell=2 ue=2 active_ue=2 cells=57 grants=4 served_bits=22512 dropped_bits=0 overflow_events=0
[2026-09-13T06:24:32Z] INFO system_level_lls_ul_replay_progress slot=5/20 completion=0.2500 elapsed_s=64.3 slot_direction=FDD_SEPARATE_DL_UL replay_direction=UL replay_grant=2/2 cell=6 ue=1 active_ue=2 cells=57 grants=4 served_bits=31736 dropped_bits=0 overflow_events=0
[2026-09-13T06:24:33Z] INFO system_level_lls_slot_progress slot=6/20 completion=0.3000 elapsed_s=65.0 slot_direction=FDD_SEPARATE_DL_UL active_ue=2 cells=57 grants=4 served_bits=40960 dropped_bits=0 overflow_events=0
[2026-09-13T06:24:52Z] INFO system_level_lls_dl_replay_progress slot=6/20 completion=0.3000 elapsed_s=83.8 slot_direction=FDD_SEPARATE_DL_UL replay_direction=DL replay_grant=1/2 cell=2 ue=2 active_ue=2 cells=57 grants=2 served_bits=40960 dropped_bits=0 overflow_events=0
[2026-09-13T06:24:53Z] INFO system_level_lls_dl_replay_progress slot=6/20 completion=0.3000 elapsed_s=84.9 slot_direction=FDD_SEPARATE_DL_UL replay_direction=DL replay_grant=2/2 cell=6 ue=1 active_ue=2 cells=57 grants=2 served_bits=44712 dropped_bits=0 overflow_events=0
[2026-09-13T06:24:54Z] INFO system_level_lls_slot_progress slot=7/20 completion=0.3500 elapsed_s=85.9 slot_direction=FDD_SEPARATE_DL_UL active_ue=2 cells=57 grants=2 served_bits=48464 dropped_bits=0 overflow_events=0
[2026-09-13T06:25:10Z] INFO system_level_lls_dl_replay_progress slot=7/20 completion=0.3500 elapsed_s=102.1 slot_direction=FDD_SEPARATE_DL_UL replay_direction=DL replay_grant=1/2 cell=2 ue=2 active_ue=2 cells=57 grants=2 served_bits=48464 dropped_bits=0 overflow_events=0
[2026-09-13T06:25:11Z] INFO system_level_lls_dl_replay_progress slot=7/20 completion=0.3500 elapsed_s=102.9 slot_direction=FDD_SEPARATE_DL_UL replay_direction=DL replay_grant=2/2 cell=6 ue=1 active_ue=2 cells=57 grants=2 served_bits=52216 dropped_bits=0 overflow_events=0
[2026-09-13T06:25:12Z] INFO system_level_lls_slot_progress slot=8/20 completion=0.4000 elapsed_s=103.8 slot_direction=FDD_SEPARATE_DL_UL active_ue=2 cells=57 grants=2 served_bits=55968 dropped_bits=0 overflow_events=0
[2026-09-13T06:25:26Z] INFO system_level_lls_dl_replay_progress slot=8/20 completion=0.4000 elapsed_s=117.7 slot_direction=FDD_SEPARATE_DL_UL replay_direction=DL replay_grant=1/2 cell=2 ue=2 active_ue=2 cells=57 grants=4 served_bits=55968 dropped_bits=0 overflow_events=0
[2026-09-13T06:25:27Z] INFO system_level_lls_dl_replay_progress slot=8/20 completion=0.4000 elapsed_s=118.5 slot_direction=FDD_SEPARATE_DL_UL replay_direction=DL replay_grant=2/2 cell=6 ue=1 active_ue=2 cells=57 grants=4 served_bits=59720 dropped_bits=0 overflow_events=0
[2026-09-13T06:25:27Z] INFO system_level_lls_ul_replay_progress slot=8/20 completion=0.4000 elapsed_s=119.2 slot_direction=FDD_SEPARATE_DL_UL replay_direction=UL replay_grant=1/2 cell=2 ue=2 active_ue=2 cells=57 grants=4 served_bits=63472 dropped_bits=0 overflow_events=0
[2026-09-13T06:25:28Z] INFO system_level_lls_ul_replay_progress slot=8/20 completion=0.4000 elapsed_s=119.9 slot_direction=FDD_SEPARATE_DL_UL replay_direction=UL replay_grant=2/2 cell=6 ue=1 active_ue=2 cells=57 grants=4 served_bits=63472 dropped_bits=0 overflow_events=0
[2026-09-13T06:25:28Z] INFO system_level_lls_slot_progress slot=9/20 completion=0.4500 elapsed_s=120.2 slot_direction=FDD_SEPARATE_DL_UL active_ue=2 cells=57 grants=4 served_bits=64280 dropped_bits=0 overflow_events=0
[2026-09-13T06:25:42Z] INFO system_level_lls_dl_replay_progress slot=9/20 completion=0.4500 elapsed_s=134.3 slot_direction=FDD_SEPARATE_DL_UL replay_direction=DL replay_grant=1/2 cell=2 ue=2 active_ue=2 cells=57 grants=2 served_bits=64280 dropped_bits=0 overflow_events=0
[2026-09-13T06:25:43Z] INFO system_level_lls_dl_replay_progress slot=9/20 completion=0.4500 elapsed_s=135.1 slot_direction=FDD_SEPARATE_DL_UL replay_direction=DL replay_grant=2/2 cell=6 ue=1 active_ue=2 cells=57 grants=2 served_bits=68032 dropped_bits=0 overflow_events=0
[2026-09-13T06:25:44Z] INFO system_level_lls_slot_progress slot=10/20 completion=0.5000 elapsed_s=135.7 slot_direction=FDD_SEPARATE_DL_UL active_ue=2 cells=57 grants=2 served_bits=71784 dropped_bits=0 overflow_events=0
[2026-09-13T06:25:59Z] INFO system_level_lls_dl_replay_progress slot=10/20 completion=0.5000 elapsed_s=150.4 slot_direction=FDD_SEPARATE_DL_UL replay_direction=DL replay_grant=1/2 cell=2 ue=2 active_ue=2 cells=57 grants=2 served_bits=71784 dropped_bits=0 overflow_events=0
[2026-09-13T06:25:59Z] INFO system_level_lls_dl_replay_progress slot=10/20 completion=0.5000 elapsed_s=151.2 slot_direction=FDD_SEPARATE_DL_UL replay_direction=DL replay_grant=2/2 cell=6 ue=1 active_ue=2 cells=57 grants=2 served_bits=75536 dropped_bits=0 overflow_events=0
[2026-09-13T06:26:00Z] INFO system_level_lls_slot_progress slot=11/20 completion=0.5500 elapsed_s=152.0 slot_direction=FDD_SEPARATE_DL_UL active_ue=2 cells=57 grants=2 served_bits=79288 dropped_bits=0 overflow_events=0
[2026-09-13T06:26:15Z] INFO system_level_lls_dl_replay_progress slot=11/20 completion=0.5500 elapsed_s=166.4 slot_direction=FDD_SEPARATE_DL_UL replay_direction=DL replay_grant=1/2 cell=2 ue=2 active_ue=2 cells=57 grants=4 served_bits=79288 dropped_bits=0 overflow_events=0
[2026-09-13T06:26:15Z] INFO system_level_lls_dl_replay_progress slot=11/20 completion=0.5500 elapsed_s=167.2 slot_direction=FDD_SEPARATE_DL_UL replay_direction=DL replay_grant=2/2 cell=6 ue=1 active_ue=2 cells=57 grants=4 served_bits=83040 dropped_bits=0 overflow_events=0
[2026-09-13T06:26:16Z] INFO system_level_lls_ul_replay_progress slot=11/20 completion=0.5500 elapsed_s=167.9 slot_direction=FDD_SEPARATE_DL_UL replay_direction=UL replay_grant=1/2 cell=2 ue=2 active_ue=2 cells=57 grants=4 served_bits=86792 dropped_bits=0 overflow_events=0
[2026-09-13T06:26:17Z] INFO system_level_lls_ul_replay_progress slot=11/20 completion=0.5500 elapsed_s=168.8 slot_direction=FDD_SEPARATE_DL_UL replay_direction=UL replay_grant=2/2 cell=6 ue=1 active_ue=2 cells=57 grants=4 served_bits=86792 dropped_bits=0 overflow_events=0
[2026-09-13T06:26:18Z] INFO system_level_lls_slot_progress slot=12/20 completion=0.6000 elapsed_s=169.4 slot_direction=FDD_SEPARATE_DL_UL active_ue=2 cells=57 grants=4 served_bits=87600 dropped_bits=0 overflow_events=0
[2026-09-13T06:26:32Z] INFO system_level_lls_dl_replay_progress slot=12/20 completion=0.6000 elapsed_s=184.1 slot_direction=FDD_SEPARATE_DL_UL replay_direction=DL replay_grant=1/2 cell=2 ue=2 active_ue=2 cells=57 grants=2 served_bits=87600 dropped_bits=0 overflow_events=0
[2026-09-13T06:26:33Z] INFO system_level_lls_dl_replay_progress slot=12/20 completion=0.6000 elapsed_s=185.1 slot_direction=FDD_SEPARATE_DL_UL replay_direction=DL replay_grant=2/2 cell=6 ue=1 active_ue=2 cells=57 grants=2 served_bits=91352 dropped_bits=0 overflow_events=0
[2026-09-13T06:26:34Z] INFO system_level_lls_slot_progress slot=13/20 completion=0.6500 elapsed_s=185.8 slot_direction=FDD_SEPARATE_DL_UL active_ue=2 cells=57 grants=2 served_bits=95104 dropped_bits=0 overflow_events=0
[2026-09-13T06:26:49Z] INFO system_level_lls_dl_replay_progress slot=13/20 completion=0.6500 elapsed_s=200.5 slot_direction=FDD_SEPARATE_DL_UL replay_direction=DL replay_grant=1/2 cell=2 ue=2 active_ue=2 cells=57 grants=2 served_bits=95104 dropped_bits=0 overflow_events=0
[2026-09-13T06:26:49Z] INFO system_level_lls_dl_replay_progress slot=13/20 completion=0.6500 elapsed_s=201.3 slot_direction=FDD_SEPARATE_DL_UL replay_direction=DL replay_grant=2/2 cell=6 ue=1 active_ue=2 cells=57 grants=2 served_bits=98856 dropped_bits=0 overflow_events=0
[2026-09-13T06:26:50Z] INFO system_level_lls_slot_progress slot=14/20 completion=0.7000 elapsed_s=202.0 slot_direction=FDD_SEPARATE_DL_UL active_ue=2 cells=57 grants=2 served_bits=102608 dropped_bits=0 overflow_events=0
[2026-09-13T06:27:08Z] INFO system_level_lls_dl_replay_progress slot=14/20 completion=0.7000 elapsed_s=219.9 slot_direction=FDD_SEPARATE_DL_UL replay_direction=DL replay_grant=1/2 cell=2 ue=2 active_ue=2 cells=57 grants=4 served_bits=102608 dropped_bits=0 overflow_events=0
[2026-09-13T06:27:09Z] INFO system_level_lls_dl_replay_progress slot=14/20 completion=0.7000 elapsed_s=220.8 slot_direction=FDD_SEPARATE_DL_UL replay_direction=DL replay_grant=2/2 cell=6 ue=1 active_ue=2 cells=57 grants=4 served_bits=106360 dropped_bits=0 overflow_events=0
[2026-09-13T06:27:10Z] INFO system_level_lls_ul_replay_progress slot=14/20 completion=0.7000 elapsed_s=221.5 slot_direction=FDD_SEPARATE_DL_UL replay_direction=UL replay_grant=1/2 cell=2 ue=2 active_ue=2 cells=57 grants=4 served_bits=110112 dropped_bits=0 overflow_events=0
[2026-09-13T06:27:10Z] INFO system_level_lls_ul_replay_progress slot=14/20 completion=0.7000 elapsed_s=222.0 slot_direction=FDD_SEPARATE_DL_UL replay_direction=UL replay_grant=2/2 cell=6 ue=1 active_ue=2 cells=57 grants=4 served_bits=110112 dropped_bits=0 overflow_events=0
[2026-09-13T06:27:10Z] INFO system_level_lls_slot_progress slot=15/20 completion=0.7500 elapsed_s=222.2 slot_direction=FDD_SEPARATE_DL_UL active_ue=2 cells=57 grants=4 served_bits=110920 dropped_bits=0 overflow_events=0
[2026-09-13T06:27:28Z] INFO system_level_lls_dl_replay_progress slot=15/20 completion=0.7500 elapsed_s=240.3 slot_direction=FDD_SEPARATE_DL_UL replay_direction=DL replay_grant=1/2 cell=2 ue=2 active_ue=2 cells=57 grants=2 served_bits=110920 dropped_bits=0 overflow_events=0
[2026-09-13T06:27:29Z] INFO system_level_lls_dl_replay_progress slot=15/20 completion=0.7500 elapsed_s=241.0 slot_direction=FDD_SEPARATE_DL_UL replay_direction=DL replay_grant=2/2 cell=6 ue=1 active_ue=2 cells=57 grants=2 served_bits=114672 dropped_bits=0 overflow_events=0
[2026-09-13T06:27:30Z] INFO system_level_lls_slot_progress slot=16/20 completion=0.8000 elapsed_s=241.7 slot_direction=FDD_SEPARATE_DL_UL active_ue=2 cells=57 grants=2 served_bits=118424 dropped_bits=0 overflow_events=0
[2026-09-13T06:27:45Z] INFO system_level_lls_dl_replay_progress slot=16/20 completion=0.8000 elapsed_s=256.4 slot_direction=FDD_SEPARATE_DL_UL replay_direction=DL replay_grant=1/2 cell=2 ue=2 active_ue=2 cells=57 grants=2 served_bits=118424 dropped_bits=0 overflow_events=0
[2026-09-13T06:27:45Z] INFO system_level_lls_dl_replay_progress slot=16/20 completion=0.8000 elapsed_s=257.1 slot_direction=FDD_SEPARATE_DL_UL replay_direction=DL replay_grant=2/2 cell=6 ue=1 active_ue=2 cells=57 grants=2 served_bits=122176 dropped_bits=0 overflow_events=0
[2026-09-13T06:27:46Z] INFO system_level_lls_slot_progress slot=17/20 completion=0.8500 elapsed_s=257.8 slot_direction=FDD_SEPARATE_DL_UL active_ue=2 cells=57 grants=2 served_bits=125928 dropped_bits=0 overflow_events=0
[2026-09-13T06:28:00Z] INFO system_level_lls_dl_replay_progress slot=17/20 completion=0.8500 elapsed_s=272.1 slot_direction=FDD_SEPARATE_DL_UL replay_direction=DL replay_grant=1/2 cell=2 ue=2 active_ue=2 cells=57 grants=4 served_bits=125928 dropped_bits=0 overflow_events=0
[2026-09-13T06:28:01Z] INFO system_level_lls_dl_replay_progress slot=17/20 completion=0.8500 elapsed_s=272.8 slot_direction=FDD_SEPARATE_DL_UL replay_direction=DL replay_grant=2/2 cell=6 ue=1 active_ue=2 cells=57 grants=4 served_bits=129680 dropped_bits=0 overflow_events=0
[2026-09-13T06:28:02Z] INFO system_level_lls_ul_replay_progress slot=17/20 completion=0.8500 elapsed_s=273.6 slot_direction=FDD_SEPARATE_DL_UL replay_direction=UL replay_grant=1/2 cell=2 ue=2 active_ue=2 cells=57 grants=4 served_bits=133432 dropped_bits=0 overflow_events=0
[2026-09-13T06:28:02Z] INFO system_level_lls_ul_replay_progress slot=17/20 completion=0.8500 elapsed_s=274.2 slot_direction=FDD_SEPARATE_DL_UL replay_direction=UL replay_grant=2/2 cell=6 ue=1 active_ue=2 cells=57 grants=4 served_bits=133432 dropped_bits=0 overflow_events=0
[2026-09-13T06:28:03Z] INFO system_level_lls_slot_progress slot=18/20 completion=0.9000 elapsed_s=274.5 slot_direction=FDD_SEPARATE_DL_UL active_ue=2 cells=57 grants=4 served_bits=134240 dropped_bits=0 overflow_events=0
[2026-09-13T06:28:20Z] INFO system_level_lls_dl_replay_progress slot=18/20 completion=0.9000 elapsed_s=291.5 slot_direction=FDD_SEPARATE_DL_UL replay_direction=DL replay_grant=1/2 cell=2 ue=2 active_ue=2 cells=57 grants=2 served_bits=134240 dropped_bits=0 overflow_events=0
[2026-09-13T06:28:20Z] INFO system_level_lls_dl_replay_progress slot=18/20 completion=0.9000 elapsed_s=292.2 slot_direction=FDD_SEPARATE_DL_UL replay_direction=DL replay_grant=2/2 cell=6 ue=1 active_ue=2 cells=57 grants=2 served_bits=137992 dropped_bits=0 overflow_events=0
[2026-09-13T06:28:21Z] INFO system_level_lls_slot_progress slot=19/20 completion=0.9500 elapsed_s=293.0 slot_direction=FDD_SEPARATE_DL_UL active_ue=2 cells=57 grants=2 served_bits=141744 dropped_bits=0 overflow_events=0
[2026-09-13T06:28:38Z] INFO system_level_lls_dl_replay_progress slot=19/20 completion=0.9500 elapsed_s=309.6 slot_direction=FDD_SEPARATE_DL_UL replay_direction=DL replay_grant=1/2 cell=2 ue=2 active_ue=2 cells=57 grants=2 served_bits=141744 dropped_bits=0 overflow_events=0
[2026-09-13T06:28:39Z] INFO system_level_lls_dl_replay_progress slot=19/20 completion=0.9500 elapsed_s=310.6 slot_direction=FDD_SEPARATE_DL_UL replay_direction=DL replay_grant=2/2 cell=6 ue=1 active_ue=2 cells=57 grants=2 served_bits=145496 dropped_bits=0 overflow_events=0
[2026-09-13T06:28:40Z] INFO system_level_lls_slot_progress slot=20/20 completion=1.0000 elapsed_s=311.5 slot_direction=FDD_SEPARATE_DL_UL active_ue=2 cells=57 grants=2 served_bits=149248 dropped_bits=0 overflow_events=0
[2026-09-13T06:28:40Z] INFO system_level_lls_finalizing_exports slot=20/20 completion=1.0000 elapsed_s=311.5 slot_direction=finalizing active_ue=2 cells=57 grants=2 served_bits=149248 dropped_bits=0 overflow_events=0
[2026-09-13T06:28:40Z] INFO system_level_lls_finalizing_tables_started slot=20/20 completion=1.0000 elapsed_s=311.5 slot_direction=finalizing_tables active_ue=2 cells=57 grants=2 served_bits=149248 dropped_bits=0 overflow_events=0
[2026-09-13T06:28:40Z] INFO system_level_lls_finalizing_tables_ready slot=20/20 completion=1.0000 elapsed_s=311.8 slot_direction=finalizing_tables_ready active_ue=2 cells=57 grants=2 served_bits=149248 dropped_bits=0 overflow_events=0
[2026-09-13T06:28:40Z] INFO system_level_lls_finalizing_persistence_started slot=20/20 completion=1.0000 elapsed_s=311.9 slot_direction=finalizing_persistence active_ue=2 cells=57 grants=2 served_bits=149248 dropped_bits=0 overflow_events=0
[2026-09-13T06:28:40Z] INFO system_level_lls_finalizing_persistence_ready slot=20/20 completion=1.0000 elapsed_s=311.9 slot_direction=finalizing_persistence_ready active_ue=2 cells=57 grants=2 served_bits=149248 dropped_bits=0 overflow_events=0
CONFIGURED_CAMPAIGN_SEED_PASS: master=22
[2026-09-13T06:28:49Z] INFO system_level_lls_started slot=0/20 completion=0.0000 elapsed_s=2.1 slot_direction=initializing active_ue=2 cells=57 grants=0 served_bits=0 dropped_bits=0 overflow_events=0
[2026-09-13T06:28:49Z] INFO system_level_lls_slot1_post_mobility_update slot=0/20 completion=0.0000 elapsed_s=2.2 slot_direction=slot1_post_mobility_update active_ue=2 cells=57 grants=0 served_bits=0 dropped_bits=0 overflow_events=0
[2026-09-13T06:28:50Z] INFO system_level_lls_slot1_large_scale_ready slot=0/20 completion=0.0000 elapsed_s=2.5 slot_direction=slot1_large_scale_ready active_ue=2 cells=57 grants=0 served_bits=0 dropped_bits=0 overflow_events=0
[2026-09-13T06:28:50Z] INFO system_level_lls_slot1_active_ues_ready slot=0/20 completion=0.0000 elapsed_s=2.9 slot_direction=FDD_SEPARATE_DL_UL active_ue=0 cells=57 grants=0 served_bits=0 dropped_bits=0 overflow_events=0
[2026-09-13T06:28:50Z] INFO system_level_lls_slot1_ue_by_cell_ready slot=0/20 completion=0.0000 elapsed_s=2.9 slot_direction=FDD_SEPARATE_DL_UL active_ue=0 cells=57 grants=0 served_bits=0 dropped_bits=0 overflow_events=0
[2026-09-13T06:28:50Z] INFO system_level_lls_slot1_scheduler_inputs_ready slot=0/20 completion=0.0000 elapsed_s=2.9 slot_direction=FDD_SEPARATE_DL_UL active_ue=0 cells=57 grants=0 served_bits=0 dropped_bits=0 overflow_events=0
[2026-09-13T06:28:50Z] INFO system_level_lls_slot1_dl_scheduler_ready slot=0/20 completion=0.0000 elapsed_s=3.0 slot_direction=FDD_SEPARATE_DL_UL active_ue=0 cells=57 grants=0 served_bits=0 dropped_bits=0 overflow_events=0
[2026-09-13T06:28:50Z] INFO system_level_lls_slot1_ul_scheduler_ready slot=0/20 completion=0.0000 elapsed_s=3.0 slot_direction=FDD_SEPARATE_DL_UL active_ue=0 cells=57 grants=0 served_bits=0 dropped_bits=0 overflow_events=0
[2026-09-13T06:28:50Z] INFO system_level_lls_slot1_scheduler_ready slot=0/20 completion=0.0000 elapsed_s=3.0 slot_direction=FDD_SEPARATE_DL_UL active_ue=0 cells=57 grants=0 served_bits=0 dropped_bits=0 overflow_events=0
[2026-09-13T06:28:50Z] INFO system_level_lls_slot_progress slot=1/20 completion=0.0500 elapsed_s=3.0 slot_direction=FDD_SEPARATE_DL_UL active_ue=0 cells=57 grants=0 served_bits=0 dropped_bits=0 overflow_events=0
[2026-09-13T06:28:51Z] INFO system_level_lls_slot_progress slot=2/20 completion=0.1000 elapsed_s=3.5 slot_direction=FDD_SEPARATE_DL_UL active_ue=0 cells=57 grants=0 served_bits=0 dropped_bits=0 overflow_events=0
[2026-09-13T06:28:51Z] INFO system_level_lls_slot_progress slot=3/20 completion=0.1500 elapsed_s=4.0 slot_direction=FDD_SEPARATE_DL_UL active_ue=0 cells=57 grants=0 served_bits=0 dropped_bits=0 overflow_events=0
[2026-09-13T06:29:06Z] INFO system_level_lls_dl_replay_progress slot=3/20 completion=0.1500 elapsed_s=19.4 slot_direction=FDD_SEPARATE_DL_UL replay_direction=DL replay_grant=1/2 cell=21 ue=1 active_ue=2 cells=57 grants=2 served_bits=0 dropped_bits=0 overflow_events=0
[2026-09-13T06:29:07Z] INFO system_level_lls_dl_replay_progress slot=3/20 completion=0.1500 elapsed_s=20.2 slot_direction=FDD_SEPARATE_DL_UL replay_direction=DL replay_grant=2/2 cell=54 ue=2 active_ue=2 cells=57 grants=2 served_bits=3752 dropped_bits=0 overflow_events=0
[2026-09-13T06:29:08Z] INFO system_level_lls_slot_progress slot=4/20 completion=0.2000 elapsed_s=20.9 slot_direction=FDD_SEPARATE_DL_UL active_ue=2 cells=57 grants=2 served_bits=7504 dropped_bits=0 overflow_events=0
[2026-09-13T06:29:24Z] INFO system_level_lls_dl_replay_progress slot=4/20 completion=0.2000 elapsed_s=36.6 slot_direction=FDD_SEPARATE_DL_UL replay_direction=DL replay_grant=1/2 cell=21 ue=1 active_ue=2 cells=57 grants=2 served_bits=7504 dropped_bits=0 overflow_events=0
[2026-09-13T06:29:24Z] INFO system_level_lls_dl_replay_progress slot=4/20 completion=0.2000 elapsed_s=37.4 slot_direction=FDD_SEPARATE_DL_UL replay_direction=DL replay_grant=2/2 cell=54 ue=2 active_ue=2 cells=57 grants=2 served_bits=11256 dropped_bits=0 overflow_events=0
[2026-09-13T06:29:25Z] INFO system_level_lls_slot_progress slot=5/20 completion=0.2500 elapsed_s=38.3 slot_direction=FDD_SEPARATE_DL_UL active_ue=2 cells=57 grants=2 served_bits=15008 dropped_bits=0 overflow_events=0
[2026-09-13T06:29:41Z] INFO system_level_lls_dl_replay_progress slot=5/20 completion=0.2500 elapsed_s=53.7 slot_direction=FDD_SEPARATE_DL_UL replay_direction=DL replay_grant=1/2 cell=21 ue=1 active_ue=2 cells=57 grants=4 served_bits=15008 dropped_bits=0 overflow_events=0
[2026-09-13T06:29:42Z] INFO system_level_lls_dl_replay_progress slot=5/20 completion=0.2500 elapsed_s=54.5 slot_direction=FDD_SEPARATE_DL_UL replay_direction=DL replay_grant=2/2 cell=54 ue=2 active_ue=2 cells=57 grants=4 served_bits=18760 dropped_bits=0 overflow_events=0
[2026-09-13T06:29:42Z] INFO system_level_lls_ul_replay_progress slot=5/20 completion=0.2500 elapsed_s=55.2 slot_direction=FDD_SEPARATE_DL_UL replay_direction=UL replay_grant=1/2 cell=21 ue=1 active_ue=2 cells=57 grants=4 served_bits=22512 dropped_bits=0 overflow_events=0
[2026-09-13T06:29:43Z] INFO system_level_lls_ul_replay_progress slot=5/20 completion=0.2500 elapsed_s=55.6 slot_direction=FDD_SEPARATE_DL_UL replay_direction=UL replay_grant=2/2 cell=54 ue=2 active_ue=2 cells=57 grants=4 served_bits=33528 dropped_bits=0 overflow_events=0
[2026-09-13T06:29:43Z] INFO system_level_lls_slot_progress slot=6/20 completion=0.3000 elapsed_s=56.1 slot_direction=FDD_SEPARATE_DL_UL active_ue=2 cells=57 grants=4 served_bits=43520 dropped_bits=0 overflow_events=0
[2026-09-13T06:29:59Z] INFO system_level_lls_dl_replay_progress slot=6/20 completion=0.3000 elapsed_s=71.9 slot_direction=FDD_SEPARATE_DL_UL replay_direction=DL replay_grant=1/2 cell=21 ue=1 active_ue=2 cells=57 grants=2 served_bits=43520 dropped_bits=0 overflow_events=0
[2026-09-13T06:30:00Z] INFO system_level_lls_dl_replay_progress slot=6/20 completion=0.3000 elapsed_s=72.6 slot_direction=FDD_SEPARATE_DL_UL replay_direction=DL replay_grant=2/2 cell=54 ue=2 active_ue=2 cells=57 grants=2 served_bits=47272 dropped_bits=0 overflow_events=0
[2026-09-13T06:30:00Z] INFO system_level_lls_slot_progress slot=7/20 completion=0.3500 elapsed_s=73.4 slot_direction=FDD_SEPARATE_DL_UL active_ue=2 cells=57 grants=2 served_bits=51024 dropped_bits=0 overflow_events=0
[2026-09-13T06:30:18Z] INFO system_level_lls_dl_replay_progress slot=7/20 completion=0.3500 elapsed_s=91.2 slot_direction=FDD_SEPARATE_DL_UL replay_direction=DL replay_grant=1/2 cell=21 ue=1 active_ue=2 cells=57 grants=2 served_bits=51024 dropped_bits=0 overflow_events=0
[2026-09-13T06:30:19Z] INFO system_level_lls_dl_replay_progress slot=7/20 completion=0.3500 elapsed_s=92.0 slot_direction=FDD_SEPARATE_DL_UL replay_direction=DL replay_grant=2/2 cell=54 ue=2 active_ue=2 cells=57 grants=2 served_bits=54776 dropped_bits=0 overflow_events=0
[2026-09-13T06:30:20Z] INFO system_level_lls_slot_progress slot=8/20 completion=0.4000 elapsed_s=93.2 slot_direction=FDD_SEPARATE_DL_UL active_ue=2 cells=57 grants=2 served_bits=58528 dropped_bits=0 overflow_events=0
[2026-09-13T06:30:36Z] INFO system_level_lls_dl_replay_progress slot=8/20 completion=0.4000 elapsed_s=108.7 slot_direction=FDD_SEPARATE_DL_UL replay_direction=DL replay_grant=1/2 cell=21 ue=1 active_ue=2 cells=57 grants=4 served_bits=58528 dropped_bits=0 overflow_events=0
[2026-09-13T06:30:37Z] INFO system_level_lls_dl_replay_progress slot=8/20 completion=0.4000 elapsed_s=109.5 slot_direction=FDD_SEPARATE_DL_UL replay_direction=DL replay_grant=2/2 cell=54 ue=2 active_ue=2 cells=57 grants=4 served_bits=62280 dropped_bits=0 overflow_events=0
[2026-09-13T06:30:37Z] INFO system_level_lls_ul_replay_progress slot=8/20 completion=0.4000 elapsed_s=110.2 slot_direction=FDD_SEPARATE_DL_UL replay_direction=UL replay_grant=1/2 cell=21 ue=1 active_ue=2 cells=57 grants=4 served_bits=66032 dropped_bits=0 overflow_events=0
[2026-09-13T06:30:38Z] INFO system_level_lls_ul_replay_progress slot=8/20 completion=0.4000 elapsed_s=110.5 slot_direction=FDD_SEPARATE_DL_UL replay_direction=UL replay_grant=2/2 cell=54 ue=2 active_ue=2 cells=57 grants=4 served_bits=66840 dropped_bits=0 overflow_events=0
[2026-09-13T06:30:38Z] INFO system_level_lls_slot_progress slot=9/20 completion=0.4500 elapsed_s=111.2 slot_direction=FDD_SEPARATE_DL_UL active_ue=2 cells=57 grants=4 served_bits=67368 dropped_bits=0 overflow_events=0
[2026-09-13T06:30:56Z] INFO system_level_lls_dl_replay_progress slot=9/20 completion=0.4500 elapsed_s=128.7 slot_direction=FDD_SEPARATE_DL_UL replay_direction=DL replay_grant=1/2 cell=21 ue=1 active_ue=2 cells=57 grants=2 served_bits=67368 dropped_bits=0 overflow_events=0
[2026-09-13T06:30:57Z] INFO system_level_lls_dl_replay_progress slot=9/20 completion=0.4500 elapsed_s=129.6 slot_direction=FDD_SEPARATE_DL_UL replay_direction=DL replay_grant=2/2 cell=54 ue=2 active_ue=2 cells=57 grants=2 served_bits=71120 dropped_bits=0 overflow_events=0
[2026-09-13T06:30:57Z] INFO system_level_lls_slot_progress slot=10/20 completion=0.5000 elapsed_s=130.4 slot_direction=FDD_SEPARATE_DL_UL active_ue=2 cells=57 grants=2 served_bits=74872 dropped_bits=0 overflow_events=0
[2026-09-13T06:31:12Z] INFO system_level_lls_dl_replay_progress slot=10/20 completion=0.5000 elapsed_s=145.3 slot_direction=FDD_SEPARATE_DL_UL replay_direction=DL replay_grant=1/2 cell=21 ue=1 active_ue=2 cells=57 grants=2 served_bits=74872 dropped_bits=0 overflow_events=0
[2026-09-13T06:31:13Z] INFO system_level_lls_dl_replay_progress slot=10/20 completion=0.5000 elapsed_s=146.2 slot_direction=FDD_SEPARATE_DL_UL replay_direction=DL replay_grant=2/2 cell=54 ue=2 active_ue=2 cells=57 grants=2 served_bits=78624 dropped_bits=0 overflow_events=0
[2026-09-13T06:31:14Z] INFO system_level_lls_slot_progress slot=11/20 completion=0.5500 elapsed_s=147.1 slot_direction=FDD_SEPARATE_DL_UL active_ue=2 cells=57 grants=2 served_bits=82376 dropped_bits=0 overflow_events=0
[2026-09-13T06:31:28Z] INFO system_level_lls_dl_replay_progress slot=11/20 completion=0.5500 elapsed_s=161.1 slot_direction=FDD_SEPARATE_DL_UL replay_direction=DL replay_grant=1/2 cell=21 ue=1 active_ue=2 cells=57 grants=4 served_bits=82376 dropped_bits=0 overflow_events=0
[2026-09-13T06:31:29Z] INFO system_level_lls_dl_replay_progress slot=11/20 completion=0.5500 elapsed_s=161.9 slot_direction=FDD_SEPARATE_DL_UL replay_direction=DL replay_grant=2/2 cell=54 ue=2 active_ue=2 cells=57 grants=4 served_bits=86128 dropped_bits=0 overflow_events=0
[2026-09-13T06:31:30Z] INFO system_level_lls_ul_replay_progress slot=11/20 completion=0.5500 elapsed_s=162.6 slot_direction=FDD_SEPARATE_DL_UL replay_direction=UL replay_grant=1/2 cell=21 ue=1 active_ue=2 cells=57 grants=4 served_bits=89880 dropped_bits=0 overflow_events=0
[2026-09-13T06:31:30Z] INFO system_level_lls_ul_replay_progress slot=11/20 completion=0.5500 elapsed_s=162.9 slot_direction=FDD_SEPARATE_DL_UL replay_direction=UL replay_grant=2/2 cell=54 ue=2 active_ue=2 cells=57 grants=4 served_bits=90688 dropped_bits=0 overflow_events=0
[2026-09-13T06:31:30Z] INFO system_level_lls_slot_progress slot=12/20 completion=0.6000 elapsed_s=163.2 slot_direction=FDD_SEPARATE_DL_UL active_ue=2 cells=57 grants=4 served_bits=91496 dropped_bits=0 overflow_events=0
[2026-09-13T06:31:45Z] INFO system_level_lls_dl_replay_progress slot=12/20 completion=0.6000 elapsed_s=178.4 slot_direction=FDD_SEPARATE_DL_UL replay_direction=DL replay_grant=1/2 cell=21 ue=1 active_ue=2 cells=57 grants=2 served_bits=91496 dropped_bits=0 overflow_events=0
[2026-09-13T06:31:46Z] INFO system_level_lls_dl_replay_progress slot=12/20 completion=0.6000 elapsed_s=179.2 slot_direction=FDD_SEPARATE_DL_UL replay_direction=DL replay_grant=2/2 cell=54 ue=2 active_ue=2 cells=57 grants=2 served_bits=95248 dropped_bits=0 overflow_events=0
[2026-09-13T06:31:47Z] INFO system_level_lls_slot_progress slot=13/20 completion=0.6500 elapsed_s=180.1 slot_direction=FDD_SEPARATE_DL_UL active_ue=2 cells=57 grants=2 served_bits=99000 dropped_bits=0 overflow_events=0
[2026-09-13T06:32:02Z] INFO system_level_lls_dl_replay_progress slot=13/20 completion=0.6500 elapsed_s=195.3 slot_direction=FDD_SEPARATE_DL_UL replay_direction=DL replay_grant=1/2 cell=21 ue=1 active_ue=2 cells=57 grants=2 served_bits=99000 dropped_bits=0 overflow_events=0
[2026-09-13T06:32:03Z] INFO system_level_lls_dl_replay_progress slot=13/20 completion=0.6500 elapsed_s=196.1 slot_direction=FDD_SEPARATE_DL_UL replay_direction=DL replay_grant=2/2 cell=54 ue=2 active_ue=2 cells=57 grants=2 served_bits=102752 dropped_bits=0 overflow_events=0
[2026-09-13T06:32:04Z] INFO system_level_lls_slot_progress slot=14/20 completion=0.7000 elapsed_s=196.8 slot_direction=FDD_SEPARATE_DL_UL active_ue=2 cells=57 grants=2 served_bits=106504 dropped_bits=0 overflow_events=0
[2026-09-13T06:32:20Z] INFO system_level_lls_dl_replay_progress slot=14/20 completion=0.7000 elapsed_s=213.0 slot_direction=FDD_SEPARATE_DL_UL replay_direction=DL replay_grant=1/2 cell=21 ue=1 active_ue=2 cells=57 grants=4 served_bits=106504 dropped_bits=0 overflow_events=0
[2026-09-13T06:32:21Z] INFO system_level_lls_dl_replay_progress slot=14/20 completion=0.7000 elapsed_s=213.9 slot_direction=FDD_SEPARATE_DL_UL replay_direction=DL replay_grant=2/2 cell=54 ue=2 active_ue=2 cells=57 grants=4 served_bits=110256 dropped_bits=0 overflow_events=0
[2026-09-13T06:32:22Z] INFO system_level_lls_ul_replay_progress slot=14/20 completion=0.7000 elapsed_s=214.7 slot_direction=FDD_SEPARATE_DL_UL replay_direction=UL replay_grant=1/2 cell=21 ue=1 active_ue=2 cells=57 grants=4 served_bits=114008 dropped_bits=0 overflow_events=0
[2026-09-13T06:32:22Z] INFO system_level_lls_ul_replay_progress slot=14/20 completion=0.7000 elapsed_s=215.0 slot_direction=FDD_SEPARATE_DL_UL replay_direction=UL replay_grant=2/2 cell=54 ue=2 active_ue=2 cells=57 grants=4 served_bits=114816 dropped_bits=0 overflow_events=0
[2026-09-13T06:32:22Z] INFO system_level_lls_slot_progress slot=15/20 completion=0.7500 elapsed_s=215.3 slot_direction=FDD_SEPARATE_DL_UL active_ue=2 cells=57 grants=4 served_bits=115624 dropped_bits=0 overflow_events=0
[2026-09-13T06:32:40Z] INFO system_level_lls_dl_replay_progress slot=15/20 completion=0.7500 elapsed_s=233.1 slot_direction=FDD_SEPARATE_DL_UL replay_direction=DL replay_grant=1/2 cell=21 ue=1 active_ue=2 cells=57 grants=2 served_bits=115624 dropped_bits=0 overflow_events=0
[2026-09-13T06:32:41Z] INFO system_level_lls_dl_replay_progress slot=15/20 completion=0.7500 elapsed_s=234.3 slot_direction=FDD_SEPARATE_DL_UL replay_direction=DL replay_grant=2/2 cell=54 ue=2 active_ue=2 cells=57 grants=2 served_bits=119376 dropped_bits=0 overflow_events=0
[2026-09-13T06:32:42Z] INFO system_level_lls_slot_progress slot=16/20 completion=0.8000 elapsed_s=235.0 slot_direction=FDD_SEPARATE_DL_UL active_ue=2 cells=57 grants=2 served_bits=123128 dropped_bits=0 overflow_events=0
[2026-09-13T06:32:58Z] INFO system_level_lls_dl_replay_progress slot=16/20 completion=0.8000 elapsed_s=250.4 slot_direction=FDD_SEPARATE_DL_UL replay_direction=DL replay_grant=1/2 cell=21 ue=1 active_ue=2 cells=57 grants=2 served_bits=123128 dropped_bits=0 overflow_events=0
[2026-09-13T06:32:58Z] INFO system_level_lls_dl_replay_progress slot=16/20 completion=0.8000 elapsed_s=251.2 slot_direction=FDD_SEPARATE_DL_UL replay_direction=DL replay_grant=2/2 cell=54 ue=2 active_ue=2 cells=57 grants=2 served_bits=126880 dropped_bits=0 overflow_events=0
[2026-09-13T06:32:59Z] INFO system_level_lls_slot_progress slot=17/20 completion=0.8500 elapsed_s=252.0 slot_direction=FDD_SEPARATE_DL_UL active_ue=2 cells=57 grants=2 served_bits=130632 dropped_bits=0 overflow_events=0
[2026-09-13T06:33:14Z] INFO system_level_lls_dl_replay_progress slot=17/20 completion=0.8500 elapsed_s=267.1 slot_direction=FDD_SEPARATE_DL_UL replay_direction=DL replay_grant=1/2 cell=21 ue=1 active_ue=2 cells=57 grants=4 served_bits=130632 dropped_bits=0 overflow_events=0
[2026-09-13T06:33:15Z] INFO system_level_lls_dl_replay_progress slot=17/20 completion=0.8500 elapsed_s=267.9 slot_direction=FDD_SEPARATE_DL_UL replay_direction=DL replay_grant=2/2 cell=54 ue=2 active_ue=2 cells=57 grants=4 served_bits=134384 dropped_bits=0 overflow_events=0
[2026-09-13T06:33:16Z] INFO system_level_lls_ul_replay_progress slot=17/20 completion=0.8500 elapsed_s=268.7 slot_direction=FDD_SEPARATE_DL_UL replay_direction=UL replay_grant=1/2 cell=21 ue=1 active_ue=2 cells=57 grants=4 served_bits=138136 dropped_bits=0 overflow_events=0
[2026-09-13T06:33:16Z] INFO system_level_lls_ul_replay_progress slot=17/20 completion=0.8500 elapsed_s=269.0 slot_direction=FDD_SEPARATE_DL_UL replay_direction=UL replay_grant=2/2 cell=54 ue=2 active_ue=2 cells=57 grants=4 served_bits=138944 dropped_bits=0 overflow_events=0
[2026-09-13T06:33:16Z] INFO system_level_lls_slot_progress slot=18/20 completion=0.9000 elapsed_s=269.3 slot_direction=FDD_SEPARATE_DL_UL active_ue=2 cells=57 grants=4 served_bits=139752 dropped_bits=0 overflow_events=0
[2026-09-13T06:33:31Z] INFO system_level_lls_dl_replay_progress slot=18/20 completion=0.9000 elapsed_s=283.6 slot_direction=FDD_SEPARATE_DL_UL replay_direction=DL replay_grant=1/2 cell=21 ue=1 active_ue=2 cells=57 grants=2 served_bits=139752 dropped_bits=0 overflow_events=0
[2026-09-13T06:33:31Z] INFO system_level_lls_dl_replay_progress slot=18/20 completion=0.9000 elapsed_s=284.4 slot_direction=FDD_SEPARATE_DL_UL replay_direction=DL replay_grant=2/2 cell=54 ue=2 active_ue=2 cells=57 grants=2 served_bits=143504 dropped_bits=0 overflow_events=0
[2026-09-13T06:33:32Z] INFO system_level_lls_slot_progress slot=19/20 completion=0.9500 elapsed_s=285.1 slot_direction=FDD_SEPARATE_DL_UL active_ue=2 cells=57 grants=2 served_bits=147256 dropped_bits=0 overflow_events=0
[2026-09-13T06:33:48Z] INFO system_level_lls_dl_replay_progress slot=19/20 completion=0.9500 elapsed_s=301.1 slot_direction=FDD_SEPARATE_DL_UL replay_direction=DL replay_grant=1/2 cell=21 ue=1 active_ue=2 cells=57 grants=2 served_bits=147256 dropped_bits=0 overflow_events=0
[2026-09-13T06:33:49Z] INFO system_level_lls_dl_replay_progress slot=19/20 completion=0.9500 elapsed_s=302.0 slot_direction=FDD_SEPARATE_DL_UL replay_direction=DL replay_grant=2/2 cell=54 ue=2 active_ue=2 cells=57 grants=2 served_bits=151008 dropped_bits=0 overflow_events=0
[2026-09-13T06:33:50Z] INFO system_level_lls_slot_progress slot=20/20 completion=1.0000 elapsed_s=302.8 slot_direction=FDD_SEPARATE_DL_UL active_ue=2 cells=57 grants=2 served_bits=154760 dropped_bits=0 overflow_events=0
[2026-09-13T06:33:50Z] INFO system_level_lls_finalizing_exports slot=20/20 completion=1.0000 elapsed_s=302.8 slot_direction=finalizing active_ue=2 cells=57 grants=2 served_bits=154760 dropped_bits=0 overflow_events=0
[2026-09-13T06:33:50Z] INFO system_level_lls_finalizing_tables_started slot=20/20 completion=1.0000 elapsed_s=302.8 slot_direction=finalizing_tables active_ue=2 cells=57 grants=2 served_bits=154760 dropped_bits=0 overflow_events=0
[2026-09-13T06:33:50Z] INFO system_level_lls_finalizing_tables_ready slot=20/20 completion=1.0000 elapsed_s=303.2 slot_direction=finalizing_tables_ready active_ue=2 cells=57 grants=2 served_bits=154760 dropped_bits=0 overflow_events=0
[2026-09-13T06:33:51Z] INFO system_level_lls_finalizing_persistence_started slot=20/20 completion=1.0000 elapsed_s=303.5 slot_direction=finalizing_persistence active_ue=2 cells=57 grants=2 served_bits=154760 dropped_bits=0 overflow_events=0
[2026-09-13T06:33:51Z] INFO system_level_lls_finalizing_persistence_ready slot=20/20 completion=1.0000 elapsed_s=303.5 slot_direction=finalizing_persistence_ready active_ue=2 cells=57 grants=2 served_bits=154760 dropped_bits=0 overflow_events=0
CONFIGURED_CAMPAIGN_SEED_PASS: master=33
[PASS] testE2E_TruthPacketSemanticCampaign (976.27s)
Slowest 10 test(s):
   1. testE2E_TruthPacketSemanticCampaign (976.27s)
   2. testE2E_FastVsTruth (724.26s)
   3. testLLS_DL (134.53s)
   4. testLLS_ReferencePoints (125.13s)
   5. testLLS_UL (111.30s)
   6. testLinkExportPipeline (60.26s)
   7. testConfig (45.27s)
   8. testSchedulerGrantConsistency (18.63s)
   9. testStrictMode_NoFallbackAnywhere (8.81s)
  10. testOrganizeRunResults_E2EArtifactPreservation (1.55s)

ans = 

  struct with fields:

                  ok: 1
             results: [12×1 struct]
      selected_tests: {12×1 cell}
    total_duration_s: 2.2068e+03

