SERVER_VALIDATION_START scope=focused_tests MATLAB=26.1.0.3312084 (R2026a) Update 4 release=2026a
TOOLBOX 5G Toolbox | 26.1 | (R2026a)
TOOLBOX 6G Exploration Library for 5G Toolbox | 26.1.5 | (R2026a)
TOOLBOX AUTOSAR Blockset | 26.1 | (R2026a)
TOOLBOX Aerospace Blockset | 26.1 | (R2026a)
TOOLBOX Aerospace Toolbox | 26.1 | (R2026a)
TOOLBOX Antenna Toolbox | 26.1 | (R2026a)
TOOLBOX Audio Toolbox | 26.1 | (R2026a)
TOOLBOX Automated Driving Toolbox | 26.1 | (R2026a)
TOOLBOX Bioinformatics Toolbox | 26.1 | (R2026a)
TOOLBOX Bluetooth Toolbox | 26.1 | (R2026a)
TOOLBOX C2000 Microcontroller Blockset | 26.1 | (R2026a)
TOOLBOX Communications Toolbox | 26.1 | (R2026a)
TOOLBOX Computer Vision Toolbox | 26.1 | (R2026a)
TOOLBOX Control System Toolbox | 26.1 | (R2026a)
TOOLBOX Curve Fitting Toolbox | 26.1 | (R2026a)
TOOLBOX DDS Blockset | 26.1 | (R2026a)
TOOLBOX DSP HDL Toolbox | 26.1 | (R2026a)
TOOLBOX DSP System Toolbox | 26.1 | (R2026a)
TOOLBOX Data Acquisition Toolbox | 26.1 | (R2026a)
TOOLBOX Database Toolbox | 26.1 | (R2026a)
TOOLBOX Datafeed Toolbox | 26.1 | (R2026a)
TOOLBOX Deep Learning HDL Toolbox | 26.1 | (R2026a)
TOOLBOX Deep Learning Toolbox | 26.1 | (R2026a)
TOOLBOX Econometrics Toolbox | 26.1 | (R2026a)
TOOLBOX Embedded Coder | 26.1 | (R2026a)
TOOLBOX Financial Instruments Toolbox | 26.1 | (R2026a)
TOOLBOX Financial Toolbox | 26.1 | (R2026a)
TOOLBOX Fixed-Point Designer | 26.1 | (R2026a)
TOOLBOX Fuzzy Logic Toolbox | 26.1 | (R2026a)
TOOLBOX GPU Coder | 26.1 | (R2026a)
TOOLBOX Global Optimization Toolbox | 26.1 | (R2026a)
TOOLBOX HDL Coder | 26.1 | (R2026a)
TOOLBOX HDL Verifier | 26.1 | (R2026a)
TOOLBOX Image Acquisition Toolbox | 26.1 | (R2026a)
TOOLBOX Image Processing Toolbox | 26.1 | (R2026a)
TOOLBOX Industrial Communication Toolbox | 26.1 | (R2026a)
TOOLBOX Instrument Control Toolbox | 26.1 | (R2026a)
TOOLBOX LTE Toolbox | 26.1 | (R2026a)
TOOLBOX Lidar Toolbox | 26.1 | (R2026a)
TOOLBOX MATLAB | 26.1 | (R2026a)
TOOLBOX MATLAB Coder | 26.1 | (R2026a)
TOOLBOX MATLAB Compiler | 26.1 | (R2026a)
TOOLBOX MATLAB Compiler SDK | 26.1 | (R2026a)
TOOLBOX MATLAB Report Generator | 26.1 | (R2026a)
TOOLBOX MATLAB Test | 26.1 | (R2026a)
TOOLBOX Mapping Toolbox | 26.1 | (R2026a)
TOOLBOX Medical Imaging Toolbox | 26.1 | (R2026a)
TOOLBOX Mixed-Signal Blockset | 26.1 | (R2026a)
TOOLBOX Model Predictive Control Toolbox | 26.1 | (R2026a)
TOOLBOX Model-Based Calibration Toolbox | 26.1 | (R2026a)
TOOLBOX Motor Control Blockset | 26.1 | (R2026a)
TOOLBOX Navigation Toolbox | 26.1 | (R2026a)
TOOLBOX Optimization Toolbox | 26.1 | (R2026a)
TOOLBOX Parallel Computing Toolbox | 26.1 | (R2026a)
TOOLBOX Partial Differential Equation Toolbox | 26.1 | (R2026a)
TOOLBOX Phased Array System Toolbox | 26.1 | (R2026a)
TOOLBOX Powertrain Blockset | 26.1 | (R2026a)
TOOLBOX Predictive Maintenance Toolbox | 26.1 | (R2026a)
TOOLBOX RF Blockset | 26.1 | (R2026a)
TOOLBOX RF PCB Toolbox | 26.1 | (R2026a)
TOOLBOX RF Toolbox | 26.1 | (R2026a)
TOOLBOX ROS Toolbox | 26.1 | (R2026a)
TOOLBOX Radar Toolbox | 26.1 | (R2026a)
TOOLBOX Raspberry Pi Blockset | 26.1 | (R2026a)
TOOLBOX Reinforcement Learning Toolbox | 26.1 | (R2026a)
TOOLBOX Requirements Toolbox | 26.1 | (R2026a)
TOOLBOX Risk Management Toolbox | 26.1 | (R2026a)
TOOLBOX Robotics System Toolbox | 26.1 | (R2026a)
TOOLBOX Robust Control Toolbox | 26.1 | (R2026a)
TOOLBOX STM32 Microcontroller Blockset | 26.1 | (R2026a)
TOOLBOX Satellite Communications Toolbox | 26.1 | (R2026a)
TOOLBOX Sensor Fusion and Tracking Toolbox | 26.1 | (R2026a)
TOOLBOX SerDes Toolbox | 26.1 | (R2026a)
TOOLBOX Signal Integrity Toolbox | 26.1 | (R2026a)
TOOLBOX Signal Processing Toolbox | 26.1 | (R2026a)
TOOLBOX SimBiology | 26.1 | (R2026a)
TOOLBOX SimEvents | 26.1 | (R2026a)
TOOLBOX Simscape | 26.1 | (R2026a)
TOOLBOX Simscape Battery | 26.1 | (R2026a)
TOOLBOX Simscape Driveline | 26.1 | (R2026a)
TOOLBOX Simscape Electrical | 26.1 | (R2026a)
TOOLBOX Simscape Fluids | 26.1 | (R2026a)
TOOLBOX Simscape Multibody | 26.1 | (R2026a)
TOOLBOX Simulink | 26.1 | (R2026a)
TOOLBOX Simulink 3D Animation | 26.1 | (R2026a)
TOOLBOX Simulink Check | 26.1 | (R2026a)
TOOLBOX Simulink Code Inspector | 26.1 | (R2026a)
TOOLBOX Simulink Coder | 26.1 | (R2026a)
TOOLBOX Simulink Compiler | 26.1 | (R2026a)
TOOLBOX Simulink Control Design | 26.1 | (R2026a)
TOOLBOX Simulink Coverage | 26.1 | (R2026a)
TOOLBOX Simulink Design Optimization | 26.1 | (R2026a)
TOOLBOX Simulink Design Verifier | 26.1 | (R2026a)
TOOLBOX Simulink Desktop Real-Time | 26.1 | (R2026a)
TOOLBOX Simulink FMU Builder | 26.1 | (R2026a)
TOOLBOX Simulink Fault Analyzer | 26.1 | (R2026a)
TOOLBOX Simulink PLC Coder | 26.1 | (R2026a)
TOOLBOX Simulink Real-Time | 26.1 | (R2026a)
TOOLBOX Simulink Report Generator | 26.1 | (R2026a)
TOOLBOX Simulink Test | 26.1 | (R2026a)
TOOLBOX SoC Blockset | 26.1 | (R2026a)
TOOLBOX Spreadsheet Link | 26.1 | (R2026a)
TOOLBOX Stateflow | 26.1 | (R2026a)
TOOLBOX Statistics and Machine Learning Toolbox | 26.1 | (R2026a)
TOOLBOX Symbolic Math Toolbox | 26.1 | (R2026a)
TOOLBOX System Composer | 26.1 | (R2026a)
TOOLBOX System Identification Toolbox | 26.1 | (R2026a)
TOOLBOX Text Analytics Toolbox | 26.1 | (R2026a)
TOOLBOX UAV Toolbox | 26.1 | (R2026a)
TOOLBOX Vehicle Dynamics Blockset | 26.1 | (R2026a)
TOOLBOX Vehicle Network Toolbox | 26.1 | (R2026a)
TOOLBOX Vision HDL Toolbox | 26.1 | (R2026a)
TOOLBOX WLAN Toolbox | 26.1 | (R2026a)
TOOLBOX Wavelet Toolbox | 26.1 | (R2026a)
TOOLBOX Wireless HDL Toolbox | 26.1 | (R2026a)
TOOLBOX Wireless Network Toolbox | 26.1 | (R2026a)
TOOLBOX Wireless Testbench | 26.1 | (R2026a)
[setup] Added paths under: C:\Users\anup0\OneDrive\Documents\Simulator\6GR Simulator_v2_clean_main
[setup] OK  : 5G Toolbox                   (nrOFDMInfo)
[setup] OK  : 5G Toolbox                   (nrPUSCH)
[setup] OK  : 5G Toolbox                   (nrPDSCH)
[setup] OK  : 5G Toolbox                   (nrLDPCEncode)
[setup] OK  : 5G Toolbox                   (nrRateRecoverLDPC)
[setup] OK  : COMM Toolbox                 (awgn)
[setup] OK  : DL Toolbox                   (trainNetwork)
[setup] OK  : PCT                          (parpool)
[setup] OK  : PHASED                       (phased.URA)
[setup] OK  : WNS Lib                      (wirelessNetworkSimulator)
[setup] OK  : Site Viewer                  (siteviewer)
[setup] OK  : RF Prop                      (txsite)
[setup] OK  : 5G Toolbox                   (nrPathLoss)
[setup] Done.
[setup] YAML runtime: ready      backend=external_python
[setup] YAML python:  C:\ProgramData\anaconda3\python.EXE
[setup] YAML version: 3.12.4
SETUP_LOG_SNAPSHOT_EXCLUSION_PASS cached_path_pruned=1 current_test_and_runtime_paths=1
[PASS] testSetupExcludesLogSnapshots (12.28s)
PUCCH_FEEDBACK_SCORING_EXPORT_PASS usable_false_ACK_stays_FAIL=1 CSV_roundtrip=1 RF_executions=0 file=C:\Users\anup0\OneDrive\Documents\Simulator\6GR Simulator_v2_clean_main\logs\tpc8ae7cab_7afc_44a7_b112_218a050aac95\declared_feedback_export_fixture.csv
[PASS] testPUCCHFeedbackScoringExport (3.52s)
Unrecognized field name "CurrentSweepPointIndex".

Error in sixgr.truth.CoupledTruthRuntime.futureULPlanningView (line 533)
            state,"UL",state.CurrentSweepPointIndex,state.CurrentSweepPointCount, ...
                       ^^^^^^^^^^^^^^^^^^^^^^^^^^^^
Error in testCSIPhysicalKnowledgeConsumer (line 41)
plan=sixgr.truth.CoupledTruthRuntime.futureULPlanningView(state,5);
     ^^^^^^^^^^^^^^^^^^^^^^^^^^^^^^^^^^^^^^^^^^^^^^^^^^^^^^^^^^^^^
Error in executeRegressionTest (line 7)
outcome = feval(fn);
          ^^^^^^^^^
Error in runFocusedTests (line 37)
        executeRegressionTest(fn);
        ^^^^^^^^^^^^^^^^^^^^^^^^^
Error in testAll (line 18)
    report = runFocusedTests(requestedNames, "ShowSlowest", double(opt.ShowSlowest));
             ^^^^^^^^^^^^^^^^^^^^^^^^^^^^^^^^^^^^^^^^^^^^^^^^^^^^^^^^^^^^^^^^^^^^^^^
Error in run_server_testall (line 29)
        if isempty(names), report=testAll; else, report=testAll('Names',names); end
                                                        ^^^^^^^^^^^^^^^^^^^^^^
[FAIL] testCSIPhysicalKnowledgeConsumer (25.90s)
       Unrecognized field name "CurrentSweepPointIndex".
PUSCH_PUCCH_DECISION_CSV_ROUNDTRIP_PASS: C:\Users\anup0\AppData\Local\Temp\tp09ebfa74_9c1f_4b3c_881e_0ab3c2489e76
testLLSPUSCHHARQACKRuntimeFeedback: PASS
[PASS] testLLSPUSCHHARQACKRuntimeFeedback (18.97s)
CONFIGURED_COMBINED_PUCCH_RX_PASS waveforms=2 ranks=1,2 constant_receiver_schema=1 HARQ_SR_CSI_bits_exact=1 integrated=0
[PASS] testConfiguredCombinedPUCCHReception (3.08s)
CSI_MIXED_CLOCK_CONSUMER_PASS padded_slot_rows=1 sample_CSI_strict=1 domain_downgrade_rejected=1 RF_executions=0
[PASS] testCSIMixedClockConsumer (0.58s)
[PASS] testFinalCoupledWaveformPreview (0.03s)
PUSCH_HARQ_ACK_PREFLIGHT_UNIT_PASS reordered rows, later invalid binding, timeline, owner, binary and clock guards
[PASS] testPUSCHHARQACKBindingPreflight (0.11s)
PUSCH_HARQ_ACK_PREFLIGHT_REDUCER_PASS late-failure no-mutation guards and usable false-ACK semantics
[PASS] testPUSCHHARQACKPreflightReducer (0.32s)
SHARED_PUCCH_CODEBOOK_BINDING_UNIT_PASS gaps, wrap, reordered identities, scoring independence, negative guards
[PASS] testSharedPUCCHCodebookBinding (0.29s)
UCI_CRC_NATIVE_AUTHORITY_PASS coding_cases=11 failed_codeblocks_exercised=10
[PASS] testUCIDecoderCRC (1.08s)
PUCCH_RECEIVER_CRC_PASS desired=pass wrong_RNTI=CRC_fail both_waveforms_detected
[PASS] testPUCCHReceiverCRC (1.20s)
[PASS] testLLSPUCCHGrantRuntimeArtifacts (10.89s)
Slowest 10 test(s):
   1. testCSIPhysicalKnowledgeConsumer (25.90s)
   2. testLLSPUSCHHARQACKRuntimeFeedback (18.97s)
   3. testSetupExcludesLogSnapshots (12.28s)
   4. testLLSPUCCHGrantRuntimeArtifacts (10.89s)
   5. testPUCCHFeedbackScoringExport (3.52s)
   6. testConfiguredCombinedPUCCHReception (3.08s)
   7. testPUCCHReceiverCRC (1.20s)
   8. testUCIDecoderCRC (1.08s)
   9. testCSIMixedClockConsumer (0.58s)
  10. testPUSCHHARQACKPreflightReducer (0.32s)
Error using assert
1 of 13 tests failed. Share this run's logs folder.

Error in run_server_testall (line 40)
        assert(report.ok,'sixgr:tests:ServerRegressionFailed', ...
        ^^^^^^^^^^^^^^^^^^^^^^^^^^^^^^^^^^^^^^^^^^^^^^^^^^^^^^^^^^
{Error using assert
1 of 13 tests failed. Share this run's logs folder.

Error in run_server_testall (line 40)
        assert(report.ok,'sixgr:tests:ServerRegressionFailed', ...
        ^^^^^^^^^^^^^^^^^^^^^^^^^^^^^^^^^^^^^^^^^^^^^^^^^^^^^^^^^^
} 
