{Error using sixgr.link.failIfStrictCoverageGap (line 11)
Strict mode forbids skipping PUSCH coverage because every frame crashed: The frozen UL MU receive combiner must be semi-unitary so the scalar thermal-noise variance
remains valid; residual=1.41421356237.

Error in sixgr.link.runULPUSCHThroughput (line 1677)
    sixgr.link.failIfStrictCoverageGap(cfg, "sixgr:link:StrictCoverageUnsupported", ...
    ^^^^^^^^^^^^^^^^^^^^^^^^^^^^^^^^^^^^^^^^^^^^^^^^^^^^^^^^^^^^^^^^^^^^^^^^^^^^^^^^^^^
Error in sixgr.truth.executeGrantPHYJob (line 56)
    res = sixgr.link.runULPUSCHThroughput(cfg, args{:});
          ^^^^^^^^^^^^^^^^^^^^^^^^^^^^^^^^^^^^^^^^^^^^^
Error in sixgr.truth.runWaveformLinkBundle>localRunSingleFrameDirectionTrial (line 3793)
    jobResult = sixgr.truth.executeGrantPHYJob(job);
                ^^^^^^^^^^^^^^^^^^^^^^^^^^^^^^^^^^^
Error in sixgr.truth.runWaveformLinkBundle>localExecuteCoupledGrantBatchPlan (line 4236)
[userT, userConst, waveT, laStateOut, res] = localRunSingleFrameDirectionTrial( ...
                                             ^^^^^^^^^^^^^^^^^^^^^^^^^^^^^^^^^^^^^^
Error in sixgr.truth.runWaveformLinkBundle>localRunCoupledGrantBatch (line 4099)
        [resultPlan, runtimeState] = localExecuteCoupledGrantBatchPlan(batch(bi), runtimeState, resolvedGrantCache, multiUser, direction, snr_dB, absoluteFrame, interferenceCacheKey);
                                     ^^^^^^^^^^^^^^^^^^^^^^^^^^^^^^^^^^^^^^^^^^^^^^^^^^^^^^^^^^^^^^^^^^^^^^^^^^^^^^^^^^^^^^^^^^^^^^^^^^^^^^^^^^^^^^^^^^^^^^^^^^^^^^^^^^^^^^^^^^^^^^^^^
Error in sixgr.truth.runWaveformLinkBundle>localExecuteCoupledDirectionBatch (line 3861)
    [chunk, runtimeState] = localRunCoupledGrantBatch(chunk, runtimeState, resolvedGrantCache, multiUser, direction, snr_dB, absoluteFrame, interferenceCacheKey, interferenceWorkerCache, progressContext);
                            ^^^^^^^^^^^^^^^^^^^^^^^^^^^^^^^^^^^^^^^^^^^^^^^^^^^^^^^^^^^^^^^^^^^^^^^^^^^^^^^^^^^^^^^^^^^^^^^^^^^^^^^^^^^^^^^^^^^^^^^^^^^^^^^^^^^^^^^^^^^^^^^^^^^^^^^^^^^^^^^^^^^^^^^^^^^^^^^
Error in sixgr.truth.runWaveformLinkBundle>localCollectCoupledTruthMultiUserLinkTrialsAcrossSweep (line 3458)
                [runtimeState, ulTrials, ulConstT, ulStates] = localExecuteCoupledDirectionBatch( ...
                                                               ^^^^^^^^^^^^^^^^^^^^^^^^^^^^^^^^^^^^^^
Error in sixgr.truth.runWaveformLinkBundle>localExportLinkRawTrialTables (line 1362)
        localCollectCoupledTruthMultiUserLinkTrialsAcrossSweep(cfg, runFolder, multiUser, nTrials, snrGrid, ...
        ^^^^^^^^^^^^^^^^^^^^^^^^^^^^^^^^^^^^^^^^^^^^^^^^^^^^^^^^^^^^^^^^^^^^^^^^^^^^^^^^^^^^^^^^^^^^^^^^^^^^^^^
Error in sixgr.truth.runWaveformLinkBundle (line 242)
rawTrials = localExportLinkRawTrialTables(trialExecutionCfg, runFolder, res, sweepPlan.PrimaryTrialsPerSNR, snrGrid(:), multiUser, saveFigures, liveMobilityArtifacts);
            ^^^^^^^^^^^^^^^^^^^^^^^^^^^^^^^^^^^^^^^^^^^^^^^^^^^^^^^^^^^^^^^^^^^^^^^^^^^^^^^^^^^^^^^^^^^^^^^^^^^^^^^^^^^^^^^^^^^^^^^^^^^^^^^^^^^^^^^^^^^^^^^^^^^^^^^^^^
Error in sixgr.lls6g.runners.runSingle>localRunWaveformBundleScenario (line 214)
link = sixgr.truth.runWaveformLinkBundle(cfg, fullfile(runFolder, "air_interface"), opt);
       ^^^^^^^^^^^^^^^^^^^^^^^^^^^^^^^^^^^^^^^^^^^^^^^^^^^^^^^^^^^^^^^^^^^^^^^^^^^^^^^^^
Error in sixgr.lls6g.runners.runSingle>localExecutePreparedScenario (line 2309)
            result = localRunWaveformBundleScenario(cfg, scfg, runFolder, executionOptions);
                     ^^^^^^^^^^^^^^^^^^^^^^^^^^^^^^^^^^^^^^^^^^^^^^^^^^^^^^^^^^^^^^^^^^^^^^
Error in sixgr.lls6g.runners.runSingle (line 66)
execOut = localExecutePreparedScenario(scfg, runFolder, leaf, logicalRunFolder, executionOptions);
          ^^^^^^^^^^^^^^^^^^^^^^^^^^^^^^^^^^^^^^^^^^^^^^^^^^^^^^^^^^^^^^^^^^^^^^^^^^^^^^^^^^^^^^^
Error in runFullSINRSameChainSweep (line 16)
out = sixgr.lls6g.runners.runSingle(scenarioPath, outputRoot, runTag);
      ^^^^^^^^^^^^^^^^^^^^^^^^^^^^^^^^^^^^^^^^^^^^^^^^^^^^^^^^^^^^^^^
} 
ERROR: MATLAB error Exit Status: 0x00000001
