[2026-08-06T04:39:57Z] INFO Preparing LLS run: scenario=webgui_sinr_sweep_64x4_mu_mimo_repair_slice runTag=phase10_targeted_webgui_repair_11 runFolder=C:\Users\anup0\OneDrive\Documents\Simulator\6GR Simulator_v2_clean_main\results\lls\webgui_sinr_sweep_64x4_mu_mimo_repair_slice\phase10_targeted_webgui_repair_11
Starting parallel pool (parpool) using the 'Processes' profile ...
Connected to parallel pool with 4 workers.
[2026-08-06T04:41:00Z] INFO MATLAB profiler enabled for this run.
[2026-08-06T04:41:00Z] INFO Artifact store active=0 backend=filesystem schema=
[2026-08-06T04:41:00Z] INFO Writing resolved snapshots.
[2026-08-06T04:41:02Z] INFO Exporting live geometry artifacts.
[2026-08-06T04:41:02Z] INFO Executing runner profile=waveform_bundle.
[2026-08-06T04:41:02Z] INFO Waveform bundle runtime tuning: policy=yaml_exact_truth_runtime notes=exact_yaml_runtime_no_auto_reduction
[2026-08-06T04:41:02Z] INFO Waveform bundle starting: snr=20.000 dB sweepPoints=1 canonicalSlots=20 monteCarlo=1 slotDuration_s=0.000500
[2026-08-06T04:42:45Z] INFO Waveform bundle finished: ok=1
[2026-08-06T04:42:45Z] INFO Running strict waveform-backed control evidence for waveform-bundle scenario target_cases.
[2026-08-06T04:44:43Z] INFO Strict waveform-backed control evidence finished: ok=1
[2026-08-06T04:44:43Z] INFO Restoring completed strict PRACH evidence from    identity-bound, hash-verified component artifacts.
[2026-08-06T04:44:49Z] INFO Running supplemental strict SRS waveform validation for waveform-bundle scenario.
[2026-08-06T04:48:23Z] INFO Running supplemental strict TRS waveform validation for waveform-bundle scenario.
[2026-08-06T04:48:39Z] INFO Running supplemental strict SIB1/PBCH waveform mini-anchor validation for waveform-bundle scenario.
[TR38901Plus] Resolved config: Scenario=UMa Fc_Hz=3500000000 PathlossModel=nrPathLoss ShadowSigma_dB=6 PathlossEnabled=0 ShadowEnabled=0 LOSEnabled=0
[2026-08-06T04:52:33Z] INFO Running supplemental strict Channel/RF validation for waveform-bundle scenario.
[2026-08-06T04:52:49Z] INFO Refreshing MIMO nominal-vs-effective evidence from waveform-bundle raw trials.
[2026-08-06T04:52:52Z] INFO Running configured bidirectional L2 protocol component validation.
[2026-08-06T04:53:04Z] INFO Control-plane trace export complete.
[2026-08-06T04:53:04Z] INFO Runner profile completed. result.Ok=0
[2026-08-06T04:53:04Z] INFO Exporting TX/RX chain time-profile and complexity coverage artifacts.
[2026-08-06T04:53:05Z] INFO Scenario status aggregated: completion=completed_with_failures resultOk=0 requiredFailures=1 optionalPruned=0
[2026-08-06T04:53:05Z] INFO Annotating CSV artifacts.
[2026-08-06T04:53:44Z] INFO Writing scenario summary CSV.
[2026-08-06T04:53:44Z] INFO Writing runtime and environment summaries.
[2026-08-06T04:53:46Z] INFO Writing scenario manifest.
[2026-08-06T04:53:46Z] INFO Exporting initial config-ownership and hardcoding audit artifacts.
[2026-08-06T05:00:41Z] INFO Runtime truth contract evaluated: ok=0 roundtripMismatch=0 evidenceMissing=9 strictFailures=10
[2026-08-06T05:00:41Z] INFO Rewriting scenario summary CSV with final truth-gated status.
[2026-08-06T05:00:42Z] INFO Rewriting scenario manifest with final truth-gated status.
[2026-08-06T05:00:42Z] INFO Exporting MATLAB profiler artifacts before implementation validation.
[2026-08-06T05:00:58Z] INFO Writing MATLAB profiler CSV artifacts: functions=250 edges=500
[2026-08-06T05:00:59Z] INFO Exporting LLS reporting bundle.
[2026-08-06T05:03:24Z] INFO Scanning truth primary artifacts for active proxy/fallback markers.
[2026-08-06T05:03:29Z] INFO Registering fresh in-memory waveform evidence with the contract publisher.
[2026-08-06T05:03:29Z] INFO Registering fresh in-memory initial-access evidence with the contract publisher.
[2026-08-06T05:03:29Z] INFO Finalizing YAML-selected runtime-only artifact contracts.
[2026-08-06T05:03:37Z] INFO Artifact contract finalization: status=FAIL contracts=692 failures=692 requiredFailures=692.
[2026-08-06T05:03:37Z] INFO Exporting output-coverage and honest-unavailable artifacts.
exportLLSOutputCoverageArtifacts:start runFolder=C:\Users\anup0\OneDrive\Documents\Simulator\6GR Simulator_v2_clean_main\results\lls\webgui_sinr_sweep_64x4_mu_mimo_repair_slice\phase10_targeted_webgui_repair_11
exportLLSOutputCoverageArtifacts:sources_loaded runFolder=C:\Users\anup0\OneDrive\Documents\Simulator\6GR Simulator_v2_clean_main\results\lls\webgui_sinr_sweep_64x4_mu_mimo_repair_slice\phase10_targeted_webgui_repair_11
exportLLSOutputCoverageArtifacts:tables_core_topology_channel_built runFolder=C:\Users\anup0\OneDrive\Documents\Simulator\6GR Simulator_v2_clean_main\results\lls\webgui_sinr_sweep_64x4_mu_mimo_repair_slice\phase10_targeted_webgui_repair_11
exportLLSOutputCoverageArtifacts:building_live_prb_allocation runFolder=C:\Users\anup0\OneDrive\Documents\Simulator\6GR Simulator_v2_clean_main\results\lls\webgui_sinr_sweep_64x4_mu_mimo_repair_slice\phase10_targeted_webgui_repair_11
exportLLSOutputCoverageArtifacts:built_live_prb_allocation runFolder=C:\Users\anup0\OneDrive\Documents\Simulator\6GR Simulator_v2_clean_main\results\lls\webgui_sinr_sweep_64x4_mu_mimo_repair_slice\phase10_targeted_webgui_repair_11
exportLLSOutputCoverageArtifacts:building_live_re_allocation_snapshot runFolder=C:\Users\anup0\OneDrive\Documents\Simulator\6GR Simulator_v2_clean_main\results\lls\webgui_sinr_sweep_64x4_mu_mimo_repair_slice\phase10_targeted_webgui_repair_11
exportLLSOutputCoverageArtifacts:built_live_re_allocation_snapshot runFolder=C:\Users\anup0\OneDrive\Documents\Simulator\6GR Simulator_v2_clean_main\results\lls\webgui_sinr_sweep_64x4_mu_mimo_repair_slice\phase10_targeted_webgui_repair_11
exportLLSOutputCoverageArtifacts:building_scheduler_decision runFolder=C:\Users\anup0\OneDrive\Documents\Simulator\6GR Simulator_v2_clean_main\results\lls\webgui_sinr_sweep_64x4_mu_mimo_repair_slice\phase10_targeted_webgui_repair_11
exportLLSOutputCoverageArtifacts:built_scheduler_decision runFolder=C:\Users\anup0\OneDrive\Documents\Simulator\6GR Simulator_v2_clean_main\results\lls\webgui_sinr_sweep_64x4_mu_mimo_repair_slice\phase10_targeted_webgui_repair_11
exportLLSOutputCoverageArtifacts:building_prb_allocation_heatmap runFolder=C:\Users\anup0\OneDrive\Documents\Simulator\6GR Simulator_v2_clean_main\results\lls\webgui_sinr_sweep_64x4_mu_mimo_repair_slice\phase10_targeted_webgui_repair_11
exportLLSOutputCoverageArtifacts:built_prb_allocation_heatmap runFolder=C:\Users\anup0\OneDrive\Documents\Simulator\6GR Simulator_v2_clean_main\results\lls\webgui_sinr_sweep_64x4_mu_mimo_repair_slice\phase10_targeted_webgui_repair_11
exportLLSOutputCoverageArtifacts:building_dl_resource_grid_heatmap runFolder=C:\Users\anup0\OneDrive\Documents\Simulator\6GR Simulator_v2_clean_main\results\lls\webgui_sinr_sweep_64x4_mu_mimo_repair_slice\phase10_targeted_webgui_repair_11
exportLLSOutputCoverageArtifacts:built_dl_resource_grid_heatmap runFolder=C:\Users\anup0\OneDrive\Documents\Simulator\6GR Simulator_v2_clean_main\results\lls\webgui_sinr_sweep_64x4_mu_mimo_repair_slice\phase10_targeted_webgui_repair_11
exportLLSOutputCoverageArtifacts:building_ul_resource_grid_heatmap runFolder=C:\Users\anup0\OneDrive\Documents\Simulator\6GR Simulator_v2_clean_main\results\lls\webgui_sinr_sweep_64x4_mu_mimo_repair_slice\phase10_targeted_webgui_repair_11
exportLLSOutputCoverageArtifacts:built_ul_resource_grid_heatmap runFolder=C:\Users\anup0\OneDrive\Documents\Simulator\6GR Simulator_v2_clean_main\results\lls\webgui_sinr_sweep_64x4_mu_mimo_repair_slice\phase10_targeted_webgui_repair_11
exportLLSOutputCoverageArtifacts:building_dl_transport_block runFolder=C:\Users\anup0\OneDrive\Documents\Simulator\6GR Simulator_v2_clean_main\results\lls\webgui_sinr_sweep_64x4_mu_mimo_repair_slice\phase10_targeted_webgui_repair_11
exportLLSOutputCoverageArtifacts:built_dl_transport_block runFolder=C:\Users\anup0\OneDrive\Documents\Simulator\6GR Simulator_v2_clean_main\results\lls\webgui_sinr_sweep_64x4_mu_mimo_repair_slice\phase10_targeted_webgui_repair_11
exportLLSOutputCoverageArtifacts:building_ul_transport_block runFolder=C:\Users\anup0\OneDrive\Documents\Simulator\6GR Simulator_v2_clean_main\results\lls\webgui_sinr_sweep_64x4_mu_mimo_repair_slice\phase10_targeted_webgui_repair_11
exportLLSOutputCoverageArtifacts:built_ul_transport_block runFolder=C:\Users\anup0\OneDrive\Documents\Simulator\6GR Simulator_v2_clean_main\results\lls\webgui_sinr_sweep_64x4_mu_mimo_repair_slice\phase10_targeted_webgui_repair_11
exportLLSOutputCoverageArtifacts:building_harq_process runFolder=C:\Users\anup0\OneDrive\Documents\Simulator\6GR Simulator_v2_clean_main\results\lls\webgui_sinr_sweep_64x4_mu_mimo_repair_slice\phase10_targeted_webgui_repair_11
exportLLSOutputCoverageArtifacts:built_harq_process runFolder=C:\Users\anup0\OneDrive\Documents\Simulator\6GR Simulator_v2_clean_main\results\lls\webgui_sinr_sweep_64x4_mu_mimo_repair_slice\phase10_targeted_webgui_repair_11
exportLLSOutputCoverageArtifacts:building_cqi_pmi_ri runFolder=C:\Users\anup0\OneDrive\Documents\Simulator\6GR Simulator_v2_clean_main\results\lls\webgui_sinr_sweep_64x4_mu_mimo_repair_slice\phase10_targeted_webgui_repair_11
exportLLSOutputCoverageArtifacts:built_cqi_pmi_ri runFolder=C:\Users\anup0\OneDrive\Documents\Simulator\6GR Simulator_v2_clean_main\results\lls\webgui_sinr_sweep_64x4_mu_mimo_repair_slice\phase10_targeted_webgui_repair_11
exportLLSOutputCoverageArtifacts:building_mcs_tbs_evolution runFolder=C:\Users\anup0\OneDrive\Documents\Simulator\6GR Simulator_v2_clean_main\results\lls\webgui_sinr_sweep_64x4_mu_mimo_repair_slice\phase10_targeted_webgui_repair_11
exportLLSOutputCoverageArtifacts:built_mcs_tbs_evolution runFolder=C:\Users\anup0\OneDrive\Documents\Simulator\6GR Simulator_v2_clean_main\results\lls\webgui_sinr_sweep_64x4_mu_mimo_repair_slice\phase10_targeted_webgui_repair_11
exportLLSOutputCoverageArtifacts:tables_scheduler_transport_built runFolder=C:\Users\anup0\OneDrive\Documents\Simulator\6GR Simulator_v2_clean_main\results\lls\webgui_sinr_sweep_64x4_mu_mimo_repair_slice\phase10_targeted_webgui_repair_11
exportLLSOutputCoverageArtifacts:tables_latency_energy_built runFolder=C:\Users\anup0\OneDrive\Documents\Simulator\6GR Simulator_v2_clean_main\results\lls\webgui_sinr_sweep_64x4_mu_mimo_repair_slice\phase10_targeted_webgui_repair_11
exportLLSOutputCoverageArtifacts:tables_root_cause_built runFolder=C:\Users\anup0\OneDrive\Documents\Simulator\6GR Simulator_v2_clean_main\results\lls\webgui_sinr_sweep_64x4_mu_mimo_repair_slice\phase10_targeted_webgui_repair_11
exportLLSOutputCoverageArtifacts:tables_control_built runFolder=C:\Users\anup0\OneDrive\Documents\Simulator\6GR Simulator_v2_clean_main\results\lls\webgui_sinr_sweep_64x4_mu_mimo_repair_slice\phase10_targeted_webgui_repair_11
exportLLSOutputCoverageArtifacts:tables_beam_timing_built runFolder=C:\Users\anup0\OneDrive\Documents\Simulator\6GR Simulator_v2_clean_main\results\lls\webgui_sinr_sweep_64x4_mu_mimo_repair_slice\phase10_targeted_webgui_repair_11
exportLLSOutputCoverageArtifacts:tables_prompt8_adequacy_built runFolder=C:\Users\anup0\OneDrive\Documents\Simulator\6GR Simulator_v2_clean_main\results\lls\webgui_sinr_sweep_64x4_mu_mimo_repair_slice\phase10_targeted_webgui_repair_11
exportLLSOutputCoverageArtifacts:tables_built runFolder=C:\Users\anup0\OneDrive\Documents\Simulator\6GR Simulator_v2_clean_main\results\lls\webgui_sinr_sweep_64x4_mu_mimo_repair_slice\phase10_targeted_webgui_repair_11
exportLLSOutputCoverageArtifacts:json_sidecar_suppressed:packet_flow/csv/table_scheduler_decision.csv:json_sidecar_suppressed_due_scale_guard_high_cardinality_runtime_table runFolder=C:\Users\anup0\OneDrive\Documents\Simulator\6GR Simulator_v2_clean_main\results\lls\webgui_sinr_sweep_64x4_mu_mimo_repair_slice\phase10_targeted_webgui_repair_11
exportLLSOutputCoverageArtifacts:json_sidecar_suppressed:packet_flow/csv/live_prb_allocation.csv:json_sidecar_suppressed_due_scale_guard_high_cardinality_runtime_table runFolder=C:\Users\anup0\OneDrive\Documents\Simulator\6GR Simulator_v2_clean_main\results\lls\webgui_sinr_sweep_64x4_mu_mimo_repair_slice\phase10_targeted_webgui_repair_11
exportLLSOutputCoverageArtifacts:json_sidecar_suppressed:reports/csv/live_re_allocation_snapshot.csv:json_sidecar_suppressed_due_scale_guard_high_cardinality_runtime_table runFolder=C:\Users\anup0\OneDrive\Documents\Simulator\6GR Simulator_v2_clean_main\results\lls\webgui_sinr_sweep_64x4_mu_mimo_repair_slice\phase10_targeted_webgui_repair_11
exportLLSOutputCoverageArtifacts:json_sidecar_suppressed:reports/csv/prb_allocation_heatmap.csv:json_sidecar_suppressed_due_scale_guard_high_cardinality_runtime_table runFolder=C:\Users\anup0\OneDrive\Documents\Simulator\6GR Simulator_v2_clean_main\results\lls\webgui_sinr_sweep_64x4_mu_mimo_repair_slice\phase10_targeted_webgui_repair_11
exportLLSOutputCoverageArtifacts:json_sidecar_suppressed:reports/csv/dl_resource_grid_heatmap.csv:json_sidecar_suppressed_due_scale_guard_high_cardinality_runtime_table runFolder=C:\Users\anup0\OneDrive\Documents\Simulator\6GR Simulator_v2_clean_main\results\lls\webgui_sinr_sweep_64x4_mu_mimo_repair_slice\phase10_targeted_webgui_repair_11
exportLLSOutputCoverageArtifacts:json_sidecar_suppressed:reports/csv/ul_resource_grid_heatmap.csv:json_sidecar_suppressed_due_scale_guard_high_cardinality_runtime_table runFolder=C:\Users\anup0\OneDrive\Documents\Simulator\6GR Simulator_v2_clean_main\results\lls\webgui_sinr_sweep_64x4_mu_mimo_repair_slice\phase10_targeted_webgui_repair_11
exportLLSOutputCoverageArtifacts:json_sidecar_suppressed:reports/csv/table_mcs_tbs_evolution.csv:json_sidecar_suppressed_due_scale_guard_high_cardinality_runtime_table runFolder=C:\Users\anup0\OneDrive\Documents\Simulator\6GR Simulator_v2_clean_main\results\lls\webgui_sinr_sweep_64x4_mu_mimo_repair_slice\phase10_targeted_webgui_repair_11
exportLLSOutputCoverageArtifacts:json_sidecar_suppressed:reports/csv/live_power_runtime_table.csv:json_sidecar_suppressed_due_scale_guard_high_cardinality_runtime_table runFolder=C:\Users\anup0\OneDrive\Documents\Simulator\6GR Simulator_v2_clean_main\results\lls\webgui_sinr_sweep_64x4_mu_mimo_repair_slice\phase10_targeted_webgui_repair_11
exportLLSOutputCoverageArtifacts:json_sidecar_suppressed:reports/csv/live_rf_power_table.csv:json_sidecar_suppressed_due_scale_guard_high_cardinality_runtime_table runFolder=C:\Users\anup0\OneDrive\Documents\Simulator\6GR Simulator_v2_clean_main\results\lls\webgui_sinr_sweep_64x4_mu_mimo_repair_slice\phase10_targeted_webgui_repair_11
exportLLSOutputCoverageArtifacts:json_sidecar_suppressed:control/csv/timing_synchronization_table.csv:json_sidecar_suppressed_due_scale_guard_high_cardinality_runtime_table runFolder=C:\Users\anup0\OneDrive\Documents\Simulator\6GR Simulator_v2_clean_main\results\lls\webgui_sinr_sweep_64x4_mu_mimo_repair_slice\phase10_targeted_webgui_repair_11
exportLLSOutputCoverageArtifacts:table_artifacts_written runFolder=C:\Users\anup0\OneDrive\Documents\Simulator\6GR Simulator_v2_clean_main\results\lls\webgui_sinr_sweep_64x4_mu_mimo_repair_slice\phase10_targeted_webgui_repair_11
exportLLSOutputCoverageArtifacts:writing_prb_heatmap runFolder=C:\Users\anup0\OneDrive\Documents\Simulator\6GR Simulator_v2_clean_main\results\lls\webgui_sinr_sweep_64x4_mu_mimo_repair_slice\phase10_targeted_webgui_repair_11
exportLLSOutputCoverageArtifacts:writing_power_energy_figure runFolder=C:\Users\anup0\OneDrive\Documents\Simulator\6GR Simulator_v2_clean_main\results\lls\webgui_sinr_sweep_64x4_mu_mimo_repair_slice\phase10_targeted_webgui_repair_11
exportLLSOutputCoverageArtifacts:figure_artifacts_written runFolder=C:\Users\anup0\OneDrive\Documents\Simulator\6GR Simulator_v2_clean_main\results\lls\webgui_sinr_sweep_64x4_mu_mimo_repair_slice\phase10_targeted_webgui_repair_11
exportLLSOutputCoverageArtifacts:coverage_registry_built runFolder=C:\Users\anup0\OneDrive\Documents\Simulator\6GR Simulator_v2_clean_main\results\lls\webgui_sinr_sweep_64x4_mu_mimo_repair_slice\phase10_targeted_webgui_repair_11
exportLLSOutputCoverageArtifacts:coverage_audits_built runFolder=C:\Users\anup0\OneDrive\Documents\Simulator\6GR Simulator_v2_clean_main\results\lls\webgui_sinr_sweep_64x4_mu_mimo_repair_slice\phase10_targeted_webgui_repair_11
exportLLSOutputCoverageArtifacts:coverage_tables_written runFolder=C:\Users\anup0\OneDrive\Documents\Simulator\6GR Simulator_v2_clean_main\results\lls\webgui_sinr_sweep_64x4_mu_mimo_repair_slice\phase10_targeted_webgui_repair_11
exportLLSOutputCoverageArtifacts:measurement_sidecars_written runFolder=C:\Users\anup0\OneDrive\Documents\Simulator\6GR Simulator_v2_clean_main\results\lls\webgui_sinr_sweep_64x4_mu_mimo_repair_slice\phase10_targeted_webgui_repair_11
exportLLSOutputCoverageArtifacts:live_stage_control_counts_reconciled runFolder=C:\Users\anup0\OneDrive\Documents\Simulator\6GR Simulator_v2_clean_main\results\lls\webgui_sinr_sweep_64x4_mu_mimo_repair_slice\phase10_targeted_webgui_repair_11
exportLLSOutputCoverageArtifacts:publication_readiness_refreshed runFolder=C:\Users\anup0\OneDrive\Documents\Simulator\6GR Simulator_v2_clean_main\results\lls\webgui_sinr_sweep_64x4_mu_mimo_repair_slice\phase10_targeted_webgui_repair_11
exportLLSOutputCoverageArtifacts:inventory_written runFolder=C:\Users\anup0\OneDrive\Documents\Simulator\6GR Simulator_v2_clean_main\results\lls\webgui_sinr_sweep_64x4_mu_mimo_repair_slice\phase10_targeted_webgui_repair_11
exportLLSOutputCoverageArtifacts:done runFolder=C:\Users\anup0\OneDrive\Documents\Simulator\6GR Simulator_v2_clean_main\results\lls\webgui_sinr_sweep_64x4_mu_mimo_repair_slice\phase10_targeted_webgui_repair_11
[2026-08-06T05:06:23Z] INFO Refreshing config-ownership artifacts after final runtime/report exports.
[2026-08-06T05:12:31Z] INFO Materializing strict browser contract artifacts before terminal status reduction.
[2026-08-06T05:12:31Z] WARN Browser contract artifact materialization did not complete: artifact_store_inactive | MySQL artifact store is inactive, so browser contract materialization was skipped.
[2026-08-06T05:12:36Z] INFO Runtime truth contract re-evaluated after final artifact exports: ok=0 roundtripMismatch=0 evidenceMissing=9 strictFailures=10
[2026-08-06T05:12:36Z] INFO Rewriting scenario summary CSV with final artifact truth-gated status.
[2026-08-06T05:12:38Z] INFO Rewriting scenario manifest with final artifact truth-gated status.
[2026-08-06T05:12:38Z] INFO Writing artifact manifest.
[2026-08-06T05:12:39Z] INFO Writing scenario markdown report.
[2026-08-06T05:12:39Z] INFO Publishing component artifact views: enabled=0 required=0.
[2026-08-06T05:12:40Z] INFO Required final artifacts published; marking terminal run status before optional artifacts.
[2026-08-06T05:12:40Z] INFO Writing MAT result bundle.
[2026-08-06T05:13:16Z] INFO Pruning empty result directories.
[2026-08-06T05:13:17Z] WARN Run completed with truth/status failures in 2000.718 seconds: requiredFailures=847 strictTruthFailures=10
RESUME_OK=0 RUN_FOLDER=C:\Users\anup0\OneDrive\Documents\Simulator\6GR Simulator_v2_clean_main\results\lls\webgui_sinr_sweep_64x4_mu_mimo_repair_slice\phase10_targeted_webgui_repair_11
