{Error using sixgr.lls6g.config.validateScenarioConfig>localRejectUnknownSectionFields (line 151)
Unknown keys in section 'scenario' of C:\Users\anup0\OneDrive\Documents\Simulator\6GR
Simulator_v2_clean_main\results\.runtime_scenarios\phase24_plus20_same_chain_gate_01_executed.yaml: run

Error in sixgr.lls6g.config.validateScenarioConfig>localValidateScenarioSections (line 72)
    localRejectUnknownSectionFields(cfg.(sec), allowedSections.(sec), sec, ctx);
    ^^^^^^^^^^^^^^^^^^^^^^^^^^^^^^^^^^^^^^^^^^^^^^^^^^^^^^^^^^^^^^^^^^^^^^^^^^^
Error in sixgr.lls6g.config.validateScenarioConfig (line 21)
        localValidateScenarioSections(cfg, schemaDef, catalog, logical(opt.AllowPartial), ctx);
        ^^^^^^^^^^^^^^^^^^^^^^^^^^^^^^^^^^^^^^^^^^^^^^^^^^^^^^^^^^^^^^^^^^^^^^^^^^^^^^^^^^^^^^
Error in sixgr.lls6g.config.loadScenarioConfig>localResolveConfigTree (line 20)
sixgr.lls6g.config.validateScenarioConfig(raw, ...
^^^^^^^^^^^^^^^^^^^^^^^^^^^^^^^^^^^^^^^^^^^^^^^^^^
Error in sixgr.lls6g.config.loadScenarioConfig (line 5)
[resolved, chain] = localResolveConfigTree(configPath, strings(0,1));
                    ^^^^^^^^^^^^^^^^^^^^^^^^^^^^^^^^^^^^^^^^^^^^^^^^
Error in runFullSINRSameChainSweep>localRuntimeYAML (line 57)
executed = sixgr.lls6g.config.loadScenarioConfig(scenarioPath);
           ^^^^^^^^^^^^^^^^^^^^^^^^^^^^^^^^^^^^^^^^^^^^^^^^^^^
Error in runFullSINRSameChainSweep (line 22)
scenarioPath = localRuntimeYAML( ...
               ^^^^^^^^^^^^^^^^^^^^^
} 
