exportLLSOutputCoverageArtifacts:start runFolder=C:\Users\anup0\OneDrive\Documents\Simulator\6GR Simulator_v2_clean_main\results\lls\webgui_sinr_plus20_2x2_mu_mimo_wiring_gate\phase26_plus20_2x2_mu_mimo_wiring_gate_01
exportLLSOutputCoverageArtifacts:sources_loaded runFolder=C:\Users\anup0\OneDrive\Documents\Simulator\6GR Simulator_v2_clean_main\results\lls\webgui_sinr_plus20_2x2_mu_mimo_wiring_gate\phase26_plus20_2x2_mu_mimo_wiring_gate_01
exportLLSOutputCoverageArtifacts:tables_core_topology_channel_built runFolder=C:\Users\anup0\OneDrive\Documents\Simulator\6GR Simulator_v2_clean_main\results\lls\webgui_sinr_plus20_2x2_mu_mimo_wiring_gate\phase26_plus20_2x2_mu_mimo_wiring_gate_01
exportLLSOutputCoverageArtifacts:building_live_prb_allocation runFolder=C:\Users\anup0\OneDrive\Documents\Simulator\6GR Simulator_v2_clean_main\results\lls\webgui_sinr_plus20_2x2_mu_mimo_wiring_gate\phase26_plus20_2x2_mu_mimo_wiring_gate_01
exportLLSOutputCoverageArtifacts:built_live_prb_allocation runFolder=C:\Users\anup0\OneDrive\Documents\Simulator\6GR Simulator_v2_clean_main\results\lls\webgui_sinr_plus20_2x2_mu_mimo_wiring_gate\phase26_plus20_2x2_mu_mimo_wiring_gate_01
exportLLSOutputCoverageArtifacts:building_live_re_allocation_snapshot runFolder=C:\Users\anup0\OneDrive\Documents\Simulator\6GR Simulator_v2_clean_main\results\lls\webgui_sinr_plus20_2x2_mu_mimo_wiring_gate\phase26_plus20_2x2_mu_mimo_wiring_gate_01
exportLLSOutputCoverageArtifacts:built_live_re_allocation_snapshot runFolder=C:\Users\anup0\OneDrive\Documents\Simulator\6GR Simulator_v2_clean_main\results\lls\webgui_sinr_plus20_2x2_mu_mimo_wiring_gate\phase26_plus20_2x2_mu_mimo_wiring_gate_01
exportLLSOutputCoverageArtifacts:building_scheduler_decision runFolder=C:\Users\anup0\OneDrive\Documents\Simulator\6GR Simulator_v2_clean_main\results\lls\webgui_sinr_plus20_2x2_mu_mimo_wiring_gate\phase26_plus20_2x2_mu_mimo_wiring_gate_01
exportLLSOutputCoverageArtifacts:built_scheduler_decision runFolder=C:\Users\anup0\OneDrive\Documents\Simulator\6GR Simulator_v2_clean_main\results\lls\webgui_sinr_plus20_2x2_mu_mimo_wiring_gate\phase26_plus20_2x2_mu_mimo_wiring_gate_01
exportLLSOutputCoverageArtifacts:building_prb_allocation_heatmap runFolder=C:\Users\anup0\OneDrive\Documents\Simulator\6GR Simulator_v2_clean_main\results\lls\webgui_sinr_plus20_2x2_mu_mimo_wiring_gate\phase26_plus20_2x2_mu_mimo_wiring_gate_01
exportLLSOutputCoverageArtifacts:built_prb_allocation_heatmap runFolder=C:\Users\anup0\OneDrive\Documents\Simulator\6GR Simulator_v2_clean_main\results\lls\webgui_sinr_plus20_2x2_mu_mimo_wiring_gate\phase26_plus20_2x2_mu_mimo_wiring_gate_01
exportLLSOutputCoverageArtifacts:building_dl_resource_grid_heatmap runFolder=C:\Users\anup0\OneDrive\Documents\Simulator\6GR Simulator_v2_clean_main\results\lls\webgui_sinr_plus20_2x2_mu_mimo_wiring_gate\phase26_plus20_2x2_mu_mimo_wiring_gate_01
exportLLSOutputCoverageArtifacts:built_dl_resource_grid_heatmap runFolder=C:\Users\anup0\OneDrive\Documents\Simulator\6GR Simulator_v2_clean_main\results\lls\webgui_sinr_plus20_2x2_mu_mimo_wiring_gate\phase26_plus20_2x2_mu_mimo_wiring_gate_01
exportLLSOutputCoverageArtifacts:building_ul_resource_grid_heatmap runFolder=C:\Users\anup0\OneDrive\Documents\Simulator\6GR Simulator_v2_clean_main\results\lls\webgui_sinr_plus20_2x2_mu_mimo_wiring_gate\phase26_plus20_2x2_mu_mimo_wiring_gate_01
exportLLSOutputCoverageArtifacts:built_ul_resource_grid_heatmap runFolder=C:\Users\anup0\OneDrive\Documents\Simulator\6GR Simulator_v2_clean_main\results\lls\webgui_sinr_plus20_2x2_mu_mimo_wiring_gate\phase26_plus20_2x2_mu_mimo_wiring_gate_01
exportLLSOutputCoverageArtifacts:building_dl_transport_block runFolder=C:\Users\anup0\OneDrive\Documents\Simulator\6GR Simulator_v2_clean_main\results\lls\webgui_sinr_plus20_2x2_mu_mimo_wiring_gate\phase26_plus20_2x2_mu_mimo_wiring_gate_01
exportLLSOutputCoverageArtifacts:built_dl_transport_block runFolder=C:\Users\anup0\OneDrive\Documents\Simulator\6GR Simulator_v2_clean_main\results\lls\webgui_sinr_plus20_2x2_mu_mimo_wiring_gate\phase26_plus20_2x2_mu_mimo_wiring_gate_01
exportLLSOutputCoverageArtifacts:building_ul_transport_block runFolder=C:\Users\anup0\OneDrive\Documents\Simulator\6GR Simulator_v2_clean_main\results\lls\webgui_sinr_plus20_2x2_mu_mimo_wiring_gate\phase26_plus20_2x2_mu_mimo_wiring_gate_01
exportLLSOutputCoverageArtifacts:built_ul_transport_block runFolder=C:\Users\anup0\OneDrive\Documents\Simulator\6GR Simulator_v2_clean_main\results\lls\webgui_sinr_plus20_2x2_mu_mimo_wiring_gate\phase26_plus20_2x2_mu_mimo_wiring_gate_01
exportLLSOutputCoverageArtifacts:building_harq_process runFolder=C:\Users\anup0\OneDrive\Documents\Simulator\6GR Simulator_v2_clean_main\results\lls\webgui_sinr_plus20_2x2_mu_mimo_wiring_gate\phase26_plus20_2x2_mu_mimo_wiring_gate_01
exportLLSOutputCoverageArtifacts:built_harq_process runFolder=C:\Users\anup0\OneDrive\Documents\Simulator\6GR Simulator_v2_clean_main\results\lls\webgui_sinr_plus20_2x2_mu_mimo_wiring_gate\phase26_plus20_2x2_mu_mimo_wiring_gate_01
exportLLSOutputCoverageArtifacts:building_cqi_pmi_ri runFolder=C:\Users\anup0\OneDrive\Documents\Simulator\6GR Simulator_v2_clean_main\results\lls\webgui_sinr_plus20_2x2_mu_mimo_wiring_gate\phase26_plus20_2x2_mu_mimo_wiring_gate_01
exportLLSOutputCoverageArtifacts:built_cqi_pmi_ri runFolder=C:\Users\anup0\OneDrive\Documents\Simulator\6GR Simulator_v2_clean_main\results\lls\webgui_sinr_plus20_2x2_mu_mimo_wiring_gate\phase26_plus20_2x2_mu_mimo_wiring_gate_01
exportLLSOutputCoverageArtifacts:building_mcs_tbs_evolution runFolder=C:\Users\anup0\OneDrive\Documents\Simulator\6GR Simulator_v2_clean_main\results\lls\webgui_sinr_plus20_2x2_mu_mimo_wiring_gate\phase26_plus20_2x2_mu_mimo_wiring_gate_01
exportLLSOutputCoverageArtifacts:built_mcs_tbs_evolution runFolder=C:\Users\anup0\OneDrive\Documents\Simulator\6GR Simulator_v2_clean_main\results\lls\webgui_sinr_plus20_2x2_mu_mimo_wiring_gate\phase26_plus20_2x2_mu_mimo_wiring_gate_01
exportLLSOutputCoverageArtifacts:tables_scheduler_transport_built runFolder=C:\Users\anup0\OneDrive\Documents\Simulator\6GR Simulator_v2_clean_main\results\lls\webgui_sinr_plus20_2x2_mu_mimo_wiring_gate\phase26_plus20_2x2_mu_mimo_wiring_gate_01
exportLLSOutputCoverageArtifacts:tables_latency_energy_built runFolder=C:\Users\anup0\OneDrive\Documents\Simulator\6GR Simulator_v2_clean_main\results\lls\webgui_sinr_plus20_2x2_mu_mimo_wiring_gate\phase26_plus20_2x2_mu_mimo_wiring_gate_01
exportLLSOutputCoverageArtifacts:tables_root_cause_built runFolder=C:\Users\anup0\OneDrive\Documents\Simulator\6GR Simulator_v2_clean_main\results\lls\webgui_sinr_plus20_2x2_mu_mimo_wiring_gate\phase26_plus20_2x2_mu_mimo_wiring_gate_01
exportLLSOutputCoverageArtifacts:tables_control_built runFolder=C:\Users\anup0\OneDrive\Documents\Simulator\6GR Simulator_v2_clean_main\results\lls\webgui_sinr_plus20_2x2_mu_mimo_wiring_gate\phase26_plus20_2x2_mu_mimo_wiring_gate_01
exportLLSOutputCoverageArtifacts:tables_beam_timing_built runFolder=C:\Users\anup0\OneDrive\Documents\Simulator\6GR Simulator_v2_clean_main\results\lls\webgui_sinr_plus20_2x2_mu_mimo_wiring_gate\phase26_plus20_2x2_mu_mimo_wiring_gate_01
exportLLSOutputCoverageArtifacts:tables_prompt8_adequacy_built runFolder=C:\Users\anup0\OneDrive\Documents\Simulator\6GR Simulator_v2_clean_main\results\lls\webgui_sinr_plus20_2x2_mu_mimo_wiring_gate\phase26_plus20_2x2_mu_mimo_wiring_gate_01
exportLLSOutputCoverageArtifacts:tables_built runFolder=C:\Users\anup0\OneDrive\Documents\Simulator\6GR Simulator_v2_clean_main\results\lls\webgui_sinr_plus20_2x2_mu_mimo_wiring_gate\phase26_plus20_2x2_mu_mimo_wiring_gate_01
exportLLSOutputCoverageArtifacts:table_artifacts_written runFolder=C:\Users\anup0\OneDrive\Documents\Simulator\6GR Simulator_v2_clean_main\results\lls\webgui_sinr_plus20_2x2_mu_mimo_wiring_gate\phase26_plus20_2x2_mu_mimo_wiring_gate_01
exportLLSOutputCoverageArtifacts:figure_artifacts_written runFolder=C:\Users\anup0\OneDrive\Documents\Simulator\6GR Simulator_v2_clean_main\results\lls\webgui_sinr_plus20_2x2_mu_mimo_wiring_gate\phase26_plus20_2x2_mu_mimo_wiring_gate_01
exportLLSOutputCoverageArtifacts:coverage_registry_built runFolder=C:\Users\anup0\OneDrive\Documents\Simulator\6GR Simulator_v2_clean_main\results\lls\webgui_sinr_plus20_2x2_mu_mimo_wiring_gate\phase26_plus20_2x2_mu_mimo_wiring_gate_01
exportLLSOutputCoverageArtifacts:coverage_audits_built runFolder=C:\Users\anup0\OneDrive\Documents\Simulator\6GR Simulator_v2_clean_main\results\lls\webgui_sinr_plus20_2x2_mu_mimo_wiring_gate\phase26_plus20_2x2_mu_mimo_wiring_gate_01
exportLLSOutputCoverageArtifacts:coverage_tables_written runFolder=C:\Users\anup0\OneDrive\Documents\Simulator\6GR Simulator_v2_clean_main\results\lls\webgui_sinr_plus20_2x2_mu_mimo_wiring_gate\phase26_plus20_2x2_mu_mimo_wiring_gate_01
exportLLSOutputCoverageArtifacts:measurement_sidecars_written runFolder=C:\Users\anup0\OneDrive\Documents\Simulator\6GR Simulator_v2_clean_main\results\lls\webgui_sinr_plus20_2x2_mu_mimo_wiring_gate\phase26_plus20_2x2_mu_mimo_wiring_gate_01
exportLLSOutputCoverageArtifacts:live_stage_control_counts_reconciled runFolder=C:\Users\anup0\OneDrive\Documents\Simulator\6GR Simulator_v2_clean_main\results\lls\webgui_sinr_plus20_2x2_mu_mimo_wiring_gate\phase26_plus20_2x2_mu_mimo_wiring_gate_01
exportLLSOutputCoverageArtifacts:publication_readiness_refreshed runFolder=C:\Users\anup0\OneDrive\Documents\Simulator\6GR Simulator_v2_clean_main\results\lls\webgui_sinr_plus20_2x2_mu_mimo_wiring_gate\phase26_plus20_2x2_mu_mimo_wiring_gate_01
exportLLSOutputCoverageArtifacts:inventory_written runFolder=C:\Users\anup0\OneDrive\Documents\Simulator\6GR Simulator_v2_clean_main\results\lls\webgui_sinr_plus20_2x2_mu_mimo_wiring_gate\phase26_plus20_2x2_mu_mimo_wiring_gate_01
exportLLSOutputCoverageArtifacts:done runFolder=C:\Users\anup0\OneDrive\Documents\Simulator\6GR Simulator_v2_clean_main\results\lls\webgui_sinr_plus20_2x2_mu_mimo_wiring_gate\phase26_plus20_2x2_mu_mimo_wiring_gate_01
