[2026-08-09T11:18:08Z] INFO Preparing LLS run: scenario=webgui_sinr_plus20_2x2_mu_mimo_wiring_gate runTag=phase26_plus20_2x2_mu_mimo_wiring_gate_01 runFolder=C:\Users\anup0\OneDrive\Documents\Simulator\6GR Simulator_v2_clean_main\results\lls\webgui_sinr_plus20_2x2_mu_mimo_wiring_gate\phase26_plus20_2x2_mu_mimo_wiring_gate_01
[2026-08-09T11:18:15Z] INFO Artifact store active=0 backend=filesystem schema=
[2026-08-09T11:18:15Z] INFO Writing resolved snapshots.
[2026-08-09T11:18:16Z] INFO Exporting live geometry artifacts.
[2026-08-09T11:18:16Z] INFO Executing runner profile=waveform_bundle.
[2026-08-09T11:18:16Z] INFO Waveform bundle runtime tuning: policy=yaml_exact_truth_runtime notes=exact_yaml_runtime_no_auto_reduction
[2026-08-09T11:18:16Z] INFO Waveform bundle starting: snr=20.000 dB sweepPoints=1 canonicalSlots=32 monteCarlo=1 slotDuration_s=0.000500
[TR38901Plus] Resolved config: Scenario=UMa Fc_Hz=3500000000 PathlossModel=nrPathLoss ShadowSigma_dB=6 PathlossEnabled=0 ShadowEnabled=0 LOSEnabled=0
[2026-08-09T11:18:23Z] INFO Coupled canonical slot prepared: sweep=1/1 slot=1/32 duplex=DL allow_dl=1 allow_ul=0.
[2026-08-09T11:18:23Z] INFO Starting coupled pre-scheduling control gating for slot 1/32 with 2 UEs.
[2026-08-09T11:19:00Z] INFO Coupled control gating progress for slot 1/32: UE 1/2, PBCH=1 PRACH=0 SRS=0 TRS=1.
[2026-08-09T11:19:20Z] INFO Coupled control gating progress for slot 1/32: UE 2/2, PBCH=2 PRACH=0 SRS=0 TRS=1.
[2026-08-09T11:19:20Z] INFO Coupled control gating complete: slot=1 frame=1 pbch_attempts=2 prach_attempts=0 srs_attempts=0 trs_attempts=1 acquired=2/2 access=0/2 valid_srs=0/2 valid_trs_cells=1/1 tracked_serving_users=2/2 eligible=0/2.
[2026-08-09T11:19:20Z] INFO Coupled control gating complete for slot 1/32: acquired=2/2 access=0/2 valid_srs=0/2 valid_trs_cells=1/1 tracked_serving_users=2/2 eligible=0/2.
[2026-08-09T11:19:21Z] INFO DL coupled publish: operating_point 1/1 configured_label_snr_dB=20.000 ue=0/2 dlDirectionalFrames=0/32 ulDirectionalFrames=0/32 dlRows=0 ulRows=0.
[2026-08-09T11:19:21Z] INFO Coupled DL schedule complete: sweep=1/1 slot=1/32 active=0 granted=0 grants=0.
[2026-08-09T11:19:21Z] INFO Coupled DL PDCCH qualification complete: sweep=1/1 slot=1/32 executable_grants=0.
[2026-08-09T11:19:21Z] INFO Preparing coupled DL batches: sweep=1/1 slot=1/32 candidate_grants=0 batch_size=2.
[2026-08-09T11:19:23Z] INFO Coupled UL K2 preschedule complete: control_slot=1 due_slot=5 k2=4 active=0 granted=0 grants=0.
[2026-08-09T11:19:23Z] INFO Coupled canonical slot prepared: sweep=1/1 slot=2/32 duplex=DL allow_dl=1 allow_ul=0.
[2026-08-09T11:19:23Z] INFO Starting coupled pre-scheduling control gating for slot 2/32 with 2 UEs.
[2026-08-09T11:19:23Z] INFO Coupled control gating progress for slot 2/32: UE 1/2, PBCH=0 PRACH=0 SRS=0 TRS=0.
[2026-08-09T11:19:23Z] INFO Coupled control gating progress for slot 2/32: UE 2/2, PBCH=0 PRACH=0 SRS=0 TRS=0.
[2026-08-09T11:19:24Z] INFO Coupled control gating complete: slot=2 frame=1 pbch_attempts=0 prach_attempts=0 srs_attempts=0 trs_attempts=0 acquired=2/2 access=0/2 valid_srs=0/2 valid_trs_cells=1/1 tracked_serving_users=2/2 eligible=0/2.
[2026-08-09T11:19:24Z] INFO Coupled control gating complete for slot 2/32: acquired=2/2 access=0/2 valid_srs=0/2 valid_trs_cells=1/1 tracked_serving_users=2/2 eligible=0/2.
[2026-08-09T11:19:24Z] INFO DL coupled publish: operating_point 1/1 configured_label_snr_dB=20.000 ue=0/2 dlDirectionalFrames=0/32 ulDirectionalFrames=0/32 dlRows=0 ulRows=0.
[2026-08-09T11:19:24Z] INFO Coupled DL schedule complete: sweep=1/1 slot=2/32 active=0 granted=0 grants=0.
[2026-08-09T11:19:24Z] INFO Coupled DL PDCCH qualification complete: sweep=1/1 slot=2/32 executable_grants=0.
[2026-08-09T11:19:24Z] INFO Preparing coupled DL batches: sweep=1/1 slot=2/32 candidate_grants=0 batch_size=2.
[2026-08-09T11:19:25Z] INFO Coupled UL K2 preschedule deferred: control_slot=2 reason=data_timing_rejected:target_hits_fixed_opposite_direction policy=no_valid_ul_occasion_from_current_dl_control_slot.
[2026-08-09T11:19:25Z] INFO Coupled canonical slot prepared: sweep=1/1 slot=3/32 duplex=DL allow_dl=1 allow_ul=0.
[2026-08-09T11:19:25Z] INFO Starting coupled pre-scheduling control gating for slot 3/32 with 2 UEs.
[2026-08-09T11:19:25Z] INFO Coupled control gating progress for slot 3/32: UE 1/2, PBCH=0 PRACH=0 SRS=0 TRS=0.
[2026-08-09T11:19:26Z] INFO Coupled control gating progress for slot 3/32: UE 2/2, PBCH=0 PRACH=0 SRS=0 TRS=0.
[2026-08-09T11:19:26Z] INFO Coupled control gating complete: slot=3 frame=1 pbch_attempts=0 prach_attempts=0 srs_attempts=0 trs_attempts=0 acquired=2/2 access=0/2 valid_srs=0/2 valid_trs_cells=1/1 tracked_serving_users=2/2 eligible=0/2.
[2026-08-09T11:19:26Z] INFO Coupled control gating complete for slot 3/32: acquired=2/2 access=0/2 valid_srs=0/2 valid_trs_cells=1/1 tracked_serving_users=2/2 eligible=0/2.
[2026-08-09T11:19:26Z] INFO DL coupled publish: operating_point 1/1 configured_label_snr_dB=20.000 ue=0/2 dlDirectionalFrames=0/32 ulDirectionalFrames=0/32 dlRows=0 ulRows=0.
[2026-08-09T11:19:26Z] INFO Coupled DL schedule complete: sweep=1/1 slot=3/32 active=0 granted=0 grants=0.
[2026-08-09T11:19:26Z] INFO Coupled DL PDCCH qualification complete: sweep=1/1 slot=3/32 executable_grants=0.
[2026-08-09T11:19:26Z] INFO Preparing coupled DL batches: sweep=1/1 slot=3/32 candidate_grants=0 batch_size=2.
[2026-08-09T11:19:26Z] INFO Coupled UL K2 preschedule deferred: control_slot=3 reason=data_timing_rejected:target_hits_fixed_opposite_direction policy=no_valid_ul_occasion_from_current_dl_control_slot.
[2026-08-09T11:19:27Z] INFO Coupled canonical slot prepared: sweep=1/1 slot=4/32 duplex=FLEXIBLE_OR_MIXED allow_dl=1 allow_ul=1.
[2026-08-09T11:19:27Z] INFO Starting coupled pre-scheduling control gating for slot 4/32 with 2 UEs.
[2026-08-09T11:19:27Z] INFO Coupled control gating progress for slot 4/32: UE 1/2, PBCH=0 PRACH=0 SRS=0 TRS=0.
[2026-08-09T11:19:27Z] INFO Coupled control gating progress for slot 4/32: UE 2/2, PBCH=0 PRACH=0 SRS=0 TRS=0.
[2026-08-09T11:19:27Z] INFO Coupled control gating complete: slot=4 frame=1 pbch_attempts=0 prach_attempts=0 srs_attempts=0 trs_attempts=0 acquired=2/2 access=0/2 valid_srs=0/2 valid_trs_cells=1/1 tracked_serving_users=2/2 eligible=0/2.
[2026-08-09T11:19:27Z] INFO Coupled control gating complete for slot 4/32: acquired=2/2 access=0/2 valid_srs=0/2 valid_trs_cells=1/1 tracked_serving_users=2/2 eligible=0/2.
[2026-08-09T11:19:28Z] INFO DL coupled publish: operating_point 1/1 configured_label_snr_dB=20.000 ue=0/2 dlDirectionalFrames=0/32 ulDirectionalFrames=0/32 dlRows=0 ulRows=0.
[2026-08-09T11:19:28Z] INFO Coupled DL scheduling deferred: sweep=1/1 slot=4/32 reason=configured_dl_symbol_allocation_not_available_in_tdd_slot policy=no_valid_harq_ack_occasion_from_current_dl_slot.
[2026-08-09T11:19:28Z] INFO Coupled DL schedule complete: sweep=1/1 slot=4/32 active=0 granted=0 grants=0.
[2026-08-09T11:19:28Z] INFO Coupled DL PDCCH qualification complete: sweep=1/1 slot=4/32 executable_grants=0.
[2026-08-09T11:19:28Z] INFO Preparing coupled DL batches: sweep=1/1 slot=4/32 candidate_grants=0 batch_size=2.
[2026-08-09T11:19:28Z] INFO Coupled UL K2 preschedule deferred: control_slot=4 reason=data_timing_rejected:target_hits_fixed_opposite_direction policy=no_valid_ul_occasion_from_current_dl_control_slot.
[2026-08-09T11:19:28Z] INFO Coupled UL queued grant lookup complete: sweep=1/1 slot=4/32 due_grants=0 pending_grants=0.
[2026-08-09T11:19:28Z] INFO Coupled canonical slot prepared: sweep=1/1 slot=5/32 duplex=UL allow_dl=0 allow_ul=1.
[2026-08-09T11:19:28Z] INFO Starting coupled pre-scheduling control gating for slot 5/32 with 2 UEs.
[2026-08-09T11:19:28Z] INFO Coupled control gating progress for slot 5/32: UE 1/2, PBCH=0 PRACH=0 SRS=0 TRS=0.
[2026-08-09T11:19:28Z] INFO Coupled control gating progress for slot 5/32: UE 2/2, PBCH=0 PRACH=0 SRS=0 TRS=0.
[2026-08-09T11:19:29Z] INFO Coupled control gating complete: slot=5 frame=1 pbch_attempts=0 prach_attempts=0 srs_attempts=0 trs_attempts=0 acquired=2/2 access=0/2 valid_srs=0/2 valid_trs_cells=1/1 tracked_serving_users=2/2 eligible=0/2.
[2026-08-09T11:19:29Z] INFO Coupled control gating complete for slot 5/32: acquired=2/2 access=0/2 valid_srs=0/2 valid_trs_cells=1/1 tracked_serving_users=2/2 eligible=0/2.
[2026-08-09T11:19:29Z] INFO UL coupled publish: operating_point 1/1 configured_label_snr_dB=20.000 ue=0/2 dlDirectionalFrames=0/32 ulDirectionalFrames=0/32 dlRows=0 ulRows=0.
[2026-08-09T11:19:29Z] INFO Coupled UL queued grant lookup complete: sweep=1/1 slot=5/32 due_grants=0 pending_grants=0.
[2026-08-09T11:19:29Z] INFO Coupled canonical slot prepared: sweep=1/1 slot=6/32 duplex=DL allow_dl=1 allow_ul=0.
[2026-08-09T11:19:29Z] INFO Starting coupled pre-scheduling control gating for slot 6/32 with 2 UEs.
[2026-08-09T11:19:29Z] INFO Coupled control gating progress for slot 6/32: UE 1/2, PBCH=0 PRACH=0 SRS=0 TRS=0.
[2026-08-09T11:19:29Z] INFO Coupled control gating progress for slot 6/32: UE 2/2, PBCH=0 PRACH=0 SRS=0 TRS=0.
[2026-08-09T11:19:30Z] INFO Coupled control gating complete: slot=6 frame=1 pbch_attempts=0 prach_attempts=0 srs_attempts=0 trs_attempts=0 acquired=2/2 access=0/2 valid_srs=0/2 valid_trs_cells=1/1 tracked_serving_users=2/2 eligible=0/2.
[2026-08-09T11:19:30Z] INFO Coupled control gating complete for slot 6/32: acquired=2/2 access=0/2 valid_srs=0/2 valid_trs_cells=1/1 tracked_serving_users=2/2 eligible=0/2.
[2026-08-09T11:19:30Z] INFO DL coupled publish: operating_point 1/1 configured_label_snr_dB=20.000 ue=0/2 dlDirectionalFrames=0/32 ulDirectionalFrames=0/32 dlRows=0 ulRows=0.
[2026-08-09T11:19:30Z] INFO Coupled DL schedule complete: sweep=1/1 slot=6/32 active=0 granted=0 grants=0.
[2026-08-09T11:19:30Z] INFO Coupled DL PDCCH qualification complete: sweep=1/1 slot=6/32 executable_grants=0.
[2026-08-09T11:19:30Z] INFO Preparing coupled DL batches: sweep=1/1 slot=6/32 candidate_grants=0 batch_size=2.
[2026-08-09T11:19:30Z] INFO Coupled UL K2 preschedule complete: control_slot=6 due_slot=10 k2=4 active=0 granted=0 grants=0.
[2026-08-09T11:19:30Z] INFO Coupled canonical slot prepared: sweep=1/1 slot=7/32 duplex=DL allow_dl=1 allow_ul=0.
[2026-08-09T11:19:30Z] INFO Starting coupled pre-scheduling control gating for slot 7/32 with 2 UEs.
[2026-08-09T11:19:30Z] INFO Coupled control gating progress for slot 7/32: UE 1/2, PBCH=0 PRACH=0 SRS=0 TRS=0.
[2026-08-09T11:19:31Z] INFO Coupled control gating progress for slot 7/32: UE 2/2, PBCH=0 PRACH=0 SRS=0 TRS=0.
[2026-08-09T11:19:31Z] INFO Coupled control gating complete: slot=7 frame=1 pbch_attempts=0 prach_attempts=0 srs_attempts=0 trs_attempts=0 acquired=2/2 access=0/2 valid_srs=0/2 valid_trs_cells=1/1 tracked_serving_users=2/2 eligible=0/2.
[2026-08-09T11:19:31Z] INFO Coupled control gating complete for slot 7/32: acquired=2/2 access=0/2 valid_srs=0/2 valid_trs_cells=1/1 tracked_serving_users=2/2 eligible=0/2.
[2026-08-09T11:19:31Z] INFO DL coupled publish: operating_point 1/1 configured_label_snr_dB=20.000 ue=0/2 dlDirectionalFrames=0/32 ulDirectionalFrames=0/32 dlRows=0 ulRows=0.
[2026-08-09T11:19:31Z] INFO Coupled DL schedule complete: sweep=1/1 slot=7/32 active=0 granted=0 grants=0.
[2026-08-09T11:19:31Z] INFO Coupled DL PDCCH qualification complete: sweep=1/1 slot=7/32 executable_grants=0.
[2026-08-09T11:19:31Z] INFO Preparing coupled DL batches: sweep=1/1 slot=7/32 candidate_grants=0 batch_size=2.
[2026-08-09T11:19:31Z] INFO Coupled UL K2 preschedule deferred: control_slot=7 reason=data_timing_rejected:target_hits_fixed_opposite_direction policy=no_valid_ul_occasion_from_current_dl_control_slot.
[2026-08-09T11:19:31Z] INFO Coupled canonical slot prepared: sweep=1/1 slot=8/32 duplex=DL allow_dl=1 allow_ul=0.
[2026-08-09T11:19:31Z] INFO Starting coupled pre-scheduling control gating for slot 8/32 with 2 UEs.
[2026-08-09T11:19:31Z] INFO Coupled control gating progress for slot 8/32: UE 1/2, PBCH=0 PRACH=0 SRS=0 TRS=0.
[2026-08-09T11:19:32Z] INFO Coupled control gating progress for slot 8/32: UE 2/2, PBCH=0 PRACH=0 SRS=0 TRS=0.
[2026-08-09T11:19:32Z] INFO Coupled control gating complete: slot=8 frame=1 pbch_attempts=0 prach_attempts=0 srs_attempts=0 trs_attempts=0 acquired=2/2 access=0/2 valid_srs=0/2 valid_trs_cells=1/1 tracked_serving_users=2/2 eligible=0/2.
[2026-08-09T11:19:32Z] INFO Coupled control gating complete for slot 8/32: acquired=2/2 access=0/2 valid_srs=0/2 valid_trs_cells=1/1 tracked_serving_users=2/2 eligible=0/2.
[2026-08-09T11:19:32Z] INFO DL coupled publish: operating_point 1/1 configured_label_snr_dB=20.000 ue=0/2 dlDirectionalFrames=0/32 ulDirectionalFrames=0/32 dlRows=0 ulRows=0.
[2026-08-09T11:19:32Z] INFO Coupled DL schedule complete: sweep=1/1 slot=8/32 active=0 granted=0 grants=0.
[2026-08-09T11:19:32Z] INFO Coupled DL PDCCH qualification complete: sweep=1/1 slot=8/32 executable_grants=0.
[2026-08-09T11:19:32Z] INFO Preparing coupled DL batches: sweep=1/1 slot=8/32 candidate_grants=0 batch_size=2.
[2026-08-09T11:19:32Z] INFO Coupled UL K2 preschedule deferred: control_slot=8 reason=data_timing_rejected:target_hits_fixed_opposite_direction policy=no_valid_ul_occasion_from_current_dl_control_slot.
[2026-08-09T11:19:32Z] INFO Coupled canonical slot prepared: sweep=1/1 slot=9/32 duplex=FLEXIBLE_OR_MIXED allow_dl=1 allow_ul=1.
[2026-08-09T11:19:32Z] INFO Starting coupled pre-scheduling control gating for slot 9/32 with 2 UEs.
[2026-08-09T11:19:32Z] INFO Coupled control gating progress for slot 9/32: UE 1/2, PBCH=0 PRACH=0 SRS=0 TRS=0.
[2026-08-09T11:19:32Z] INFO Coupled control gating progress for slot 9/32: UE 2/2, PBCH=0 PRACH=0 SRS=0 TRS=0.
[2026-08-09T11:19:33Z] INFO Coupled control gating complete: slot=9 frame=1 pbch_attempts=0 prach_attempts=0 srs_attempts=0 trs_attempts=0 acquired=2/2 access=0/2 valid_srs=0/2 valid_trs_cells=1/1 tracked_serving_users=2/2 eligible=0/2.
[2026-08-09T11:19:33Z] INFO Coupled control gating complete for slot 9/32: acquired=2/2 access=0/2 valid_srs=0/2 valid_trs_cells=1/1 tracked_serving_users=2/2 eligible=0/2.
[2026-08-09T11:19:33Z] INFO DL coupled publish: operating_point 1/1 configured_label_snr_dB=20.000 ue=0/2 dlDirectionalFrames=0/32 ulDirectionalFrames=0/32 dlRows=0 ulRows=0.
[2026-08-09T11:19:33Z] INFO Coupled DL scheduling deferred: sweep=1/1 slot=9/32 reason=configured_dl_symbol_allocation_not_available_in_tdd_slot policy=no_valid_harq_ack_occasion_from_current_dl_slot.
[2026-08-09T11:19:33Z] INFO Coupled DL schedule complete: sweep=1/1 slot=9/32 active=0 granted=0 grants=0.
[2026-08-09T11:19:33Z] INFO Coupled DL PDCCH qualification complete: sweep=1/1 slot=9/32 executable_grants=0.
[2026-08-09T11:19:33Z] INFO Preparing coupled DL batches: sweep=1/1 slot=9/32 candidate_grants=0 batch_size=2.
[2026-08-09T11:19:33Z] INFO Coupled UL K2 preschedule deferred: control_slot=9 reason=data_timing_rejected:target_hits_fixed_opposite_direction policy=no_valid_ul_occasion_from_current_dl_control_slot.
[2026-08-09T11:19:33Z] INFO Coupled UL queued grant lookup complete: sweep=1/1 slot=9/32 due_grants=0 pending_grants=0.
[2026-08-09T11:19:33Z] INFO Coupled canonical slot prepared: sweep=1/1 slot=10/32 duplex=UL allow_dl=0 allow_ul=1.
[2026-08-09T11:19:33Z] INFO Starting coupled pre-scheduling control gating for slot 10/32 with 2 UEs.
[2026-08-09T11:20:08Z] INFO Coupled PRACH result: slot=10 ue=1 status=PASS crc=1 ra_completed=true strict_ok=true tx_preamble=0 detected_preamble=0 failure=.
[2026-08-09T11:20:08Z] INFO Coupled PRACH RA PDSCH evidence: slot=10 ue=1 msg2_crc=1 msg2_layers=1 msg2_cfg_ports=1 msg2_resolved_ports=1 msg2_explicit_matrix=false msg2_precoding=siso_identity/ra_si_common_procedure_identity msg2_tx_power_dBm=46 msg2_amp_scale=49722 msg2_timing_used=false msg2_timing=0 msg2_posteq_sinr_dB=34 msg2_hest_sinr_dB=34 msg2_llr_finite=true msg4_crc=1 msg4_layers=1 msg4_cfg_ports=1 msg4_resolved_ports=1 msg4_tx_power_dBm=46 msg4_amp_scale=50099.
[2026-08-09T11:20:09Z] INFO Coupled control gating progress for slot 10/32: UE 1/2, PBCH=0 PRACH=1 SRS=0 TRS=0.
[2026-08-09T11:20:38Z] INFO Coupled PRACH result: slot=10 ue=2 status=PASS crc=1 ra_completed=true strict_ok=true tx_preamble=1 detected_preamble=1 failure=.
[2026-08-09T11:20:38Z] INFO Coupled PRACH RA PDSCH evidence: slot=10 ue=2 msg2_crc=1 msg2_layers=1 msg2_cfg_ports=1 msg2_resolved_ports=1 msg2_explicit_matrix=false msg2_precoding=siso_identity/ra_si_common_procedure_identity msg2_tx_power_dBm=46 msg2_amp_scale=49962 msg2_timing_used=false msg2_timing=0 msg2_posteq_sinr_dB=34 msg2_hest_sinr_dB=34 msg2_llr_finite=true msg4_crc=1 msg4_layers=1 msg4_cfg_ports=1 msg4_resolved_ports=1 msg4_tx_power_dBm=46 msg4_amp_scale=50099.
[2026-08-09T11:20:39Z] INFO Coupled control gating progress for slot 10/32: UE 2/2, PBCH=0 PRACH=2 SRS=0 TRS=0.
[2026-08-09T11:20:39Z] INFO Coupled control gating complete: slot=10 frame=1 pbch_attempts=0 prach_attempts=2 srs_attempts=0 trs_attempts=0 acquired=2/2 access=2/2 valid_srs=0/2 valid_trs_cells=1/1 tracked_serving_users=2/2 eligible=0/2.
[2026-08-09T11:20:39Z] INFO Coupled control gating complete for slot 10/32: acquired=2/2 access=2/2 valid_srs=0/2 valid_trs_cells=1/1 tracked_serving_users=2/2 eligible=0/2.
[2026-08-09T11:20:39Z] INFO UL coupled publish: operating_point 1/1 configured_label_snr_dB=20.000 ue=0/2 dlDirectionalFrames=0/32 ulDirectionalFrames=0/32 dlRows=0 ulRows=0.
[2026-08-09T11:20:39Z] INFO Coupled UL queued grant lookup complete: sweep=1/1 slot=10/32 due_grants=0 pending_grants=0.
[2026-08-09T11:20:39Z] INFO Coupled canonical slot prepared: sweep=1/1 slot=11/32 duplex=DL allow_dl=1 allow_ul=0.
[2026-08-09T11:20:39Z] INFO Starting coupled pre-scheduling control gating for slot 11/32 with 2 UEs.
[2026-08-09T11:20:40Z] INFO Coupled control gating progress for slot 11/32: UE 1/2, PBCH=0 PRACH=0 SRS=0 TRS=0.
[2026-08-09T11:20:40Z] INFO Coupled control gating progress for slot 11/32: UE 2/2, PBCH=0 PRACH=0 SRS=0 TRS=0.
[2026-08-09T11:20:40Z] INFO Coupled control gating complete: slot=11 frame=1 pbch_attempts=0 prach_attempts=0 srs_attempts=0 trs_attempts=0 acquired=2/2 access=2/2 valid_srs=0/2 valid_trs_cells=1/1 tracked_serving_users=2/2 eligible=0/2.
[2026-08-09T11:20:40Z] INFO Coupled control gating complete for slot 11/32: acquired=2/2 access=2/2 valid_srs=0/2 valid_trs_cells=1/1 tracked_serving_users=2/2 eligible=0/2.
[2026-08-09T11:20:40Z] INFO DL coupled publish: operating_point 1/1 configured_label_snr_dB=20.000 ue=0/2 dlDirectionalFrames=0/32 ulDirectionalFrames=0/32 dlRows=0 ulRows=0.
[2026-08-09T11:20:40Z] INFO Coupled DL schedule complete: sweep=1/1 slot=11/32 active=0 granted=0 grants=0.
[2026-08-09T11:20:40Z] INFO Coupled DL PDCCH qualification complete: sweep=1/1 slot=11/32 executable_grants=0.
[2026-08-09T11:20:40Z] INFO Preparing coupled DL batches: sweep=1/1 slot=11/32 candidate_grants=0 batch_size=2.
[2026-08-09T11:20:40Z] INFO Coupled UL K2 preschedule complete: control_slot=11 due_slot=15 k2=4 active=0 granted=0 grants=0.
[2026-08-09T11:20:40Z] INFO Coupled canonical slot prepared: sweep=1/1 slot=12/32 duplex=DL allow_dl=1 allow_ul=0.
[2026-08-09T11:20:40Z] INFO Starting coupled pre-scheduling control gating for slot 12/32 with 2 UEs.
[2026-08-09T11:20:41Z] INFO Coupled control gating progress for slot 12/32: UE 1/2, PBCH=0 PRACH=0 SRS=0 TRS=0.
[2026-08-09T11:20:41Z] INFO Coupled control gating progress for slot 12/32: UE 2/2, PBCH=0 PRACH=0 SRS=0 TRS=0.
[2026-08-09T11:20:41Z] INFO Coupled control gating complete: slot=12 frame=1 pbch_attempts=0 prach_attempts=0 srs_attempts=0 trs_attempts=0 acquired=2/2 access=2/2 valid_srs=0/2 valid_trs_cells=1/1 tracked_serving_users=2/2 eligible=0/2.
[2026-08-09T11:20:41Z] INFO Coupled control gating complete for slot 12/32: acquired=2/2 access=2/2 valid_srs=0/2 valid_trs_cells=1/1 tracked_serving_users=2/2 eligible=0/2.
[2026-08-09T11:20:41Z] INFO DL coupled publish: operating_point 1/1 configured_label_snr_dB=20.000 ue=0/2 dlDirectionalFrames=0/32 ulDirectionalFrames=0/32 dlRows=0 ulRows=0.
[2026-08-09T11:20:41Z] INFO Coupled DL schedule complete: sweep=1/1 slot=12/32 active=0 granted=0 grants=0.
[2026-08-09T11:20:41Z] INFO Coupled DL PDCCH qualification complete: sweep=1/1 slot=12/32 executable_grants=0.
[2026-08-09T11:20:41Z] INFO Preparing coupled DL batches: sweep=1/1 slot=12/32 candidate_grants=0 batch_size=2.
[2026-08-09T11:20:41Z] INFO Coupled UL K2 preschedule deferred: control_slot=12 reason=data_timing_rejected:target_hits_fixed_opposite_direction policy=no_valid_ul_occasion_from_current_dl_control_slot.
[2026-08-09T11:20:41Z] INFO Coupled canonical slot prepared: sweep=1/1 slot=13/32 duplex=DL allow_dl=1 allow_ul=0.
[2026-08-09T11:20:41Z] INFO Starting coupled pre-scheduling control gating for slot 13/32 with 2 UEs.
[2026-08-09T11:20:41Z] INFO Coupled control gating progress for slot 13/32: UE 1/2, PBCH=0 PRACH=0 SRS=0 TRS=0.
[2026-08-09T11:20:42Z] INFO Coupled control gating progress for slot 13/32: UE 2/2, PBCH=0 PRACH=0 SRS=0 TRS=0.
[2026-08-09T11:20:42Z] INFO Coupled control gating complete: slot=13 frame=1 pbch_attempts=0 prach_attempts=0 srs_attempts=0 trs_attempts=0 acquired=2/2 access=2/2 valid_srs=0/2 valid_trs_cells=1/1 tracked_serving_users=2/2 eligible=0/2.
[2026-08-09T11:20:42Z] INFO Coupled control gating complete for slot 13/32: acquired=2/2 access=2/2 valid_srs=0/2 valid_trs_cells=1/1 tracked_serving_users=2/2 eligible=0/2.
[2026-08-09T11:20:42Z] INFO DL coupled publish: operating_point 1/1 configured_label_snr_dB=20.000 ue=0/2 dlDirectionalFrames=0/32 ulDirectionalFrames=0/32 dlRows=0 ulRows=0.
[2026-08-09T11:20:42Z] INFO Coupled DL schedule complete: sweep=1/1 slot=13/32 active=0 granted=0 grants=0.
[2026-08-09T11:20:42Z] INFO Coupled DL PDCCH qualification complete: sweep=1/1 slot=13/32 executable_grants=0.
[2026-08-09T11:20:42Z] INFO Preparing coupled DL batches: sweep=1/1 slot=13/32 candidate_grants=0 batch_size=2.
[2026-08-09T11:20:42Z] INFO Coupled UL K2 preschedule deferred: control_slot=13 reason=data_timing_rejected:target_hits_fixed_opposite_direction policy=no_valid_ul_occasion_from_current_dl_control_slot.
[2026-08-09T11:20:42Z] INFO Coupled canonical slot prepared: sweep=1/1 slot=14/32 duplex=FLEXIBLE_OR_MIXED allow_dl=1 allow_ul=1.
[2026-08-09T11:20:42Z] INFO Starting coupled pre-scheduling control gating for slot 14/32 with 2 UEs.
[2026-08-09T11:20:42Z] INFO Coupled control gating progress for slot 14/32: UE 1/2, PBCH=0 PRACH=0 SRS=0 TRS=0.
[2026-08-09T11:20:42Z] INFO Coupled control gating progress for slot 14/32: UE 2/2, PBCH=0 PRACH=0 SRS=0 TRS=0.
[2026-08-09T11:20:42Z] INFO Coupled control gating complete: slot=14 frame=1 pbch_attempts=0 prach_attempts=0 srs_attempts=0 trs_attempts=0 acquired=2/2 access=2/2 valid_srs=0/2 valid_trs_cells=1/1 tracked_serving_users=2/2 eligible=0/2.
[2026-08-09T11:20:42Z] INFO Coupled control gating complete for slot 14/32: acquired=2/2 access=2/2 valid_srs=0/2 valid_trs_cells=1/1 tracked_serving_users=2/2 eligible=0/2.
[2026-08-09T11:20:43Z] INFO DL coupled publish: operating_point 1/1 configured_label_snr_dB=20.000 ue=0/2 dlDirectionalFrames=0/32 ulDirectionalFrames=0/32 dlRows=0 ulRows=0.
[2026-08-09T11:20:43Z] INFO Coupled DL scheduling deferred: sweep=1/1 slot=14/32 reason=configured_dl_symbol_allocation_not_available_in_tdd_slot policy=no_valid_harq_ack_occasion_from_current_dl_slot.
[2026-08-09T11:20:43Z] INFO Coupled DL schedule complete: sweep=1/1 slot=14/32 active=0 granted=0 grants=0.
[2026-08-09T11:20:43Z] INFO Coupled DL PDCCH qualification complete: sweep=1/1 slot=14/32 executable_grants=0.
[2026-08-09T11:20:43Z] INFO Preparing coupled DL batches: sweep=1/1 slot=14/32 candidate_grants=0 batch_size=2.
[2026-08-09T11:20:43Z] INFO Coupled UL K2 preschedule deferred: control_slot=14 reason=data_timing_rejected:target_hits_fixed_opposite_direction policy=no_valid_ul_occasion_from_current_dl_control_slot.
[2026-08-09T11:20:43Z] INFO Coupled UL queued grant lookup complete: sweep=1/1 slot=14/32 due_grants=0 pending_grants=0.
[2026-08-09T11:20:43Z] INFO Coupled canonical slot prepared: sweep=1/1 slot=15/32 duplex=UL allow_dl=0 allow_ul=1.
[2026-08-09T11:20:43Z] INFO Starting coupled pre-scheduling control gating for slot 15/32 with 2 UEs.
[2026-08-09T11:20:48Z] INFO Coupled control gating progress for slot 15/32: UE 1/2, PBCH=0 PRACH=0 SRS=1 TRS=0.
[2026-08-09T11:20:51Z] INFO Coupled control gating progress for slot 15/32: UE 2/2, PBCH=0 PRACH=0 SRS=2 TRS=0.
[2026-08-09T11:20:51Z] INFO Coupled control gating complete: slot=15 frame=1 pbch_attempts=0 prach_attempts=0 srs_attempts=2 trs_attempts=0 acquired=2/2 access=2/2 valid_srs=2/2 valid_trs_cells=1/1 tracked_serving_users=2/2 eligible=2/2.
[2026-08-09T11:20:51Z] INFO Coupled control gating complete for slot 15/32: acquired=2/2 access=2/2 valid_srs=2/2 valid_trs_cells=1/1 tracked_serving_users=2/2 eligible=2/2.
[2026-08-09T11:20:52Z] INFO UL coupled publish: operating_point 1/1 configured_label_snr_dB=20.000 ue=0/2 dlDirectionalFrames=0/32 ulDirectionalFrames=0/32 dlRows=0 ulRows=0.
[2026-08-09T11:20:52Z] INFO Coupled UL queued grant lookup complete: sweep=1/1 slot=15/32 due_grants=0 pending_grants=0.
[2026-08-09T11:20:52Z] INFO Coupled canonical slot prepared: sweep=1/1 slot=16/32 duplex=DL allow_dl=1 allow_ul=0.
[2026-08-09T11:20:52Z] INFO Starting coupled pre-scheduling control gating for slot 16/32 with 2 UEs.
[2026-08-09T11:20:52Z] INFO Coupled control gating progress for slot 16/32: UE 1/2, PBCH=0 PRACH=0 SRS=0 TRS=0.
[2026-08-09T11:20:52Z] INFO Coupled control gating progress for slot 16/32: UE 2/2, PBCH=0 PRACH=0 SRS=0 TRS=0.
[2026-08-09T11:20:52Z] INFO Coupled control gating complete: slot=16 frame=1 pbch_attempts=0 prach_attempts=0 srs_attempts=0 trs_attempts=0 acquired=2/2 access=2/2 valid_srs=2/2 valid_trs_cells=1/1 tracked_serving_users=2/2 eligible=2/2.
[2026-08-09T11:20:52Z] INFO Coupled control gating complete for slot 16/32: acquired=2/2 access=2/2 valid_srs=2/2 valid_trs_cells=1/1 tracked_serving_users=2/2 eligible=2/2.
[2026-08-09T11:20:53Z] INFO DL coupled publish: operating_point 1/1 configured_label_snr_dB=20.000 ue=0/2 dlDirectionalFrames=0/32 ulDirectionalFrames=0/32 dlRows=0 ulRows=0.
[2026-08-09T11:20:57Z] INFO Coupled DL schedule complete: sweep=1/1 slot=16/32 active=2 granted=2 grants=2.
[2026-08-09T11:20:59Z] INFO Coupled DL PDCCH grant binding: ue=1 required=1 ok=1 status=bound failure= dci=439a7b8d044f14da7921b8570ecd4f2d6bebea5b1e473d95e85b0967a810ce15 grant_ss=1 observed_ss=1 bound_ss=1 grant_coreset=0 observed_coreset=0 bound_coreset=0.
[2026-08-09T11:21:01Z] INFO Coupled DL PDCCH grant binding: ue=2 required=1 ok=1 status=bound failure= dci=376ef8c682e2ce4b268a6ad21d77c6df6e43782f3777fef9aeba69ee17eb5009 grant_ss=1 observed_ss=1 bound_ss=1 grant_coreset=0 observed_coreset=0 bound_coreset=0.
[2026-08-09T11:21:02Z] INFO Coupled DL PDCCH qualification complete: sweep=1/1 slot=16/32 executable_grants=2.
[2026-08-09T11:21:02Z] INFO Preparing coupled DL batches: sweep=1/1 slot=16/32 candidate_grants=2 batch_size=2.
[2026-08-09T11:21:02Z] INFO Preparing coupled DL resolved grant cache: candidate_grants=2.
[2026-08-09T11:21:24Z] INFO Prepared coupled DL resolved grant cache entries: 2/2.
[2026-08-09T11:21:39Z] INFO Prepared coupled DL resolved grant cache complete: entries=2 elapsed_s=36.986.
[2026-08-09T11:21:40Z] INFO Prepared coupled DL chunk: sweep=1/1 slot=16/32 executable_plans=2 chunk=1-2 of 2.
[2026-08-09T11:21:40Z] INFO Executing coupled DL chunk: sweep=1/1 slot=16/32 chunk=1-2 of 2.
[2026-08-09T11:22:21Z] ERROR Run failed: sixgr:link:StrictCoverageUnsupported | Strict mode forbids skipping PDSCH coverage because every frame crashed: HARQ TB context initial effective code rate 1.065945 must be in (0, 0.95]. [validateTBContextForTransmission:50]
[2026-08-09T11:22:24Z] INFO Recovering truthful report artifacts from persisted raw evidence after failure.
[2026-08-09T11:28:37Z] WARN Failed-run artifact recovery did not complete: MATLAB:table:IncorrectNumberOfVarNames | The VariableNames property must contain one name for each variable in the table.
{Error using sixgr.link.failIfStrictCoverageGap (line 11)
Strict mode forbids skipping PDSCH coverage because every frame crashed: HARQ TB context initial effective code rate 1.065945 must be in (0, 0.95].
[validateTBContextForTransmission:50]

Error in sixgr.link.runDLPDSCHThroughput (line 1678)
    sixgr.link.failIfStrictCoverageGap(cfg, "sixgr:link:StrictCoverageUnsupported", ...
    ^^^^^^^^^^^^^^^^^^^^^^^^^^^^^^^^^^^^^^^^^^^^^^^^^^^^^^^^^^^^^^^^^^^^^^^^^^^^^^^^^^^
Error in sixgr.truth.executeGrantPHYJob (line 58)
    res = sixgr.link.runDLPDSCHThroughput(cfg, args{:});
          ^^^^^^^^^^^^^^^^^^^^^^^^^^^^^^^^^^^^^^^^^^^^^
Error in sixgr.truth.runWaveformLinkBundle>localRunSingleFrameDirectionTrial (line 3793)
    jobResult = sixgr.truth.executeGrantPHYJob(job);
                ^^^^^^^^^^^^^^^^^^^^^^^^^^^^^^^^^^^
Error in sixgr.truth.runWaveformLinkBundle>localExecuteCoupledGrantBatchPlan (line 4236)
[userT, userConst, waveT, laStateOut, res] = localRunSingleFrameDirectionTrial( ...
                                             ^^^^^^^^^^^^^^^^^^^^^^^^^^^^^^^^^^^^^^
Error in sixgr.truth.runWaveformLinkBundle>localRunCoupledGrantBatch (line 4099)
        [resultPlan, runtimeState] = localExecuteCoupledGrantBatchPlan(batch(bi), runtimeState, resolvedGrantCache, multiUser, direction, snr_dB, absoluteFrame, interferenceCacheKey);
                                     ^^^^^^^^^^^^^^^^^^^^^^^^^^^^^^^^^^^^^^^^^^^^^^^^^^^^^^^^^^^^^^^^^^^^^^^^^^^^^^^^^^^^^^^^^^^^^^^^^^^^^^^^^^^^^^^^^^^^^^^^^^^^^^^^^^^^^^^^^^^^^^^^^
Error in sixgr.truth.runWaveformLinkBundle>localExecuteCoupledDirectionBatch (line 3861)
    [chunk, runtimeState] = localRunCoupledGrantBatch(chunk, runtimeState, resolvedGrantCache, multiUser, direction, snr_dB, absoluteFrame, interferenceCacheKey, interferenceWorkerCache, progressContext);
                            ^^^^^^^^^^^^^^^^^^^^^^^^^^^^^^^^^^^^^^^^^^^^^^^^^^^^^^^^^^^^^^^^^^^^^^^^^^^^^^^^^^^^^^^^^^^^^^^^^^^^^^^^^^^^^^^^^^^^^^^^^^^^^^^^^^^^^^^^^^^^^^^^^^^^^^^^^^^^^^^^^^^^^^^^^^^^^^^
Error in sixgr.truth.runWaveformLinkBundle>localCollectCoupledTruthMultiUserLinkTrialsAcrossSweep (line 3435)
            [runtimeState, dlTrials, dlConstT, dlStates] = localExecuteCoupledDirectionBatch( ...
                                                           ^^^^^^^^^^^^^^^^^^^^^^^^^^^^^^^^^^^^^^
Error in sixgr.truth.runWaveformLinkBundle>localExportLinkRawTrialTables (line 1362)
        localCollectCoupledTruthMultiUserLinkTrialsAcrossSweep(cfg, runFolder, multiUser, nTrials, snrGrid, ...
        ^^^^^^^^^^^^^^^^^^^^^^^^^^^^^^^^^^^^^^^^^^^^^^^^^^^^^^^^^^^^^^^^^^^^^^^^^^^^^^^^^^^^^^^^^^^^^^^^^^^^^^^
Error in sixgr.truth.runWaveformLinkBundle (line 242)
rawTrials = localExportLinkRawTrialTables(trialExecutionCfg, runFolder, res, sweepPlan.PrimaryTrialsPerSNR, snrGrid(:), multiUser, saveFigures, liveMobilityArtifacts);
            ^^^^^^^^^^^^^^^^^^^^^^^^^^^^^^^^^^^^^^^^^^^^^^^^^^^^^^^^^^^^^^^^^^^^^^^^^^^^^^^^^^^^^^^^^^^^^^^^^^^^^^^^^^^^^^^^^^^^^^^^^^^^^^^^^^^^^^^^^^^^^^^^^^^^^^^^^^
Error in sixgr.lls6g.runners.runSingle>localRunWaveformBundleScenario (line 214)
link = sixgr.truth.runWaveformLinkBundle(cfg, fullfile(runFolder, "air_interface"), opt);
       ^^^^^^^^^^^^^^^^^^^^^^^^^^^^^^^^^^^^^^^^^^^^^^^^^^^^^^^^^^^^^^^^^^^^^^^^^^^^^^^^^
Error in sixgr.lls6g.runners.runSingle>localExecutePreparedScenario (line 2315)
            result = localRunWaveformBundleScenario(cfg, scfg, runFolder, executionOptions);
                     ^^^^^^^^^^^^^^^^^^^^^^^^^^^^^^^^^^^^^^^^^^^^^^^^^^^^^^^^^^^^^^^^^^^^^^
Error in sixgr.lls6g.runners.runSingle (line 66)
execOut = localExecutePreparedScenario(scfg, runFolder, leaf, logicalRunFolder, executionOptions);
          ^^^^^^^^^^^^^^^^^^^^^^^^^^^^^^^^^^^^^^^^^^^^^^^^^^^^^^^^^^^^^^^^^^^^^^^^^^^^^^^^^^^^^^^
Error in runFullSINRSameChainSweep (line 35)
out = sixgr.lls6g.runners.runSingle( ...
      ^^^^^^^^^^^^^^^^^^^^^^^^^^^^^^^^^^
Error in runQuickPlus20WiringGate (line 12)
out = runFullSINRSameChainSweep(outputRoot, runTag, 20, "", scenarioPath);
      ^^^^^^^^^^^^^^^^^^^^^^^^^^^^^^^^^^^^^^^^^^^^^^^^^^^^^^^^^^^^^^^^^^^
} 
ERROR: MATLAB error Exit Status: 0x00000001
