PASS testArtifactContractEngine: 659 CSV + 691 PNG contracts normalized; runtime-only publication verified.
PASS testArtifactFinalizationFailClosed: enabled missing evidence fails closed without hiding completed execution.
PASS testArtifactFinalizationStatusGate: artifact publication failure is fail-closed and independent.
PASS testBrowserPublicationReceipt: publication receipt is actual and fail-closed.
exportLLSOutputCoverageArtifacts:start runFolder=C:\Users\anup0\AppData\Local\Temp\tp50d50f97_bf7c_466e_aa96_4801a393d78b\coverage_run
exportLLSOutputCoverageArtifacts:sources_loaded runFolder=C:\Users\anup0\AppData\Local\Temp\tp50d50f97_bf7c_466e_aa96_4801a393d78b\coverage_run
exportLLSOutputCoverageArtifacts:tables_core_topology_channel_built runFolder=C:\Users\anup0\AppData\Local\Temp\tp50d50f97_bf7c_466e_aa96_4801a393d78b\coverage_run
exportLLSOutputCoverageArtifacts:building_live_prb_allocation runFolder=C:\Users\anup0\AppData\Local\Temp\tp50d50f97_bf7c_466e_aa96_4801a393d78b\coverage_run
exportLLSOutputCoverageArtifacts:built_live_prb_allocation runFolder=C:\Users\anup0\AppData\Local\Temp\tp50d50f97_bf7c_466e_aa96_4801a393d78b\coverage_run
exportLLSOutputCoverageArtifacts:building_live_re_allocation_snapshot runFolder=C:\Users\anup0\AppData\Local\Temp\tp50d50f97_bf7c_466e_aa96_4801a393d78b\coverage_run
exportLLSOutputCoverageArtifacts:built_live_re_allocation_snapshot runFolder=C:\Users\anup0\AppData\Local\Temp\tp50d50f97_bf7c_466e_aa96_4801a393d78b\coverage_run
exportLLSOutputCoverageArtifacts:building_scheduler_decision runFolder=C:\Users\anup0\AppData\Local\Temp\tp50d50f97_bf7c_466e_aa96_4801a393d78b\coverage_run
exportLLSOutputCoverageArtifacts:built_scheduler_decision runFolder=C:\Users\anup0\AppData\Local\Temp\tp50d50f97_bf7c_466e_aa96_4801a393d78b\coverage_run
exportLLSOutputCoverageArtifacts:building_prb_allocation_heatmap runFolder=C:\Users\anup0\AppData\Local\Temp\tp50d50f97_bf7c_466e_aa96_4801a393d78b\coverage_run
exportLLSOutputCoverageArtifacts:built_prb_allocation_heatmap runFolder=C:\Users\anup0\AppData\Local\Temp\tp50d50f97_bf7c_466e_aa96_4801a393d78b\coverage_run
exportLLSOutputCoverageArtifacts:building_dl_resource_grid_heatmap runFolder=C:\Users\anup0\AppData\Local\Temp\tp50d50f97_bf7c_466e_aa96_4801a393d78b\coverage_run
exportLLSOutputCoverageArtifacts:built_dl_resource_grid_heatmap runFolder=C:\Users\anup0\AppData\Local\Temp\tp50d50f97_bf7c_466e_aa96_4801a393d78b\coverage_run
exportLLSOutputCoverageArtifacts:building_ul_resource_grid_heatmap runFolder=C:\Users\anup0\AppData\Local\Temp\tp50d50f97_bf7c_466e_aa96_4801a393d78b\coverage_run
exportLLSOutputCoverageArtifacts:built_ul_resource_grid_heatmap runFolder=C:\Users\anup0\AppData\Local\Temp\tp50d50f97_bf7c_466e_aa96_4801a393d78b\coverage_run
exportLLSOutputCoverageArtifacts:building_dl_transport_block runFolder=C:\Users\anup0\AppData\Local\Temp\tp50d50f97_bf7c_466e_aa96_4801a393d78b\coverage_run
exportLLSOutputCoverageArtifacts:built_dl_transport_block runFolder=C:\Users\anup0\AppData\Local\Temp\tp50d50f97_bf7c_466e_aa96_4801a393d78b\coverage_run
exportLLSOutputCoverageArtifacts:building_ul_transport_block runFolder=C:\Users\anup0\AppData\Local\Temp\tp50d50f97_bf7c_466e_aa96_4801a393d78b\coverage_run
exportLLSOutputCoverageArtifacts:built_ul_transport_block runFolder=C:\Users\anup0\AppData\Local\Temp\tp50d50f97_bf7c_466e_aa96_4801a393d78b\coverage_run
exportLLSOutputCoverageArtifacts:building_harq_process runFolder=C:\Users\anup0\AppData\Local\Temp\tp50d50f97_bf7c_466e_aa96_4801a393d78b\coverage_run
exportLLSOutputCoverageArtifacts:built_harq_process runFolder=C:\Users\anup0\AppData\Local\Temp\tp50d50f97_bf7c_466e_aa96_4801a393d78b\coverage_run
exportLLSOutputCoverageArtifacts:building_cqi_pmi_ri runFolder=C:\Users\anup0\AppData\Local\Temp\tp50d50f97_bf7c_466e_aa96_4801a393d78b\coverage_run
exportLLSOutputCoverageArtifacts:built_cqi_pmi_ri runFolder=C:\Users\anup0\AppData\Local\Temp\tp50d50f97_bf7c_466e_aa96_4801a393d78b\coverage_run
exportLLSOutputCoverageArtifacts:building_mcs_tbs_evolution runFolder=C:\Users\anup0\AppData\Local\Temp\tp50d50f97_bf7c_466e_aa96_4801a393d78b\coverage_run
exportLLSOutputCoverageArtifacts:built_mcs_tbs_evolution runFolder=C:\Users\anup0\AppData\Local\Temp\tp50d50f97_bf7c_466e_aa96_4801a393d78b\coverage_run
exportLLSOutputCoverageArtifacts:tables_scheduler_transport_built runFolder=C:\Users\anup0\AppData\Local\Temp\tp50d50f97_bf7c_466e_aa96_4801a393d78b\coverage_run
exportLLSOutputCoverageArtifacts:tables_latency_energy_built runFolder=C:\Users\anup0\AppData\Local\Temp\tp50d50f97_bf7c_466e_aa96_4801a393d78b\coverage_run
exportLLSOutputCoverageArtifacts:tables_root_cause_built runFolder=C:\Users\anup0\AppData\Local\Temp\tp50d50f97_bf7c_466e_aa96_4801a393d78b\coverage_run
exportLLSOutputCoverageArtifacts:tables_control_built runFolder=C:\Users\anup0\AppData\Local\Temp\tp50d50f97_bf7c_466e_aa96_4801a393d78b\coverage_run
exportLLSOutputCoverageArtifacts:tables_beam_timing_built runFolder=C:\Users\anup0\AppData\Local\Temp\tp50d50f97_bf7c_466e_aa96_4801a393d78b\coverage_run
exportLLSOutputCoverageArtifacts:tables_prompt8_adequacy_built runFolder=C:\Users\anup0\AppData\Local\Temp\tp50d50f97_bf7c_466e_aa96_4801a393d78b\coverage_run
exportLLSOutputCoverageArtifacts:tables_built runFolder=C:\Users\anup0\AppData\Local\Temp\tp50d50f97_bf7c_466e_aa96_4801a393d78b\coverage_run
exportLLSOutputCoverageArtifacts:json_sidecar_suppressed:packet_flow/csv/table_scheduler_decision.csv:json_sidecar_suppressed_due_scale_guard_high_cardinality_runtime_table runFolder=C:\Users\anup0\AppData\Local\Temp\tp50d50f97_bf7c_466e_aa96_4801a393d78b\coverage_run
exportLLSOutputCoverageArtifacts:json_sidecar_suppressed:packet_flow/csv/live_prb_allocation.csv:json_sidecar_suppressed_due_scale_guard_high_cardinality_runtime_table runFolder=C:\Users\anup0\AppData\Local\Temp\tp50d50f97_bf7c_466e_aa96_4801a393d78b\coverage_run
exportLLSOutputCoverageArtifacts:json_sidecar_suppressed:reports/csv/live_re_allocation_snapshot.csv:json_sidecar_suppressed_due_scale_guard_high_cardinality_runtime_table runFolder=C:\Users\anup0\AppData\Local\Temp\tp50d50f97_bf7c_466e_aa96_4801a393d78b\coverage_run
exportLLSOutputCoverageArtifacts:json_sidecar_suppressed:reports/csv/prb_allocation_heatmap.csv:json_sidecar_suppressed_due_scale_guard_high_cardinality_runtime_table runFolder=C:\Users\anup0\AppData\Local\Temp\tp50d50f97_bf7c_466e_aa96_4801a393d78b\coverage_run
exportLLSOutputCoverageArtifacts:json_sidecar_suppressed:reports/csv/dl_resource_grid_heatmap.csv:json_sidecar_suppressed_due_scale_guard_high_cardinality_runtime_table runFolder=C:\Users\anup0\AppData\Local\Temp\tp50d50f97_bf7c_466e_aa96_4801a393d78b\coverage_run
exportLLSOutputCoverageArtifacts:json_sidecar_suppressed:reports/csv/ul_resource_grid_heatmap.csv:json_sidecar_suppressed_due_scale_guard_high_cardinality_runtime_table runFolder=C:\Users\anup0\AppData\Local\Temp\tp50d50f97_bf7c_466e_aa96_4801a393d78b\coverage_run
exportLLSOutputCoverageArtifacts:json_sidecar_suppressed:reports/csv/table_mcs_tbs_evolution.csv:json_sidecar_suppressed_due_scale_guard_high_cardinality_runtime_table runFolder=C:\Users\anup0\AppData\Local\Temp\tp50d50f97_bf7c_466e_aa96_4801a393d78b\coverage_run
exportLLSOutputCoverageArtifacts:json_sidecar_suppressed:reports/csv/live_power_runtime_table.csv:json_sidecar_suppressed_due_scale_guard_high_cardinality_runtime_table runFolder=C:\Users\anup0\AppData\Local\Temp\tp50d50f97_bf7c_466e_aa96_4801a393d78b\coverage_run
exportLLSOutputCoverageArtifacts:json_sidecar_suppressed:reports/csv/live_rf_power_table.csv:json_sidecar_suppressed_due_scale_guard_high_cardinality_runtime_table runFolder=C:\Users\anup0\AppData\Local\Temp\tp50d50f97_bf7c_466e_aa96_4801a393d78b\coverage_run
exportLLSOutputCoverageArtifacts:json_sidecar_suppressed:control/csv/timing_synchronization_table.csv:json_sidecar_suppressed_due_scale_guard_high_cardinality_runtime_table runFolder=C:\Users\anup0\AppData\Local\Temp\tp50d50f97_bf7c_466e_aa96_4801a393d78b\coverage_run
exportLLSOutputCoverageArtifacts:table_artifacts_written runFolder=C:\Users\anup0\AppData\Local\Temp\tp50d50f97_bf7c_466e_aa96_4801a393d78b\coverage_run
exportLLSOutputCoverageArtifacts:writing_prb_heatmap runFolder=C:\Users\anup0\AppData\Local\Temp\tp50d50f97_bf7c_466e_aa96_4801a393d78b\coverage_run
exportLLSOutputCoverageArtifacts:writing_power_energy_figure runFolder=C:\Users\anup0\AppData\Local\Temp\tp50d50f97_bf7c_466e_aa96_4801a393d78b\coverage_run
exportLLSOutputCoverageArtifacts:figure_artifacts_written runFolder=C:\Users\anup0\AppData\Local\Temp\tp50d50f97_bf7c_466e_aa96_4801a393d78b\coverage_run
exportLLSOutputCoverageArtifacts:coverage_registry_built runFolder=C:\Users\anup0\AppData\Local\Temp\tp50d50f97_bf7c_466e_aa96_4801a393d78b\coverage_run
exportLLSOutputCoverageArtifacts:coverage_audits_built runFolder=C:\Users\anup0\AppData\Local\Temp\tp50d50f97_bf7c_466e_aa96_4801a393d78b\coverage_run
exportLLSOutputCoverageArtifacts:coverage_tables_written runFolder=C:\Users\anup0\AppData\Local\Temp\tp50d50f97_bf7c_466e_aa96_4801a393d78b\coverage_run
exportLLSOutputCoverageArtifacts:measurement_sidecars_written runFolder=C:\Users\anup0\AppData\Local\Temp\tp50d50f97_bf7c_466e_aa96_4801a393d78b\coverage_run
exportLLSOutputCoverageArtifacts:live_stage_control_counts_reconciled runFolder=C:\Users\anup0\AppData\Local\Temp\tp50d50f97_bf7c_466e_aa96_4801a393d78b\coverage_run
exportLLSOutputCoverageArtifacts:publication_readiness_refreshed runFolder=C:\Users\anup0\AppData\Local\Temp\tp50d50f97_bf7c_466e_aa96_4801a393d78b\coverage_run
exportLLSOutputCoverageArtifacts:inventory_written runFolder=C:\Users\anup0\AppData\Local\Temp\tp50d50f97_bf7c_466e_aa96_4801a393d78b\coverage_run
exportLLSOutputCoverageArtifacts:done runFolder=C:\Users\anup0\AppData\Local\Temp\tp50d50f97_bf7c_466e_aa96_4801a393d78b\coverage_run
exportLLSOutputCoverageArtifacts:start runFolder=C:\Users\anup0\AppData\Local\Temp\tp50d50f97_bf7c_466e_aa96_4801a393d78b\coverage_run_no_csirs
exportLLSOutputCoverageArtifacts:sources_loaded runFolder=C:\Users\anup0\AppData\Local\Temp\tp50d50f97_bf7c_466e_aa96_4801a393d78b\coverage_run_no_csirs
exportLLSOutputCoverageArtifacts:tables_core_topology_channel_built runFolder=C:\Users\anup0\AppData\Local\Temp\tp50d50f97_bf7c_466e_aa96_4801a393d78b\coverage_run_no_csirs
exportLLSOutputCoverageArtifacts:building_live_prb_allocation runFolder=C:\Users\anup0\AppData\Local\Temp\tp50d50f97_bf7c_466e_aa96_4801a393d78b\coverage_run_no_csirs
exportLLSOutputCoverageArtifacts:built_live_prb_allocation runFolder=C:\Users\anup0\AppData\Local\Temp\tp50d50f97_bf7c_466e_aa96_4801a393d78b\coverage_run_no_csirs
exportLLSOutputCoverageArtifacts:building_live_re_allocation_snapshot runFolder=C:\Users\anup0\AppData\Local\Temp\tp50d50f97_bf7c_466e_aa96_4801a393d78b\coverage_run_no_csirs
exportLLSOutputCoverageArtifacts:built_live_re_allocation_snapshot runFolder=C:\Users\anup0\AppData\Local\Temp\tp50d50f97_bf7c_466e_aa96_4801a393d78b\coverage_run_no_csirs
exportLLSOutputCoverageArtifacts:building_scheduler_decision runFolder=C:\Users\anup0\AppData\Local\Temp\tp50d50f97_bf7c_466e_aa96_4801a393d78b\coverage_run_no_csirs
exportLLSOutputCoverageArtifacts:built_scheduler_decision runFolder=C:\Users\anup0\AppData\Local\Temp\tp50d50f97_bf7c_466e_aa96_4801a393d78b\coverage_run_no_csirs
exportLLSOutputCoverageArtifacts:building_prb_allocation_heatmap runFolder=C:\Users\anup0\AppData\Local\Temp\tp50d50f97_bf7c_466e_aa96_4801a393d78b\coverage_run_no_csirs
exportLLSOutputCoverageArtifacts:built_prb_allocation_heatmap runFolder=C:\Users\anup0\AppData\Local\Temp\tp50d50f97_bf7c_466e_aa96_4801a393d78b\coverage_run_no_csirs
exportLLSOutputCoverageArtifacts:building_dl_resource_grid_heatmap runFolder=C:\Users\anup0\AppData\Local\Temp\tp50d50f97_bf7c_466e_aa96_4801a393d78b\coverage_run_no_csirs
exportLLSOutputCoverageArtifacts:built_dl_resource_grid_heatmap runFolder=C:\Users\anup0\AppData\Local\Temp\tp50d50f97_bf7c_466e_aa96_4801a393d78b\coverage_run_no_csirs
exportLLSOutputCoverageArtifacts:building_ul_resource_grid_heatmap runFolder=C:\Users\anup0\AppData\Local\Temp\tp50d50f97_bf7c_466e_aa96_4801a393d78b\coverage_run_no_csirs
exportLLSOutputCoverageArtifacts:built_ul_resource_grid_heatmap runFolder=C:\Users\anup0\AppData\Local\Temp\tp50d50f97_bf7c_466e_aa96_4801a393d78b\coverage_run_no_csirs
exportLLSOutputCoverageArtifacts:building_dl_transport_block runFolder=C:\Users\anup0\AppData\Local\Temp\tp50d50f97_bf7c_466e_aa96_4801a393d78b\coverage_run_no_csirs
exportLLSOutputCoverageArtifacts:built_dl_transport_block runFolder=C:\Users\anup0\AppData\Local\Temp\tp50d50f97_bf7c_466e_aa96_4801a393d78b\coverage_run_no_csirs
exportLLSOutputCoverageArtifacts:building_ul_transport_block runFolder=C:\Users\anup0\AppData\Local\Temp\tp50d50f97_bf7c_466e_aa96_4801a393d78b\coverage_run_no_csirs
exportLLSOutputCoverageArtifacts:built_ul_transport_block runFolder=C:\Users\anup0\AppData\Local\Temp\tp50d50f97_bf7c_466e_aa96_4801a393d78b\coverage_run_no_csirs
exportLLSOutputCoverageArtifacts:building_harq_process runFolder=C:\Users\anup0\AppData\Local\Temp\tp50d50f97_bf7c_466e_aa96_4801a393d78b\coverage_run_no_csirs
exportLLSOutputCoverageArtifacts:built_harq_process runFolder=C:\Users\anup0\AppData\Local\Temp\tp50d50f97_bf7c_466e_aa96_4801a393d78b\coverage_run_no_csirs
exportLLSOutputCoverageArtifacts:building_cqi_pmi_ri runFolder=C:\Users\anup0\AppData\Local\Temp\tp50d50f97_bf7c_466e_aa96_4801a393d78b\coverage_run_no_csirs
exportLLSOutputCoverageArtifacts:built_cqi_pmi_ri runFolder=C:\Users\anup0\AppData\Local\Temp\tp50d50f97_bf7c_466e_aa96_4801a393d78b\coverage_run_no_csirs
exportLLSOutputCoverageArtifacts:building_mcs_tbs_evolution runFolder=C:\Users\anup0\AppData\Local\Temp\tp50d50f97_bf7c_466e_aa96_4801a393d78b\coverage_run_no_csirs
exportLLSOutputCoverageArtifacts:built_mcs_tbs_evolution runFolder=C:\Users\anup0\AppData\Local\Temp\tp50d50f97_bf7c_466e_aa96_4801a393d78b\coverage_run_no_csirs
exportLLSOutputCoverageArtifacts:tables_scheduler_transport_built runFolder=C:\Users\anup0\AppData\Local\Temp\tp50d50f97_bf7c_466e_aa96_4801a393d78b\coverage_run_no_csirs
exportLLSOutputCoverageArtifacts:tables_latency_energy_built runFolder=C:\Users\anup0\AppData\Local\Temp\tp50d50f97_bf7c_466e_aa96_4801a393d78b\coverage_run_no_csirs
exportLLSOutputCoverageArtifacts:tables_root_cause_built runFolder=C:\Users\anup0\AppData\Local\Temp\tp50d50f97_bf7c_466e_aa96_4801a393d78b\coverage_run_no_csirs
exportLLSOutputCoverageArtifacts:tables_control_built runFolder=C:\Users\anup0\AppData\Local\Temp\tp50d50f97_bf7c_466e_aa96_4801a393d78b\coverage_run_no_csirs
exportLLSOutputCoverageArtifacts:tables_beam_timing_built runFolder=C:\Users\anup0\AppData\Local\Temp\tp50d50f97_bf7c_466e_aa96_4801a393d78b\coverage_run_no_csirs
exportLLSOutputCoverageArtifacts:tables_prompt8_adequacy_built runFolder=C:\Users\anup0\AppData\Local\Temp\tp50d50f97_bf7c_466e_aa96_4801a393d78b\coverage_run_no_csirs
exportLLSOutputCoverageArtifacts:tables_built runFolder=C:\Users\anup0\AppData\Local\Temp\tp50d50f97_bf7c_466e_aa96_4801a393d78b\coverage_run_no_csirs
exportLLSOutputCoverageArtifacts:json_sidecar_suppressed:packet_flow/csv/table_scheduler_decision.csv:json_sidecar_suppressed_due_scale_guard_high_cardinality_runtime_table runFolder=C:\Users\anup0\AppData\Local\Temp\tp50d50f97_bf7c_466e_aa96_4801a393d78b\coverage_run_no_csirs
exportLLSOutputCoverageArtifacts:json_sidecar_suppressed:packet_flow/csv/live_prb_allocation.csv:json_sidecar_suppressed_due_scale_guard_high_cardinality_runtime_table runFolder=C:\Users\anup0\AppData\Local\Temp\tp50d50f97_bf7c_466e_aa96_4801a393d78b\coverage_run_no_csirs
exportLLSOutputCoverageArtifacts:json_sidecar_suppressed:reports/csv/live_re_allocation_snapshot.csv:json_sidecar_suppressed_due_scale_guard_high_cardinality_runtime_table runFolder=C:\Users\anup0\AppData\Local\Temp\tp50d50f97_bf7c_466e_aa96_4801a393d78b\coverage_run_no_csirs
exportLLSOutputCoverageArtifacts:json_sidecar_suppressed:reports/csv/prb_allocation_heatmap.csv:json_sidecar_suppressed_due_scale_guard_high_cardinality_runtime_table runFolder=C:\Users\anup0\AppData\Local\Temp\tp50d50f97_bf7c_466e_aa96_4801a393d78b\coverage_run_no_csirs
exportLLSOutputCoverageArtifacts:json_sidecar_suppressed:reports/csv/dl_resource_grid_heatmap.csv:json_sidecar_suppressed_due_scale_guard_high_cardinality_runtime_table runFolder=C:\Users\anup0\AppData\Local\Temp\tp50d50f97_bf7c_466e_aa96_4801a393d78b\coverage_run_no_csirs
exportLLSOutputCoverageArtifacts:json_sidecar_suppressed:reports/csv/ul_resource_grid_heatmap.csv:json_sidecar_suppressed_due_scale_guard_high_cardinality_runtime_table runFolder=C:\Users\anup0\AppData\Local\Temp\tp50d50f97_bf7c_466e_aa96_4801a393d78b\coverage_run_no_csirs
exportLLSOutputCoverageArtifacts:json_sidecar_suppressed:reports/csv/table_mcs_tbs_evolution.csv:json_sidecar_suppressed_due_scale_guard_high_cardinality_runtime_table runFolder=C:\Users\anup0\AppData\Local\Temp\tp50d50f97_bf7c_466e_aa96_4801a393d78b\coverage_run_no_csirs
exportLLSOutputCoverageArtifacts:json_sidecar_suppressed:reports/csv/live_power_runtime_table.csv:json_sidecar_suppressed_due_scale_guard_high_cardinality_runtime_table runFolder=C:\Users\anup0\AppData\Local\Temp\tp50d50f97_bf7c_466e_aa96_4801a393d78b\coverage_run_no_csirs
exportLLSOutputCoverageArtifacts:json_sidecar_suppressed:reports/csv/live_rf_power_table.csv:json_sidecar_suppressed_due_scale_guard_high_cardinality_runtime_table runFolder=C:\Users\anup0\AppData\Local\Temp\tp50d50f97_bf7c_466e_aa96_4801a393d78b\coverage_run_no_csirs
exportLLSOutputCoverageArtifacts:json_sidecar_suppressed:control/csv/timing_synchronization_table.csv:json_sidecar_suppressed_due_scale_guard_high_cardinality_runtime_table runFolder=C:\Users\anup0\AppData\Local\Temp\tp50d50f97_bf7c_466e_aa96_4801a393d78b\coverage_run_no_csirs
exportLLSOutputCoverageArtifacts:table_artifacts_written runFolder=C:\Users\anup0\AppData\Local\Temp\tp50d50f97_bf7c_466e_aa96_4801a393d78b\coverage_run_no_csirs
exportLLSOutputCoverageArtifacts:writing_prb_heatmap runFolder=C:\Users\anup0\AppData\Local\Temp\tp50d50f97_bf7c_466e_aa96_4801a393d78b\coverage_run_no_csirs
exportLLSOutputCoverageArtifacts:writing_power_energy_figure runFolder=C:\Users\anup0\AppData\Local\Temp\tp50d50f97_bf7c_466e_aa96_4801a393d78b\coverage_run_no_csirs
exportLLSOutputCoverageArtifacts:figure_artifacts_written runFolder=C:\Users\anup0\AppData\Local\Temp\tp50d50f97_bf7c_466e_aa96_4801a393d78b\coverage_run_no_csirs
exportLLSOutputCoverageArtifacts:coverage_registry_built runFolder=C:\Users\anup0\AppData\Local\Temp\tp50d50f97_bf7c_466e_aa96_4801a393d78b\coverage_run_no_csirs
exportLLSOutputCoverageArtifacts:coverage_audits_built runFolder=C:\Users\anup0\AppData\Local\Temp\tp50d50f97_bf7c_466e_aa96_4801a393d78b\coverage_run_no_csirs
exportLLSOutputCoverageArtifacts:coverage_tables_written runFolder=C:\Users\anup0\AppData\Local\Temp\tp50d50f97_bf7c_466e_aa96_4801a393d78b\coverage_run_no_csirs
exportLLSOutputCoverageArtifacts:measurement_sidecars_written runFolder=C:\Users\anup0\AppData\Local\Temp\tp50d50f97_bf7c_466e_aa96_4801a393d78b\coverage_run_no_csirs
exportLLSOutputCoverageArtifacts:live_stage_control_counts_reconciled runFolder=C:\Users\anup0\AppData\Local\Temp\tp50d50f97_bf7c_466e_aa96_4801a393d78b\coverage_run_no_csirs
exportLLSOutputCoverageArtifacts:publication_readiness_refreshed runFolder=C:\Users\anup0\AppData\Local\Temp\tp50d50f97_bf7c_466e_aa96_4801a393d78b\coverage_run_no_csirs
exportLLSOutputCoverageArtifacts:inventory_written runFolder=C:\Users\anup0\AppData\Local\Temp\tp50d50f97_bf7c_466e_aa96_4801a393d78b\coverage_run_no_csirs
exportLLSOutputCoverageArtifacts:done runFolder=C:\Users\anup0\AppData\Local\Temp\tp50d50f97_bf7c_466e_aa96_4801a393d78b\coverage_run_no_csirs

ans =

  logical

   1
