[2026-08-09T08:26:42Z] INFO Preparing LLS run: scenario=webgui_sinr_plus20_64x4_mu_mimo_quick_truth runTag=phase25_plus20_quick_truth_01 runFolder=C:\Users\anup0\OneDrive\Documents\Simulator\6GR Simulator_v2_clean_main\results\lls\webgui_sinr_plus20_64x4_mu_mimo_quick_truth\phase25_plus20_quick_truth_01
Starting parallel pool (parpool) using the 'Processes' profile ...
Connected to parallel pool with 4 workers.
[2026-08-09T08:27:53Z] INFO Artifact store active=0 backend=filesystem schema=
[2026-08-09T08:27:53Z] INFO Writing resolved snapshots.
[2026-08-09T08:27:55Z] INFO Exporting live geometry artifacts.
[2026-08-09T08:27:55Z] INFO Executing runner profile=waveform_bundle.
[2026-08-09T08:27:55Z] INFO Waveform bundle runtime tuning: policy=yaml_exact_truth_runtime notes=exact_yaml_runtime_no_auto_reduction
[2026-08-09T08:27:55Z] INFO Waveform bundle starting: snr=20.000 dB sweepPoints=1 canonicalSlots=32 monteCarlo=1 slotDuration_s=0.000500
[TR38901Plus] Resolved config: Scenario=UMa Fc_Hz=3500000000 PathlossModel=nrPathLoss ShadowSigma_dB=6 PathlossEnabled=0 ShadowEnabled=0 LOSEnabled=0
[2026-08-09T08:28:06Z] INFO Coupled canonical slot prepared: sweep=1/1 slot=1/32 duplex=DL allow_dl=1 allow_ul=0.
[2026-08-09T08:28:07Z] INFO Starting coupled pre-scheduling control gating for slot 1/32 with 4 UEs.
[2026-08-09T08:29:17Z] INFO Coupled control gating progress for slot 1/32: UE 1/4, PBCH=1 PRACH=0 SRS=0 TRS=1.
[2026-08-09T08:30:04Z] INFO Coupled control gating progress for slot 1/32: UE 2/4, PBCH=2 PRACH=0 SRS=0 TRS=1.
[2026-08-09T08:30:47Z] INFO Coupled control gating progress for slot 1/32: UE 3/4, PBCH=3 PRACH=0 SRS=0 TRS=1.
[2026-08-09T08:31:30Z] INFO Coupled control gating progress for slot 1/32: UE 4/4, PBCH=4 PRACH=0 SRS=0 TRS=1.
[2026-08-09T08:31:30Z] INFO Coupled control gating complete: slot=1 frame=1 pbch_attempts=4 prach_attempts=0 srs_attempts=0 trs_attempts=1 acquired=4/4 access=0/4 valid_srs=0/4 valid_trs_cells=1/1 tracked_serving_users=4/4 eligible=0/4.
[2026-08-09T08:31:30Z] INFO Coupled control gating complete for slot 1/32: acquired=4/4 access=0/4 valid_srs=0/4 valid_trs_cells=1/1 tracked_serving_users=4/4 eligible=0/4.
[2026-08-09T08:31:31Z] INFO DL coupled publish: operating_point 1/1 configured_label_snr_dB=20.000 ue=0/4 dlDirectionalFrames=0/32 ulDirectionalFrames=0/32 dlRows=0 ulRows=0.
[2026-08-09T08:31:32Z] INFO Coupled DL schedule complete: sweep=1/1 slot=1/32 active=0 granted=0 grants=0.
[2026-08-09T08:31:32Z] INFO Coupled DL PDCCH qualification complete: sweep=1/1 slot=1/32 executable_grants=0.
[2026-08-09T08:31:32Z] INFO Preparing coupled DL batches: sweep=1/1 slot=1/32 candidate_grants=0 batch_size=24.
[2026-08-09T08:31:33Z] INFO Coupled UL K2 preschedule complete: control_slot=1 due_slot=5 k2=4 active=0 granted=0 grants=0.
[2026-08-09T08:31:33Z] INFO Coupled canonical slot prepared: sweep=1/1 slot=2/32 duplex=DL allow_dl=1 allow_ul=0.
[2026-08-09T08:31:34Z] INFO Starting coupled pre-scheduling control gating for slot 2/32 with 4 UEs.
[2026-08-09T08:31:34Z] INFO Coupled control gating progress for slot 2/32: UE 1/4, PBCH=0 PRACH=0 SRS=0 TRS=0.
[2026-08-09T08:31:34Z] INFO Coupled control gating progress for slot 2/32: UE 2/4, PBCH=0 PRACH=0 SRS=0 TRS=0.
[2026-08-09T08:31:34Z] INFO Coupled control gating progress for slot 2/32: UE 3/4, PBCH=0 PRACH=0 SRS=0 TRS=0.
[2026-08-09T08:31:34Z] INFO Coupled control gating progress for slot 2/32: UE 4/4, PBCH=0 PRACH=0 SRS=0 TRS=0.
[2026-08-09T08:31:35Z] INFO Coupled control gating complete: slot=2 frame=1 pbch_attempts=0 prach_attempts=0 srs_attempts=0 trs_attempts=0 acquired=4/4 access=0/4 valid_srs=0/4 valid_trs_cells=1/1 tracked_serving_users=4/4 eligible=0/4.
[2026-08-09T08:31:35Z] INFO Coupled control gating complete for slot 2/32: acquired=4/4 access=0/4 valid_srs=0/4 valid_trs_cells=1/1 tracked_serving_users=4/4 eligible=0/4.
[2026-08-09T08:31:35Z] INFO DL coupled publish: operating_point 1/1 configured_label_snr_dB=20.000 ue=0/4 dlDirectionalFrames=0/32 ulDirectionalFrames=0/32 dlRows=0 ulRows=0.
[2026-08-09T08:31:35Z] INFO Coupled DL schedule complete: sweep=1/1 slot=2/32 active=0 granted=0 grants=0.
[2026-08-09T08:31:35Z] INFO Coupled DL PDCCH qualification complete: sweep=1/1 slot=2/32 executable_grants=0.
[2026-08-09T08:31:35Z] INFO Preparing coupled DL batches: sweep=1/1 slot=2/32 candidate_grants=0 batch_size=24.
[2026-08-09T08:31:35Z] INFO Coupled UL K2 preschedule deferred: control_slot=2 reason=data_timing_rejected:target_hits_fixed_opposite_direction policy=no_valid_ul_occasion_from_current_dl_control_slot.
[2026-08-09T08:31:36Z] INFO Coupled canonical slot prepared: sweep=1/1 slot=3/32 duplex=DL allow_dl=1 allow_ul=0.
[2026-08-09T08:31:36Z] INFO Starting coupled pre-scheduling control gating for slot 3/32 with 4 UEs.
[2026-08-09T08:31:36Z] INFO Coupled control gating progress for slot 3/32: UE 1/4, PBCH=0 PRACH=0 SRS=0 TRS=0.
[2026-08-09T08:31:36Z] INFO Coupled control gating progress for slot 3/32: UE 2/4, PBCH=0 PRACH=0 SRS=0 TRS=0.
[2026-08-09T08:31:36Z] INFO Coupled control gating progress for slot 3/32: UE 3/4, PBCH=0 PRACH=0 SRS=0 TRS=0.
[2026-08-09T08:31:36Z] INFO Coupled control gating progress for slot 3/32: UE 4/4, PBCH=0 PRACH=0 SRS=0 TRS=0.
[2026-08-09T08:31:37Z] INFO Coupled control gating complete: slot=3 frame=1 pbch_attempts=0 prach_attempts=0 srs_attempts=0 trs_attempts=0 acquired=4/4 access=0/4 valid_srs=0/4 valid_trs_cells=1/1 tracked_serving_users=4/4 eligible=0/4.
[2026-08-09T08:31:37Z] INFO Coupled control gating complete for slot 3/32: acquired=4/4 access=0/4 valid_srs=0/4 valid_trs_cells=1/1 tracked_serving_users=4/4 eligible=0/4.
[2026-08-09T08:31:37Z] INFO DL coupled publish: operating_point 1/1 configured_label_snr_dB=20.000 ue=0/4 dlDirectionalFrames=0/32 ulDirectionalFrames=0/32 dlRows=0 ulRows=0.
[2026-08-09T08:31:37Z] INFO Coupled DL schedule complete: sweep=1/1 slot=3/32 active=0 granted=0 grants=0.
[2026-08-09T08:31:37Z] INFO Coupled DL PDCCH qualification complete: sweep=1/1 slot=3/32 executable_grants=0.
[2026-08-09T08:31:37Z] INFO Preparing coupled DL batches: sweep=1/1 slot=3/32 candidate_grants=0 batch_size=24.
[2026-08-09T08:31:37Z] INFO Coupled UL K2 preschedule deferred: control_slot=3 reason=data_timing_rejected:target_hits_fixed_opposite_direction policy=no_valid_ul_occasion_from_current_dl_control_slot.
[2026-08-09T08:31:37Z] INFO Coupled canonical slot prepared: sweep=1/1 slot=4/32 duplex=FLEXIBLE_OR_MIXED allow_dl=1 allow_ul=1.
[2026-08-09T08:31:37Z] INFO Starting coupled pre-scheduling control gating for slot 4/32 with 4 UEs.
[2026-08-09T08:31:38Z] INFO Coupled control gating progress for slot 4/32: UE 1/4, PBCH=0 PRACH=0 SRS=0 TRS=0.
[2026-08-09T08:31:38Z] INFO Coupled control gating progress for slot 4/32: UE 2/4, PBCH=0 PRACH=0 SRS=0 TRS=0.
[2026-08-09T08:31:38Z] INFO Coupled control gating progress for slot 4/32: UE 3/4, PBCH=0 PRACH=0 SRS=0 TRS=0.
[2026-08-09T08:31:38Z] INFO Coupled control gating progress for slot 4/32: UE 4/4, PBCH=0 PRACH=0 SRS=0 TRS=0.
[2026-08-09T08:31:38Z] INFO Coupled control gating complete: slot=4 frame=1 pbch_attempts=0 prach_attempts=0 srs_attempts=0 trs_attempts=0 acquired=4/4 access=0/4 valid_srs=0/4 valid_trs_cells=1/1 tracked_serving_users=4/4 eligible=0/4.
[2026-08-09T08:31:38Z] INFO Coupled control gating complete for slot 4/32: acquired=4/4 access=0/4 valid_srs=0/4 valid_trs_cells=1/1 tracked_serving_users=4/4 eligible=0/4.
[2026-08-09T08:31:39Z] INFO DL coupled publish: operating_point 1/1 configured_label_snr_dB=20.000 ue=0/4 dlDirectionalFrames=0/32 ulDirectionalFrames=0/32 dlRows=0 ulRows=0.
[2026-08-09T08:31:39Z] INFO Coupled DL scheduling deferred: sweep=1/1 slot=4/32 reason=configured_dl_symbol_allocation_not_available_in_tdd_slot policy=no_valid_harq_ack_occasion_from_current_dl_slot.
[2026-08-09T08:31:39Z] INFO Coupled DL schedule complete: sweep=1/1 slot=4/32 active=0 granted=0 grants=0.
[2026-08-09T08:31:39Z] INFO Coupled DL PDCCH qualification complete: sweep=1/1 slot=4/32 executable_grants=0.
[2026-08-09T08:31:39Z] INFO Preparing coupled DL batches: sweep=1/1 slot=4/32 candidate_grants=0 batch_size=24.
[2026-08-09T08:31:39Z] INFO Coupled UL K2 preschedule deferred: control_slot=4 reason=data_timing_rejected:target_hits_fixed_opposite_direction policy=no_valid_ul_occasion_from_current_dl_control_slot.
[2026-08-09T08:31:39Z] INFO Coupled UL queued grant lookup complete: sweep=1/1 slot=4/32 due_grants=0 pending_grants=0.
[2026-08-09T08:31:39Z] INFO Coupled canonical slot prepared: sweep=1/1 slot=5/32 duplex=UL allow_dl=0 allow_ul=1.
[2026-08-09T08:31:39Z] INFO Starting coupled pre-scheduling control gating for slot 5/32 with 4 UEs.
[2026-08-09T08:31:39Z] INFO Coupled control gating progress for slot 5/32: UE 1/4, PBCH=0 PRACH=0 SRS=0 TRS=0.
[2026-08-09T08:31:40Z] INFO Coupled control gating progress for slot 5/32: UE 2/4, PBCH=0 PRACH=0 SRS=0 TRS=0.
[2026-08-09T08:31:40Z] INFO Coupled control gating progress for slot 5/32: UE 3/4, PBCH=0 PRACH=0 SRS=0 TRS=0.
[2026-08-09T08:31:40Z] INFO Coupled control gating progress for slot 5/32: UE 4/4, PBCH=0 PRACH=0 SRS=0 TRS=0.
[2026-08-09T08:31:40Z] INFO Coupled control gating complete: slot=5 frame=1 pbch_attempts=0 prach_attempts=0 srs_attempts=0 trs_attempts=0 acquired=4/4 access=0/4 valid_srs=0/4 valid_trs_cells=1/1 tracked_serving_users=4/4 eligible=0/4.
[2026-08-09T08:31:40Z] INFO Coupled control gating complete for slot 5/32: acquired=4/4 access=0/4 valid_srs=0/4 valid_trs_cells=1/1 tracked_serving_users=4/4 eligible=0/4.
[2026-08-09T08:31:41Z] INFO UL coupled publish: operating_point 1/1 configured_label_snr_dB=20.000 ue=0/4 dlDirectionalFrames=0/32 ulDirectionalFrames=0/32 dlRows=0 ulRows=0.
[2026-08-09T08:31:41Z] INFO Coupled UL queued grant lookup complete: sweep=1/1 slot=5/32 due_grants=0 pending_grants=0.
[2026-08-09T08:31:41Z] INFO Coupled canonical slot prepared: sweep=1/1 slot=6/32 duplex=DL allow_dl=1 allow_ul=0.
[2026-08-09T08:31:41Z] INFO Starting coupled pre-scheduling control gating for slot 6/32 with 4 UEs.
[2026-08-09T08:31:41Z] INFO Coupled control gating progress for slot 6/32: UE 1/4, PBCH=0 PRACH=0 SRS=0 TRS=0.
[2026-08-09T08:31:41Z] INFO Coupled control gating progress for slot 6/32: UE 2/4, PBCH=0 PRACH=0 SRS=0 TRS=0.
[2026-08-09T08:31:41Z] INFO Coupled control gating progress for slot 6/32: UE 3/4, PBCH=0 PRACH=0 SRS=0 TRS=0.
[2026-08-09T08:31:41Z] INFO Coupled control gating progress for slot 6/32: UE 4/4, PBCH=0 PRACH=0 SRS=0 TRS=0.
[2026-08-09T08:31:41Z] INFO Coupled control gating complete: slot=6 frame=1 pbch_attempts=0 prach_attempts=0 srs_attempts=0 trs_attempts=0 acquired=4/4 access=0/4 valid_srs=0/4 valid_trs_cells=1/1 tracked_serving_users=4/4 eligible=0/4.
[2026-08-09T08:31:41Z] INFO Coupled control gating complete for slot 6/32: acquired=4/4 access=0/4 valid_srs=0/4 valid_trs_cells=1/1 tracked_serving_users=4/4 eligible=0/4.
[2026-08-09T08:31:42Z] INFO DL coupled publish: operating_point 1/1 configured_label_snr_dB=20.000 ue=0/4 dlDirectionalFrames=0/32 ulDirectionalFrames=0/32 dlRows=0 ulRows=0.
[2026-08-09T08:31:42Z] INFO Coupled DL schedule complete: sweep=1/1 slot=6/32 active=0 granted=0 grants=0.
[2026-08-09T08:31:42Z] INFO Coupled DL PDCCH qualification complete: sweep=1/1 slot=6/32 executable_grants=0.
[2026-08-09T08:31:42Z] INFO Preparing coupled DL batches: sweep=1/1 slot=6/32 candidate_grants=0 batch_size=24.
[2026-08-09T08:31:42Z] INFO Coupled UL K2 preschedule complete: control_slot=6 due_slot=10 k2=4 active=0 granted=0 grants=0.
[2026-08-09T08:31:42Z] INFO Coupled canonical slot prepared: sweep=1/1 slot=7/32 duplex=DL allow_dl=1 allow_ul=0.
[2026-08-09T08:31:42Z] INFO Starting coupled pre-scheduling control gating for slot 7/32 with 4 UEs.
[2026-08-09T08:31:43Z] INFO Coupled control gating progress for slot 7/32: UE 1/4, PBCH=0 PRACH=0 SRS=0 TRS=0.
[2026-08-09T08:31:43Z] INFO Coupled control gating progress for slot 7/32: UE 2/4, PBCH=0 PRACH=0 SRS=0 TRS=0.
[2026-08-09T08:31:43Z] INFO Coupled control gating progress for slot 7/32: UE 3/4, PBCH=0 PRACH=0 SRS=0 TRS=0.
[2026-08-09T08:31:43Z] INFO Coupled control gating progress for slot 7/32: UE 4/4, PBCH=0 PRACH=0 SRS=0 TRS=0.
[2026-08-09T08:31:43Z] INFO Coupled control gating complete: slot=7 frame=1 pbch_attempts=0 prach_attempts=0 srs_attempts=0 trs_attempts=0 acquired=4/4 access=0/4 valid_srs=0/4 valid_trs_cells=1/1 tracked_serving_users=4/4 eligible=0/4.
[2026-08-09T08:31:43Z] INFO Coupled control gating complete for slot 7/32: acquired=4/4 access=0/4 valid_srs=0/4 valid_trs_cells=1/1 tracked_serving_users=4/4 eligible=0/4.
[2026-08-09T08:31:43Z] INFO DL coupled publish: operating_point 1/1 configured_label_snr_dB=20.000 ue=0/4 dlDirectionalFrames=0/32 ulDirectionalFrames=0/32 dlRows=0 ulRows=0.
[2026-08-09T08:31:43Z] INFO Coupled DL schedule complete: sweep=1/1 slot=7/32 active=0 granted=0 grants=0.
[2026-08-09T08:31:43Z] INFO Coupled DL PDCCH qualification complete: sweep=1/1 slot=7/32 executable_grants=0.
[2026-08-09T08:31:43Z] INFO Preparing coupled DL batches: sweep=1/1 slot=7/32 candidate_grants=0 batch_size=24.
[2026-08-09T08:31:43Z] INFO Coupled UL K2 preschedule deferred: control_slot=7 reason=data_timing_rejected:target_hits_fixed_opposite_direction policy=no_valid_ul_occasion_from_current_dl_control_slot.
[2026-08-09T08:31:43Z] INFO Coupled canonical slot prepared: sweep=1/1 slot=8/32 duplex=DL allow_dl=1 allow_ul=0.
[2026-08-09T08:31:44Z] INFO Starting coupled pre-scheduling control gating for slot 8/32 with 4 UEs.
[2026-08-09T08:31:44Z] INFO Coupled control gating progress for slot 8/32: UE 1/4, PBCH=0 PRACH=0 SRS=0 TRS=0.
[2026-08-09T08:31:44Z] INFO Coupled control gating progress for slot 8/32: UE 2/4, PBCH=0 PRACH=0 SRS=0 TRS=0.
[2026-08-09T08:31:44Z] INFO Coupled control gating progress for slot 8/32: UE 3/4, PBCH=0 PRACH=0 SRS=0 TRS=0.
[2026-08-09T08:31:44Z] INFO Coupled control gating progress for slot 8/32: UE 4/4, PBCH=0 PRACH=0 SRS=0 TRS=0.
[2026-08-09T08:31:44Z] INFO Coupled control gating complete: slot=8 frame=1 pbch_attempts=0 prach_attempts=0 srs_attempts=0 trs_attempts=0 acquired=4/4 access=0/4 valid_srs=0/4 valid_trs_cells=1/1 tracked_serving_users=4/4 eligible=0/4.
[2026-08-09T08:31:44Z] INFO Coupled control gating complete for slot 8/32: acquired=4/4 access=0/4 valid_srs=0/4 valid_trs_cells=1/1 tracked_serving_users=4/4 eligible=0/4.
[2026-08-09T08:31:44Z] INFO DL coupled publish: operating_point 1/1 configured_label_snr_dB=20.000 ue=0/4 dlDirectionalFrames=0/32 ulDirectionalFrames=0/32 dlRows=0 ulRows=0.
[2026-08-09T08:31:44Z] INFO Coupled DL schedule complete: sweep=1/1 slot=8/32 active=0 granted=0 grants=0.
[2026-08-09T08:31:44Z] INFO Coupled DL PDCCH qualification complete: sweep=1/1 slot=8/32 executable_grants=0.
[2026-08-09T08:31:44Z] INFO Preparing coupled DL batches: sweep=1/1 slot=8/32 candidate_grants=0 batch_size=24.
[2026-08-09T08:31:45Z] INFO Coupled UL K2 preschedule deferred: control_slot=8 reason=data_timing_rejected:target_hits_fixed_opposite_direction policy=no_valid_ul_occasion_from_current_dl_control_slot.
[2026-08-09T08:31:45Z] INFO Coupled canonical slot prepared: sweep=1/1 slot=9/32 duplex=FLEXIBLE_OR_MIXED allow_dl=1 allow_ul=1.
[2026-08-09T08:31:45Z] INFO Starting coupled pre-scheduling control gating for slot 9/32 with 4 UEs.
[2026-08-09T08:31:45Z] INFO Coupled control gating progress for slot 9/32: UE 1/4, PBCH=0 PRACH=0 SRS=0 TRS=0.
[2026-08-09T08:31:45Z] INFO Coupled control gating progress for slot 9/32: UE 2/4, PBCH=0 PRACH=0 SRS=0 TRS=0.
[2026-08-09T08:31:45Z] INFO Coupled control gating progress for slot 9/32: UE 3/4, PBCH=0 PRACH=0 SRS=0 TRS=0.
[2026-08-09T08:31:45Z] INFO Coupled control gating progress for slot 9/32: UE 4/4, PBCH=0 PRACH=0 SRS=0 TRS=0.
[2026-08-09T08:31:45Z] INFO Coupled control gating complete: slot=9 frame=1 pbch_attempts=0 prach_attempts=0 srs_attempts=0 trs_attempts=0 acquired=4/4 access=0/4 valid_srs=0/4 valid_trs_cells=1/1 tracked_serving_users=4/4 eligible=0/4.
[2026-08-09T08:31:45Z] INFO Coupled control gating complete for slot 9/32: acquired=4/4 access=0/4 valid_srs=0/4 valid_trs_cells=1/1 tracked_serving_users=4/4 eligible=0/4.
[2026-08-09T08:31:45Z] INFO DL coupled publish: operating_point 1/1 configured_label_snr_dB=20.000 ue=0/4 dlDirectionalFrames=0/32 ulDirectionalFrames=0/32 dlRows=0 ulRows=0.
[2026-08-09T08:31:45Z] INFO Coupled DL scheduling deferred: sweep=1/1 slot=9/32 reason=configured_dl_symbol_allocation_not_available_in_tdd_slot policy=no_valid_harq_ack_occasion_from_current_dl_slot.
[2026-08-09T08:31:45Z] INFO Coupled DL schedule complete: sweep=1/1 slot=9/32 active=0 granted=0 grants=0.
[2026-08-09T08:31:45Z] INFO Coupled DL PDCCH qualification complete: sweep=1/1 slot=9/32 executable_grants=0.
[2026-08-09T08:31:45Z] INFO Preparing coupled DL batches: sweep=1/1 slot=9/32 candidate_grants=0 batch_size=24.
[2026-08-09T08:31:46Z] INFO Coupled UL K2 preschedule deferred: control_slot=9 reason=data_timing_rejected:target_hits_fixed_opposite_direction policy=no_valid_ul_occasion_from_current_dl_control_slot.
[2026-08-09T08:31:46Z] INFO Coupled UL queued grant lookup complete: sweep=1/1 slot=9/32 due_grants=0 pending_grants=0.
[2026-08-09T08:31:46Z] INFO Coupled canonical slot prepared: sweep=1/1 slot=10/32 duplex=UL allow_dl=0 allow_ul=1.
[2026-08-09T08:31:46Z] INFO Starting coupled pre-scheduling control gating for slot 10/32 with 4 UEs.
[2026-08-09T08:32:47Z] INFO Coupled PRACH result: slot=10 ue=1 status=PASS crc=1 ra_completed=true strict_ok=true tx_preamble=0 detected_preamble=0 failure=.
[2026-08-09T08:32:47Z] INFO Coupled PRACH RA PDSCH evidence: slot=10 ue=1 msg2_crc=1 msg2_layers=1 msg2_cfg_ports=1 msg2_resolved_ports=1 msg2_explicit_matrix=false msg2_precoding=siso_identity/ra_si_common_procedure_identity msg2_tx_power_dBm=46 msg2_amp_scale=49722 msg2_timing_used=false msg2_timing=0 msg2_posteq_sinr_dB=38 msg2_hest_sinr_dB=38 msg2_llr_finite=true msg4_crc=1 msg4_layers=1 msg4_cfg_ports=1 msg4_resolved_ports=1 msg4_tx_power_dBm=46 msg4_amp_scale=50099.
[2026-08-09T08:32:48Z] INFO Coupled control gating progress for slot 10/32: UE 1/4, PBCH=0 PRACH=1 SRS=0 TRS=0.
[2026-08-09T08:33:37Z] INFO Coupled PRACH result: slot=10 ue=2 status=PASS crc=1 ra_completed=true strict_ok=true tx_preamble=1 detected_preamble=1 failure=.
[2026-08-09T08:33:37Z] INFO Coupled PRACH RA PDSCH evidence: slot=10 ue=2 msg2_crc=1 msg2_layers=1 msg2_cfg_ports=1 msg2_resolved_ports=1 msg2_explicit_matrix=false msg2_precoding=siso_identity/ra_si_common_procedure_identity msg2_tx_power_dBm=46 msg2_amp_scale=49878 msg2_timing_used=false msg2_timing=0 msg2_posteq_sinr_dB=38 msg2_hest_sinr_dB=38 msg2_llr_finite=true msg4_crc=1 msg4_layers=1 msg4_cfg_ports=1 msg4_resolved_ports=1 msg4_tx_power_dBm=46 msg4_amp_scale=50099.
[2026-08-09T08:33:37Z] INFO Coupled control gating progress for slot 10/32: UE 2/4, PBCH=0 PRACH=2 SRS=0 TRS=0.
[2026-08-09T08:34:27Z] INFO Coupled PRACH result: slot=10 ue=3 status=PASS crc=1 ra_completed=true strict_ok=true tx_preamble=2 detected_preamble=2 failure=.
[2026-08-09T08:34:27Z] INFO Coupled PRACH RA PDSCH evidence: slot=10 ue=3 msg2_crc=1 msg2_layers=1 msg2_cfg_ports=1 msg2_resolved_ports=1 msg2_explicit_matrix=false msg2_precoding=siso_identity/ra_si_common_procedure_identity msg2_tx_power_dBm=46 msg2_amp_scale=49894 msg2_timing_used=false msg2_timing=0 msg2_posteq_sinr_dB=38 msg2_hest_sinr_dB=38 msg2_llr_finite=true msg4_crc=1 msg4_layers=1 msg4_cfg_ports=1 msg4_resolved_ports=1 msg4_tx_power_dBm=46 msg4_amp_scale=50099.
[2026-08-09T08:34:27Z] INFO Coupled control gating progress for slot 10/32: UE 3/4, PBCH=0 PRACH=3 SRS=0 TRS=0.
[2026-08-09T08:35:13Z] INFO Coupled PRACH result: slot=10 ue=4 status=PASS crc=1 ra_completed=true strict_ok=true tx_preamble=3 detected_preamble=3 failure=.
[2026-08-09T08:35:13Z] INFO Coupled PRACH RA PDSCH evidence: slot=10 ue=4 msg2_crc=1 msg2_layers=1 msg2_cfg_ports=1 msg2_resolved_ports=1 msg2_explicit_matrix=false msg2_precoding=siso_identity/ra_si_common_procedure_identity msg2_tx_power_dBm=46 msg2_amp_scale=49779 msg2_timing_used=false msg2_timing=0 msg2_posteq_sinr_dB=37 msg2_hest_sinr_dB=37 msg2_llr_finite=true msg4_crc=1 msg4_layers=1 msg4_cfg_ports=1 msg4_resolved_ports=1 msg4_tx_power_dBm=46 msg4_amp_scale=50099.
[2026-08-09T08:35:14Z] INFO Coupled control gating progress for slot 10/32: UE 4/4, PBCH=0 PRACH=4 SRS=0 TRS=0.
[2026-08-09T08:35:14Z] INFO Coupled control gating complete: slot=10 frame=1 pbch_attempts=0 prach_attempts=4 srs_attempts=0 trs_attempts=0 acquired=4/4 access=4/4 valid_srs=0/4 valid_trs_cells=1/1 tracked_serving_users=4/4 eligible=0/4.
[2026-08-09T08:35:14Z] INFO Coupled control gating complete for slot 10/32: acquired=4/4 access=4/4 valid_srs=0/4 valid_trs_cells=1/1 tracked_serving_users=4/4 eligible=0/4.
[2026-08-09T08:35:14Z] INFO UL coupled publish: operating_point 1/1 configured_label_snr_dB=20.000 ue=0/4 dlDirectionalFrames=0/32 ulDirectionalFrames=0/32 dlRows=0 ulRows=0.
[2026-08-09T08:35:14Z] INFO Coupled UL queued grant lookup complete: sweep=1/1 slot=10/32 due_grants=0 pending_grants=0.
[2026-08-09T08:35:14Z] INFO Coupled canonical slot prepared: sweep=1/1 slot=11/32 duplex=DL allow_dl=1 allow_ul=0.
[2026-08-09T08:35:14Z] INFO Starting coupled pre-scheduling control gating for slot 11/32 with 4 UEs.
[2026-08-09T08:35:15Z] INFO Coupled control gating progress for slot 11/32: UE 1/4, PBCH=0 PRACH=0 SRS=0 TRS=0.
[2026-08-09T08:35:15Z] INFO Coupled control gating progress for slot 11/32: UE 2/4, PBCH=0 PRACH=0 SRS=0 TRS=0.
[2026-08-09T08:35:15Z] INFO Coupled control gating progress for slot 11/32: UE 3/4, PBCH=0 PRACH=0 SRS=0 TRS=0.
[2026-08-09T08:35:15Z] INFO Coupled control gating progress for slot 11/32: UE 4/4, PBCH=0 PRACH=0 SRS=0 TRS=0.
[2026-08-09T08:35:15Z] INFO Coupled control gating complete: slot=11 frame=1 pbch_attempts=0 prach_attempts=0 srs_attempts=0 trs_attempts=0 acquired=4/4 access=4/4 valid_srs=0/4 valid_trs_cells=1/1 tracked_serving_users=4/4 eligible=0/4.
[2026-08-09T08:35:15Z] INFO Coupled control gating complete for slot 11/32: acquired=4/4 access=4/4 valid_srs=0/4 valid_trs_cells=1/1 tracked_serving_users=4/4 eligible=0/4.
[2026-08-09T08:35:15Z] INFO DL coupled publish: operating_point 1/1 configured_label_snr_dB=20.000 ue=0/4 dlDirectionalFrames=0/32 ulDirectionalFrames=0/32 dlRows=0 ulRows=0.
[2026-08-09T08:35:15Z] INFO Coupled DL schedule complete: sweep=1/1 slot=11/32 active=0 granted=0 grants=0.
[2026-08-09T08:35:15Z] INFO Coupled DL PDCCH qualification complete: sweep=1/1 slot=11/32 executable_grants=0.
[2026-08-09T08:35:15Z] INFO Preparing coupled DL batches: sweep=1/1 slot=11/32 candidate_grants=0 batch_size=24.
[2026-08-09T08:35:16Z] INFO Coupled UL K2 preschedule complete: control_slot=11 due_slot=15 k2=4 active=0 granted=0 grants=0.
[2026-08-09T08:35:16Z] INFO Coupled canonical slot prepared: sweep=1/1 slot=12/32 duplex=DL allow_dl=1 allow_ul=0.
[2026-08-09T08:35:16Z] INFO Starting coupled pre-scheduling control gating for slot 12/32 with 4 UEs.
[2026-08-09T08:35:16Z] INFO Coupled control gating progress for slot 12/32: UE 1/4, PBCH=0 PRACH=0 SRS=0 TRS=0.
[2026-08-09T08:35:16Z] INFO Coupled control gating progress for slot 12/32: UE 2/4, PBCH=0 PRACH=0 SRS=0 TRS=0.
[2026-08-09T08:35:16Z] INFO Coupled control gating progress for slot 12/32: UE 3/4, PBCH=0 PRACH=0 SRS=0 TRS=0.
[2026-08-09T08:35:16Z] INFO Coupled control gating progress for slot 12/32: UE 4/4, PBCH=0 PRACH=0 SRS=0 TRS=0.
[2026-08-09T08:35:16Z] INFO Coupled control gating complete: slot=12 frame=1 pbch_attempts=0 prach_attempts=0 srs_attempts=0 trs_attempts=0 acquired=4/4 access=4/4 valid_srs=0/4 valid_trs_cells=1/1 tracked_serving_users=4/4 eligible=0/4.
[2026-08-09T08:35:16Z] INFO Coupled control gating complete for slot 12/32: acquired=4/4 access=4/4 valid_srs=0/4 valid_trs_cells=1/1 tracked_serving_users=4/4 eligible=0/4.
[2026-08-09T08:35:16Z] INFO DL coupled publish: operating_point 1/1 configured_label_snr_dB=20.000 ue=0/4 dlDirectionalFrames=0/32 ulDirectionalFrames=0/32 dlRows=0 ulRows=0.
[2026-08-09T08:35:17Z] INFO Coupled DL schedule complete: sweep=1/1 slot=12/32 active=0 granted=0 grants=0.
[2026-08-09T08:35:17Z] INFO Coupled DL PDCCH qualification complete: sweep=1/1 slot=12/32 executable_grants=0.
[2026-08-09T08:35:17Z] INFO Preparing coupled DL batches: sweep=1/1 slot=12/32 candidate_grants=0 batch_size=24.
[2026-08-09T08:35:17Z] INFO Coupled UL K2 preschedule deferred: control_slot=12 reason=data_timing_rejected:target_hits_fixed_opposite_direction policy=no_valid_ul_occasion_from_current_dl_control_slot.
[2026-08-09T08:35:17Z] INFO Coupled canonical slot prepared: sweep=1/1 slot=13/32 duplex=DL allow_dl=1 allow_ul=0.
[2026-08-09T08:35:17Z] INFO Starting coupled pre-scheduling control gating for slot 13/32 with 4 UEs.
[2026-08-09T08:35:17Z] INFO Coupled control gating progress for slot 13/32: UE 1/4, PBCH=0 PRACH=0 SRS=0 TRS=0.
[2026-08-09T08:35:17Z] INFO Coupled control gating progress for slot 13/32: UE 2/4, PBCH=0 PRACH=0 SRS=0 TRS=0.
[2026-08-09T08:35:17Z] INFO Coupled control gating progress for slot 13/32: UE 3/4, PBCH=0 PRACH=0 SRS=0 TRS=0.
[2026-08-09T08:35:17Z] INFO Coupled control gating progress for slot 13/32: UE 4/4, PBCH=0 PRACH=0 SRS=0 TRS=0.
[2026-08-09T08:35:17Z] INFO Coupled control gating complete: slot=13 frame=1 pbch_attempts=0 prach_attempts=0 srs_attempts=0 trs_attempts=0 acquired=4/4 access=4/4 valid_srs=0/4 valid_trs_cells=1/1 tracked_serving_users=4/4 eligible=0/4.
[2026-08-09T08:35:17Z] INFO Coupled control gating complete for slot 13/32: acquired=4/4 access=4/4 valid_srs=0/4 valid_trs_cells=1/1 tracked_serving_users=4/4 eligible=0/4.
[2026-08-09T08:35:18Z] INFO DL coupled publish: operating_point 1/1 configured_label_snr_dB=20.000 ue=0/4 dlDirectionalFrames=0/32 ulDirectionalFrames=0/32 dlRows=0 ulRows=0.
[2026-08-09T08:35:18Z] INFO Coupled DL schedule complete: sweep=1/1 slot=13/32 active=0 granted=0 grants=0.
[2026-08-09T08:35:18Z] INFO Coupled DL PDCCH qualification complete: sweep=1/1 slot=13/32 executable_grants=0.
[2026-08-09T08:35:18Z] INFO Preparing coupled DL batches: sweep=1/1 slot=13/32 candidate_grants=0 batch_size=24.
[2026-08-09T08:35:18Z] INFO Coupled UL K2 preschedule deferred: control_slot=13 reason=data_timing_rejected:target_hits_fixed_opposite_direction policy=no_valid_ul_occasion_from_current_dl_control_slot.
[2026-08-09T08:35:18Z] INFO Coupled canonical slot prepared: sweep=1/1 slot=14/32 duplex=FLEXIBLE_OR_MIXED allow_dl=1 allow_ul=1.
[2026-08-09T08:35:18Z] INFO Starting coupled pre-scheduling control gating for slot 14/32 with 4 UEs.
[2026-08-09T08:35:18Z] INFO Coupled control gating progress for slot 14/32: UE 1/4, PBCH=0 PRACH=0 SRS=0 TRS=0.
[2026-08-09T08:35:18Z] INFO Coupled control gating progress for slot 14/32: UE 2/4, PBCH=0 PRACH=0 SRS=0 TRS=0.
[2026-08-09T08:35:18Z] INFO Coupled control gating progress for slot 14/32: UE 3/4, PBCH=0 PRACH=0 SRS=0 TRS=0.
[2026-08-09T08:35:18Z] INFO Coupled control gating progress for slot 14/32: UE 4/4, PBCH=0 PRACH=0 SRS=0 TRS=0.
[2026-08-09T08:35:18Z] INFO Coupled control gating complete: slot=14 frame=1 pbch_attempts=0 prach_attempts=0 srs_attempts=0 trs_attempts=0 acquired=4/4 access=4/4 valid_srs=0/4 valid_trs_cells=1/1 tracked_serving_users=4/4 eligible=0/4.
[2026-08-09T08:35:18Z] INFO Coupled control gating complete for slot 14/32: acquired=4/4 access=4/4 valid_srs=0/4 valid_trs_cells=1/1 tracked_serving_users=4/4 eligible=0/4.
[2026-08-09T08:35:19Z] INFO DL coupled publish: operating_point 1/1 configured_label_snr_dB=20.000 ue=0/4 dlDirectionalFrames=0/32 ulDirectionalFrames=0/32 dlRows=0 ulRows=0.
[2026-08-09T08:35:19Z] INFO Coupled DL scheduling deferred: sweep=1/1 slot=14/32 reason=configured_dl_symbol_allocation_not_available_in_tdd_slot policy=no_valid_harq_ack_occasion_from_current_dl_slot.
[2026-08-09T08:35:19Z] INFO Coupled DL schedule complete: sweep=1/1 slot=14/32 active=0 granted=0 grants=0.
[2026-08-09T08:35:19Z] INFO Coupled DL PDCCH qualification complete: sweep=1/1 slot=14/32 executable_grants=0.
[2026-08-09T08:35:19Z] INFO Preparing coupled DL batches: sweep=1/1 slot=14/32 candidate_grants=0 batch_size=24.
[2026-08-09T08:35:19Z] INFO Coupled UL K2 preschedule deferred: control_slot=14 reason=data_timing_rejected:target_hits_fixed_opposite_direction policy=no_valid_ul_occasion_from_current_dl_control_slot.
[2026-08-09T08:35:19Z] INFO Coupled UL queued grant lookup complete: sweep=1/1 slot=14/32 due_grants=0 pending_grants=0.
[2026-08-09T08:35:19Z] INFO Coupled canonical slot prepared: sweep=1/1 slot=15/32 duplex=UL allow_dl=0 allow_ul=1.
[2026-08-09T08:35:19Z] INFO Starting coupled pre-scheduling control gating for slot 15/32 with 4 UEs.
[2026-08-09T08:35:37Z] INFO Coupled control gating progress for slot 15/32: UE 1/4, PBCH=0 PRACH=0 SRS=1 TRS=0.
[2026-08-09T08:35:52Z] INFO Coupled control gating progress for slot 15/32: UE 2/4, PBCH=0 PRACH=0 SRS=2 TRS=0.
[2026-08-09T08:36:07Z] INFO Coupled control gating progress for slot 15/32: UE 3/4, PBCH=0 PRACH=0 SRS=3 TRS=0.
[2026-08-09T08:36:24Z] INFO Coupled control gating progress for slot 15/32: UE 4/4, PBCH=0 PRACH=0 SRS=4 TRS=0.
[2026-08-09T08:36:24Z] INFO Coupled control gating complete: slot=15 frame=1 pbch_attempts=0 prach_attempts=0 srs_attempts=4 trs_attempts=0 acquired=4/4 access=4/4 valid_srs=4/4 valid_trs_cells=1/1 tracked_serving_users=4/4 eligible=4/4.
[2026-08-09T08:36:24Z] INFO Coupled control gating complete for slot 15/32: acquired=4/4 access=4/4 valid_srs=4/4 valid_trs_cells=1/1 tracked_serving_users=4/4 eligible=4/4.
[2026-08-09T08:36:24Z] INFO UL coupled publish: operating_point 1/1 configured_label_snr_dB=20.000 ue=0/4 dlDirectionalFrames=0/32 ulDirectionalFrames=0/32 dlRows=0 ulRows=0.
[2026-08-09T08:36:24Z] INFO Coupled UL queued grant lookup complete: sweep=1/1 slot=15/32 due_grants=0 pending_grants=0.
[2026-08-09T08:36:24Z] INFO Coupled canonical slot prepared: sweep=1/1 slot=16/32 duplex=DL allow_dl=1 allow_ul=0.
[2026-08-09T08:36:25Z] INFO Starting coupled pre-scheduling control gating for slot 16/32 with 4 UEs.
[2026-08-09T08:36:25Z] INFO Coupled control gating progress for slot 16/32: UE 1/4, PBCH=0 PRACH=0 SRS=0 TRS=0.
[2026-08-09T08:36:25Z] INFO Coupled control gating progress for slot 16/32: UE 2/4, PBCH=0 PRACH=0 SRS=0 TRS=0.
[2026-08-09T08:36:25Z] INFO Coupled control gating progress for slot 16/32: UE 3/4, PBCH=0 PRACH=0 SRS=0 TRS=0.
[2026-08-09T08:36:25Z] INFO Coupled control gating progress for slot 16/32: UE 4/4, PBCH=0 PRACH=0 SRS=0 TRS=0.
[2026-08-09T08:36:25Z] INFO Coupled control gating complete: slot=16 frame=1 pbch_attempts=0 prach_attempts=0 srs_attempts=0 trs_attempts=0 acquired=4/4 access=4/4 valid_srs=4/4 valid_trs_cells=1/1 tracked_serving_users=4/4 eligible=4/4.
[2026-08-09T08:36:25Z] INFO Coupled control gating complete for slot 16/32: acquired=4/4 access=4/4 valid_srs=4/4 valid_trs_cells=1/1 tracked_serving_users=4/4 eligible=4/4.
[2026-08-09T08:36:25Z] INFO DL coupled publish: operating_point 1/1 configured_label_snr_dB=20.000 ue=0/4 dlDirectionalFrames=0/32 ulDirectionalFrames=0/32 dlRows=0 ulRows=0.
[2026-08-09T08:36:31Z] INFO Coupled DL schedule complete: sweep=1/1 slot=16/32 active=4 granted=2 grants=2.
[2026-08-09T08:36:34Z] INFO Coupled DL PDCCH grant binding: ue=1 required=1 ok=1 status=bound failure= dci=f5f5689b6bbcd77c8e6a12ea6ce7983e2c4000217ed157a128cc71cec1dbbd6f grant_ss=1 observed_ss=1 bound_ss=1 grant_coreset=0 observed_coreset=0 bound_coreset=0.
[2026-08-09T08:36:37Z] INFO Coupled DL PDCCH grant binding: ue=2 required=1 ok=1 status=bound failure= dci=f5f5689b6bbcd77c8e6a12ea6ce7983e2c4000217ed157a128cc71cec1dbbd6f grant_ss=1 observed_ss=1 bound_ss=1 grant_coreset=0 observed_coreset=0 bound_coreset=0.
[2026-08-09T08:36:37Z] INFO Coupled DL PDCCH qualification complete: sweep=1/1 slot=16/32 executable_grants=2.
[2026-08-09T08:36:37Z] INFO Preparing coupled DL batches: sweep=1/1 slot=16/32 candidate_grants=2 batch_size=24.
[2026-08-09T08:36:37Z] INFO Preparing coupled DL resolved grant cache: candidate_grants=2.
[2026-08-09T08:37:07Z] INFO Prepared coupled DL resolved grant cache entries: 2/2.
[2026-08-09T08:37:28Z] INFO Prepared coupled DL resolved grant cache complete: entries=2 elapsed_s=50.194.
[2026-08-09T08:37:30Z] INFO Prepared coupled DL chunk: sweep=1/1 slot=16/32 executable_plans=2 chunk=1-2 of 2.
[2026-08-09T08:37:30Z] INFO Executing coupled DL chunk: sweep=1/1 slot=16/32 chunk=1-2 of 2.
[2026-08-09T08:37:30Z] INFO Executing coupled DL grant chunk serially: plans=2 reason=parallel_safety_or_pool_unavailable.
[2026-08-09T08:38:04Z] ERROR Run failed: sixgr:link:StrictCoverageUnsupported | Strict mode forbids skipping PDSCH coverage because every frame crashed: Strict DL CSI requires a finite measured Nrx-by-Nport CSI-RS channel matrix. [localBuildCSIMeasurementState:2861]
[2026-08-09T08:38:08Z] INFO Recovering truthful report artifacts from persisted raw evidence after failure.
