[2026-08-16T22:54:23Z] INFO Preparing LLS run: scenario=webgui_sinr_plus20_2x2_mu_mimo_wiring_gate runTag=phase31_plus20_2x2_csv_png_closure_20260817_01 runFolder=C:\Users\anup0\OneDrive\Documents\Simulator\6GR Simulator_v2_clean_main\results\lls\webgui_sinr_plus20_2x2_mu_mimo_wiring_gate\phase31_plus20_2x2_csv_png_closure_20260817_01
[2026-08-16T22:54:29Z] INFO Artifact store active=0 backend=filesystem schema=
[2026-08-16T22:54:29Z] INFO Writing resolved snapshots.
[2026-08-16T22:54:31Z] INFO Exporting live geometry artifacts.
[2026-08-16T22:54:31Z] INFO Executing runner profile=waveform_bundle.
[2026-08-16T22:54:32Z] INFO Waveform bundle runtime tuning: policy=yaml_exact_truth_runtime notes=exact_yaml_runtime_no_auto_reduction
[2026-08-16T22:54:32Z] INFO Waveform bundle starting: snr=20.000 dB sweepPoints=1 canonicalSlots=30 monteCarlo=1 slotDuration_s=0.000500
[2026-08-16T22:55:14Z] INFO Waveform bundle finished: ok=1
[2026-08-16T22:55:14Z] INFO Evaluating strict control evidence from active slot-runtime rows; no supplemental waveform launched.
[2026-08-16T22:55:15Z] INFO Strict waveform-backed control evidence finished: ok=1
[2026-08-16T22:55:16Z] INFO Evaluating strict PRACH from active slot-runtime rows; no supplemental waveform launched.
[2026-08-16T22:55:16Z] INFO Evaluating strict SRS from active slot-runtime rows; no supplemental waveform launched.
[2026-08-16T22:55:16Z] INFO Evaluating strict TRS from active slot-runtime rows; no supplemental waveform launched.
[2026-08-16T22:55:16Z] INFO Evaluating strict PBCH/MIB/SIB1 from active slot-runtime rows; no mini-anchor launched.
[2026-08-16T22:55:16Z] INFO Running strict Channel/RF validation with evidence_scope=in_path.
[2026-08-16T22:55:33Z] INFO Refreshing MIMO nominal-vs-effective evidence from waveform-bundle raw trials.
[2026-08-16T22:55:36Z] INFO Running configured bidirectional L2 protocol component validation.
[2026-08-16T22:55:48Z] INFO Control-plane trace export complete.
[2026-08-16T22:55:48Z] INFO Runner profile completed. result.Ok=1
[2026-08-16T22:55:48Z] INFO Scenario status aggregated: completion=completed resultOk=1 requiredFailures=0 optionalPruned=0
[2026-08-16T22:55:48Z] INFO Annotating CSV artifacts.
[2026-08-16T22:56:32Z] INFO Writing scenario summary CSV.
[2026-08-16T22:56:49Z] INFO Writing runtime and environment summaries.
[2026-08-16T22:56:49Z] INFO Writing scenario manifest.
[2026-08-16T22:56:49Z] INFO Sealing immutable raw execution identity before report finalization.
[2026-08-16T22:56:50Z] INFO Exporting initial config-ownership and hardcoding audit artifacts.
[2026-08-16T23:03:35Z] INFO Runtime truth contract evaluated: ok=0 roundtripMismatch=0 evidenceMissing=1 strictFailures=2
[2026-08-16T23:03:35Z] INFO Rewriting scenario summary CSV with final truth-gated status.
[2026-08-16T23:03:36Z] INFO Rewriting scenario manifest with final truth-gated status.
[2026-08-16T23:03:36Z] INFO Evaluating YAML-selected independent FRC reference qualification.
[2026-08-16T23:03:36Z] INFO Independent FRC qualification: enabled=0 profile=full passed=0 artifact=
[2026-08-16T23:03:36Z] INFO Exporting LLS reporting bundle.
[2026-08-16T23:07:38Z] INFO Scanning truth primary artifacts for active proxy/fallback markers.
[2026-08-16T23:07:47Z] INFO Registering fresh in-memory waveform evidence with the contract publisher.
[2026-08-16T23:07:49Z] INFO Registering fresh in-memory initial-access evidence with the contract publisher.
[2026-08-16T23:07:49Z] INFO Finalizing YAML-selected runtime-only artifact contracts.
[2026-08-16T23:08:32Z] INFO Artifact contract finalization: status=PASS contracts=6 failures=0 requiredFailures=0.
[2026-08-16T23:08:32Z] INFO Exporting output-coverage and honest-unavailable artifacts.
exportLLSOutputCoverageArtifacts:start runFolder=C:\Users\anup0\OneDrive\Documents\Simulator\6GR Simulator_v2_clean_main\results\lls\webgui_sinr_plus20_2x2_mu_mimo_wiring_gate\phase31_plus20_2x2_csv_png_closure_20260817_01
exportLLSOutputCoverageArtifacts:sources_loaded runFolder=C:\Users\anup0\OneDrive\Documents\Simulator\6GR Simulator_v2_clean_main\results\lls\webgui_sinr_plus20_2x2_mu_mimo_wiring_gate\phase31_plus20_2x2_csv_png_closure_20260817_01
exportLLSOutputCoverageArtifacts:tables_core_topology_channel_built runFolder=C:\Users\anup0\OneDrive\Documents\Simulator\6GR Simulator_v2_clean_main\results\lls\webgui_sinr_plus20_2x2_mu_mimo_wiring_gate\phase31_plus20_2x2_csv_png_closure_20260817_01
exportLLSOutputCoverageArtifacts:building_live_prb_allocation runFolder=C:\Users\anup0\OneDrive\Documents\Simulator\6GR Simulator_v2_clean_main\results\lls\webgui_sinr_plus20_2x2_mu_mimo_wiring_gate\phase31_plus20_2x2_csv_png_closure_20260817_01
exportLLSOutputCoverageArtifacts:built_live_prb_allocation runFolder=C:\Users\anup0\OneDrive\Documents\Simulator\6GR Simulator_v2_clean_main\results\lls\webgui_sinr_plus20_2x2_mu_mimo_wiring_gate\phase31_plus20_2x2_csv_png_closure_20260817_01
exportLLSOutputCoverageArtifacts:building_live_re_allocation_snapshot runFolder=C:\Users\anup0\OneDrive\Documents\Simulator\6GR Simulator_v2_clean_main\results\lls\webgui_sinr_plus20_2x2_mu_mimo_wiring_gate\phase31_plus20_2x2_csv_png_closure_20260817_01
exportLLSOutputCoverageArtifacts:built_live_re_allocation_snapshot runFolder=C:\Users\anup0\OneDrive\Documents\Simulator\6GR Simulator_v2_clean_main\results\lls\webgui_sinr_plus20_2x2_mu_mimo_wiring_gate\phase31_plus20_2x2_csv_png_closure_20260817_01
exportLLSOutputCoverageArtifacts:building_scheduler_decision runFolder=C:\Users\anup0\OneDrive\Documents\Simulator\6GR Simulator_v2_clean_main\results\lls\webgui_sinr_plus20_2x2_mu_mimo_wiring_gate\phase31_plus20_2x2_csv_png_closure_20260817_01
exportLLSOutputCoverageArtifacts:built_scheduler_decision runFolder=C:\Users\anup0\OneDrive\Documents\Simulator\6GR Simulator_v2_clean_main\results\lls\webgui_sinr_plus20_2x2_mu_mimo_wiring_gate\phase31_plus20_2x2_csv_png_closure_20260817_01
exportLLSOutputCoverageArtifacts:building_prb_allocation_heatmap runFolder=C:\Users\anup0\OneDrive\Documents\Simulator\6GR Simulator_v2_clean_main\results\lls\webgui_sinr_plus20_2x2_mu_mimo_wiring_gate\phase31_plus20_2x2_csv_png_closure_20260817_01
exportLLSOutputCoverageArtifacts:built_prb_allocation_heatmap runFolder=C:\Users\anup0\OneDrive\Documents\Simulator\6GR Simulator_v2_clean_main\results\lls\webgui_sinr_plus20_2x2_mu_mimo_wiring_gate\phase31_plus20_2x2_csv_png_closure_20260817_01
exportLLSOutputCoverageArtifacts:building_dl_resource_grid_heatmap runFolder=C:\Users\anup0\OneDrive\Documents\Simulator\6GR Simulator_v2_clean_main\results\lls\webgui_sinr_plus20_2x2_mu_mimo_wiring_gate\phase31_plus20_2x2_csv_png_closure_20260817_01
exportLLSOutputCoverageArtifacts:built_dl_resource_grid_heatmap runFolder=C:\Users\anup0\OneDrive\Documents\Simulator\6GR Simulator_v2_clean_main\results\lls\webgui_sinr_plus20_2x2_mu_mimo_wiring_gate\phase31_plus20_2x2_csv_png_closure_20260817_01
exportLLSOutputCoverageArtifacts:building_ul_resource_grid_heatmap runFolder=C:\Users\anup0\OneDrive\Documents\Simulator\6GR Simulator_v2_clean_main\results\lls\webgui_sinr_plus20_2x2_mu_mimo_wiring_gate\phase31_plus20_2x2_csv_png_closure_20260817_01
exportLLSOutputCoverageArtifacts:built_ul_resource_grid_heatmap runFolder=C:\Users\anup0\OneDrive\Documents\Simulator\6GR Simulator_v2_clean_main\results\lls\webgui_sinr_plus20_2x2_mu_mimo_wiring_gate\phase31_plus20_2x2_csv_png_closure_20260817_01
exportLLSOutputCoverageArtifacts:building_dl_transport_block runFolder=C:\Users\anup0\OneDrive\Documents\Simulator\6GR Simulator_v2_clean_main\results\lls\webgui_sinr_plus20_2x2_mu_mimo_wiring_gate\phase31_plus20_2x2_csv_png_closure_20260817_01
exportLLSOutputCoverageArtifacts:built_dl_transport_block runFolder=C:\Users\anup0\OneDrive\Documents\Simulator\6GR Simulator_v2_clean_main\results\lls\webgui_sinr_plus20_2x2_mu_mimo_wiring_gate\phase31_plus20_2x2_csv_png_closure_20260817_01
exportLLSOutputCoverageArtifacts:building_ul_transport_block runFolder=C:\Users\anup0\OneDrive\Documents\Simulator\6GR Simulator_v2_clean_main\results\lls\webgui_sinr_plus20_2x2_mu_mimo_wiring_gate\phase31_plus20_2x2_csv_png_closure_20260817_01
exportLLSOutputCoverageArtifacts:built_ul_transport_block runFolder=C:\Users\anup0\OneDrive\Documents\Simulator\6GR Simulator_v2_clean_main\results\lls\webgui_sinr_plus20_2x2_mu_mimo_wiring_gate\phase31_plus20_2x2_csv_png_closure_20260817_01
exportLLSOutputCoverageArtifacts:building_harq_process runFolder=C:\Users\anup0\OneDrive\Documents\Simulator\6GR Simulator_v2_clean_main\results\lls\webgui_sinr_plus20_2x2_mu_mimo_wiring_gate\phase31_plus20_2x2_csv_png_closure_20260817_01
exportLLSOutputCoverageArtifacts:built_harq_process runFolder=C:\Users\anup0\OneDrive\Documents\Simulator\6GR Simulator_v2_clean_main\results\lls\webgui_sinr_plus20_2x2_mu_mimo_wiring_gate\phase31_plus20_2x2_csv_png_closure_20260817_01
exportLLSOutputCoverageArtifacts:building_cqi_pmi_ri runFolder=C:\Users\anup0\OneDrive\Documents\Simulator\6GR Simulator_v2_clean_main\results\lls\webgui_sinr_plus20_2x2_mu_mimo_wiring_gate\phase31_plus20_2x2_csv_png_closure_20260817_01
exportLLSOutputCoverageArtifacts:built_cqi_pmi_ri runFolder=C:\Users\anup0\OneDrive\Documents\Simulator\6GR Simulator_v2_clean_main\results\lls\webgui_sinr_plus20_2x2_mu_mimo_wiring_gate\phase31_plus20_2x2_csv_png_closure_20260817_01
exportLLSOutputCoverageArtifacts:building_mcs_tbs_evolution runFolder=C:\Users\anup0\OneDrive\Documents\Simulator\6GR Simulator_v2_clean_main\results\lls\webgui_sinr_plus20_2x2_mu_mimo_wiring_gate\phase31_plus20_2x2_csv_png_closure_20260817_01
exportLLSOutputCoverageArtifacts:built_mcs_tbs_evolution runFolder=C:\Users\anup0\OneDrive\Documents\Simulator\6GR Simulator_v2_clean_main\results\lls\webgui_sinr_plus20_2x2_mu_mimo_wiring_gate\phase31_plus20_2x2_csv_png_closure_20260817_01
exportLLSOutputCoverageArtifacts:tables_scheduler_transport_built runFolder=C:\Users\anup0\OneDrive\Documents\Simulator\6GR Simulator_v2_clean_main\results\lls\webgui_sinr_plus20_2x2_mu_mimo_wiring_gate\phase31_plus20_2x2_csv_png_closure_20260817_01
exportLLSOutputCoverageArtifacts:tables_latency_energy_built runFolder=C:\Users\anup0\OneDrive\Documents\Simulator\6GR Simulator_v2_clean_main\results\lls\webgui_sinr_plus20_2x2_mu_mimo_wiring_gate\phase31_plus20_2x2_csv_png_closure_20260817_01
exportLLSOutputCoverageArtifacts:tables_root_cause_built runFolder=C:\Users\anup0\OneDrive\Documents\Simulator\6GR Simulator_v2_clean_main\results\lls\webgui_sinr_plus20_2x2_mu_mimo_wiring_gate\phase31_plus20_2x2_csv_png_closure_20260817_01
exportLLSOutputCoverageArtifacts:tables_control_built runFolder=C:\Users\anup0\OneDrive\Documents\Simulator\6GR Simulator_v2_clean_main\results\lls\webgui_sinr_plus20_2x2_mu_mimo_wiring_gate\phase31_plus20_2x2_csv_png_closure_20260817_01
exportLLSOutputCoverageArtifacts:tables_beam_timing_built runFolder=C:\Users\anup0\OneDrive\Documents\Simulator\6GR Simulator_v2_clean_main\results\lls\webgui_sinr_plus20_2x2_mu_mimo_wiring_gate\phase31_plus20_2x2_csv_png_closure_20260817_01
exportLLSOutputCoverageArtifacts:tables_prompt8_adequacy_built runFolder=C:\Users\anup0\OneDrive\Documents\Simulator\6GR Simulator_v2_clean_main\results\lls\webgui_sinr_plus20_2x2_mu_mimo_wiring_gate\phase31_plus20_2x2_csv_png_closure_20260817_01
exportLLSOutputCoverageArtifacts:tables_built runFolder=C:\Users\anup0\OneDrive\Documents\Simulator\6GR Simulator_v2_clean_main\results\lls\webgui_sinr_plus20_2x2_mu_mimo_wiring_gate\phase31_plus20_2x2_csv_png_closure_20260817_01
exportLLSOutputCoverageArtifacts:json_sidecar_suppressed:packet_flow/csv/table_scheduler_decision.csv:json_sidecar_suppressed_due_scale_guard_high_cardinality_runtime_table runFolder=C:\Users\anup0\OneDrive\Documents\Simulator\6GR Simulator_v2_clean_main\results\lls\webgui_sinr_plus20_2x2_mu_mimo_wiring_gate\phase31_plus20_2x2_csv_png_closure_20260817_01
exportLLSOutputCoverageArtifacts:json_sidecar_suppressed:packet_flow/csv/live_prb_allocation.csv:json_sidecar_suppressed_due_scale_guard_high_cardinality_runtime_table runFolder=C:\Users\anup0\OneDrive\Documents\Simulator\6GR Simulator_v2_clean_main\results\lls\webgui_sinr_plus20_2x2_mu_mimo_wiring_gate\phase31_plus20_2x2_csv_png_closure_20260817_01
exportLLSOutputCoverageArtifacts:json_sidecar_suppressed:reports/csv/live_re_allocation_snapshot.csv:json_sidecar_suppressed_due_scale_guard_high_cardinality_runtime_table runFolder=C:\Users\anup0\OneDrive\Documents\Simulator\6GR Simulator_v2_clean_main\results\lls\webgui_sinr_plus20_2x2_mu_mimo_wiring_gate\phase31_plus20_2x2_csv_png_closure_20260817_01
exportLLSOutputCoverageArtifacts:json_sidecar_suppressed:reports/csv/prb_allocation_heatmap.csv:json_sidecar_suppressed_due_scale_guard_high_cardinality_runtime_table runFolder=C:\Users\anup0\OneDrive\Documents\Simulator\6GR Simulator_v2_clean_main\results\lls\webgui_sinr_plus20_2x2_mu_mimo_wiring_gate\phase31_plus20_2x2_csv_png_closure_20260817_01
exportLLSOutputCoverageArtifacts:json_sidecar_suppressed:reports/csv/dl_resource_grid_heatmap.csv:json_sidecar_suppressed_due_scale_guard_high_cardinality_runtime_table runFolder=C:\Users\anup0\OneDrive\Documents\Simulator\6GR Simulator_v2_clean_main\results\lls\webgui_sinr_plus20_2x2_mu_mimo_wiring_gate\phase31_plus20_2x2_csv_png_closure_20260817_01
exportLLSOutputCoverageArtifacts:json_sidecar_suppressed:reports/csv/ul_resource_grid_heatmap.csv:json_sidecar_suppressed_due_scale_guard_high_cardinality_runtime_table runFolder=C:\Users\anup0\OneDrive\Documents\Simulator\6GR Simulator_v2_clean_main\results\lls\webgui_sinr_plus20_2x2_mu_mimo_wiring_gate\phase31_plus20_2x2_csv_png_closure_20260817_01
exportLLSOutputCoverageArtifacts:json_sidecar_suppressed:reports/csv/table_mcs_tbs_evolution.csv:json_sidecar_suppressed_due_scale_guard_high_cardinality_runtime_table runFolder=C:\Users\anup0\OneDrive\Documents\Simulator\6GR Simulator_v2_clean_main\results\lls\webgui_sinr_plus20_2x2_mu_mimo_wiring_gate\phase31_plus20_2x2_csv_png_closure_20260817_01
exportLLSOutputCoverageArtifacts:json_sidecar_suppressed:reports/csv/live_power_runtime_table.csv:json_sidecar_suppressed_due_scale_guard_high_cardinality_runtime_table runFolder=C:\Users\anup0\OneDrive\Documents\Simulator\6GR Simulator_v2_clean_main\results\lls\webgui_sinr_plus20_2x2_mu_mimo_wiring_gate\phase31_plus20_2x2_csv_png_closure_20260817_01
exportLLSOutputCoverageArtifacts:json_sidecar_suppressed:reports/csv/live_rf_power_table.csv:json_sidecar_suppressed_due_scale_guard_high_cardinality_runtime_table runFolder=C:\Users\anup0\OneDrive\Documents\Simulator\6GR Simulator_v2_clean_main\results\lls\webgui_sinr_plus20_2x2_mu_mimo_wiring_gate\phase31_plus20_2x2_csv_png_closure_20260817_01
exportLLSOutputCoverageArtifacts:json_sidecar_suppressed:control/csv/timing_synchronization_table.csv:json_sidecar_suppressed_due_scale_guard_high_cardinality_runtime_table runFolder=C:\Users\anup0\OneDrive\Documents\Simulator\6GR Simulator_v2_clean_main\results\lls\webgui_sinr_plus20_2x2_mu_mimo_wiring_gate\phase31_plus20_2x2_csv_png_closure_20260817_01
exportLLSOutputCoverageArtifacts:table_artifacts_written runFolder=C:\Users\anup0\OneDrive\Documents\Simulator\6GR Simulator_v2_clean_main\results\lls\webgui_sinr_plus20_2x2_mu_mimo_wiring_gate\phase31_plus20_2x2_csv_png_closure_20260817_01
exportLLSOutputCoverageArtifacts:writing_prb_heatmap runFolder=C:\Users\anup0\OneDrive\Documents\Simulator\6GR Simulator_v2_clean_main\results\lls\webgui_sinr_plus20_2x2_mu_mimo_wiring_gate\phase31_plus20_2x2_csv_png_closure_20260817_01
exportLLSOutputCoverageArtifacts:writing_power_energy_figure runFolder=C:\Users\anup0\OneDrive\Documents\Simulator\6GR Simulator_v2_clean_main\results\lls\webgui_sinr_plus20_2x2_mu_mimo_wiring_gate\phase31_plus20_2x2_csv_png_closure_20260817_01
exportLLSOutputCoverageArtifacts:figure_artifacts_written runFolder=C:\Users\anup0\OneDrive\Documents\Simulator\6GR Simulator_v2_clean_main\results\lls\webgui_sinr_plus20_2x2_mu_mimo_wiring_gate\phase31_plus20_2x2_csv_png_closure_20260817_01
exportLLSOutputCoverageArtifacts:coverage_registry_built runFolder=C:\Users\anup0\OneDrive\Documents\Simulator\6GR Simulator_v2_clean_main\results\lls\webgui_sinr_plus20_2x2_mu_mimo_wiring_gate\phase31_plus20_2x2_csv_png_closure_20260817_01
exportLLSOutputCoverageArtifacts:coverage_audits_built runFolder=C:\Users\anup0\OneDrive\Documents\Simulator\6GR Simulator_v2_clean_main\results\lls\webgui_sinr_plus20_2x2_mu_mimo_wiring_gate\phase31_plus20_2x2_csv_png_closure_20260817_01
exportLLSOutputCoverageArtifacts:coverage_tables_written runFolder=C:\Users\anup0\OneDrive\Documents\Simulator\6GR Simulator_v2_clean_main\results\lls\webgui_sinr_plus20_2x2_mu_mimo_wiring_gate\phase31_plus20_2x2_csv_png_closure_20260817_01
exportLLSOutputCoverageArtifacts:measurement_sidecars_written runFolder=C:\Users\anup0\OneDrive\Documents\Simulator\6GR Simulator_v2_clean_main\results\lls\webgui_sinr_plus20_2x2_mu_mimo_wiring_gate\phase31_plus20_2x2_csv_png_closure_20260817_01
exportLLSOutputCoverageArtifacts:live_stage_control_counts_reconciled runFolder=C:\Users\anup0\OneDrive\Documents\Simulator\6GR Simulator_v2_clean_main\results\lls\webgui_sinr_plus20_2x2_mu_mimo_wiring_gate\phase31_plus20_2x2_csv_png_closure_20260817_01
exportLLSOutputCoverageArtifacts:phase7_and_publication_readiness_refreshed runFolder=C:\Users\anup0\OneDrive\Documents\Simulator\6GR Simulator_v2_clean_main\results\lls\webgui_sinr_plus20_2x2_mu_mimo_wiring_gate\phase31_plus20_2x2_csv_png_closure_20260817_01
exportLLSOutputCoverageArtifacts:inventory_written runFolder=C:\Users\anup0\OneDrive\Documents\Simulator\6GR Simulator_v2_clean_main\results\lls\webgui_sinr_plus20_2x2_mu_mimo_wiring_gate\phase31_plus20_2x2_csv_png_closure_20260817_01
exportLLSOutputCoverageArtifacts:done runFolder=C:\Users\anup0\OneDrive\Documents\Simulator\6GR Simulator_v2_clean_main\results\lls\webgui_sinr_plus20_2x2_mu_mimo_wiring_gate\phase31_plus20_2x2_csv_png_closure_20260817_01
[2026-08-16T23:13:59Z] INFO Refreshing config-ownership artifacts after final runtime/report exports.
[2026-08-16T23:23:35Z] INFO Materializing strict browser contract artifacts before final visual and terminal status reduction.
[2026-08-16T23:29:56Z] WARN Browser contract artifact materialization did not complete: browser_contract_materialization_failed | {
  "run_id": 9514875872,
  "run_folder": "C:\\Users\\anup0\\OneDrive\\Documents\\Simulator\\6GR Simulator_v2_clean_main\\results\\lls\\webgui_sinr_plus20_2x2_mu_mimo_wiring_gate\\phase31_plus20_2x2_csv_png_closure_20260817_01",
  "storage_backend": "results_folder",
  "verification_only": false,
  "materializer_version": "2026-08-16-contract-v36-probability-domain",
  "created_count": 656,
  "old_rasters_removed": 51,
  "stale_raster_lineage_rows_retired": 85,
  "manifest_path": "reports/csv/contract_materialization_manifest.csv",
  "coverage_path": "reports/csv/contract_materialization_coverage.csv",
  "tables_total": 193,
  "tables_available": 172,
  "tables_policy_disabled": 20,
  "tables_missing": 1,
  "charts_total": 368,
  "charts_available": 249,
  "charts_policy_disabled": 119,
  "charts_missing": 0
}
Filesystem contract verification incomplete. Missing tables: [reports/csv/all_image_artifact_audit.csv] Missing charts: []

[2026-08-16T23:29:56Z] INFO Auditing the exact post-materialization raster tree.
[2026-08-16T23:30:32Z] INFO Runtime truth contract re-evaluated after final artifact exports: ok=0 roundtripMismatch=0 evidenceMissing=1 strictFailures=2
[2026-08-16T23:30:32Z] INFO Rewriting scenario summary CSV with final artifact truth-gated status.
[2026-08-16T23:30:33Z] INFO Rewriting scenario manifest with final artifact truth-gated status.
[2026-08-16T23:30:33Z] INFO Writing artifact manifest.
[2026-08-16T23:30:34Z] INFO Writing scenario markdown report.
[2026-08-16T23:30:34Z] INFO Publishing component artifact views: enabled=1 required=1.
[2026-08-16T23:31:16Z] INFO Component artifact views published: files=1265 componentsWithoutEvidence=0 skippedLegacySVG=0 manifest=reports/csv/component_artifact_publication_manifest.csv
[2026-08-16T23:31:16Z] INFO Refreshing artifact manifest after component view publication.
[2026-08-16T23:31:50Z] INFO Required final artifacts published; marking terminal run status before optional artifacts.
[2026-08-16T23:31:50Z] INFO Pruning empty result directories.
[2026-08-16T23:31:50Z] INFO Finalizing component artifact views after all canonical report and profiler writes.
[2026-08-16T23:32:41Z] INFO Running terminal visual/status reduction after optional and component artifact writes.
[2026-08-16T23:33:55Z] INFO Run completed successfully in 2372.912 seconds.
PHASE31_RESUME02_OK=1
