SERVER_VALIDATION_START scope=focused_tests MATLAB=26.1.0.3312084 (R2026a) Update 4 release=2026a
TOOLBOX 5G Toolbox | 26.1 | (R2026a)
TOOLBOX 6G Exploration Library for 5G Toolbox | 26.1.5 | (R2026a)
TOOLBOX AUTOSAR Blockset | 26.1 | (R2026a)
TOOLBOX Aerospace Blockset | 26.1 | (R2026a)
TOOLBOX Aerospace Toolbox | 26.1 | (R2026a)
TOOLBOX Antenna Toolbox | 26.1 | (R2026a)
TOOLBOX Audio Toolbox | 26.1 | (R2026a)
TOOLBOX Automated Driving Toolbox | 26.1 | (R2026a)
TOOLBOX Bioinformatics Toolbox | 26.1 | (R2026a)
TOOLBOX Bluetooth Toolbox | 26.1 | (R2026a)
TOOLBOX C2000 Microcontroller Blockset | 26.1 | (R2026a)
TOOLBOX Communications Toolbox | 26.1 | (R2026a)
TOOLBOX Computer Vision Toolbox | 26.1 | (R2026a)
TOOLBOX Control System Toolbox | 26.1 | (R2026a)
TOOLBOX Curve Fitting Toolbox | 26.1 | (R2026a)
TOOLBOX DDS Blockset | 26.1 | (R2026a)
TOOLBOX DSP HDL Toolbox | 26.1 | (R2026a)
TOOLBOX DSP System Toolbox | 26.1 | (R2026a)
TOOLBOX Data Acquisition Toolbox | 26.1 | (R2026a)
TOOLBOX Database Toolbox | 26.1 | (R2026a)
TOOLBOX Datafeed Toolbox | 26.1 | (R2026a)
TOOLBOX Deep Learning HDL Toolbox | 26.1 | (R2026a)
TOOLBOX Deep Learning Toolbox | 26.1 | (R2026a)
TOOLBOX Econometrics Toolbox | 26.1 | (R2026a)
TOOLBOX Embedded Coder | 26.1 | (R2026a)
TOOLBOX Financial Instruments Toolbox | 26.1 | (R2026a)
TOOLBOX Financial Toolbox | 26.1 | (R2026a)
TOOLBOX Fixed-Point Designer | 26.1 | (R2026a)
TOOLBOX Fuzzy Logic Toolbox | 26.1 | (R2026a)
TOOLBOX GPU Coder | 26.1 | (R2026a)
TOOLBOX Global Optimization Toolbox | 26.1 | (R2026a)
TOOLBOX HDL Coder | 26.1 | (R2026a)
TOOLBOX HDL Verifier | 26.1 | (R2026a)
TOOLBOX Image Acquisition Toolbox | 26.1 | (R2026a)
TOOLBOX Image Processing Toolbox | 26.1 | (R2026a)
TOOLBOX Industrial Communication Toolbox | 26.1 | (R2026a)
TOOLBOX Instrument Control Toolbox | 26.1 | (R2026a)
TOOLBOX LTE Toolbox | 26.1 | (R2026a)
TOOLBOX Lidar Toolbox | 26.1 | (R2026a)
TOOLBOX MATLAB | 26.1 | (R2026a)
TOOLBOX MATLAB Coder | 26.1 | (R2026a)
TOOLBOX MATLAB Compiler | 26.1 | (R2026a)
TOOLBOX MATLAB Compiler SDK | 26.1 | (R2026a)
TOOLBOX MATLAB Report Generator | 26.1 | (R2026a)
TOOLBOX MATLAB Test | 26.1 | (R2026a)
TOOLBOX Mapping Toolbox | 26.1 | (R2026a)
TOOLBOX Medical Imaging Toolbox | 26.1 | (R2026a)
TOOLBOX Mixed-Signal Blockset | 26.1 | (R2026a)
TOOLBOX Model Predictive Control Toolbox | 26.1 | (R2026a)
TOOLBOX Model-Based Calibration Toolbox | 26.1 | (R2026a)
TOOLBOX Motor Control Blockset | 26.1 | (R2026a)
TOOLBOX Navigation Toolbox | 26.1 | (R2026a)
TOOLBOX Optimization Toolbox | 26.1 | (R2026a)
TOOLBOX Parallel Computing Toolbox | 26.1 | (R2026a)
TOOLBOX Partial Differential Equation Toolbox | 26.1 | (R2026a)
TOOLBOX Phased Array System Toolbox | 26.1 | (R2026a)
TOOLBOX Powertrain Blockset | 26.1 | (R2026a)
TOOLBOX Predictive Maintenance Toolbox | 26.1 | (R2026a)
TOOLBOX RF Blockset | 26.1 | (R2026a)
TOOLBOX RF PCB Toolbox | 26.1 | (R2026a)
TOOLBOX RF Toolbox | 26.1 | (R2026a)
TOOLBOX ROS Toolbox | 26.1 | (R2026a)
TOOLBOX Radar Toolbox | 26.1 | (R2026a)
TOOLBOX Raspberry Pi Blockset | 26.1 | (R2026a)
TOOLBOX Reinforcement Learning Toolbox | 26.1 | (R2026a)
TOOLBOX Requirements Toolbox | 26.1 | (R2026a)
TOOLBOX Risk Management Toolbox | 26.1 | (R2026a)
TOOLBOX Robotics System Toolbox | 26.1 | (R2026a)
TOOLBOX Robust Control Toolbox | 26.1 | (R2026a)
TOOLBOX STM32 Microcontroller Blockset | 26.1 | (R2026a)
TOOLBOX Satellite Communications Toolbox | 26.1 | (R2026a)
TOOLBOX Sensor Fusion and Tracking Toolbox | 26.1 | (R2026a)
TOOLBOX SerDes Toolbox | 26.1 | (R2026a)
TOOLBOX Signal Integrity Toolbox | 26.1 | (R2026a)
TOOLBOX Signal Processing Toolbox | 26.1 | (R2026a)
TOOLBOX SimBiology | 26.1 | (R2026a)
TOOLBOX SimEvents | 26.1 | (R2026a)
TOOLBOX Simscape | 26.1 | (R2026a)
TOOLBOX Simscape Battery | 26.1 | (R2026a)
TOOLBOX Simscape Driveline | 26.1 | (R2026a)
TOOLBOX Simscape Electrical | 26.1 | (R2026a)
TOOLBOX Simscape Fluids | 26.1 | (R2026a)
TOOLBOX Simscape Multibody | 26.1 | (R2026a)
TOOLBOX Simulink | 26.1 | (R2026a)
TOOLBOX Simulink 3D Animation | 26.1 | (R2026a)
TOOLBOX Simulink Check | 26.1 | (R2026a)
TOOLBOX Simulink Code Inspector | 26.1 | (R2026a)
TOOLBOX Simulink Coder | 26.1 | (R2026a)
TOOLBOX Simulink Compiler | 26.1 | (R2026a)
TOOLBOX Simulink Control Design | 26.1 | (R2026a)
TOOLBOX Simulink Coverage | 26.1 | (R2026a)
TOOLBOX Simulink Design Optimization | 26.1 | (R2026a)
TOOLBOX Simulink Design Verifier | 26.1 | (R2026a)
TOOLBOX Simulink Desktop Real-Time | 26.1 | (R2026a)
TOOLBOX Simulink FMU Builder | 26.1 | (R2026a)
TOOLBOX Simulink Fault Analyzer | 26.1 | (R2026a)
TOOLBOX Simulink PLC Coder | 26.1 | (R2026a)
TOOLBOX Simulink Real-Time | 26.1 | (R2026a)
TOOLBOX Simulink Report Generator | 26.1 | (R2026a)
TOOLBOX Simulink Test | 26.1 | (R2026a)
TOOLBOX SoC Blockset | 26.1 | (R2026a)
TOOLBOX Spreadsheet Link | 26.1 | (R2026a)
TOOLBOX Stateflow | 26.1 | (R2026a)
TOOLBOX Statistics and Machine Learning Toolbox | 26.1 | (R2026a)
TOOLBOX Symbolic Math Toolbox | 26.1 | (R2026a)
TOOLBOX System Composer | 26.1 | (R2026a)
TOOLBOX System Identification Toolbox | 26.1 | (R2026a)
TOOLBOX Text Analytics Toolbox | 26.1 | (R2026a)
TOOLBOX UAV Toolbox | 26.1 | (R2026a)
TOOLBOX Vehicle Dynamics Blockset | 26.1 | (R2026a)
TOOLBOX Vehicle Network Toolbox | 26.1 | (R2026a)
TOOLBOX Vision HDL Toolbox | 26.1 | (R2026a)
TOOLBOX WLAN Toolbox | 26.1 | (R2026a)
TOOLBOX Wavelet Toolbox | 26.1 | (R2026a)
TOOLBOX Wireless HDL Toolbox | 26.1 | (R2026a)
TOOLBOX Wireless Network Toolbox | 26.1 | (R2026a)
TOOLBOX Wireless Testbench | 26.1 | (R2026a)
[setup] Added paths under: C:\Users\anup0\AppData\Local\Temp\sixgr_type2_runtime_20260913
[setup] OK  : 5G Toolbox                   (nrOFDMInfo)
[setup] OK  : 5G Toolbox                   (nrPUSCH)
[setup] OK  : 5G Toolbox                   (nrPDSCH)
[setup] OK  : 5G Toolbox                   (nrLDPCEncode)
[setup] OK  : 5G Toolbox                   (nrRateRecoverLDPC)
[setup] OK  : COMM Toolbox                 (awgn)
[setup] OK  : DL Toolbox                   (trainNetwork)
[setup] OK  : PCT                          (parpool)
[setup] OK  : PHASED                       (phased.URA)
[setup] OK  : WNS Lib                      (wirelessNetworkSimulator)
[setup] OK  : Site Viewer                  (siteviewer)
[setup] OK  : RF Prop                      (txsite)
[setup] OK  : 5G Toolbox                   (nrPathLoss)
[setup] Done.
[setup] YAML runtime: ready      backend=external_python
[setup] YAML python:  C:\ProgramData\anaconda3\python.EXE
[setup] YAML version: 3.12.4
TDD_INDEPENDENT_PUSCH_ARTIFACT_ROOT=C:\Users\anup0\AppData\Local\Temp\sixgr_type2_runtime_20260913\logs\tdd_shared_pusch_independent_completion\tp78adc98d_0a41_4819_bb63_e47addbfe47d
RECEIVED_UL_SHARED_DL_CLOCK_PASS: sample=3369 phase=0
RECEIVED_CONSTELLATION_CAPTURE_PASS: UL samples=3522 EVM_pct=0.106863619626 root=C:\Users\anup0\AppData\Local\Temp\tpb07c422e_37c6_477f_9880_801c33e45af5
    Direction    Slot    EstimatedCFO_PreCorrection_Hz    EstimatedCFO_Hz    TimingOffset_samples     EVM_rms     PostEqSINR_dB
    _________    ____    _____________________________    _______________    ____________________    _________    _____________

      "UL"        10                -9.7182                   -9.7182                 84             0.0010686         45      

TDD_INDEPENDENT_PUSCH_EMPTY_UCI_PASS actual_UL_TX=1 DL_TX=0 HARQ_updates=0 common_commit_receipts=1
SHARED_PUSCH_CHANNEL_ARTIFACTS_PASS: TDD actual SRS/DCI/PUSCH/UCI, seed=4.7026e+06 root=C:\Users\anup0\AppData\Local\Temp\sixgr_type2_runtime_20260913\logs\tdd_shared_pusch_independent_completion\tp78adc98d_0a41_4819_bb63_e47addbfe47d
[PASS] testTDDSharedPUSCHIndependentCompletion (110.78s)
TDD_NONEMPTY_SHARED_HARQ_ARTIFACT_ROOT=C:\Users\anup0\AppData\Local\Temp\sixgr_type2_runtime_20260913\logs\tdd_shared_pusch_nonempty_completion\tp720d1cf7_bf1a_4a5a_a316_b6f96b44d1e7
RECEIVED_UL_SHARED_DL_CLOCK_PASS: sample=3369 phase=0
SHARED_DL_HARQ_SOURCE_RECEIVED slot=6 due=10 ACK=1 completed_sample=46095
RECEIVED_CONSTELLATION_CAPTURE_PASS: UL samples=3522 EVM_pct=0.106968763197 root=C:\Users\anup0\AppData\Local\Temp\tpfe419a3a_4fb5_4ad7_a37c_5d1c3cd7c42a
    Direction    Slot    EstimatedCFO_PreCorrection_Hz    EstimatedCFO_Hz    TimingOffset_samples     EVM_rms     PostEqSINR_dB
    _________    ____    _____________________________    _______________    ____________________    _________    _____________

      "UL"        10                -5.5671                   -5.5671                 84             0.0010697         45      

TDD_INDEPENDENT_SHARED_HARQ_PASS actual_DL_TX=1 actual_UL_TX=1 common_commit_receipts=1 ACK=1
SHARED_PUSCH_CHANNEL_ARTIFACTS_PASS: TDD actual SRS/DCI/PUSCH/UCI, seed=4.7026e+06 root=C:\Users\anup0\AppData\Local\Temp\sixgr_type2_runtime_20260913\logs\tdd_shared_pusch_nonempty_completion\tp720d1cf7_bf1a_4a5a_a316_b6f96b44d1e7
[PASS] testTDDSharedPUSCHNonemptyCompletion (116.14s)
Slowest 2 test(s):
   1. testTDDSharedPUSCHNonemptyCompletion (116.14s)
   2. testTDDSharedPUSCHIndependentCompletion (110.78s)
SERVER_VALIDATION_PASS scope=focused_tests NOT_12DB_QUALIFICATION=1
