[2026-07-29T21:20:12Z] INFO Preparing LLS run: scenario=matrix_prach_no_summary runTag=repeat_1 runFolder=C:\Users\anup0\AppData\Local\Temp\sixgr-phase20-matrix-final\matrix-no-summary-81b29ade-7c15-4de4-bb01-f6c9424a7789\lls\smoke_matrix_nosummary\nosummary\runs\lls\matrix_prach_no_summary\repeat_1
[2026-07-29T21:20:15Z] INFO Artifact store active=0 backend=filesystem schema=
[2026-07-29T21:20:15Z] INFO Writing resolved snapshots.
[2026-07-29T21:20:16Z] INFO Exporting live geometry artifacts.
[2026-07-29T21:20:16Z] INFO Executing runner profile=prach_detection.
[2026-07-29T21:20:54Z] INFO Runner profile completed. result.Ok=1
[2026-07-29T21:20:54Z] INFO Scenario status aggregated: completion=completed resultOk=1 requiredFailures=0 optionalPruned=0
[2026-07-29T21:20:54Z] INFO Annotating CSV artifacts.
[2026-07-29T21:21:17Z] INFO Writing scenario summary CSV.
[2026-07-29T21:21:17Z] INFO Writing runtime and environment summaries.
[2026-07-29T21:21:18Z] INFO Writing scenario manifest.
[2026-07-29T21:21:18Z] INFO Exporting initial config-ownership and hardcoding audit artifacts.
[2026-07-29T21:22:10Z] INFO Runtime truth contract evaluated: ok=1 roundtripMismatch=0 evidenceMissing=0 strictFailures=0
[2026-07-29T21:22:10Z] INFO Rewriting scenario summary CSV with final truth-gated status.
[2026-07-29T21:22:11Z] INFO Rewriting scenario manifest with final truth-gated status.
[2026-07-29T21:22:11Z] INFO Exporting LLS reporting bundle.
[2026-07-29T21:24:28Z] INFO Scanning truth primary artifacts for active proxy/fallback markers.
[2026-07-29T21:24:29Z] INFO Exporting output-coverage and honest-unavailable artifacts.
exportLLSOutputCoverageArtifacts:start runFolder=C:\Users\anup0\AppData\Local\Temp\sixgr-phase20-matrix-final\matrix-no-summary-81b29ade-7c15-4de4-bb01-f6c9424a7789\lls\smoke_matrix_nosummary\nosummary\runs\lls\matrix_prach_no_summary\repeat_1
exportLLSOutputCoverageArtifacts:sources_loaded runFolder=C:\Users\anup0\AppData\Local\Temp\sixgr-phase20-matrix-final\matrix-no-summary-81b29ade-7c15-4de4-bb01-f6c9424a7789\lls\smoke_matrix_nosummary\nosummary\runs\lls\matrix_prach_no_summary\repeat_1
exportLLSOutputCoverageArtifacts:tables_core_topology_channel_built runFolder=C:\Users\anup0\AppData\Local\Temp\sixgr-phase20-matrix-final\matrix-no-summary-81b29ade-7c15-4de4-bb01-f6c9424a7789\lls\smoke_matrix_nosummary\nosummary\runs\lls\matrix_prach_no_summary\repeat_1
exportLLSOutputCoverageArtifacts:building_live_prb_allocation runFolder=C:\Users\anup0\AppData\Local\Temp\sixgr-phase20-matrix-final\matrix-no-summary-81b29ade-7c15-4de4-bb01-f6c9424a7789\lls\smoke_matrix_nosummary\nosummary\runs\lls\matrix_prach_no_summary\repeat_1
exportLLSOutputCoverageArtifacts:built_live_prb_allocation runFolder=C:\Users\anup0\AppData\Local\Temp\sixgr-phase20-matrix-final\matrix-no-summary-81b29ade-7c15-4de4-bb01-f6c9424a7789\lls\smoke_matrix_nosummary\nosummary\runs\lls\matrix_prach_no_summary\repeat_1
exportLLSOutputCoverageArtifacts:building_live_re_allocation_snapshot runFolder=C:\Users\anup0\AppData\Local\Temp\sixgr-phase20-matrix-final\matrix-no-summary-81b29ade-7c15-4de4-bb01-f6c9424a7789\lls\smoke_matrix_nosummary\nosummary\runs\lls\matrix_prach_no_summary\repeat_1
exportLLSOutputCoverageArtifacts:built_live_re_allocation_snapshot runFolder=C:\Users\anup0\AppData\Local\Temp\sixgr-phase20-matrix-final\matrix-no-summary-81b29ade-7c15-4de4-bb01-f6c9424a7789\lls\smoke_matrix_nosummary\nosummary\runs\lls\matrix_prach_no_summary\repeat_1
exportLLSOutputCoverageArtifacts:building_scheduler_decision runFolder=C:\Users\anup0\AppData\Local\Temp\sixgr-phase20-matrix-final\matrix-no-summary-81b29ade-7c15-4de4-bb01-f6c9424a7789\lls\smoke_matrix_nosummary\nosummary\runs\lls\matrix_prach_no_summary\repeat_1
exportLLSOutputCoverageArtifacts:built_scheduler_decision runFolder=C:\Users\anup0\AppData\Local\Temp\sixgr-phase20-matrix-final\matrix-no-summary-81b29ade-7c15-4de4-bb01-f6c9424a7789\lls\smoke_matrix_nosummary\nosummary\runs\lls\matrix_prach_no_summary\repeat_1
exportLLSOutputCoverageArtifacts:building_prb_allocation_heatmap runFolder=C:\Users\anup0\AppData\Local\Temp\sixgr-phase20-matrix-final\matrix-no-summary-81b29ade-7c15-4de4-bb01-f6c9424a7789\lls\smoke_matrix_nosummary\nosummary\runs\lls\matrix_prach_no_summary\repeat_1
exportLLSOutputCoverageArtifacts:built_prb_allocation_heatmap runFolder=C:\Users\anup0\AppData\Local\Temp\sixgr-phase20-matrix-final\matrix-no-summary-81b29ade-7c15-4de4-bb01-f6c9424a7789\lls\smoke_matrix_nosummary\nosummary\runs\lls\matrix_prach_no_summary\repeat_1
exportLLSOutputCoverageArtifacts:building_dl_resource_grid_heatmap runFolder=C:\Users\anup0\AppData\Local\Temp\sixgr-phase20-matrix-final\matrix-no-summary-81b29ade-7c15-4de4-bb01-f6c9424a7789\lls\smoke_matrix_nosummary\nosummary\runs\lls\matrix_prach_no_summary\repeat_1
exportLLSOutputCoverageArtifacts:built_dl_resource_grid_heatmap runFolder=C:\Users\anup0\AppData\Local\Temp\sixgr-phase20-matrix-final\matrix-no-summary-81b29ade-7c15-4de4-bb01-f6c9424a7789\lls\smoke_matrix_nosummary\nosummary\runs\lls\matrix_prach_no_summary\repeat_1
exportLLSOutputCoverageArtifacts:building_ul_resource_grid_heatmap runFolder=C:\Users\anup0\AppData\Local\Temp\sixgr-phase20-matrix-final\matrix-no-summary-81b29ade-7c15-4de4-bb01-f6c9424a7789\lls\smoke_matrix_nosummary\nosummary\runs\lls\matrix_prach_no_summary\repeat_1
exportLLSOutputCoverageArtifacts:built_ul_resource_grid_heatmap runFolder=C:\Users\anup0\AppData\Local\Temp\sixgr-phase20-matrix-final\matrix-no-summary-81b29ade-7c15-4de4-bb01-f6c9424a7789\lls\smoke_matrix_nosummary\nosummary\runs\lls\matrix_prach_no_summary\repeat_1
exportLLSOutputCoverageArtifacts:building_dl_transport_block runFolder=C:\Users\anup0\AppData\Local\Temp\sixgr-phase20-matrix-final\matrix-no-summary-81b29ade-7c15-4de4-bb01-f6c9424a7789\lls\smoke_matrix_nosummary\nosummary\runs\lls\matrix_prach_no_summary\repeat_1
exportLLSOutputCoverageArtifacts:built_dl_transport_block runFolder=C:\Users\anup0\AppData\Local\Temp\sixgr-phase20-matrix-final\matrix-no-summary-81b29ade-7c15-4de4-bb01-f6c9424a7789\lls\smoke_matrix_nosummary\nosummary\runs\lls\matrix_prach_no_summary\repeat_1
exportLLSOutputCoverageArtifacts:building_ul_transport_block runFolder=C:\Users\anup0\AppData\Local\Temp\sixgr-phase20-matrix-final\matrix-no-summary-81b29ade-7c15-4de4-bb01-f6c9424a7789\lls\smoke_matrix_nosummary\nosummary\runs\lls\matrix_prach_no_summary\repeat_1
exportLLSOutputCoverageArtifacts:built_ul_transport_block runFolder=C:\Users\anup0\AppData\Local\Temp\sixgr-phase20-matrix-final\matrix-no-summary-81b29ade-7c15-4de4-bb01-f6c9424a7789\lls\smoke_matrix_nosummary\nosummary\runs\lls\matrix_prach_no_summary\repeat_1
exportLLSOutputCoverageArtifacts:building_harq_process runFolder=C:\Users\anup0\AppData\Local\Temp\sixgr-phase20-matrix-final\matrix-no-summary-81b29ade-7c15-4de4-bb01-f6c9424a7789\lls\smoke_matrix_nosummary\nosummary\runs\lls\matrix_prach_no_summary\repeat_1
exportLLSOutputCoverageArtifacts:built_harq_process runFolder=C:\Users\anup0\AppData\Local\Temp\sixgr-phase20-matrix-final\matrix-no-summary-81b29ade-7c15-4de4-bb01-f6c9424a7789\lls\smoke_matrix_nosummary\nosummary\runs\lls\matrix_prach_no_summary\repeat_1
exportLLSOutputCoverageArtifacts:building_cqi_pmi_ri runFolder=C:\Users\anup0\AppData\Local\Temp\sixgr-phase20-matrix-final\matrix-no-summary-81b29ade-7c15-4de4-bb01-f6c9424a7789\lls\smoke_matrix_nosummary\nosummary\runs\lls\matrix_prach_no_summary\repeat_1
exportLLSOutputCoverageArtifacts:built_cqi_pmi_ri runFolder=C:\Users\anup0\AppData\Local\Temp\sixgr-phase20-matrix-final\matrix-no-summary-81b29ade-7c15-4de4-bb01-f6c9424a7789\lls\smoke_matrix_nosummary\nosummary\runs\lls\matrix_prach_no_summary\repeat_1
exportLLSOutputCoverageArtifacts:building_mcs_tbs_evolution runFolder=C:\Users\anup0\AppData\Local\Temp\sixgr-phase20-matrix-final\matrix-no-summary-81b29ade-7c15-4de4-bb01-f6c9424a7789\lls\smoke_matrix_nosummary\nosummary\runs\lls\matrix_prach_no_summary\repeat_1
exportLLSOutputCoverageArtifacts:built_mcs_tbs_evolution runFolder=C:\Users\anup0\AppData\Local\Temp\sixgr-phase20-matrix-final\matrix-no-summary-81b29ade-7c15-4de4-bb01-f6c9424a7789\lls\smoke_matrix_nosummary\nosummary\runs\lls\matrix_prach_no_summary\repeat_1
exportLLSOutputCoverageArtifacts:tables_scheduler_transport_built runFolder=C:\Users\anup0\AppData\Local\Temp\sixgr-phase20-matrix-final\matrix-no-summary-81b29ade-7c15-4de4-bb01-f6c9424a7789\lls\smoke_matrix_nosummary\nosummary\runs\lls\matrix_prach_no_summary\repeat_1
exportLLSOutputCoverageArtifacts:tables_latency_energy_built runFolder=C:\Users\anup0\AppData\Local\Temp\sixgr-phase20-matrix-final\matrix-no-summary-81b29ade-7c15-4de4-bb01-f6c9424a7789\lls\smoke_matrix_nosummary\nosummary\runs\lls\matrix_prach_no_summary\repeat_1
exportLLSOutputCoverageArtifacts:tables_root_cause_built runFolder=C:\Users\anup0\AppData\Local\Temp\sixgr-phase20-matrix-final\matrix-no-summary-81b29ade-7c15-4de4-bb01-f6c9424a7789\lls\smoke_matrix_nosummary\nosummary\runs\lls\matrix_prach_no_summary\repeat_1
exportLLSOutputCoverageArtifacts:tables_control_built runFolder=C:\Users\anup0\AppData\Local\Temp\sixgr-phase20-matrix-final\matrix-no-summary-81b29ade-7c15-4de4-bb01-f6c9424a7789\lls\smoke_matrix_nosummary\nosummary\runs\lls\matrix_prach_no_summary\repeat_1
exportLLSOutputCoverageArtifacts:tables_beam_timing_built runFolder=C:\Users\anup0\AppData\Local\Temp\sixgr-phase20-matrix-final\matrix-no-summary-81b29ade-7c15-4de4-bb01-f6c9424a7789\lls\smoke_matrix_nosummary\nosummary\runs\lls\matrix_prach_no_summary\repeat_1
exportLLSOutputCoverageArtifacts:tables_prompt8_adequacy_built runFolder=C:\Users\anup0\AppData\Local\Temp\sixgr-phase20-matrix-final\matrix-no-summary-81b29ade-7c15-4de4-bb01-f6c9424a7789\lls\smoke_matrix_nosummary\nosummary\runs\lls\matrix_prach_no_summary\repeat_1
exportLLSOutputCoverageArtifacts:tables_built runFolder=C:\Users\anup0\AppData\Local\Temp\sixgr-phase20-matrix-final\matrix-no-summary-81b29ade-7c15-4de4-bb01-f6c9424a7789\lls\smoke_matrix_nosummary\nosummary\runs\lls\matrix_prach_no_summary\repeat_1
exportLLSOutputCoverageArtifacts:table_artifacts_written runFolder=C:\Users\anup0\AppData\Local\Temp\sixgr-phase20-matrix-final\matrix-no-summary-81b29ade-7c15-4de4-bb01-f6c9424a7789\lls\smoke_matrix_nosummary\nosummary\runs\lls\matrix_prach_no_summary\repeat_1
exportLLSOutputCoverageArtifacts:figure_artifacts_written runFolder=C:\Users\anup0\AppData\Local\Temp\sixgr-phase20-matrix-final\matrix-no-summary-81b29ade-7c15-4de4-bb01-f6c9424a7789\lls\smoke_matrix_nosummary\nosummary\runs\lls\matrix_prach_no_summary\repeat_1
exportLLSOutputCoverageArtifacts:coverage_registry_built runFolder=C:\Users\anup0\AppData\Local\Temp\sixgr-phase20-matrix-final\matrix-no-summary-81b29ade-7c15-4de4-bb01-f6c9424a7789\lls\smoke_matrix_nosummary\nosummary\runs\lls\matrix_prach_no_summary\repeat_1
exportLLSOutputCoverageArtifacts:coverage_audits_built runFolder=C:\Users\anup0\AppData\Local\Temp\sixgr-phase20-matrix-final\matrix-no-summary-81b29ade-7c15-4de4-bb01-f6c9424a7789\lls\smoke_matrix_nosummary\nosummary\runs\lls\matrix_prach_no_summary\repeat_1
exportLLSOutputCoverageArtifacts:coverage_tables_written runFolder=C:\Users\anup0\AppData\Local\Temp\sixgr-phase20-matrix-final\matrix-no-summary-81b29ade-7c15-4de4-bb01-f6c9424a7789\lls\smoke_matrix_nosummary\nosummary\runs\lls\matrix_prach_no_summary\repeat_1
exportLLSOutputCoverageArtifacts:measurement_sidecars_written runFolder=C:\Users\anup0\AppData\Local\Temp\sixgr-phase20-matrix-final\matrix-no-summary-81b29ade-7c15-4de4-bb01-f6c9424a7789\lls\smoke_matrix_nosummary\nosummary\runs\lls\matrix_prach_no_summary\repeat_1
exportLLSOutputCoverageArtifacts:live_stage_control_counts_reconciled runFolder=C:\Users\anup0\AppData\Local\Temp\sixgr-phase20-matrix-final\matrix-no-summary-81b29ade-7c15-4de4-bb01-f6c9424a7789\lls\smoke_matrix_nosummary\nosummary\runs\lls\matrix_prach_no_summary\repeat_1
exportLLSOutputCoverageArtifacts:inventory_written runFolder=C:\Users\anup0\AppData\Local\Temp\sixgr-phase20-matrix-final\matrix-no-summary-81b29ade-7c15-4de4-bb01-f6c9424a7789\lls\smoke_matrix_nosummary\nosummary\runs\lls\matrix_prach_no_summary\repeat_1
exportLLSOutputCoverageArtifacts:done runFolder=C:\Users\anup0\AppData\Local\Temp\sixgr-phase20-matrix-final\matrix-no-summary-81b29ade-7c15-4de4-bb01-f6c9424a7789\lls\smoke_matrix_nosummary\nosummary\runs\lls\matrix_prach_no_summary\repeat_1
[2026-07-29T21:25:14Z] INFO Refreshing config-ownership artifacts after final runtime/report exports.
[2026-07-29T21:26:02Z] INFO Runtime truth contract re-evaluated after final artifact exports: ok=1 roundtripMismatch=0 evidenceMissing=0 strictFailures=0
[2026-07-29T21:26:02Z] INFO Rewriting scenario summary CSV with final artifact truth-gated status.
[2026-07-29T21:26:04Z] INFO Rewriting scenario manifest with final artifact truth-gated status.
[2026-07-29T21:26:04Z] INFO Writing artifact manifest.
[2026-07-29T21:26:04Z] INFO Writing scenario markdown report.
[2026-07-29T21:26:04Z] INFO Materializing canonical browser contract artifacts for the completed run.
[2026-07-29T21:26:04Z] WARN Browser contract artifact materialization did not complete: artifact_store_inactive | MySQL artifact store is inactive, so browser contract materialization was skipped.
[2026-07-29T21:26:04Z] INFO Required final artifacts published; marking terminal run status before optional artifacts.
[2026-07-29T21:26:04Z] INFO Writing MAT result bundle.
[2026-07-29T21:26:07Z] INFO Pruning empty result directories.
[2026-07-29T21:26:07Z] INFO Run completed successfully in 355.889 seconds.
PHASE20_MATRIX_NOSUMMARY_SCRATCH PASS duration=374.084
