[2026-07-29T21:05:35Z] INFO Preparing LLS run: scenario=prach_detection runTag=probe runFolder=C:\Users\anup0\AppData\Local\Temp\sixgr-phase20-scratch-probe\lls\prach_detection\probe
Starting parallel pool (parpool) using the 'Processes' profile ...
Connected to parallel pool with 4 workers.
[2026-07-29T21:06:27Z] INFO Artifact store active=0 backend=filesystem schema=
[2026-07-29T21:06:27Z] INFO Writing resolved snapshots.
[2026-07-29T21:06:28Z] INFO Exporting live geometry artifacts.
[2026-07-29T21:06:28Z] INFO Executing runner profile=prach_detection.
[2026-07-29T21:07:09Z] INFO Runner profile completed. result.Ok=1
[2026-07-29T21:07:09Z] INFO Scenario status aggregated: completion=completed resultOk=1 requiredFailures=0 optionalPruned=0
[2026-07-29T21:07:09Z] INFO Annotating CSV artifacts.
[2026-07-29T21:07:32Z] INFO Writing scenario summary CSV.
[2026-07-29T21:07:32Z] INFO Writing runtime and environment summaries.
[2026-07-29T21:07:34Z] INFO Writing scenario manifest.
[2026-07-29T21:07:34Z] INFO Exporting initial config-ownership and hardcoding audit artifacts.
[2026-07-29T21:08:25Z] INFO Runtime truth contract evaluated: ok=1 roundtripMismatch=0 evidenceMissing=0 strictFailures=0
[2026-07-29T21:08:25Z] INFO Rewriting scenario summary CSV with final truth-gated status.
[2026-07-29T21:08:27Z] INFO Rewriting scenario manifest with final truth-gated status.
[2026-07-29T21:08:27Z] INFO Exporting LLS reporting bundle.
[2026-07-29T21:10:52Z] INFO Scanning truth primary artifacts for active proxy/fallback markers.
[2026-07-29T21:10:52Z] INFO Exporting output-coverage and honest-unavailable artifacts.
exportLLSOutputCoverageArtifacts:start runFolder=C:\Users\anup0\AppData\Local\Temp\sixgr-phase20-scratch-probe\lls\prach_detection\probe
exportLLSOutputCoverageArtifacts:sources_loaded runFolder=C:\Users\anup0\AppData\Local\Temp\sixgr-phase20-scratch-probe\lls\prach_detection\probe
exportLLSOutputCoverageArtifacts:tables_core_topology_channel_built runFolder=C:\Users\anup0\AppData\Local\Temp\sixgr-phase20-scratch-probe\lls\prach_detection\probe
exportLLSOutputCoverageArtifacts:building_live_prb_allocation runFolder=C:\Users\anup0\AppData\Local\Temp\sixgr-phase20-scratch-probe\lls\prach_detection\probe
exportLLSOutputCoverageArtifacts:built_live_prb_allocation runFolder=C:\Users\anup0\AppData\Local\Temp\sixgr-phase20-scratch-probe\lls\prach_detection\probe
exportLLSOutputCoverageArtifacts:building_live_re_allocation_snapshot runFolder=C:\Users\anup0\AppData\Local\Temp\sixgr-phase20-scratch-probe\lls\prach_detection\probe
exportLLSOutputCoverageArtifacts:built_live_re_allocation_snapshot runFolder=C:\Users\anup0\AppData\Local\Temp\sixgr-phase20-scratch-probe\lls\prach_detection\probe
exportLLSOutputCoverageArtifacts:building_scheduler_decision runFolder=C:\Users\anup0\AppData\Local\Temp\sixgr-phase20-scratch-probe\lls\prach_detection\probe
exportLLSOutputCoverageArtifacts:built_scheduler_decision runFolder=C:\Users\anup0\AppData\Local\Temp\sixgr-phase20-scratch-probe\lls\prach_detection\probe
exportLLSOutputCoverageArtifacts:building_prb_allocation_heatmap runFolder=C:\Users\anup0\AppData\Local\Temp\sixgr-phase20-scratch-probe\lls\prach_detection\probe
exportLLSOutputCoverageArtifacts:built_prb_allocation_heatmap runFolder=C:\Users\anup0\AppData\Local\Temp\sixgr-phase20-scratch-probe\lls\prach_detection\probe
exportLLSOutputCoverageArtifacts:building_dl_resource_grid_heatmap runFolder=C:\Users\anup0\AppData\Local\Temp\sixgr-phase20-scratch-probe\lls\prach_detection\probe
exportLLSOutputCoverageArtifacts:built_dl_resource_grid_heatmap runFolder=C:\Users\anup0\AppData\Local\Temp\sixgr-phase20-scratch-probe\lls\prach_detection\probe
exportLLSOutputCoverageArtifacts:building_ul_resource_grid_heatmap runFolder=C:\Users\anup0\AppData\Local\Temp\sixgr-phase20-scratch-probe\lls\prach_detection\probe
exportLLSOutputCoverageArtifacts:built_ul_resource_grid_heatmap runFolder=C:\Users\anup0\AppData\Local\Temp\sixgr-phase20-scratch-probe\lls\prach_detection\probe
exportLLSOutputCoverageArtifacts:building_dl_transport_block runFolder=C:\Users\anup0\AppData\Local\Temp\sixgr-phase20-scratch-probe\lls\prach_detection\probe
exportLLSOutputCoverageArtifacts:built_dl_transport_block runFolder=C:\Users\anup0\AppData\Local\Temp\sixgr-phase20-scratch-probe\lls\prach_detection\probe
exportLLSOutputCoverageArtifacts:building_ul_transport_block runFolder=C:\Users\anup0\AppData\Local\Temp\sixgr-phase20-scratch-probe\lls\prach_detection\probe
exportLLSOutputCoverageArtifacts:built_ul_transport_block runFolder=C:\Users\anup0\AppData\Local\Temp\sixgr-phase20-scratch-probe\lls\prach_detection\probe
exportLLSOutputCoverageArtifacts:building_harq_process runFolder=C:\Users\anup0\AppData\Local\Temp\sixgr-phase20-scratch-probe\lls\prach_detection\probe
exportLLSOutputCoverageArtifacts:built_harq_process runFolder=C:\Users\anup0\AppData\Local\Temp\sixgr-phase20-scratch-probe\lls\prach_detection\probe
exportLLSOutputCoverageArtifacts:building_cqi_pmi_ri runFolder=C:\Users\anup0\AppData\Local\Temp\sixgr-phase20-scratch-probe\lls\prach_detection\probe
exportLLSOutputCoverageArtifacts:built_cqi_pmi_ri runFolder=C:\Users\anup0\AppData\Local\Temp\sixgr-phase20-scratch-probe\lls\prach_detection\probe
exportLLSOutputCoverageArtifacts:building_mcs_tbs_evolution runFolder=C:\Users\anup0\AppData\Local\Temp\sixgr-phase20-scratch-probe\lls\prach_detection\probe
exportLLSOutputCoverageArtifacts:built_mcs_tbs_evolution runFolder=C:\Users\anup0\AppData\Local\Temp\sixgr-phase20-scratch-probe\lls\prach_detection\probe
exportLLSOutputCoverageArtifacts:tables_scheduler_transport_built runFolder=C:\Users\anup0\AppData\Local\Temp\sixgr-phase20-scratch-probe\lls\prach_detection\probe
exportLLSOutputCoverageArtifacts:tables_latency_energy_built runFolder=C:\Users\anup0\AppData\Local\Temp\sixgr-phase20-scratch-probe\lls\prach_detection\probe
exportLLSOutputCoverageArtifacts:tables_root_cause_built runFolder=C:\Users\anup0\AppData\Local\Temp\sixgr-phase20-scratch-probe\lls\prach_detection\probe
exportLLSOutputCoverageArtifacts:tables_control_built runFolder=C:\Users\anup0\AppData\Local\Temp\sixgr-phase20-scratch-probe\lls\prach_detection\probe
exportLLSOutputCoverageArtifacts:tables_beam_timing_built runFolder=C:\Users\anup0\AppData\Local\Temp\sixgr-phase20-scratch-probe\lls\prach_detection\probe
exportLLSOutputCoverageArtifacts:tables_prompt8_adequacy_built runFolder=C:\Users\anup0\AppData\Local\Temp\sixgr-phase20-scratch-probe\lls\prach_detection\probe
exportLLSOutputCoverageArtifacts:tables_built runFolder=C:\Users\anup0\AppData\Local\Temp\sixgr-phase20-scratch-probe\lls\prach_detection\probe
exportLLSOutputCoverageArtifacts:table_artifacts_written runFolder=C:\Users\anup0\AppData\Local\Temp\sixgr-phase20-scratch-probe\lls\prach_detection\probe
exportLLSOutputCoverageArtifacts:figure_artifacts_written runFolder=C:\Users\anup0\AppData\Local\Temp\sixgr-phase20-scratch-probe\lls\prach_detection\probe
exportLLSOutputCoverageArtifacts:coverage_registry_built runFolder=C:\Users\anup0\AppData\Local\Temp\sixgr-phase20-scratch-probe\lls\prach_detection\probe
exportLLSOutputCoverageArtifacts:coverage_audits_built runFolder=C:\Users\anup0\AppData\Local\Temp\sixgr-phase20-scratch-probe\lls\prach_detection\probe
exportLLSOutputCoverageArtifacts:coverage_tables_written runFolder=C:\Users\anup0\AppData\Local\Temp\sixgr-phase20-scratch-probe\lls\prach_detection\probe
exportLLSOutputCoverageArtifacts:measurement_sidecars_written runFolder=C:\Users\anup0\AppData\Local\Temp\sixgr-phase20-scratch-probe\lls\prach_detection\probe
exportLLSOutputCoverageArtifacts:live_stage_control_counts_reconciled runFolder=C:\Users\anup0\AppData\Local\Temp\sixgr-phase20-scratch-probe\lls\prach_detection\probe
exportLLSOutputCoverageArtifacts:inventory_written runFolder=C:\Users\anup0\AppData\Local\Temp\sixgr-phase20-scratch-probe\lls\prach_detection\probe
exportLLSOutputCoverageArtifacts:done runFolder=C:\Users\anup0\AppData\Local\Temp\sixgr-phase20-scratch-probe\lls\prach_detection\probe
[2026-07-29T21:11:35Z] INFO Refreshing config-ownership artifacts after final runtime/report exports.
[2026-07-29T21:12:24Z] INFO Runtime truth contract re-evaluated after final artifact exports: ok=1 roundtripMismatch=0 evidenceMissing=0 strictFailures=0
[2026-07-29T21:12:24Z] INFO Rewriting scenario summary CSV with final artifact truth-gated status.
[2026-07-29T21:12:25Z] INFO Rewriting scenario manifest with final artifact truth-gated status.
[2026-07-29T21:12:25Z] INFO Writing artifact manifest.
[2026-07-29T21:12:26Z] INFO Writing scenario markdown report.
[2026-07-29T21:12:26Z] INFO Materializing canonical browser contract artifacts for the completed run.
[2026-07-29T21:12:26Z] WARN Browser contract artifact materialization did not complete: artifact_store_inactive | MySQL artifact store is inactive, so browser contract materialization was skipped.
[2026-07-29T21:12:26Z] INFO Required final artifacts published; marking terminal run status before optional artifacts.
[2026-07-29T21:12:26Z] INFO Writing MAT result bundle.
[2026-07-29T21:12:29Z] INFO Pruning empty result directories.
[2026-07-29T21:12:29Z] WARN Run completed with truth/status failures in 414.369 seconds: requiredFailures=1 strictTruthFailures=0
PROBE_OK=0 RUN=C:\Users\anup0\AppData\Local\Temp\sixgr-phase20-scratch-probe\lls\prach_detection\probe
