Preset: comprehensive_smoke
Checks: 756
Failures: 1009
FAIL invalid manifest status:waveform_ofdm_parameters.csv
FAIL missing required CSV:waveform_papr_trials.csv
FAIL missing required CSV:waveform_papr_ccdf.csv
FAIL missing required CSV:waveform_psd.csv
FAIL missing required CSV:waveform_spectral_metrics.csv
FAIL missing required CSV:waveform_evm_isi_ici.csv
FAIL missing required CSV:waveform_sync_sensitivity.csv
FAIL missing required CSV:waveform_awgn_roundtrip.csv
FAIL missing required CSV:waveform_tdl_cdl_trials.csv
FAIL missing required CSV:waveform_interference_composition.csv
FAIL missing required CSV:waveform_independent_vector_results.csv
FAIL missing required CSV:waveform_negative_tests.csv
FAIL missing required CSV:waveform_capability_results.csv
FAIL missing required CSV:waveform_test_summary.csv
FAIL missing required CSV:waveform_runtime_scaling.csv
FAIL missing required CSV:waveform_reproducibility.csv
FAIL missing required CSV:waveform_image_semantic_audit.csv
FAIL missing required PNG:waveform_ofdm_symbol_anatomy.png
FAIL missing required PNG:waveform_subcarrier_fft_map.png
FAIL missing required PNG:waveform_cp_timeline.png
FAIL missing required PNG:waveform_stream_continuity.png
FAIL missing required PNG:waveform_window_overlap.png
FAIL missing required PNG:waveform_cpofdm_vs_dfts_time.png
FAIL missing required PNG:waveform_dft_spreading_map.png
FAIL missing required PNG:waveform_pi2bpsk_constellation.png
FAIL missing required PNG:waveform_papr_ccdf.png
FAIL missing required PNG:waveform_psd_guardband.png
FAIL missing required PNG:waveform_windowing_oob_evm.png
FAIL missing required PNG:waveform_multinumerology_timeline.png
FAIL missing required PNG:waveform_multinumerology_spectrum.png
FAIL missing required PNG:waveform_component_carrier_spectrum.png
FAIL missing required PNG:waveform_power_reconciliation.png
FAIL missing required PNG:waveform_parseval_error.png
FAIL missing required PNG:waveform_delay_vs_cp_isi.png
FAIL missing required PNG:waveform_cfo_timing_sensitivity.png
FAIL missing required PNG:waveform_bler_vs_snr.png
FAIL missing required PNG:waveform_interference_composition.png
FAIL missing required PNG:waveform_runtime_scaling.png
FAIL missing required PNG:waveform_capability_matrix.png
FAIL missing required CSV:pdsch_assignment_resolution.csv
FAIL missing required CSV:pdsch_resource_ownership.csv
FAIL missing required CSV:pdsch_re_mapping.csv
FAIL missing required CSV:pdsch_dmrs_matrix.csv
FAIL missing required CSV:pdsch_ptrs_matrix.csv
FAIL missing required CSV:pdsch_coding_chain.csv
FAIL missing required CSV:pdsch_independent_vector_results.csv
FAIL missing required CSV:pdsch_layer_codeword_map.csv
FAIL missing required CSV:pdsch_precoding_application.csv
FAIL missing required CSV:pdsch_harq_trials.csv
FAIL missing required CSV:pdsch_receiver_metrics.csv
FAIL missing required CSV:pdsch_bler_curve.csv
FAIL missing required CSV:pdsch_negative_tests.csv
FAIL missing required CSV:pdsch_test_summary.csv
FAIL missing required CSV:pdsch_image_semantic_audit.csv
FAIL missing required PNG:pdsch_resource_grid_ownership.png
FAIL missing required PNG:pdsch_dmrs_ptrs_map.png
FAIL missing required PNG:pdsch_codeword_layer_mapping.png
FAIL missing required PNG:pdsch_prg_precoding_map.png
FAIL missing required PNG:pdsch_harq_rv_timeline.png
FAIL missing required PNG:pdsch_bler_vs_snr.png
FAIL missing required PNG:pdsch_ptrs_phase_noise_evm.png
FAIL missing required PNG:pdsch_per_layer_sinr.png
FAIL missing required PNG:pdsch_reserved_re_impact.png
FAIL missing required CSV:pusch_assignment_resolution.csv
FAIL missing required CSV:pusch_resource_ownership.csv
FAIL missing required CSV:pusch_re_mapping.csv
FAIL missing required CSV:pusch_dmrs_matrix.csv
FAIL missing required CSV:pusch_ptrs_matrix.csv
FAIL missing required CSV:pusch_uci_multiplexing.csv
FAIL missing required CSV:pusch_coding_chain.csv
FAIL missing required CSV:pusch_independent_vector_results.csv
FAIL missing required CSV:pusch_codeword_layer_map.csv
FAIL missing required CSV:pusch_transform_precoding.csv
FAIL missing required CSV:pusch_frequency_hopping.csv
FAIL missing required CSV:pusch_srs_precoder_selection.csv
FAIL missing required CSV:pusch_precoding_application.csv
FAIL missing required CSV:pusch_power_control.csv
FAIL missing required CSV:pusch_harq_trials.csv
FAIL missing required CSV:pusch_receiver_metrics.csv
FAIL missing required CSV:pusch_bler_curve.csv
FAIL missing required CSV:pusch_negative_tests.csv
FAIL missing required CSV:pusch_test_summary.csv
FAIL missing required CSV:pusch_image_semantic_audit.csv
FAIL missing required PNG:pusch_resource_grid_ownership.png
FAIL missing required PNG:pusch_dmrs_ptrs_hop_map.png
FAIL missing required PNG:pusch_uci_bit_allocation.png
FAIL missing required PNG:pusch_codeword_layer_mapping.png
FAIL missing required PNG:pusch_transform_precoding_spectrum.png
FAIL missing required PNG:pusch_papr_ccdf.png
FAIL missing required PNG:pusch_frequency_hop_timeline.png
FAIL missing required PNG:pusch_srs_tpmi_selection.png
FAIL missing required PNG:pusch_power_control_convergence.png
FAIL missing required PNG:pusch_bler_vs_snr.png
FAIL missing required PNG:pusch_per_layer_sinr.png
FAIL invalid manifest status:pdcch_coreset_mapping.csv
FAIL invalid manifest status:pdcch_re_ownership.csv
FAIL invalid manifest status:pdcch_blind_trials.csv
FAIL invalid manifest status:pdcch_type0_css.csv
FAIL invalid manifest status:pucch_harq_codebook.csv
FAIL invalid manifest status:pucch_resource_set_selection.csv
FAIL invalid manifest status:pucch_resource_indicator_selection.csv
FAIL invalid manifest status:pucch_hopping_repetition.csv
FAIL invalid manifest status:pucch_spatial_relation.csv
FAIL missing required CSV:initial_access_run_manifest.csv
FAIL missing required CSV:ssb_case_resolution.csv
FAIL missing required CSV:ssb_burst_plan.csv
FAIL missing required CSV:ssb_re_ownership.csv
FAIL missing required CSV:ssb_blind_search_hypotheses.csv
FAIL missing required CSV:ssb_beam_measurements.csv
FAIL missing required CSV:pbch_mib_decode.csv
FAIL missing required CSV:type0_coreset_resolution.csv
FAIL missing required CSV:type0_monitoring_candidates.csv
FAIL missing required CSV:sib1_dci_resolution.csv
FAIL missing required CSV:sib1_resource_ownership.csv
FAIL missing required CSV:sib1_asn1_decode.csv
FAIL missing required CSV:decoded_sib1_install.csv
FAIL missing required CSV:prach_config_resolution.csv
FAIL missing required CSV:prach_occasion_resolution.csv
FAIL missing required CSV:ssb_ro_association.csv
FAIL missing required CSV:prach_sequence_indices.csv
FAIL missing required CSV:prach_detection_trials.csv
FAIL missing required CSV:ra_power_control.csv
FAIL missing required CSV:ra_timer_events.csv
FAIL missing required CSV:ra_attempt_events.csv
FAIL missing required CSV:rar_decode.csv
FAIL missing required CSV:msg3_harq.csv
FAIL missing required CSV:contention_resolution.csv
FAIL missing required CSV:rrc_connection_events.csv
FAIL missing required CSV:initial_access_receiver_metrics.csv
FAIL missing required CSV:initial_access_stage_bler.csv
FAIL missing required CSV:initial_access_negative_tests.csv
FAIL missing required CSV:initial_access_independent_vector_results.csv
FAIL missing required CSV:initial_access_test_summary.csv
FAIL missing required CSV:initial_access_image_semantic_audit.csv
FAIL missing required PNG:ssb_burst_timeline.png
FAIL missing required PNG:ssb_resource_grid.png
FAIL missing required PNG:ssb_beam_rsrp.png
FAIL missing required PNG:ssb_blind_search_heatmap.png
FAIL missing required PNG:pbch_mib_bit_layout.png
FAIL missing required PNG:type0_coreset_searchspace.png
FAIL missing required PNG:sib1_resource_grid.png
FAIL missing required PNG:sib1_asn1_tree_size.png
FAIL invalid manifest status:prach_occasion_map.png
FAIL png source missing:prach_occasion_map.png:prach_occasion_resolution.csv
FAIL missing required PNG:prach_preamble_correlation.png
FAIL missing required PNG:ssb_ro_association.png
FAIL missing required PNG:ra_power_ramping.png
FAIL missing required PNG:ra_timer_timeline.png
FAIL missing required PNG:ra_attempt_state_machine.png
FAIL missing required PNG:ra_collision_capture.png
FAIL missing required PNG:msg3_harq_timeline.png
FAIL missing required PNG:rrc_connection_timeline.png
FAIL missing required PNG:initial_access_stage_failures.png
FAIL missing required PNG:initial_access_success_vs_snr.png
FAIL missing required PNG:initial_access_latency_cdf.png
FAIL invalid manifest status:rsla_measurement_registry.csv
FAIL invalid manifest status:rsla_srs_scheduler_consumption.csv
FAIL invalid manifest status:rsla_link_adaptation_decisions.csv
FAIL invalid manifest status:rsla_bootstrap_transition.csv
FAIL invalid manifest status:rsla_olla_state.csv
FAIL missing required CSV:mimo_run_manifest.csv
FAIL missing required CSV:mimo_capability_resolution.csv
FAIL missing required CSV:mimo_antenna_panel.csv
FAIL missing required CSV:mimo_port_mapping.csv
FAIL missing required CSV:mimo_codebook_candidates.csv
FAIL missing required CSV:mimo_codebook_vector_results.csv
FAIL missing required CSV:mimo_csi_report_config.csv
FAIL missing required CSV:mimo_csi_part1_part2.csv
FAIL missing required CSV:mimo_csi_bit_ownership.csv
FAIL missing required CSV:mimo_ri_pmi_selection.csv
FAIL missing required CSV:mimo_cqi_li_cri_selection.csv
FAIL missing required CSV:mimo_measurement_state.csv
FAIL missing required CSV:mimo_precoder_selection.csv
FAIL missing required CSV:mimo_precoder_application.csv
FAIL missing required CSV:mimo_rank_port_trials.csv
FAIL missing required CSV:mimo_per_layer_metrics.csv
FAIL missing required CSV:mimo_covariance_estimation.csv
FAIL missing required CSV:mimo_receiver_comparison.csv
FAIL missing required CSV:mimo_srs_ul_decisions.csv
FAIL missing required CSV:mimo_mu_mimo_trials.csv
FAIL missing required CSV:mimo_multitrp_trials.csv
FAIL missing required CSV:mimo_hybrid_beamforming_trials.csv
FAIL missing required CSV:mimo_beam_management_events.csv
FAIL missing required CSV:mimo_bler_curve.csv
FAIL missing required CSV:mimo_negative_tests.csv
FAIL missing required CSV:mimo_independent_vector_results.csv
FAIL missing required CSV:mimo_test_summary.csv
FAIL missing required CSV:mimo_image_semantic_audit.csv
FAIL missing required PNG:mimo_antenna_panel_geometry.png
FAIL missing required PNG:mimo_typeI_2port_codebook.png
FAIL missing required PNG:mimo_codebook_beam_patterns.png
FAIL missing required PNG:mimo_ri_pmi_objective_map.png
FAIL missing required PNG:mimo_csi_part1_part2_layout.png
FAIL missing required PNG:mimo_wideband_subband_pmi.png
FAIL missing required PNG:mimo_rank_application_timeline.png
FAIL missing required PNG:mimo_precoder_digest_timeline.png
FAIL missing required PNG:mimo_per_layer_sinr.png
FAIL missing required PNG:mimo_per_layer_evm.png
FAIL missing required PNG:mimo_rank_bler.png
FAIL missing required PNG:mimo_covariance_eigenvalues.png
FAIL missing required PNG:mimo_irc_mmse_comparison.png
FAIL missing required PNG:mimo_srs_tpmi_timeline.png
FAIL missing required PNG:mimo_mu_mimo_user_sinr.png
FAIL missing required PNG:mimo_multitrp_combining.png
FAIL missing required PNG:mimo_hybrid_beam_squint.png
FAIL missing required PNG:mimo_beam_state_timeline.png
FAIL missing required PNG:mimo_beam_measurements.png
FAIL missing required PNG:mimo_profile_bler_vs_snr.png
FAIL invalid manifest status:channel_geometry_provenance.csv
FAIL missing required CSV:channel_ssp_clusters.csv
FAIL missing required CSV:channel_tdl_profile.csv
FAIL missing required CSV:channel_cdl_profile.csv
FAIL missing required CSV:channel_blockage_material.csv
FAIL missing required CSV:channel_handover_continuity.csv
FAIL missing required CSV:channel_raytracing_contract.csv
FAIL invalid manifest status:channel_image_semantic_audit.csv
FAIL csv rows:channel_image_semantic_audit.csv:16
FAIL missing required PNG:channel_cluster_delay_angle_map.png
FAIL missing required PNG:channel_tdl_impulse_response.png
FAIL missing required PNG:channel_cdl_delay_angle_spectrum.png
FAIL missing required PNG:channel_blockage_material_timeline.png
FAIL missing required PNG:channel_handover_continuity.png
FAIL missing required PNG:channel_raytracing_reproducibility.png
FAIL invalid manifest status:mac_bsr_table_results.csv
FAIL invalid manifest status:mac_phr_mapping_results.csv
FAIL invalid manifest status:mac_sr_state.csv
FAIL invalid manifest status:mac_lcp_decisions.csv
FAIL invalid manifest status:mac_ce_selection.csv
FAIL invalid manifest status:mac_scheduler_candidates.csv
FAIL invalid manifest status:mac_packet_lineage_nodes.csv
FAIL invalid manifest status:rlc_pdu_encoding.csv
FAIL invalid manifest status:pdcp_pdu_encoding.csv
FAIL invalid manifest status:sdap_pdu_encoding.csv
FAIL invalid manifest status:rrc_asn1_messages.csv
FAIL missing required CSV:validation_profile_resolution.csv
FAIL missing required CSV:validation_schema_results.csv
FAIL missing required CSV:validation_point_status.csv
FAIL missing required CSV:validation_stop_reason_ledger.csv
FAIL missing required CSV:validation_binomial_intervals.csv
FAIL missing required CSV:validation_sequential_decisions.csv
FAIL missing required CSV:validation_zero_error_bounds.csv
FAIL missing required CSV:validation_multiseed_aggregation.csv
FAIL missing required CSV:validation_operating_point_join.csv
FAIL missing required CSV:validation_curve_comparison.csv
FAIL missing required CSV:validation_reference_registry.csv
FAIL missing required CSV:validation_oracle_registry.csv
FAIL missing required CSV:validation_oracle_results.csv
FAIL missing required CSV:validation_provenance_nodes.csv
FAIL missing required CSV:validation_provenance_edges.csv
FAIL missing required CSV:validation_provenance_checks.csv
FAIL missing required CSV:validation_runtime_evidence.csv
FAIL missing required CSV:validation_measured_sinr.csv
FAIL missing required CSV:validation_time_windows.csv
FAIL missing required CSV:validation_kpi_sample_ledger.csv
FAIL missing required CSV:validation_task_plan.csv
FAIL missing required CSV:validation_task_merge.csv
FAIL missing required CSV:validation_seed_ledger.csv
FAIL missing required CSV:validation_artifact_requirements.csv
FAIL missing required CSV:validation_artifact_audit.csv
FAIL missing required CSV:validation_canonical_scenarios.csv
FAIL missing required CSV:validation_archive_acceptance.csv
FAIL missing required CSV:validation_matlab_test_execution.csv
FAIL missing required CSV:validation_negative_tests.csv
FAIL missing required CSV:validation_publication_gates.csv
FAIL missing required CSV:validation_test_summary.csv
FAIL missing required CSV:validation_image_semantic_audit.csv
FAIL missing required PNG:validation_campaign_state_map.png
FAIL missing required PNG:validation_stop_reason_distribution.png
FAIL missing required PNG:validation_interval_width_vs_trials.png
FAIL missing required PNG:validation_zero_error_upper_bound.png
FAIL missing required PNG:validation_sequential_stopping_trace.png
FAIL missing required PNG:validation_multiseed_aggregation.png
FAIL missing required PNG:validation_point_key_join.png
FAIL missing required PNG:validation_curve_comparison.png
FAIL missing required PNG:validation_bler_difference_ci.png
FAIL missing required PNG:validation_oracle_independence.png
FAIL missing required PNG:validation_provenance_dag.png
FAIL missing required PNG:validation_evidence_source_breakdown.png
FAIL missing required PNG:validation_measured_sinr_reconciliation.png
FAIL missing required PNG:validation_time_window_timeline.png
FAIL missing required PNG:validation_task_seed_partition.png
FAIL missing required PNG:validation_parallel_merge_determinism.png
FAIL missing required PNG:validation_artifact_coverage.png
FAIL missing required PNG:validation_run_class_isolation.png
FAIL missing required PNG:validation_release_scenario_matrix.png
FAIL missing required PNG:validation_matlab_test_matrix.png
FAIL missing required PNG:validation_publication_gate_waterfall.png
FAIL missing required PNG:validation_fail_closed_mutations.png
FAIL missing required CSV:integration_run_manifest.csv
FAIL missing required CSV:integration_config_resolution.csv
FAIL missing required CSV:integration_profile_resolution.csv
FAIL missing required CSV:integration_component_registry.csv
FAIL missing required CSV:integration_interface_bindings.csv
FAIL missing required CSV:integration_state_ownership.csv
FAIL missing required CSV:integration_radio_clock.csv
FAIL missing required CSV:integration_event_trace.csv
FAIL missing required CSV:integration_slot_symbol_timeline.csv
FAIL missing required CSV:integration_resource_transactions.csv
FAIL missing required CSV:integration_resource_collisions.csv
FAIL missing required CSV:integration_waveform_chain.csv
